11-16 08:11:27.935 D/BluetoothManagerService( 1571): Sending BLE State Change: TURNING_ON > ON
11-16 08:11:27.940 I/Telecom ( 1571): BluetoothPhoneService: queryPhoneState: BPSI.qPS@aII
11-16 08:11:27.979 W/ActivityManager( 1571): Permission Denial: Accessing service ComponentInfo{com.sonyericsson.album/com.sonymobile.somcmediarouter.provider.dlna.DlnaMediaRouteProviderService} from pid=24865, uid=10076 that is not exported from uid 10091
11-16 08:11:28.028 I/Telecom ( 1571): : - Got BluetoothHeadset: com.android.server.telecom.BluetoothHeadsetProxy@f17ffc9: BMSL.oSC@aIM
11-16 08:11:28.035 I/Telecom ( 1571): : - Got BluetoothHeadset: com.android.server.telecom.BluetoothHeadsetProxy@b9d56ce: BMSL.oSC@aIQ
11-16 08:11:28.206 I/ActivityManager( 1571): Config changes=480 {1.0 ?mcc?mnc [en_US,zh_TW_#Hant,zh_CN_#Hans,pt_BR,it_IT] ldltr sw360dp w592dp h336dp 480dpi nrml hdr land finger -keyb/v/h -nav/h appBounds=Rect(0, 0 - 1776, 1080) s.364}
11-16 08:11:28.262 I/ActivityManager( 1571): Override config changes=480 {1.0 ?mcc?mnc [en_US,zh_TW_#Hant,zh_CN_#Hans,pt_BR,it_IT] ldltr sw360dp w592dp h336dp 480dpi nrml hdr land finger -keyb/v/h -nav/h appBounds=Rect(0, 0 - 1776, 1080) s.364} for displayId=0
11-16 08:11:28.438 I/WindowManager( 1571): Screen frozen for +270ms due to Window{48b8438 u0 StatusBar}
11-16 08:11:29.277 I/ActivityManager( 1571): START u0 {act=android.intent.action.MAIN cat=[android.intent.category.LAUNCHER] flg=0x10000000 sel=act=android.intent.action.MAIN cat=[android.intent.category.APP_CALCULATOR]}} from uid 1000
11-16 08:11:32.615 W/ContextImpl(22927): Calling a method in the system process without a qualified user: android.app.ContextImpl.startActivity:845 android.content.ContextWrapper.startActivity:366 android.service.quicksettings.TileService.startActivityAndCollapse:308 com.sonymobile.settings.qs.RoamingTileService.startRoamingActivity:44 com.sonymobile.settings.qs.RoamingTileService.onClick:36 
11-16 08:11:32.616 W/ContextImpl(22927): Calling a method in the system process without a qualified user: android.app.ContextImpl.startActivity:857 android.app.ContextImpl.startActivity:846 android.content.ContextWrapper.startActivity:366 android.service.quicksettings.TileService.startActivityAndCollapse:308 com.sonymobile.settings.qs.RoamingTileService.startRoamingActivity:44 
11-16 08:11:32.616 I/ActivityManager( 1571): START u0 {act=android.intent.action.VIEW flg=0x50000000 cmp=com.android.phone/.MobileNetworkSettings} from uid 1000
11-16 08:11:33.015 I/ActivityManager( 1571): START u0 {act=android.intent.action.MAIN cat=[android.intent.category.LAUNCHER] flg=0x10200000 cmp=com.fast.messages.social.messenger.free/com.messenger.free.activity.SplashActivity} from uid 2000
11-16 08:11:34.714 I/ActivityManager( 1571): START u0 {act=android.intent.action.MAIN cat=[android.intent.category.LAUNCHER] flg=0x10200000 cmp=com.fast.messages.social.messenger.free/com.messenger.free.activity.SplashActivity} from uid 2000
11-16 08:11:42.416 I/ActivityManager( 1571): START u0 {dat=content://com.sonyericsson.updatecenter.provider/updates/24 flg=0x10000000 cmp=com.sonyericsson.updatecenter/.ui.activity.SoftwareUpdateInstallActivity (has extras)} from uid 10087
11-16 08:11:44.284 I/ActivityManager( 1571): START u0 {dat=content://com.sonyericsson.updatecenter.provider/updates/24 flg=0x10000000 cmp=com.sonyericsson.updatecenter/.ui.activity.SoftwareUpdateInstallActivity (has extras)} from uid 10087
11-16 08:11:46.711 I/ActivityManager( 1571): START u0 {act=android.intent.action.MAIN cat=[android.intent.category.LAUNCHER] flg=0x10200000 cmp=com.fast.messages.social.messenger.free/com.messenger.free.activity.SplashActivity} from uid 2000
11-16 08:11:48.687 I/ActivityManager( 1571): Config changes=400 {1.0 ?mcc?mnc [en_US,zh_TW_#Hant,zh_CN_#Hans,pt_BR,it_IT] ldltr sw360dp w592dp h336dp 480dpi nrml hdr land finger -keyb/v/h -nav/h appBounds=Rect(144, 0 - 1920, 1080) s.365}
11-16 08:11:48.765 I/ActivityManager( 1571): Override config changes=400 {1.0 ?mcc?mnc [en_US,zh_TW_#Hant,zh_CN_#Hans,pt_BR,it_IT] ldltr sw360dp w592dp h336dp 480dpi nrml hdr land finger -keyb/v/h -nav/h appBounds=Rect(144, 0 - 1920, 1080) s.365} for displayId=0
11-16 08:11:48.840 I/WindowManager( 1571): Screen frozen for +207ms due to Window{48b8438 u0 StatusBar}
11-16 08:11:51.119 I/ActivityManager( 1571): START u0 {act=com.sonyericsson.updatecenter.action.VIEW dat=content://com.sonyericsson.updatecenter.provider/updates/24 flg=0x10000000 pkg=com.sonyericsson.updatecenter cmp=com.sonyericsson.updatecenter/.ui.activity.ReleaseNotesActivity (has extras)} from uid 10087
11-16 08:11:52.323 I/ActivityManager( 1571): START u0 {act=android.intent.action.MAIN cat=[android.intent.category.LAUNCHER] flg=0x10200000 cmp=com.fast.messages.social.messenger.free/com.messenger.free.activity.SplashActivity} from uid 2000
11-16 08:11:52.831 I/ActivityManager( 1571): START u0 {dat=content://com.sonyericsson.updatecenter.provider/updates/24 flg=0x10000000 cmp=com.sonyericsson.updatecenter/.ui.activity.SoftwareUpdateInstallActivity (has extras)} from uid 10087
11-16 08:11:53.174 W/ViewRootImpl[GameWebActivity](23847): Cancelling event due to no window focus: KeyEvent { action=ACTION_UP, keyCode=KEYCODE_DPAD_LEFT, scanCode=0, metaState=0, flags=0x28, repeatCount=0, eventTime=270716524, downTime=270716524, deviceId=-1, source=0x101 }
11-16 08:11:53.174 I/chatty  (23847): uid=10695(u0_a695) com.fast.messages.social.messenger.free identical 4 lines
11-16 08:11:53.174 W/ViewRootImpl[GameWebActivity](23847): Cancelling event due to no window focus: KeyEvent { action=ACTION_UP, keyCode=KEYCODE_DPAD_LEFT, scanCode=0, metaState=0, flags=0x28, repeatCount=0, eventTime=270716524, downTime=270716524, deviceId=-1, source=0x101 }
11-16 08:11:54.217 I/ActivityManager( 1571): START u0 {act=android.intent.action.MAIN cat=[android.intent.category.LAUNCHER] flg=0x10200000 cmp=com.fast.messages.social.messenger.free/com.messenger.free.activity.SplashActivity} from uid 2000
11-16 08:11:56.295 I/ActivityManager( 1571): START u0 {act=android.intent.action.MAIN cat=[android.intent.category.LAUNCHER] flg=0x10200000 cmp=com.fast.messages.social.messenger.free/com.messenger.free.activity.SplashActivity} from uid 2000
11-16 08:11:56.947 I/ActivityManager( 1571): START u0 {act=android.intent.action.MAIN cat=[android.intent.category.LAUNCHER] flg=0x10200000 cmp=com.fast.messages.social.messenger.free/com.messenger.free.activity.SplashActivity} from uid 2000
11-16 08:11:57.584 I/ActivityManager( 1571): START u0 {act=android.intent.action.MAIN cat=[android.intent.category.LAUNCHER] flg=0x10200000 cmp=com.fast.messages.social.messenger.free/com.messenger.free.activity.SplashActivity} from uid 2000
11-16 08:11:58.878 I/ActivityManager( 1571): Config changes=480 {1.0 ?mcc?mnc [en_US,zh_TW_#Hant,zh_CN_#Hans,pt_BR,it_IT] ldltr sw360dp w360dp h568dp 480dpi nrml hdr port finger -keyb/v/h -nav/h appBounds=Rect(0, 0 - 1080, 1776) s.366}
11-16 08:11:58.945 I/ActivityManager( 1571): Override config changes=480 {1.0 ?mcc?mnc [en_US,zh_TW_#Hant,zh_CN_#Hans,pt_BR,it_IT] ldltr sw360dp w360dp h568dp 480dpi nrml hdr port finger -keyb/v/h -nav/h appBounds=Rect(0, 0 - 1080, 1776) s.366} for displayId=0
11-16 08:11:59.045 I/ActivityManager( 1571): START u0 {act=android.intent.action.MAIN cat=[android.intent.category.LAUNCHER] flg=0x10200000 cmp=com.fast.messages.social.messenger.free/com.messenger.free.activity.SplashActivity} from uid 2000
11-16 08:11:59.134 I/WindowManager( 1571): Screen frozen for +288ms due to Window{48b8438 u0 StatusBar}
11-16 08:12:00.907 I/ActivityManager( 1571): START u0 {act=android.intent.action.MAIN cat=[android.intent.category.LAUNCHER] flg=0x10200000 cmp=com.fast.messages.social.messenger.free/com.messenger.free.activity.SplashActivity} from uid 2000
11-16 08:12:03.227 I/ActivityManager( 1571): START u0 {act=com.sonyericsson.updatecenter.action.VIEW dat=content://com.sonyericsson.updatecenter.provider/updates/24 flg=0x10000000 pkg=com.sonyericsson.updatecenter cmp=com.sonyericsson.updatecenter/.ui.activity.ReleaseNotesActivity (has extras)} from uid 10087
11-16 08:12:03.381 I/ActivityManager( 1571): START u0 {act=android.intent.action.MAIN cat=[android.intent.category.LAUNCHER] flg=0x10200000 cmp=com.fast.messages.social.messenger.free/com.messenger.free.activity.SplashActivity} from uid 2000
11-16 08:12:05.046 I/ActivityManager( 1571): START u0 {act=android.intent.action.MAIN cat=[android.intent.category.LAUNCHER] flg=0x10200000 cmp=com.fast.messages.social.messenger.free/com.messenger.free.activity.SplashActivity} from uid 2000
11-16 08:12:05.298 I/ActivityManager( 1571): Config changes=480 {1.0 ?mcc?mnc [en_US,zh_TW_#Hant,zh_CN_#Hans,pt_BR,it_IT] ldltr sw360dp w592dp h336dp 480dpi nrml hdr land finger -keyb/v/h -nav/h appBounds=Rect(144, 0 - 1920, 1080) s.367}
11-16 08:12:05.350 I/ActivityManager( 1571): Override config changes=480 {1.0 ?mcc?mnc [en_US,zh_TW_#Hant,zh_CN_#Hans,pt_BR,it_IT] ldltr sw360dp w592dp h336dp 480dpi nrml hdr land finger -keyb/v/h -nav/h appBounds=Rect(144, 0 - 1920, 1080) s.367} for displayId=0
11-16 08:12:05.547 I/WindowManager( 1571): Screen frozen for +275ms due to Window{48b8438 u0 StatusBar}
11-16 08:12:05.966 I/ActivityManager( 1571): START u0 {act=android.intent.action.MAIN cat=[android.intent.category.LAUNCHER] flg=0x10200000 cmp=com.fast.messages.social.messenger.free/com.messenger.free.activity.SplashActivity} from uid 2000
11-16 08:12:06.449 I/ActivityManager( 1571): Config changes=480 {1.0 ?mcc?mnc [en_US,zh_TW_#Hant,zh_CN_#Hans,pt_BR,it_IT] ldltr sw360dp w360dp h568dp 480dpi nrml hdr port finger -keyb/v/h -nav/h appBounds=Rect(0, 0 - 1080, 1776) s.368}
11-16 08:12:06.504 I/ActivityManager( 1571): Override config changes=480 {1.0 ?mcc?mnc [en_US,zh_TW_#Hant,zh_CN_#Hans,pt_BR,it_IT] ldltr sw360dp w360dp h568dp 480dpi nrml hdr port finger -keyb/v/h -nav/h appBounds=Rect(0, 0 - 1080, 1776) s.368} for displayId=0
11-16 08:12:06.676 I/WindowManager( 1571): Screen frozen for +264ms due to Window{48b8438 u0 StatusBar}
11-16 08:12:08.368 I/ActivityManager( 1571): START u0 {act=android.intent.action.MAIN cat=[android.intent.category.LAUNCHER] flg=0x10200000 cmp=com.fast.messages.social.messenger.free/com.messenger.free.activity.SplashActivity} from uid 2000
11-16 08:12:09.645 I/ActivityManager( 1571): START u0 {act=android.intent.action.MAIN cat=[android.intent.category.LAUNCHER] flg=0x10200000 cmp=com.fast.messages.social.messenger.free/com.messenger.free.activity.SplashActivity} from uid 2000
11-16 08:12:11.971 I/ActivityManager( 1571): START u0 {act=android.intent.action.MAIN cat=[android.intent.category.LAUNCHER] flg=0x10200000 cmp=com.fast.messages.social.messenger.free/com.messenger.free.activity.SplashActivity} from uid 2000
11-16 08:12:13.237 I/ActivityManager( 1571): START u0 {act=android.intent.action.MAIN cat=[android.intent.category.LAUNCHER] flg=0x10200000 cmp=com.fast.messages.social.messenger.free/com.messenger.free.activity.SplashActivity} from uid 2000
11-16 08:12:16.181 I/chatty  ( 1571): uid=1000(system) Binder:1571_10 identical 2 lines
11-16 08:12:18.496 I/ActivityManager( 1571): START u0 {act=android.intent.action.MAIN cat=[android.intent.category.LAUNCHER] flg=0x10200000 cmp=com.fast.messages.social.messenger.free/com.messenger.free.activity.SplashActivity} from uid 2000
11-16 08:12:18.711 I/ActivityManager( 1571): START u0 {act=android.intent.action.MAIN cat=[android.intent.category.LAUNCHER] flg=0x10200000 cmp=com.fast.messages.social.messenger.free/com.messenger.free.activity.SplashActivity} from uid 2000
11-16 08:12:20.401 I/ActivityManager( 1571): START u0 {act=android.intent.action.MAIN cat=[android.intent.category.LAUNCHER] flg=0x10200000 cmp=com.fast.messages.social.messenger.free/com.messenger.free.activity.SplashActivity} from uid 2000
11-16 08:12:22.763 I/ActivityManager( 1571): START u0 {act=android.intent.action.MAIN cat=[android.intent.category.LAUNCHER] flg=0x10200000 cmp=com.fast.messages.social.messenger.free/com.messenger.free.activity.SplashActivity} from uid 2000
11-16 08:12:24.223 I/chatty  ( 1571): uid=1000(system) Binder:1571_10 identical 1 line
11-16 08:12:24.644 I/ActivityManager( 1571): START u0 {act=android.intent.action.MAIN cat=[android.intent.category.LAUNCHER] flg=0x10200000 cmp=com.fast.messages.social.messenger.free/com.messenger.free.activity.SplashActivity} from uid 2000
11-16 08:12:27.168 I/ActivityManager( 1571): START u0 {act=android.intent.action.MAIN cat=[android.intent.category.LAUNCHER] flg=0x10200000 cmp=com.fast.messages.social.messenger.free/com.messenger.free.activity.SplashActivity} from uid 2000
11-16 08:12:28.446 I/ActivityManager( 1571): START u0 {act=android.intent.action.MAIN cat=[android.intent.category.LAUNCHER] flg=0x10200000 cmp=com.fast.messages.social.messenger.free/com.messenger.free.activity.SplashActivity} from uid 2000
11-16 08:12:28.660 I/ActivityManager( 1571): START u0 {act=android.intent.action.MAIN cat=[android.intent.category.LAUNCHER] flg=0x10200000 cmp=com.fast.messages.social.messenger.free/com.messenger.free.activity.SplashActivity} from uid 2000
11-16 08:12:29.796 I/ActivityManager( 1571): START u0 {dat=content://com.sonyericsson.updatecenter.provider/updates/24 flg=0x10000000 cmp=com.sonyericsson.updatecenter/.ui.activity.SoftwareUpdateInstallActivity (has extras)} from uid 10087
11-16 08:12:31.564 I/ActivityManager( 1571): START u0 {act=android.intent.action.MAIN cat=[android.intent.category.LAUNCHER] flg=0x10200000 cmp=com.fast.messages.social.messenger.free/com.messenger.free.activity.SplashActivity} from uid 2000
11-16 08:12:32.208 I/ActivityManager( 1571): START u0 {act=android.intent.action.MAIN cat=[android.intent.category.LAUNCHER] flg=0x10200000 cmp=com.fast.messages.social.messenger.free/com.messenger.free.activity.SplashActivity} from uid 2000
11-16 08:12:34.319 I/ActivityManager( 1571): START u0 {act=android.intent.action.MAIN cat=[android.intent.category.LAUNCHER] flg=0x10200000 cmp=com.fast.messages.social.messenger.free/com.messenger.free.activity.SplashActivity} from uid 2000
11-16 08:12:35.590 I/ActivityManager( 1571): START u0 {act=android.intent.action.MAIN cat=[android.intent.category.LAUNCHER] flg=0x10200000 cmp=com.fast.messages.social.messenger.free/com.messenger.free.activity.SplashActivity} from uid 2000
11-16 08:12:35.802 I/chatty  ( 1571): uid=1000(system) Binder:1571_10 identical 1 line
11-16 08:12:36.013 I/ActivityManager( 1571): START u0 {act=android.intent.action.MAIN cat=[android.intent.category.LAUNCHER] flg=0x10200000 cmp=com.fast.messages.social.messenger.free/com.messenger.free.activity.SplashActivity} from uid 2000
11-16 08:12:38.594 I/ActivityManager( 1571): Config changes=480 {1.0 ?mcc?mnc [en_US,zh_TW_#Hant,zh_CN_#Hans,pt_BR,it_IT] ldltr sw360dp w592dp h336dp 480dpi nrml hdr land finger -keyb/v/h -nav/h appBounds=Rect(144, 0 - 1920, 1080) s.369}
11-16 08:12:38.644 I/ActivityManager( 1571): Override config changes=480 {1.0 ?mcc?mnc [en_US,zh_TW_#Hant,zh_CN_#Hans,pt_BR,it_IT] ldltr sw360dp w592dp h336dp 480dpi nrml hdr land finger -keyb/v/h -nav/h appBounds=Rect(144, 0 - 1920, 1080) s.369} for displayId=0
11-16 08:12:38.808 I/WindowManager( 1571): Screen frozen for +256ms due to Window{48b8438 u0 StatusBar}
11-16 08:12:39.020 V/DeadZone( 2210): consuming errant click: (71.0,606.0)
11-16 08:12:39.441 I/ActivityManager( 1571): START u0 {act=android.intent.action.MAIN cat=[android.intent.category.LAUNCHER] flg=0x10200000 cmp=com.fast.messages.social.messenger.free/com.messenger.free.activity.SplashActivity} from uid 2000
11-16 08:12:39.919 I/ActivityManager( 1571): START u0 {act=android.intent.action.MAIN cat=[android.intent.category.HOME] flg=0x10200000 cmp=com.sonymobile.home/.HomeActivity (has extras)} from uid 1000
11-16 08:12:40.143 W/ActivityManager( 1571): Unable to start service Intent { act=com.tmall.wireless.intent.action.COCKROACH flg=0x4 (has extras) } U=0: not found
11-16 08:12:40.143 W/ActivityManager( 1571): Unable to start service Intent { act=com.sony.store.china.intent.action.COCKROACH flg=0x4 (has extras) } U=0: not found
11-16 08:12:42.618 I/ActivityManager( 1571): START u0 {act=android.intent.action.SHOW_ALARMS flg=0x14000000 cmp=com.sonyericsson.organizer/.Organizer} from uid 10085
11-16 08:12:46.824 I/ActivityManager( 1571): START u0 {act=android.intent.action.MAIN cat=[android.intent.category.LAUNCHER] flg=0x10200000 cmp=com.fast.messages.social.messenger.free/com.messenger.free.activity.SplashActivity} from uid 2000
11-16 08:12:48.527 V/DeadZone( 2210): consuming errant click: (93.0,332.0)
11-16 08:12:49.989 I/ActivityManager( 1571): START u0 {act=android.intent.action.MAIN cat=[android.intent.category.LAUNCHER] flg=0x10200000 cmp=com.fast.messages.social.messenger.free/com.messenger.free.activity.SplashActivity} from uid 2000
11-16 08:12:51.268 I/ActivityManager( 1571): START u0 {act=android.intent.action.MAIN cat=[android.intent.category.LAUNCHER] flg=0x10200000 cmp=com.fast.messages.social.messenger.free/com.messenger.free.activity.SplashActivity} from uid 2000
11-16 08:12:51.481 I/ActivityManager( 1571): START u0 {act=android.intent.action.MAIN cat=[android.intent.category.LAUNCHER] flg=0x10200000 cmp=com.fast.messages.social.messenger.free/com.messenger.free.activity.SplashActivity} from uid 2000
11-16 08:12:52.112 I/ActivityManager( 1571): START u0 {act=android.intent.action.MAIN cat=[android.intent.category.LAUNCHER] flg=0x10200000 cmp=com.fast.messages.social.messenger.free/com.messenger.free.activity.SplashActivity} from uid 2000
11-16 08:12:52.789 I/ActivityManager( 1571): Config changes=480 {1.0 ?mcc?mnc [en_US,zh_TW_#Hant,zh_CN_#Hans,pt_BR,it_IT] ldltr sw360dp w360dp h568dp 480dpi nrml hdr port finger -keyb/v/h -nav/h appBounds=Rect(0, 0 - 1080, 1776) s.370}
11-16 08:12:52.853 I/ActivityManager( 1571): Override config changes=480 {1.0 ?mcc?mnc [en_US,zh_TW_#Hant,zh_CN_#Hans,pt_BR,it_IT] ldltr sw360dp w360dp h568dp 480dpi nrml hdr port finger -keyb/v/h -nav/h appBounds=Rect(0, 0 - 1080, 1776) s.370} for displayId=0
11-16 08:12:53.069 I/WindowManager( 1571): Screen frozen for +313ms due to Window{7a47525 u0 VolumeDialogImpl}
11-16 08:12:54.216 I/WindowManager( 1571): Screen frozen for +77ms due to Window{48b8438 u0 StatusBar}
11-16 08:12:54.999 I/ActivityManager( 1571): START u0 {act=android.intent.action.MAIN cat=[android.intent.category.LAUNCHER] flg=0x10200000 cmp=com.fast.messages.social.messenger.free/com.messenger.free.activity.SplashActivity} from uid 2000
11-16 08:12:55.211 I/ActivityManager( 1571): START u0 {act=android.intent.action.MAIN cat=[android.intent.category.LAUNCHER] flg=0x10200000 cmp=com.fast.messages.social.messenger.free/com.messenger.free.activity.SplashActivity} from uid 2000
11-16 08:12:56.674 I/ActivityManager( 1571): START u0 {act=android.intent.action.MAIN cat=[android.intent.category.LAUNCHER] flg=0x10200000 cmp=com.fast.messages.social.messenger.free/com.messenger.free.activity.SplashActivity} from uid 2000
11-16 08:12:57.601 I/WindowManager( 1571): Screen frozen for +82ms due to Window{48b8438 u0 StatusBar}
11-16 08:12:58.620 I/ActivityManager( 1571): START u0 {act=android.intent.action.MAIN cat=[android.intent.category.LAUNCHER] flg=0x10200000 cmp=com.fast.messages.social.messenger.free/com.messenger.free.activity.SplashActivity} from uid 2000
11-16 08:12:58.833 I/ActivityManager( 1571): START u0 {act=android.intent.action.MAIN cat=[android.intent.category.LAUNCHER] flg=0x10200000 cmp=com.fast.messages.social.messenger.free/com.messenger.free.activity.SplashActivity} from uid 2000
11-16 08:12:59.735 I/WindowManager( 1571): Screen frozen for +56ms due to Window{e0e9dea u0 NavigationBar}
11-16 08:13:00.561 I/ActivityManager( 1571): Config changes=480 {1.0 ?mcc?mnc [en_US,zh_TW_#Hant,zh_CN_#Hans,pt_BR,it_IT] ldltr sw360dp w592dp h336dp 480dpi nrml hdr land finger -keyb/v/h -nav/h appBounds=Rect(144, 0 - 1920, 1080) s.371}
11-16 08:13:00.624 I/ActivityManager( 1571): Override config changes=480 {1.0 ?mcc?mnc [en_US,zh_TW_#Hant,zh_CN_#Hans,pt_BR,it_IT] ldltr sw360dp w592dp h336dp 480dpi nrml hdr land finger -keyb/v/h -nav/h appBounds=Rect(144, 0 - 1920, 1080) s.371} for displayId=0
11-16 08:13:00.820 I/WindowManager( 1571): Screen frozen for +285ms due to Window{48b8438 u0 StatusBar}
11-16 08:13:02.271 I/ActivityManager( 1571): START u0 {act=android.intent.action.MAIN cat=[android.intent.category.LAUNCHER] flg=0x10200000 cmp=com.fast.messages.social.messenger.free/com.messenger.free.activity.SplashActivity} from uid 2000
11-16 08:13:03.328 I/ActivityManager( 1571): START u0 {act=android.intent.action.MAIN cat=[android.intent.category.LAUNCHER] flg=0x10200000 cmp=com.fast.messages.social.messenger.free/com.messenger.free.activity.SplashActivity} from uid 2000
11-16 08:13:07.604 I/ActivityManager( 1571): START u0 {act=com.sonyericsson.updatecenter.action.VIEW dat=content://com.sonyericsson.updatecenter.provider/updates/24 flg=0x10000000 pkg=com.sonyericsson.updatecenter cmp=com.sonyericsson.updatecenter/.ui.activity.ReleaseNotesActivity (has extras)} from uid 10087
11-16 08:13:08.011 I/ActivityManager( 1571): START u0 {act=com.sonyericsson.updatecenter.action.VIEW dat=content://com.sonyericsson.updatecenter.provider/updates/24 flg=0x10000000 pkg=com.sonyericsson.updatecenter cmp=com.sonyericsson.updatecenter/.ui.activity.ReleaseNotesActivity (has extras)} from uid 10087
11-16 08:13:08.378 I/ActivityManager( 1571): START u0 {act=android.intent.action.MAIN cat=[android.intent.category.LAUNCHER] flg=0x10200000 cmp=com.fast.messages.social.messenger.free/com.messenger.free.activity.SplashActivity} from uid 2000
11-16 08:13:09.033 I/ActivityManager( 1571): START u0 {act=com.sonyericsson.updatecenter.action.VIEW dat=content://com.sonyericsson.updatecenter.provider/updates/24 flg=0x10000000 pkg=com.sonyericsson.updatecenter cmp=com.sonyericsson.updatecenter/.ui.activity.ReleaseNotesActivity (has extras)} from uid 10087
11-16 08:13:09.431 I/ActivityManager( 1571): START u0 {flg=0x14000000 cmp=com.wandoujia.phoenix2/com.pp.assistant.activity.qiandun.ClearActivity bnds=[402,827][1488,927] (has extras)} from uid 10548
11-16 08:13:10.466 D/BluetoothManagerService( 1571): disable(): mBluetooth = android.bluetooth.IBluetooth$Stub$Proxy@1c0b04d mBinding = false
11-16 08:13:10.466 D/BluetoothManagerService( 1571): Persisting Bluetooth Setting: 0
11-16 08:13:10.470 D/BluetoothManagerService( 1571): MESSAGE_DISABLE: mBluetooth = android.bluetooth.IBluetooth$Stub$Proxy@1c0b04d
11-16 08:13:10.471 D/BluetoothManagerService( 1571): Sending off request.
11-16 08:13:10.473 D/BluetoothManagerService( 1571): MESSAGE_BLUETOOTH_STATE_CHANGE: ON > TURNING_OFF
11-16 08:13:10.473 D/BluetoothManagerService( 1571): Sending BLE State Change: ON > TURNING_OFF
11-16 08:13:10.495 I/Telecom ( 1571): BluetoothDeviceManager: Lost BluetoothHeadset service. Removing all tracked devices.: BMSL.oSD@aK4
11-16 08:13:10.524 D/BluetoothManagerService( 1571): MESSAGE_BLUETOOTH_STATE_CHANGE: TURNING_OFF > BLE_ON
11-16 08:13:10.524 D/BluetoothManagerService( 1571): Intermediate off, back to LE only mode
11-16 08:13:10.524 D/BluetoothManagerService( 1571): Sending BLE State Change: TURNING_OFF > BLE_ON
11-16 08:13:10.525 D/BluetoothManagerService( 1571): Broadcasting onBluetoothStateChange(false) to 16 receivers.
11-16 08:13:10.526 D/BluetoothManagerService( 1571): Calling sendBrEdrDownCallback callbacks
11-16 08:13:10.526 D/BluetoothManagerService( 1571): isBleAppPresent() count: 0
11-16 08:13:10.527 D/BluetoothManagerService( 1571): MESSAGE_BLUETOOTH_STATE_CHANGE: BLE_ON > BLE_TURNING_OFF
11-16 08:13:10.527 D/BluetoothManagerService( 1571): Sending BLE State Change: BLE_ON > BLE_TURNING_OFF
11-16 08:13:10.901 D/BluetoothManagerService( 1571): MESSAGE_BLUETOOTH_STATE_CHANGE: BLE_TURNING_OFF > OFF
11-16 08:13:10.902 D/BluetoothManagerService( 1571): Bluetooth is complete send Service Down
11-16 08:13:10.902 D/BluetoothManagerService( 1571): Broadcasting onBluetoothServiceDown() to 13 receivers.
11-16 08:13:10.902 D/BluetoothManagerService( 1571): unbindAndFinish(): android.bluetooth.IBluetooth$Stub$Proxy@1c0b04d mBinding = false mUnbinding = false
11-16 08:13:10.906 D/BluetoothManagerService( 1571): Sending BLE State Change: BLE_TURNING_OFF > OFF
11-16 08:13:10.952 I/ActivityManager( 1571): Process com.android.bluetooth (pid 7261) has died: fore SVC 
11-16 08:13:11.072 I/ActivityManager( 1571): START u0 {act=android.intent.action.MAIN cat=[android.intent.category.LAUNCHER] flg=0x10200000 cmp=com.fast.messages.social.messenger.free/com.messenger.free.activity.SplashActivity} from uid 2000
11-16 08:13:11.724 I/ActivityManager( 1571): START u0 {act=android.settings.WIFI_SETTINGS flg=0x14000000 cmp=com.android.settings/.Settings$WifiSettingsActivity} from uid 10085
11-16 08:13:11.995 I/ActivityManager( 1571): Config changes=480 {1.0 ?mcc?mnc [en_US,zh_TW_#Hant,zh_CN_#Hans,pt_BR,it_IT] ldltr sw360dp w360dp h568dp 480dpi nrml hdr port finger -keyb/v/h -nav/h appBounds=Rect(0, 0 - 1080, 1776) s.372}
11-16 08:13:12.026 I/ActivityManager( 1571): Override config changes=480 {1.0 ?mcc?mnc [en_US,zh_TW_#Hant,zh_CN_#Hans,pt_BR,it_IT] ldltr sw360dp w360dp h568dp 480dpi nrml hdr port finger -keyb/v/h -nav/h appBounds=Rect(0, 0 - 1080, 1776) s.372} for displayId=0
11-16 08:13:12.211 I/WindowManager( 1571): Screen frozen for +243ms due to Window{48b8438 u0 StatusBar}
11-16 08:13:12.851 D/WifiService( 1571): setWifiEnabled: true pid=2210, uid=10085, package=com.android.systemui
11-16 08:13:12.855 I/android.hardware.wifi@1.0-service(  905): Wifi HAL started
11-16 08:13:13.072 I/wificond( 1141): create scanner for interface with index: 23
11-16 08:13:13.073 I/wificond( 1141): subscribe scan result for interface with index: 23
11-16 08:13:13.196 W/BroadcastQueue( 1571): Background execution not allowed: receiving Intent { act=android.net.wifi.WIFI_STATE_CHANGED flg=0x4000010 (has extras) } to com.fast.messages.social.messenger.free/com.cootek.tark.yw.bridge.YWMessageListenerReceiver
11-16 08:13:13.196 W/BroadcastQueue( 1571): Background execution not allowed: receiving Intent { act=android.net.wifi.WIFI_STATE_CHANGED flg=0x4000010 (has extras) } to com.fast.messages.social.messenger.free/com.mobutils.android.mediation.impl.SwitchUpdateEventReceiver
11-16 08:13:13.200 I/wificond( 1141): New interface event callback registered
11-16 08:13:13.212 W/ContextImpl( 1571): Calling a method in the system process without a qualified user: android.app.ContextImpl.startService:1467 android.content.ContextWrapper.startService:644 android.content.ContextWrapper.startService:644 com.sonymobile.wifi.idd.IddUtils.startIddService:16 com.sonymobile.wifi.idd.IddReceiver.onReceive:30 
11-16 08:13:13.217 W/ContextImpl( 1571): Calling a method in the system process without a qualified user: android.app.ContextImpl.startService:1467 android.content.ContextWrapper.startService:644 com.sonymobile.wifi.idd.IddUtils.startIddService:16 com.sonymobile.wifi.idd.IddUtils.sendCellularAntStateIddLog:23 com.sonymobile.wifi.txpower.TxPowerControlMccImpl$OemHookListener.onSomcHookRawEvent:80 
11-16 08:13:13.218 W/BroadcastQueue( 1571): Background execution not allowed: receiving Intent { act=android.net.wifi.WIFI_STATE_CHANGED flg=0x4000010 (has extras) } to com.fast.messages.social.messenger.free/com.cootek.tark.yw.bridge.YWMessageListenerReceiver
11-16 08:13:13.219 W/BroadcastQueue( 1571): Background execution not allowed: receiving Intent { act=android.net.wifi.WIFI_STATE_CHANGED flg=0x4000010 (has extras) } to com.fast.messages.social.messenger.free/com.mobutils.android.mediation.impl.SwitchUpdateEventReceiver
11-16 08:13:13.221 V/BatteryStatsService( 1571): WiFi energy data was reset, new WiFi energy data is WifiActivityEnergyInfo{ timestamp=702577734 mStackState=3 mControllerTxTimeMs=0 mControllerTxTimePerLevelMs=[0, 0, 0, 0, 0, 0, 0, 0, 0, 0, 0, 0, 0, 0, 0, 0, 0, 0, 0, 0, 0, 0, 0, 0, 0, 0, 0, 0, 0, 0, 0, 0, 0, 0, 0, 0, 0, 0, 0, 0, 0, 0, 0, 0, 0, 0, 0, 0, 0, 0, 0, 0, 0, 0, 0, 0, 0, 0, 0, 0, 0, 0, 0, 0, 0, 0, 0, 0, 0, 0, 0, 0, 0, 0, 0, 0, 0, 0, 0, 0, 0, 0, 0, 0, 0, 0, 0, 0, 0, 0, 0, 0, 0, 0, 0, 0, 0, 0, 0, 0, 0, 0, 0, 0, 0, 0, 0, 0, 0, 0, 0, 0, 0, 0, 0, 0, 0, 0, 0, 0, 0, 0, 0, 0, 0, 0, 0, 0, 0, 0, 0, 0, 0, 0, 0, 0, 0, 0, 0, 0, 0, 0, 0, 0, 0, 0, 0, 0, 0, 0, 0, 0, 0, 0, 0, 3, 0, 0, 0, 0, 0, 0, 0, 0, 0, 0, 0, 0, 0, 0, 0, 0, 0, 0, 0, 0, 0, 0, 0, 0] mControllerRxTimeMs=0 mControllerIdleTimeMs=0 mControllerEnergyUsed=0 }
11-16 08:13:13.223 W/ContextImpl( 1571): Calling a method in the system process without a qualified user: android.app.ContextImpl.startService:1467 android.content.ContextWrapper.startService:644 android.content.ContextWrapper.startService:644 com.sonymobile.wifi.idd.IddUtils.startIddService:16 com.sonymobile.wifi.idd.IddReceiver.onReceive:30 
11-16 08:13:13.228 W/ContextImpl( 1571): Calling a method in the system process without a qualified user: android.app.ContextImpl.startService:1467 android.content.ContextWrapper.startService:644 android.content.ContextWrapper.startService:644 com.sonymobile.wifi.idd.IddUtils.startIddService:16 com.sonymobile.wifi.idd.IddReceiver.onReceive:30 
11-16 08:13:13.246 I/ActivityManager( 1571): START u0 {act=android.intent.action.MAIN cat=[android.intent.category.LAUNCHER] flg=0x10200000 cmp=com.fast.messages.social.messenger.free/com.messenger.free.activity.SplashActivity} from uid 2000
11-16 08:13:13.399 W/BroadcastQueue( 1571): Background execution not allowed: receiving Intent { act=android.net.wifi.STATE_CHANGE flg=0x4000010 (has extras) } to com.fast.messages.social.messenger.free/com.cootek.tark.yw.bridge.YWMessageListenerReceiver
11-16 08:13:13.399 W/BroadcastQueue( 1571): Background execution not allowed: receiving Intent { act=android.net.wifi.STATE_CHANGE flg=0x4000010 (has extras) } to com.fast.messages.social.messenger.free/com.mobutils.android.mediation.impl.SwitchUpdateEventReceiver
11-16 08:13:13.403 W/ContextImpl( 1571): Calling a method in the system process without a qualified user: android.app.ContextImpl.startService:1467 android.content.ContextWrapper.startService:644 android.content.ContextWrapper.startService:644 com.sonymobile.wifi.idd.IddUtils.startIddService:16 com.sonymobile.wifi.idd.IddReceiver.onReceive:30 
11-16 08:13:13.412 W/BroadcastQueue( 1571): Background execution not allowed: receiving Intent { act=android.net.wifi.STATE_CHANGE flg=0x4000010 (has extras) } to com.fast.messages.social.messenger.free/com.cootek.business.receiver.BBaseNetworkConnectChangedReceiver
11-16 08:13:13.457 W/BroadcastQueue( 1571): Background execution not allowed: receiving Intent { act=android.net.wifi.STATE_CHANGE flg=0x4000010 (has extras) } to com.fast.messages.social.messenger.free/com.cootek.tark.yw.bridge.YWMessageListenerReceiver
11-16 08:13:13.458 W/BroadcastQueue( 1571): Background execution not allowed: receiving Intent { act=android.net.wifi.STATE_CHANGE flg=0x4000010 (has extras) } to com.fast.messages.social.messenger.free/com.mobutils.android.mediation.impl.SwitchUpdateEventReceiver
11-16 08:13:13.462 W/ContextImpl( 1571): Calling a method in the system process without a qualified user: android.app.ContextImpl.startService:1467 android.content.ContextWrapper.startService:644 android.content.ContextWrapper.startService:644 com.sonymobile.wifi.idd.IddUtils.startIddService:16 com.sonymobile.wifi.idd.IddReceiver.onReceive:30 
11-16 08:13:13.470 W/BroadcastQueue( 1571): Background execution not allowed: receiving Intent { act=android.net.wifi.STATE_CHANGE flg=0x4000010 (has extras) } to com.fast.messages.social.messenger.free/com.cootek.business.receiver.BBaseNetworkConnectChangedReceiver
11-16 08:13:13.513 W/BroadcastQueue( 1571): Background execution not allowed: receiving Intent { act=android.net.wifi.STATE_CHANGE flg=0x4000010 (has extras) } to com.fast.messages.social.messenger.free/com.cootek.tark.yw.bridge.YWMessageListenerReceiver
11-16 08:13:13.514 W/BroadcastQueue( 1571): Background execution not allowed: receiving Intent { act=android.net.wifi.STATE_CHANGE flg=0x4000010 (has extras) } to com.fast.messages.social.messenger.free/com.mobutils.android.mediation.impl.SwitchUpdateEventReceiver
11-16 08:13:13.518 W/ContextImpl( 1571): Calling a method in the system process without a qualified user: android.app.ContextImpl.startService:1467 android.content.ContextWrapper.startService:644 android.content.ContextWrapper.startService:644 com.sonymobile.wifi.idd.IddUtils.startIddService:16 com.sonymobile.wifi.idd.IddReceiver.onReceive:30 
11-16 08:13:13.530 D/ConnectivityService( 1571): registerNetworkAgent NetworkAgentInfo{ ni{[type: WIFI[], state: CONNECTING/CONNECTING, reason: (unspecified), extra: "CTHK", failover: false, available: true, roaming: false, metered: false]}  network{154}  nethandle{661441399518}  lp{{LinkAddresses: []  Routes: [] DnsAddresses: [] Domains: null MTU: 0}}  nc{[ Transports: WIFI Capabilities: NOT_METERED&INTERNET&NOT_RESTRICTED&TRUSTED&NOT_VPN LinkUpBandwidth>=1048576Kbps LinkDnBandwidth>=1048576Kbps]}  Score{20}  everValidated{false}  lastValidated{false}  created{false} lingering{false} explicitlySelected{false} acceptUnvalidated{false} everCaptivePortalDetected{false} lastCaptivePortalDetected{false} }
11-16 08:13:13.530 D/ConnectivityService( 1571): NetworkAgentInfo [WIFI () - 154] EVENT_NETWORK_INFO_CHANGED, going from null to CONNECTING
11-16 08:13:13.538 W/BroadcastQueue( 1571): Background execution not allowed: receiving Intent { act=android.net.wifi.STATE_CHANGE flg=0x4000010 (has extras) } to com.fast.messages.social.messenger.free/com.cootek.business.receiver.BBaseNetworkConnectChangedReceiver
11-16 08:13:13.542 W/BroadcastQueue( 1571): Background execution not allowed: receiving Intent { act=android.net.wifi.STATE_CHANGE flg=0x4000010 (has extras) } to com.fast.messages.social.messenger.free/com.cootek.tark.yw.bridge.YWMessageListenerReceiver
11-16 08:13:13.542 W/BroadcastQueue( 1571): Background execution not allowed: receiving Intent { act=android.net.wifi.STATE_CHANGE flg=0x4000010 (has extras) } to com.fast.messages.social.messenger.free/com.mobutils.android.mediation.impl.SwitchUpdateEventReceiver
11-16 08:13:13.548 W/ContextImpl( 1571): Calling a method in the system process without a qualified user: android.app.ContextImpl.startService:1467 android.content.ContextWrapper.startService:644 android.content.ContextWrapper.startService:644 com.sonymobile.wifi.idd.IddUtils.startIddService:16 com.sonymobile.wifi.idd.IddReceiver.onReceive:30 
11-16 08:13:13.555 W/BroadcastQueue( 1571): Background execution not allowed: receiving Intent { act=android.net.wifi.STATE_CHANGE flg=0x4000010 (has extras) } to com.fast.messages.social.messenger.free/com.cootek.business.receiver.BBaseNetworkConnectChangedReceiver
11-16 08:13:13.558 W/BroadcastQueue( 1571): Background execution not allowed: receiving Intent { act=android.net.wifi.STATE_CHANGE flg=0x4000010 (has extras) } to com.fast.messages.social.messenger.free/com.cootek.tark.yw.bridge.YWMessageListenerReceiver
11-16 08:13:13.559 W/BroadcastQueue( 1571): Background execution not allowed: receiving Intent { act=android.net.wifi.STATE_CHANGE flg=0x4000010 (has extras) } to com.fast.messages.social.messenger.free/com.mobutils.android.mediation.impl.SwitchUpdateEventReceiver
11-16 08:13:13.562 W/ContextImpl( 1571): Calling a method in the system process without a qualified user: android.app.ContextImpl.startService:1467 android.content.ContextWrapper.startService:644 android.content.ContextWrapper.startService:644 com.sonymobile.wifi.idd.IddUtils.startIddService:16 com.sonymobile.wifi.idd.IddReceiver.onReceive:30 
11-16 08:13:13.569 W/BroadcastQueue( 1571): Background execution not allowed: receiving Intent { act=android.net.wifi.STATE_CHANGE flg=0x4000010 (has extras) } to com.fast.messages.social.messenger.free/com.cootek.business.receiver.BBaseNetworkConnectChangedReceiver
11-16 08:13:13.571 W/BroadcastQueue( 1571): Background execution not allowed: receiving Intent { act=android.net.wifi.STATE_CHANGE flg=0x4000010 (has extras) } to com.fast.messages.social.messenger.free/com.cootek.tark.yw.bridge.YWMessageListenerReceiver
11-16 08:13:13.572 W/BroadcastQueue( 1571): Background execution not allowed: receiving Intent { act=android.net.wifi.STATE_CHANGE flg=0x4000010 (has extras) } to com.fast.messages.social.messenger.free/com.mobutils.android.mediation.impl.SwitchUpdateEventReceiver
11-16 08:13:13.574 W/ContextImpl( 1571): Calling a method in the system process without a qualified user: android.app.ContextImpl.startService:1467 android.content.ContextWrapper.startService:644 android.content.ContextWrapper.startService:644 com.sonymobile.wifi.idd.IddUtils.startIddService:16 com.sonymobile.wifi.idd.IddReceiver.onReceive:30 
11-16 08:13:13.581 D/ConnectivityService( 1571): NetworkAgentInfo [WIFI () - 154] EVENT_NETWORK_INFO_CHANGED, going from CONNECTING to CONNECTED
11-16 08:13:13.583 D/ConnectivityService( 1571): Adding iface wlan0 to network 154
11-16 08:13:13.585 W/BroadcastQueue( 1571): Background execution not allowed: receiving Intent { act=android.net.wifi.STATE_CHANGE flg=0x4000010 (has extras) } to com.fast.messages.social.messenger.free/com.cootek.business.receiver.BBaseNetworkConnectChangedReceiver
11-16 08:13:13.587 D/ConnectivityService( 1571): Setting DNS servers for network 154 to [/10.0.100.2, /10.0.100.3]
11-16 08:13:13.590 W/BroadcastQueue( 1571): Background execution not allowed: receiving Intent { act=android.net.wifi.STATE_CHANGE flg=0x4000010 (has extras) } to com.fast.messages.social.messenger.free/com.cootek.tark.yw.bridge.YWMessageListenerReceiver
11-16 08:13:13.593 W/BroadcastQueue( 1571): Background execution not allowed: receiving Intent { act=android.net.wifi.STATE_CHANGE flg=0x4000010 (has extras) } to com.fast.messages.social.messenger.free/com.mobutils.android.mediation.impl.SwitchUpdateEventReceiver
11-16 08:13:13.599 W/ContextImpl( 1571): Calling a method in the system process without a qualified user: android.app.ContextImpl.startService:1467 android.content.ContextWrapper.startService:644 android.content.ContextWrapper.startService:644 com.sonymobile.wifi.idd.IddUtils.startIddService:16 com.sonymobile.wifi.idd.IddReceiver.onReceive:30 
11-16 08:13:13.607 D/ConnectivityService( 1571): Switching to new default network: NetworkAgentInfo{ ni{[type: WIFI[], state: CONNECTED/CONNECTED, reason: (unspecified), extra: "CTHK", failover: false, available: true, roaming: false, metered: false]}  network{154}  nethandle{661441399518}  lp{{InterfaceName: wlan0 LinkAddresses: [fe80::86c7:eaff:fe8a:2de1/64,10.0.40.42/22,]  Routes: [fe80::/64 -> :: wlan0,10.0.40.0/22 -> 0.0.0.0 wlan0,0.0.0.0/0 -> 10.0.40.1 wlan0,] DnsAddresses: [10.0.100.2,10.0.100.3,] Domains: null MTU: 0 TcpBufferSizes: 524288,1048576,2097152,262144,524288,1048576}}  nc{[ Transports: WIFI Capabilities: NOT_METERED&INTERNET&NOT_RESTRICTED&TRUSTED&NOT_VPN&FOREGROUND LinkUpBandwidth>=1048576Kbps LinkDnBandwidth>=1048576Kbps SignalStrength: -65]}  Score{60}  everValidated{false}  lastValidated{false}  created{true} lingering{false} explicitlySelected{true} acceptUnvalidated{false} everCaptivePortalDetected{false} lastCaptivePortalDetected{false} }
11-16 08:13:13.611 W/BroadcastQueue( 1571): Background execution not allowed: receiving Intent { act=android.net.wifi.STATE_CHANGE flg=0x4000010 (has extras) } to com.fast.messages.social.messenger.free/com.cootek.business.receiver.BBaseNetworkConnectChangedReceiver
11-16 08:13:13.617 W/BroadcastQueue( 1571): Background execution not allowed: receiving Intent { act=android.net.wifi.STATE_CHANGE flg=0x4000010 (has extras) } to com.fast.messages.social.messenger.free/com.cootek.tark.yw.bridge.YWMessageListenerReceiver
11-16 08:13:13.618 W/BroadcastQueue( 1571): Background execution not allowed: receiving Intent { act=android.net.wifi.STATE_CHANGE flg=0x4000010 (has extras) } to com.fast.messages.social.messenger.free/com.mobutils.android.mediation.impl.SwitchUpdateEventReceiver
11-16 08:13:13.621 W/ContextImpl( 1571): Calling a method in the system process without a qualified user: android.app.ContextImpl.startService:1467 android.content.ContextWrapper.startService:644 android.content.ContextWrapper.startService:644 com.sonymobile.wifi.idd.IddUtils.startIddService:16 com.sonymobile.wifi.idd.IddReceiver.onReceive:30 
11-16 08:13:13.631 W/BroadcastQueue( 1571): Background execution not allowed: receiving Intent { act=android.net.wifi.STATE_CHANGE flg=0x4000010 (has extras) } to com.fast.messages.social.messenger.free/com.cootek.business.receiver.BBaseNetworkConnectChangedReceiver
11-16 08:13:13.633 E/NetlinkEvent(  757): NetlinkEvent::FindParam(): Parameter 'INTERFACE' not found
11-16 08:13:13.633 E/NetlinkEvent(  757): NetlinkEvent::FindParam(): Parameter 'STATE' not found
11-16 08:13:13.633 E/NetlinkEvent(  757): NetlinkEvent::FindParam(): Parameter 'TIME_NS' not found
11-16 08:13:13.633 E/NetlinkEvent(  757): NetlinkEvent::FindParam(): Parameter 'UID' not found
11-16 08:13:13.636 W/ContextImpl( 1571): Calling a method in the system process without a qualified user: android.app.ContextImpl.startService:1467 android.content.ContextWrapper.startService:644 android.content.ContextWrapper.startService:644 com.sonymobile.wifi.idd.IddUtils.startIddService:16 com.sonymobile.wifi.idd.IddReceiver.onReceive:30 
11-16 08:13:13.638 W/BroadcastQueue( 1571): Background execution not allowed: receiving Intent { act=android.net.wifi.STATE_CHANGE flg=0x4000010 (has extras) } to com.fast.messages.social.messenger.free/com.cootek.tark.yw.bridge.YWMessageListenerReceiver
11-16 08:13:13.638 W/BroadcastQueue( 1571): Background execution not allowed: receiving Intent { act=android.net.wifi.STATE_CHANGE flg=0x4000010 (has extras) } to com.fast.messages.social.messenger.free/com.mobutils.android.mediation.impl.SwitchUpdateEventReceiver
11-16 08:13:13.643 W/ContextImpl( 1571): Calling a method in the system process without a qualified user: android.app.ContextImpl.startService:1467 android.content.ContextWrapper.startService:644 android.content.ContextWrapper.startService:644 com.sonymobile.wifi.idd.IddUtils.startIddService:16 com.sonymobile.wifi.idd.IddReceiver.onReceive:30 
11-16 08:13:13.653 W/BroadcastQueue( 1571): Background execution not allowed: receiving Intent { act=android.net.wifi.STATE_CHANGE flg=0x4000010 (has extras) } to com.fast.messages.social.messenger.free/com.cootek.business.receiver.BBaseNetworkConnectChangedReceiver
11-16 08:13:13.658 W/ContextImpl( 1571): Calling a method in the system process without a qualified user: android.app.ContextImpl.startService:1467 android.content.ContextWrapper.startService:644 android.content.ContextWrapper.startService:644 com.sonymobile.wifi.idd.IddUtils.startIddService:16 com.sonymobile.wifi.idd.IddReceiver.onReceive:30 
11-16 08:13:13.693 D/ConnectivityService( 1571): Sending CONNECTED broadcast for type 1 NetworkAgentInfo [WIFI () - 154] isDefaultNetwork=true
11-16 08:13:13.699 D/ConnectivityService( 1571): NetworkAgentInfo [WIFI () - 154] validation passed
11-16 08:13:13.702 W/BroadcastQueue( 1571): Skipping deliver [background] BroadcastRecord{40d03c7 u-1 android.net.conn.CONNECTIVITY_CHANGE} to ReceiverList{5100fdb 24284 (unknown name)/2000/u-1 remote:dc018c}: process gone or crashing
11-16 08:13:13.758 W/ActivityManager( 1571): Unable to start service Intent { act=android.net.conn.CONNECTIVITY_CHANGE flg=0x4000010 pkg=com.sand.airdroid (has extras) } U=0: not found
11-16 08:13:15.080 I/ActivityManager( 1571): START u0 {act=android.intent.action.MAIN cat=[android.intent.category.LAUNCHER] flg=0x10200000 cmp=com.fast.messages.social.messenger.free/com.messenger.free.activity.SplashActivity} from uid 2000
11-16 08:13:15.741 I/ActivityManager( 1571): START u0 {act=com.sonyericsson.updatecenter.action.VIEW dat=content://com.sonyericsson.updatecenter.provider/updates/24 flg=0x10000000 pkg=com.sonyericsson.updatecenter cmp=com.sonyericsson.updatecenter/.ui.activity.ReleaseNotesActivity (has extras)} from uid 10087
11-16 08:13:15.918 I/ActivityManager( 1571): START u0 {act=android.intent.action.MAIN cat=[android.intent.category.LAUNCHER] flg=0x10200000 cmp=com.fast.messages.social.messenger.free/com.messenger.free.activity.SplashActivity} from uid 2000
11-16 08:13:16.746 I/ActivityManager( 1571): START u0 {act=android.intent.action.MAIN cat=[android.intent.category.LAUNCHER] flg=0x10200000 cmp=com.fast.messages.social.messenger.free/com.messenger.free.activity.SplashActivity} from uid 2000
11-16 08:13:16.978 I/ActivityManager( 1571): START u0 {cmp=com.fast.messages.social.messenger.free/com.messenger.free.activity.DialogActivity (has extras)} from uid 10695
11-16 08:13:17.160 I/ActivityManager( 1571): START u0 {act=android.intent.action.MAIN cat=[android.intent.category.LAUNCHER] flg=0x10200000 cmp=com.fast.messages.social.messenger.free/com.messenger.free.activity.SplashActivity} from uid 2000
11-16 08:13:17.588 I/ActivityManager( 1571): START u0 {act=android.intent.action.MAIN cat=[android.intent.category.LAUNCHER] flg=0x10200000 cmp=com.fast.messages.social.messenger.free/com.messenger.free.activity.SplashActivity} from uid 2000
11-16 08:13:17.636 I/WindowManager( 1571): Screen frozen for +248ms due to Window{434fad9 u0 com.fast.messages.social.messenger.free/com.messenger.free.activity.GamesAllActivity}
11-16 08:13:19.138 I/WindowManager( 1571): Screen frozen for +280ms due to Window{48b8438 u0 StatusBar}
11-16 08:13:20.047 I/ActivityManager( 1571): START u0 {cmp=com.fast.messages.social.messenger.free/com.messenger.free.activity.GameWebActivity (has extras)} from uid 10695
--------- beginning of main
11-16 08:13:21.251 D/StatusBar( 2210): disable<e i a s b h r c s q >
11-16 08:13:21.413 I/chatty  ( 1099): uid=1041(audioserver) Binder:1099_4 expire 8 lines
11-16 08:13:21.417 I/ActivityManager( 1571): START u0 {act=android.settings.APPLICATION_DEVELOPMENT_SETTINGS flg=0x10008000 cmp=com.android.settings/.Settings$DevelopmentSettingsActivity} from uid 1000
11-16 08:13:21.421 I/chatty  (  888): uid=1041(audioserver) HwBinder:888_2 expire 18 lines
11-16 08:13:21.474 I/chatty  (23847): uid=10695(u0_a695) material_reques expire 11 lines
11-16 08:13:21.537 E/ANDR-PERF-MPCTL(  910): hint lookup failed
11-16 08:13:21.606 E/ANDR-PERF-OPTSHANDLER(  910): Warning: Core control support not present for lock_min_cores on cluster 0 for this target
11-16 08:13:21.606 E/ANDR-PERF-RESOURCEQS(  910): Failed to apply optimization [4, 0]
11-16 08:13:21.618 E/ANDR-PERF-MPCTL(  910): hint lookup failed
11-16 08:13:22.220 E/ANDR-PERF-OPTSHANDLER(  910): Warning: Core control support not present for lock_min_cores on cluster 0 for this target
11-16 08:13:22.220 E/ANDR-PERF-RESOURCEQS(  910): Failed to apply optimization [4, 0]
11-16 08:13:22.248 E/ANDR-PERF-MPCTL(  910): hint lookup failed
11-16 08:13:22.249 I/chatty  ( 1099): uid=1041(audioserver) Binder:1099_6 expire 16 lines
11-16 08:13:22.405 I/DrWeb   ( 7149): DrWeb_22 /storage/emulated/0/Android/data/com.wandoujia.phoenix2/files/awcn_strategy/channel/3379ca6f9f2e6862082490ed21113a1b
11-16 08:13:22.406 I/DrWeb   ( 7149): DrWeb_22 /storage/emulated/0/Android/data/com.wandoujia.phoenix2/cache/d45858ee822948dba1523239d339ff88
11-16 08:13:22.407 I/DrWeb   ( 7149): DrWeb_22 /storage/emulated/0/Android/data/com.wandoujia.phoenix2/cache/00052150ab1c432685798c6068b40892
11-16 08:13:22.408 I/DrWeb   ( 7149): DrWeb_22 /storage/emulated/0/Android/data/com.wandoujia.phoenix2/cache/ae5b980ac78f49b1b8498522453b692f
11-16 08:13:22.410 I/DrWeb   ( 7149): DrWeb_22 /storage/emulated/0/Android/data/com.wandoujia.phoenix2/cache/6d48c65431774be6a91d345bc205cdb2
11-16 08:13:22.411 I/DrWeb   ( 7149): DrWeb_22 /storage/emulated/0/Android/data/com.wandoujia.phoenix2/files/awcn_strategy/channel/01724b02b32d4cc51a4341576737f47a
11-16 08:13:22.412 I/DrWeb   ( 7149): DrWeb_22 /storage/emulated/0/Android/data/com.wandoujia.phoenix2/files/awcn_strategy/channel/9ee67042e50cc502589b313056a78b93
11-16 08:13:22.413 I/DrWeb   ( 7149): DrWeb_22 /storage/emulated/0/Android/data/com.wandoujia.phoenix2/files/awcn_strategy/channel/config
11-16 08:13:22.586 I/chatty  ( 1571): uid=1000 system_server expire 10 lines
11-16 08:13:22.587 I/vol.Events( 2210): writeEvent active_stream_changed STREAM_RING
11-16 08:13:22.588 I/vol.Events( 2210): writeEvent key STREAM_RING 1
11-16 08:13:22.599 I/vol.Events( 2210): writeEvent show_dialog volume_changed keyguard=false
11-16 08:13:22.610 D/StatusBar( 2210): disable<e i a s b h r c s q >
11-16 08:13:22.639 I/chatty  ( 1571): uid=1000(system) android.anim expire 3 lines
11-16 08:13:22.747 D/StatusBar( 2210): disable<e i a s b h r c s q >
11-16 08:13:22.789 E/ANDR-PERF-OPTSHANDLER(  910): Warning: Core control support not present for lock_min_cores on cluster 0 for this target
11-16 08:13:22.790 E/ANDR-PERF-RESOURCEQS(  910): Failed to apply optimization [4, 0]
11-16 08:13:23.199 I/vol.Events( 2210): writeEvent dismiss_dialog touch_outside
11-16 08:13:23.201 I/vol.Events( 2210): writeEvent active_stream_changed UNKNOWN_STREAM_-1
11-16 08:13:23.413 E/ANDR-PERF-OPTSHANDLER(  910): Warning: Core control support not present for lock_min_cores on cluster 0 for this target
11-16 08:13:23.413 E/ANDR-PERF-RESOURCEQS(  910): Failed to apply optimization [4, 0]
11-16 08:13:23.594 I/chatty  ( 1571): uid=1000(system) WifiStateMachin expire 11 lines
11-16 08:13:23.609 D/ActivityManager( 1571): New dropbox entry: system_server, system_server_wtf, a4400bb1-1992-49ed-bcab-8b3d81592aa0
11-16 08:13:23.752 D/accs.AdapterUtilityImpl(27904):  getAppkey APPKEY:23441415
11-16 08:13:23.753 D/accs.AdapterGlobalClientInfo(27904):  getAgooCustomServiceName name:com.sony.store.china.TaobaoIntentService
11-16 08:13:23.753 I/accs.ElectionServiceImpl( 3338):  onStartCommand begin action:com.taobao.accs.intent.action.START_SERVICE
