11-16 08:08:56.285 I/ActivityManager( 1571): START u0 {act=android.intent.action.MAIN cat=[android.intent.category.LAUNCHER] flg=0x10200000 cmp=com.fast.messages.social.messenger.free/com.messenger.free.activity.SplashActivity} from uid 2000
11-16 08:08:59.444 I/ActivityManager( 1571): START u0 {act=android.intent.action.MAIN cat=[android.intent.category.LAUNCHER] flg=0x10200000 cmp=com.fast.messages.social.messenger.free/com.messenger.free.activity.SplashActivity} from uid 2000
11-16 08:09:00.285 I/ActivityManager( 1571): START u0 {act=android.intent.action.MAIN cat=[android.intent.category.LAUNCHER] flg=0x10200000 cmp=com.fast.messages.social.messenger.free/com.messenger.free.activity.SplashActivity} from uid 2000
11-16 08:09:05.550 I/ActivityManager( 1571): START u0 {act=android.intent.action.MAIN cat=[android.intent.category.LAUNCHER] flg=0x10200000 cmp=com.fast.messages.social.messenger.free/com.messenger.free.activity.SplashActivity} from uid 2000
11-16 08:09:05.971 I/ActivityManager( 1571): START u0 {act=android.intent.action.MAIN cat=[android.intent.category.LAUNCHER] flg=0x10200000 cmp=com.fast.messages.social.messenger.free/com.messenger.free.activity.SplashActivity} from uid 2000
11-16 08:09:07.017 I/ActivityManager( 1571): START u0 {act=android.intent.action.MAIN cat=[android.intent.category.LAUNCHER] flg=0x10200000 cmp=com.fast.messages.social.messenger.free/com.messenger.free.activity.SplashActivity} from uid 2000
11-16 08:09:07.860 I/ActivityManager( 1571): START u0 {act=android.intent.action.MAIN cat=[android.intent.category.LAUNCHER] flg=0x10200000 cmp=com.fast.messages.social.messenger.free/com.messenger.free.activity.SplashActivity} from uid 2000
11-16 08:09:10.408 I/ActivityManager( 1571): START u0 {act=android.intent.action.MAIN cat=[android.intent.category.LAUNCHER] flg=0x10200000 cmp=com.fast.messages.social.messenger.free/com.messenger.free.activity.SplashActivity} from uid 2000
11-16 08:09:15.314 I/ActivityManager( 1571): START u0 {act=android.intent.action.MAIN cat=[android.intent.category.LAUNCHER] flg=0x10200000 cmp=com.fast.messages.social.messenger.free/com.messenger.free.activity.SplashActivity} from uid 2000
11-16 08:09:17.884 I/ActivityManager( 1571): Config changes=480 {1.0 ?mcc?mnc [en_US,zh_TW_#Hant,zh_CN_#Hans,pt_BR,it_IT] ldltr sw360dp w592dp h336dp 480dpi nrml hdr land finger -keyb/v/h -nav/h appBounds=Rect(144, 0 - 1920, 1080) s.335}
11-16 08:09:17.932 I/ActivityManager( 1571): Override config changes=480 {1.0 ?mcc?mnc [en_US,zh_TW_#Hant,zh_CN_#Hans,pt_BR,it_IT] ldltr sw360dp w592dp h336dp 480dpi nrml hdr land finger -keyb/v/h -nav/h appBounds=Rect(144, 0 - 1920, 1080) s.335} for displayId=0
11-16 08:09:18.130 I/WindowManager( 1571): Screen frozen for +267ms due to Window{48b8438 u0 StatusBar}
11-16 08:09:20.899 I/ActivityManager( 1571): START u0 {flg=0x24000000 cmp=org.malwarebytes.antimalware/.common.activity.SplashActivity} from uid 10549
11-16 08:09:24.640 I/ActivityManager( 1571): Config changes=400 {1.0 ?mcc?mnc [en_US,zh_TW_#Hant,zh_CN_#Hans,pt_BR,it_IT] ldltr sw360dp w592dp h336dp 480dpi nrml hdr land finger -keyb/v/h -nav/h appBounds=Rect(0, 0 - 1776, 1080) s.336}
11-16 08:09:24.692 I/ActivityManager( 1571): Override config changes=400 {1.0 ?mcc?mnc [en_US,zh_TW_#Hant,zh_CN_#Hans,pt_BR,it_IT] ldltr sw360dp w592dp h336dp 480dpi nrml hdr land finger -keyb/v/h -nav/h appBounds=Rect(0, 0 - 1776, 1080) s.336} for displayId=0
11-16 08:09:24.762 I/WindowManager( 1571): Screen frozen for +154ms due to Window{48b8438 u0 StatusBar}
11-16 08:09:27.847 I/ActivityManager( 1571): START u0 {act=android.intent.action.MAIN cat=[android.intent.category.LAUNCHER] flg=0x10200000 cmp=com.fast.messages.social.messenger.free/com.messenger.free.activity.SplashActivity} from uid 2000
11-16 08:09:29.759 I/ActivityManager( 1571): START u0 {act=android.intent.action.MAIN cat=[android.intent.category.LAUNCHER] flg=0x10200000 cmp=com.fast.messages.social.messenger.free/com.messenger.free.activity.SplashActivity} from uid 2000
11-16 08:09:31.249 W/InputManager( 1571): Input event injection from pid 24284 failed.
11-16 08:09:32.089 I/ActivityManager( 1571): START u0 {act=android.intent.action.MAIN cat=[android.intent.category.LAUNCHER] flg=0x10200000 cmp=com.fast.messages.social.messenger.free/com.messenger.free.activity.SplashActivity} from uid 2000
11-16 08:09:34.815 I/ActivityManager( 1571): START u0 {act=android.intent.action.MAIN cat=[android.intent.category.LAUNCHER] flg=0x10200000 cmp=com.fast.messages.social.messenger.free/com.messenger.free.activity.SplashActivity} from uid 2000
11-16 08:09:35.884 I/ActivityManager( 1571): START u0 {act=android.intent.action.MAIN cat=[android.intent.category.LAUNCHER] flg=0x10200000 cmp=com.fast.messages.social.messenger.free/com.messenger.free.activity.SplashActivity} from uid 2000
11-16 08:09:36.768 I/ActivityManager( 1571): Config changes=400 {1.0 ?mcc?mnc [en_US,zh_TW_#Hant,zh_CN_#Hans,pt_BR,it_IT] ldltr sw360dp w592dp h336dp 480dpi nrml hdr land finger -keyb/v/h -nav/h appBounds=Rect(144, 0 - 1920, 1080) s.337}
11-16 08:09:36.815 I/ActivityManager( 1571): Override config changes=400 {1.0 ?mcc?mnc [en_US,zh_TW_#Hant,zh_CN_#Hans,pt_BR,it_IT] ldltr sw360dp w592dp h336dp 480dpi nrml hdr land finger -keyb/v/h -nav/h appBounds=Rect(144, 0 - 1920, 1080) s.337} for displayId=0
11-16 08:09:36.916 I/WindowManager( 1571): Screen frozen for +177ms due to Window{48b8438 u0 StatusBar}
11-16 08:09:37.559 V/DeadZone( 2210): consuming errant click: (135.0,707.0)
11-16 08:09:38.189 I/ActivityManager( 1571): START u0 {act=com.android.intent.action.SHOW_BRIGHTNESS_DIALOG cmp=com.android.systemui/.settings.BrightnessDialog} from uid 1000
11-16 08:09:38.397 I/ActivityManager( 1571): START u0 {act=android.intent.action.MAIN cat=[android.intent.category.LAUNCHER] flg=0x10200000 cmp=com.fast.messages.social.messenger.free/com.messenger.free.activity.SplashActivity} from uid 2000
11-16 08:09:39.880 I/ActivityManager( 1571): START u0 {act=android.intent.action.MAIN cat=[android.intent.category.LAUNCHER] flg=0x10200000 cmp=com.fast.messages.social.messenger.free/com.messenger.free.activity.SplashActivity} from uid 2000
11-16 08:09:40.563 I/ActivityManager( 1571): START u0 {act=com.sonyericsson.updatecenter.action.VIEW dat=content://com.sonyericsson.updatecenter.provider/updates/24 flg=0x10000000 pkg=com.sonyericsson.updatecenter cmp=com.sonyericsson.updatecenter/.ui.activity.ReleaseNotesActivity (has extras)} from uid 10087
11-16 08:09:41.203 I/ActivityManager( 1571): START u0 {act=com.sonyericsson.updatecenter.action.VIEW dat=content://com.sonyericsson.updatecenter.provider/updates/24 flg=0x10000000 pkg=com.sonyericsson.updatecenter cmp=com.sonyericsson.updatecenter/.ui.activity.ReleaseNotesActivity (has extras)} from uid 10087
11-16 08:09:41.396 I/ActivityManager( 1571): Config changes=480 {1.0 ?mcc?mnc [en_US,zh_TW_#Hant,zh_CN_#Hans,pt_BR,it_IT] ldltr sw360dp w360dp h568dp 480dpi nrml hdr port finger -keyb/v/h -nav/h appBounds=Rect(0, 0 - 1080, 1776) s.338}
11-16 08:09:41.462 I/ActivityManager( 1571): Override config changes=480 {1.0 ?mcc?mnc [en_US,zh_TW_#Hant,zh_CN_#Hans,pt_BR,it_IT] ldltr sw360dp w360dp h568dp 480dpi nrml hdr port finger -keyb/v/h -nav/h appBounds=Rect(0, 0 - 1080, 1776) s.338} for displayId=0
11-16 08:09:41.645 I/WindowManager( 1571): Screen frozen for +282ms due to Window{48b8438 u0 StatusBar}
11-16 08:09:41.786 I/ActivityManager( 1571): Config changes=480 {1.0 ?mcc?mnc [en_US,zh_TW_#Hant,zh_CN_#Hans,pt_BR,it_IT] ldltr sw360dp w592dp h336dp 480dpi nrml hdr land finger -keyb/v/h -nav/h appBounds=Rect(0, 0 - 1776, 1080) s.339}
11-16 08:09:41.821 I/ActivityManager( 1571): Override config changes=480 {1.0 ?mcc?mnc [en_US,zh_TW_#Hant,zh_CN_#Hans,pt_BR,it_IT] ldltr sw360dp w592dp h336dp 480dpi nrml hdr land finger -keyb/v/h -nav/h appBounds=Rect(0, 0 - 1776, 1080) s.339} for displayId=0
11-16 08:09:42.013 I/WindowManager( 1571): Screen frozen for +246ms due to Window{e0e9dea u0 NavigationBar}
11-16 08:09:42.705 I/ActivityManager( 1571): Config changes=400 {1.0 ?mcc?mnc [en_US,zh_TW_#Hant,zh_CN_#Hans,pt_BR,it_IT] ldltr sw360dp w592dp h336dp 480dpi nrml hdr land finger -keyb/v/h -nav/h appBounds=Rect(144, 0 - 1920, 1080) s.340}
11-16 08:09:42.762 I/ActivityManager( 1571): Override config changes=400 {1.0 ?mcc?mnc [en_US,zh_TW_#Hant,zh_CN_#Hans,pt_BR,it_IT] ldltr sw360dp w592dp h336dp 480dpi nrml hdr land finger -keyb/v/h -nav/h appBounds=Rect(144, 0 - 1920, 1080) s.340} for displayId=0
11-16 08:09:42.833 I/WindowManager( 1571): Screen frozen for +176ms due to Window{48b8438 u0 StatusBar}
11-16 08:09:43.319 I/ActivityManager( 1571): START u0 {act=android.intent.action.MAIN cat=[android.intent.category.LAUNCHER] flg=0x10200000 cmp=com.fast.messages.social.messenger.free/com.messenger.free.activity.SplashActivity} from uid 2000
11-16 08:09:44.401 I/ActivityManager( 1571): START u0 {act=com.sonyericsson.updatecenter.action.VIEW dat=content://com.sonyericsson.updatecenter.provider/updates/24 flg=0x10000000 pkg=com.sonyericsson.updatecenter cmp=com.sonyericsson.updatecenter/.ui.activity.ReleaseNotesActivity (has extras)} from uid 10087
11-16 08:09:44.776 I/ActivityManager( 1571): START u0 {act=android.intent.action.MAIN cat=[android.intent.category.LAUNCHER] flg=0x10200000 cmp=com.fast.messages.social.messenger.free/com.messenger.free.activity.SplashActivity} from uid 2000
11-16 08:09:45.828 I/chatty  ( 1571): uid=1000(system) Binder:1571_B identical 1 line
11-16 08:09:46.036 I/ActivityManager( 1571): START u0 {act=android.intent.action.MAIN cat=[android.intent.category.LAUNCHER] flg=0x10200000 cmp=com.fast.messages.social.messenger.free/com.messenger.free.activity.SplashActivity} from uid 2000
11-16 08:09:46.473 I/ActivityManager( 1571): START u0 {act=android.intent.action.MAIN cat=[android.intent.category.LAUNCHER] flg=0x10200000 cmp=com.fast.messages.social.messenger.free/com.messenger.free.activity.SplashActivity} from uid 2000
11-16 08:09:47.362 I/ActivityManager( 1571): Config changes=480 {1.0 ?mcc?mnc [en_US,zh_TW_#Hant,zh_CN_#Hans,pt_BR,it_IT] ldltr sw360dp w360dp h568dp 480dpi nrml hdr port finger -keyb/v/h -nav/h appBounds=Rect(0, 0 - 1080, 1776) s.341}
11-16 08:09:47.410 I/ActivityManager( 1571): Override config changes=480 {1.0 ?mcc?mnc [en_US,zh_TW_#Hant,zh_CN_#Hans,pt_BR,it_IT] ldltr sw360dp w360dp h568dp 480dpi nrml hdr port finger -keyb/v/h -nav/h appBounds=Rect(0, 0 - 1080, 1776) s.341} for displayId=0
11-16 08:09:47.593 I/WindowManager( 1571): Screen frozen for +259ms due to Window{48b8438 u0 StatusBar}
11-16 08:09:47.834 I/ActivityManager( 1571): START u0 {act=android.intent.action.MAIN cat=[android.intent.category.LAUNCHER] flg=0x10200000 cmp=com.fast.messages.social.messenger.free/com.messenger.free.activity.SplashActivity} from uid 2000
11-16 08:09:48.890 I/ActivityManager( 1571): START u0 {act=android.intent.action.MAIN cat=[android.intent.category.LAUNCHER] flg=0x10200000 cmp=com.fast.messages.social.messenger.free/com.messenger.free.activity.SplashActivity} from uid 2000
11-16 08:09:49.765 I/ActivityManager( 1571): Config changes=480 {1.0 ?mcc?mnc [en_US,zh_TW_#Hant,zh_CN_#Hans,pt_BR,it_IT] ldltr sw360dp w592dp h336dp 480dpi nrml hdr land finger -keyb/v/h -nav/h appBounds=Rect(144, 0 - 1920, 1080) s.342}
11-16 08:09:49.835 I/ActivityManager( 1571): Override config changes=480 {1.0 ?mcc?mnc [en_US,zh_TW_#Hant,zh_CN_#Hans,pt_BR,it_IT] ldltr sw360dp w592dp h336dp 480dpi nrml hdr land finger -keyb/v/h -nav/h appBounds=Rect(144, 0 - 1920, 1080) s.342} for displayId=0
11-16 08:09:50.014 I/WindowManager( 1571): Screen frozen for +267ms due to Window{48b8438 u0 StatusBar}
11-16 08:09:50.056 I/ActivityManager( 1571): START u0 {act=android.intent.action.MAIN cat=[android.intent.category.LAUNCHER] flg=0x10000000 cmp=com.sonyericsson.music/.MusicActivity sel=act=android.intent.action.MAIN cat=[android.intent.category.APP_MUSIC]}} from uid 1000
11-16 08:09:50.260 I/ActivityManager( 1571): START u0 {act=android.intent.action.MAIN cat=[android.intent.category.LAUNCHER] flg=0x10200000 cmp=com.fast.messages.social.messenger.free/com.messenger.free.activity.SplashActivity} from uid 2000
11-16 08:09:50.896 V/DeadZone( 2210): consuming errant click: (109.0,686.0)
11-16 08:09:52.153 I/ActivityManager( 1571): START u0 {act=android.intent.action.MAIN cat=[android.intent.category.LAUNCHER] flg=0x10200000 cmp=com.fast.messages.social.messenger.free/com.messenger.free.activity.SplashActivity} from uid 2000
11-16 08:09:52.377 I/ActivityManager( 1571): START u0 {act=android.intent.action.SHOW_ALARMS flg=0x14000000 cmp=com.sonyericsson.organizer/.Organizer} from uid 10085
11-16 08:09:52.565 I/ActivityManager( 1571): START u0 {act=android.intent.action.MAIN cat=[android.intent.category.LAUNCHER] flg=0x10200000 cmp=com.fast.messages.social.messenger.free/com.messenger.free.activity.SplashActivity} from uid 2000
11-16 08:09:53.441 I/ActivityManager( 1571): Config changes=480 {1.0 ?mcc?mnc [en_US,zh_TW_#Hant,zh_CN_#Hans,pt_BR,it_IT] ldltr sw360dp w360dp h568dp 480dpi nrml hdr port finger -keyb/v/h -nav/h appBounds=Rect(0, 0 - 1080, 1776) s.343}
11-16 08:09:53.514 I/ActivityManager( 1571): Override config changes=480 {1.0 ?mcc?mnc [en_US,zh_TW_#Hant,zh_CN_#Hans,pt_BR,it_IT] ldltr sw360dp w360dp h568dp 480dpi nrml hdr port finger -keyb/v/h -nav/h appBounds=Rect(0, 0 - 1080, 1776) s.343} for displayId=0
11-16 08:09:53.708 I/WindowManager( 1571): Screen frozen for +300ms due to Window{48b8438 u0 StatusBar}
11-16 08:09:53.796 I/ActivityManager( 1571): START u0 {dat=content://com.sonyericsson.updatecenter.provider/updates/24 flg=0x10000000 cmp=com.sonyericsson.updatecenter/.ui.activity.SoftwareUpdateInstallActivity (has extras)} from uid 10087
11-16 08:09:55.033 I/ActivityManager( 1571): Config changes=480 {1.0 ?mcc?mnc [en_US,zh_TW_#Hant,zh_CN_#Hans,pt_BR,it_IT] ldltr sw360dp w592dp h336dp 480dpi nrml hdr land finger -keyb/v/h -nav/h appBounds=Rect(144, 0 - 1920, 1080) s.344}
11-16 08:09:55.103 I/ActivityManager( 1571): Override config changes=480 {1.0 ?mcc?mnc [en_US,zh_TW_#Hant,zh_CN_#Hans,pt_BR,it_IT] ldltr sw360dp w592dp h336dp 480dpi nrml hdr land finger -keyb/v/h -nav/h appBounds=Rect(144, 0 - 1920, 1080) s.344} for displayId=0
11-16 08:09:55.279 I/WindowManager( 1571): Screen frozen for +292ms due to Window{48b8438 u0 StatusBar}
11-16 08:09:55.523 V/DeadZone( 2210): consuming errant click: (67.0,117.0)
11-16 08:09:56.618 I/ActivityManager( 1571): START u0 {act=com.sonyericsson.updatecenter.action.VIEW dat=content://com.sonyericsson.updatecenter.provider/updates/24 flg=0x10000000 pkg=com.sonyericsson.updatecenter cmp=com.sonyericsson.updatecenter/.ui.activity.ReleaseNotesActivity (has extras)} from uid 10087
11-16 08:09:57.022 I/ActivityManager( 1571): Config changes=480 {1.0 ?mcc?mnc [en_US,zh_TW_#Hant,zh_CN_#Hans,pt_BR,it_IT] ldltr sw360dp w360dp h568dp 480dpi nrml hdr port finger -keyb/v/h -nav/h appBounds=Rect(0, 0 - 1080, 1776) s.345}
11-16 08:09:57.103 I/ActivityManager( 1571): Override config changes=480 {1.0 ?mcc?mnc [en_US,zh_TW_#Hant,zh_CN_#Hans,pt_BR,it_IT] ldltr sw360dp w360dp h568dp 480dpi nrml hdr port finger -keyb/v/h -nav/h appBounds=Rect(0, 0 - 1080, 1776) s.345} for displayId=0
11-16 08:09:57.268 I/WindowManager( 1571): Screen frozen for +272ms due to Window{48b8438 u0 StatusBar}
11-16 08:09:58.003 I/WindowManager( 1571): Screen frozen for +98ms due to Window{48b8438 u0 StatusBar}
11-16 08:10:00.450 I/ActivityManager( 1571): START u0 {act=android.intent.action.MAIN cat=[android.intent.category.LAUNCHER] flg=0x10200000 cmp=com.fast.messages.social.messenger.free/com.messenger.free.activity.SplashActivity} from uid 2000
11-16 08:10:00.696 I/ActivityManager( 1571): START u0 {act=android.intent.action.MAIN cmp=com.mobidia.android.mdm/.client.common.activity.LauncherActivity} from uid 10178
11-16 08:10:01.549 I/ActivityManager( 1571): START u0 {act=com.sonyericsson.updatecenter.action.VIEW dat=content://com.sonyericsson.updatecenter.provider/updates/24 flg=0x10000000 pkg=com.sonyericsson.updatecenter cmp=com.sonyericsson.updatecenter/.ui.activity.ReleaseNotesActivity (has extras)} from uid 10087
11-16 08:10:02.167 I/ActivityManager( 1571): Config changes=480 {1.0 ?mcc?mnc [en_US,zh_TW_#Hant,zh_CN_#Hans,pt_BR,it_IT] ldltr sw360dp w592dp h336dp 480dpi nrml hdr land finger -keyb/v/h -nav/h appBounds=Rect(144, 0 - 1920, 1080) s.346}
11-16 08:10:02.244 I/ActivityManager( 1571): Override config changes=480 {1.0 ?mcc?mnc [en_US,zh_TW_#Hant,zh_CN_#Hans,pt_BR,it_IT] ldltr sw360dp w592dp h336dp 480dpi nrml hdr land finger -keyb/v/h -nav/h appBounds=Rect(144, 0 - 1920, 1080) s.346} for displayId=0
11-16 08:10:02.431 I/WindowManager( 1571): Screen frozen for +292ms due to Window{48b8438 u0 StatusBar}
11-16 08:10:02.892 I/ActivityManager( 1571): START u0 {act=com.sonyericsson.updatecenter.action.VIEW dat=content://com.sonyericsson.updatecenter.provider/updates/24 flg=0x10000000 pkg=com.sonyericsson.updatecenter cmp=com.sonyericsson.updatecenter/.ui.activity.ReleaseNotesActivity (has extras)} from uid 10087
11-16 08:10:03.050 I/ActivityManager( 1571): START u0 {act=android.intent.action.MAIN cat=[android.intent.category.LAUNCHER] flg=0x10200000 cmp=com.fast.messages.social.messenger.free/com.messenger.free.activity.SplashActivity} from uid 2000
11-16 08:10:04.507 I/ActivityManager( 1571): START u0 {act=android.intent.action.MAIN cat=[android.intent.category.LAUNCHER] flg=0x10200000 cmp=com.fast.messages.social.messenger.free/com.messenger.free.activity.SplashActivity} from uid 2000
11-16 08:10:06.001 I/ActivityManager( 1571): START u0 {act=android.intent.action.MAIN cat=[android.intent.category.LAUNCHER] flg=0x10200000 cmp=com.fast.messages.social.messenger.free/com.messenger.free.activity.SplashActivity} from uid 2000
11-16 08:10:06.649 I/ActivityManager( 1571): START u0 {act=android.intent.action.MAIN cat=[android.intent.category.LAUNCHER] flg=0x10200000 cmp=com.fast.messages.social.messenger.free/com.messenger.free.activity.SplashActivity} from uid 2000
11-16 08:10:07.313 I/ActivityManager( 1571): Config changes=480 {1.0 ?mcc?mnc [en_US,zh_TW_#Hant,zh_CN_#Hans,pt_BR,it_IT] ldltr sw360dp w360dp h568dp 480dpi nrml hdr port finger -keyb/v/h -nav/h appBounds=Rect(0, 0 - 1080, 1776) s.347}
11-16 08:10:07.384 I/ActivityManager( 1571): Override config changes=480 {1.0 ?mcc?mnc [en_US,zh_TW_#Hant,zh_CN_#Hans,pt_BR,it_IT] ldltr sw360dp w360dp h568dp 480dpi nrml hdr port finger -keyb/v/h -nav/h appBounds=Rect(0, 0 - 1080, 1776) s.347} for displayId=0
11-16 08:10:07.561 I/WindowManager( 1571): Screen frozen for +267ms due to Window{48b8438 u0 StatusBar}
11-16 08:10:08.313 I/WindowManager( 1571): Screen frozen for +85ms due to Window{48b8438 u0 StatusBar}
11-16 08:10:09.321 I/ActivityManager( 1571): Config changes=480 {1.0 ?mcc?mnc [en_US,zh_TW_#Hant,zh_CN_#Hans,pt_BR,it_IT] ldltr sw360dp w592dp h336dp 480dpi nrml hdr land finger -keyb/v/h -nav/h appBounds=Rect(0, 0 - 1776, 1080) s.348}
11-16 08:10:09.361 I/ActivityManager( 1571): Override config changes=480 {1.0 ?mcc?mnc [en_US,zh_TW_#Hant,zh_CN_#Hans,pt_BR,it_IT] ldltr sw360dp w592dp h336dp 480dpi nrml hdr land finger -keyb/v/h -nav/h appBounds=Rect(0, 0 - 1776, 1080) s.348} for displayId=0
11-16 08:10:09.534 I/WindowManager( 1571): Screen frozen for +258ms due to Window{48b8438 u0 StatusBar}
11-16 08:10:11.044 I/ActivityManager( 1571): START u0 {act=android.intent.action.MAIN cat=[android.intent.category.LAUNCHER] flg=0x10200000 cmp=com.fast.messages.social.messenger.free/com.messenger.free.activity.SplashActivity} from uid 2000
11-16 08:10:12.098 I/ActivityManager( 1571): START u0 {act=android.intent.action.MAIN cat=[android.intent.category.LAUNCHER] flg=0x10200000 cmp=com.fast.messages.social.messenger.free/com.messenger.free.activity.SplashActivity} from uid 2000
11-16 08:10:12.742 I/ActivityManager( 1571): START u0 {act=android.intent.action.MAIN cat=[android.intent.category.LAUNCHER] flg=0x10200000 cmp=com.fast.messages.social.messenger.free/com.messenger.free.activity.SplashActivity} from uid 2000
11-16 08:10:13.004 I/ActivityManager( 1571): Config changes=400 {1.0 ?mcc?mnc [en_US,zh_TW_#Hant,zh_CN_#Hans,pt_BR,it_IT] ldltr sw360dp w592dp h336dp 480dpi nrml hdr land finger -keyb/v/h -nav/h appBounds=Rect(144, 0 - 1920, 1080) s.349}
11-16 08:10:13.061 I/ActivityManager( 1571): Override config changes=400 {1.0 ?mcc?mnc [en_US,zh_TW_#Hant,zh_CN_#Hans,pt_BR,it_IT] ldltr sw360dp w592dp h336dp 480dpi nrml hdr land finger -keyb/v/h -nav/h appBounds=Rect(144, 0 - 1920, 1080) s.349} for displayId=0
11-16 08:10:13.193 I/WindowManager( 1571): Screen frozen for +235ms due to Window{48b8438 u0 StatusBar}
11-16 08:10:13.303 I/ActivityManager( 1571): START u0 {act=android.intent.action.MAIN cat=[android.intent.category.LAUNCHER] flg=0x10200000 cmp=com.fast.messages.social.messenger.free/com.messenger.free.activity.SplashActivity} from uid 2000
11-16 08:10:13.515 I/ActivityManager( 1571): START u0 {act=android.intent.action.MAIN cat=[android.intent.category.LAUNCHER] flg=0x10200000 cmp=com.fast.messages.social.messenger.free/com.messenger.free.activity.SplashActivity} from uid 2000
11-16 08:10:13.725 I/ActivityManager( 1571): START u0 {act=android.intent.action.MAIN cat=[android.intent.category.LAUNCHER] flg=0x10200000 cmp=com.fast.messages.social.messenger.free/com.messenger.free.activity.SplashActivity} from uid 2000
11-16 08:10:14.576 V/DeadZone( 2210): consuming errant click: (83.0,950.0)
11-16 08:10:15.201 V/DeadZone( 2210): consuming errant click: (97.0,1062.0)
11-16 08:10:15.418 I/ActivityManager( 1571): START u0 {flg=0x10804000 cmp=com.android.systemui/.recents.RecentsActivity} from uid 10085
11-16 08:10:16.064 I/ActivityManager( 1571): START u0 {act=com.sonyericsson.updatecenter.action.VIEW dat=content://com.sonyericsson.updatecenter.provider/updates/24 flg=0x10000000 pkg=com.sonyericsson.updatecenter cmp=com.sonyericsson.updatecenter/.ui.activity.ReleaseNotesActivity (has extras)} from uid 10087
11-16 08:10:16.888 I/ActivityManager( 1571): START u0 {act=com.sonyericsson.updatecenter.action.VIEW dat=content://com.sonyericsson.updatecenter.provider/updates/24 flg=0x10000000 pkg=com.sonyericsson.updatecenter cmp=com.sonyericsson.updatecenter/.ui.activity.ReleaseNotesActivity (has extras)} from uid 10087
11-16 08:10:17.467 V/DeadZone( 2210): consuming errant click: (137.0,880.0)
11-16 08:10:17.680 I/ActivityManager( 1571): START u0 {act=android.intent.action.MAIN cat=[android.intent.category.LAUNCHER] flg=0x10200000 cmp=com.fast.messages.social.messenger.free/com.messenger.free.activity.SplashActivity} from uid 2000
11-16 08:10:17.961 I/ActivityManager( 1571): START u0 {dat=content://com.sonyericsson.updatecenter.provider/updates/24 flg=0x10000000 cmp=com.sonyericsson.updatecenter/.ui.activity.SoftwareUpdateInstallActivity (has extras)} from uid 10087
11-16 08:10:18.938 I/ActivityManager( 1571): START u0 {act=android.intent.action.MAIN cat=[android.intent.category.LAUNCHER] flg=0x10200000 cmp=com.fast.messages.social.messenger.free/com.messenger.free.activity.SplashActivity} from uid 2000
11-16 08:10:19.417 I/ActivityManager( 1571): START u0 {act=com.sonyericsson.updatecenter.action.VIEW dat=content://com.sonyericsson.updatecenter.provider/updates/24 flg=0x10000000 pkg=com.sonyericsson.updatecenter cmp=com.sonyericsson.updatecenter/.ui.activity.ReleaseNotesActivity (has extras)} from uid 10087
11-16 08:10:19.772 I/ActivityManager( 1571): START u0 {act=android.intent.action.MAIN cat=[android.intent.category.LAUNCHER] flg=0x10200000 cmp=com.fast.messages.social.messenger.free/com.messenger.free.activity.SplashActivity} from uid 2000
11-16 08:10:19.984 I/chatty  ( 1571): uid=1000(system) Binder:1571_19 identical 1 line
11-16 08:10:20.193 I/ActivityManager( 1571): START u0 {act=android.intent.action.MAIN cat=[android.intent.category.LAUNCHER] flg=0x10200000 cmp=com.fast.messages.social.messenger.free/com.messenger.free.activity.SplashActivity} from uid 2000
11-16 08:10:20.473 I/ActivityManager( 1571): START u0 {act=com.sonyericsson.updatecenter.action.VIEW dat=content://com.sonyericsson.updatecenter.provider/updates/24 flg=0x10000000 pkg=com.sonyericsson.updatecenter cmp=com.sonyericsson.updatecenter/.ui.activity.ReleaseNotesActivity (has extras)} from uid 10087
11-16 08:10:20.868 I/ActivityManager( 1571): Config changes=480 {1.0 ?mcc?mnc [en_US,zh_TW_#Hant,zh_CN_#Hans,pt_BR,it_IT] ldltr sw360dp w360dp h568dp 480dpi nrml hdr port finger -keyb/v/h -nav/h appBounds=Rect(0, 0 - 1080, 1776) s.350}
11-16 08:10:20.936 I/ActivityManager( 1571): Override config changes=480 {1.0 ?mcc?mnc [en_US,zh_TW_#Hant,zh_CN_#Hans,pt_BR,it_IT] ldltr sw360dp w360dp h568dp 480dpi nrml hdr port finger -keyb/v/h -nav/h appBounds=Rect(0, 0 - 1080, 1776) s.350} for displayId=0
11-16 08:10:21.133 I/WindowManager( 1571): Screen frozen for +294ms due to Window{48b8438 u0 StatusBar}
11-16 08:10:21.390 I/ActivityManager( 1571): START u0 {flg=0x10008000 cmp=com.drweb/o. bnds=[488,1316][784,1497] (has extras)} from uid 10550
11-16 08:10:22.199 I/ActivityManager( 1571): START u0 {act=android.intent.action.MAIN cat=[android.intent.category.LAUNCHER] flg=0x10200000 cmp=com.fast.messages.social.messenger.free/com.messenger.free.activity.SplashActivity} from uid 2000
11-16 08:10:22.472 I/ActivityManager( 1571): START u0 {act=com.sonyericsson.updatecenter.action.VIEW dat=content://com.sonyericsson.updatecenter.provider/updates/24 flg=0x10000000 pkg=com.sonyericsson.updatecenter cmp=com.sonyericsson.updatecenter/.ui.activity.ReleaseNotesActivity (has extras)} from uid 10087
11-16 08:10:23.758 I/WindowManager( 1571): Screen frozen for +81ms due to Window{48b8438 u0 StatusBar}
11-16 08:10:25.354 I/ActivityManager( 1571): START u0 {act=android.intent.action.MAIN cat=[android.intent.category.LAUNCHER] flg=0x10200000 cmp=com.fast.messages.social.messenger.free/com.messenger.free.activity.SplashActivity} from uid 2000
11-16 08:10:27.269 I/ActivityManager( 1571): START u0 {act=android.intent.action.MAIN cat=[android.intent.category.LAUNCHER] flg=0x10200000 cmp=com.fast.messages.social.messenger.free/com.messenger.free.activity.SplashActivity} from uid 2000
11-16 08:10:27.683 I/ActivityManager( 1571): START u0 {act=android.intent.action.MAIN cat=[android.intent.category.LAUNCHER] flg=0x10200000 cmp=com.fast.messages.social.messenger.free/com.messenger.free.activity.SplashActivity} from uid 2000
11-16 08:10:30.009 I/ActivityManager( 1571): START u0 {act=com.sonyericsson.updatecenter.action.VIEW dat=content://com.sonyericsson.updatecenter.provider/updates/24 flg=0x10000000 pkg=com.sonyericsson.updatecenter cmp=com.sonyericsson.updatecenter/.ui.activity.ReleaseNotesActivity (has extras)} from uid 10087
11-16 08:10:31.207 I/ActivityManager( 1571): START u0 {act=android.intent.action.MAIN cat=[android.intent.category.LAUNCHER] flg=0x10200000 cmp=com.fast.messages.social.messenger.free/com.messenger.free.activity.SplashActivity} from uid 2000
11-16 08:10:32.271 I/ActivityManager( 1571): START u0 {act=android.intent.action.MAIN cat=[android.intent.category.LAUNCHER] flg=0x10200000 cmp=com.fast.messages.social.messenger.free/com.messenger.free.activity.SplashActivity} from uid 2000
11-16 08:10:32.584 I/WindowManager( 1571): Screen frozen for +95ms due to Window{48b8438 u0 StatusBar}
11-16 08:10:34.175 I/ActivityManager( 1571): START u0 {act=android.intent.action.MAIN cat=[android.intent.category.LAUNCHER] flg=0x10200000 cmp=com.fast.messages.social.messenger.free/com.messenger.free.activity.SplashActivity} from uid 2000
11-16 08:10:34.824 W/ViewRootImpl[SystemUIDialog]( 2210): Dropping event due to root view being removed: MotionEvent { action=ACTION_UP, actionButton=0, id[0]=0, x[0]=339.49966, y[0]=1208.3794, toolType[0]=TOOL_TYPE_UNKNOWN, buttonState=0, metaState=0, flags=0x0, edgeFlags=0x0, pointerCount=1, historySize=0, eventTime=270638174, downTime=270638173, deviceId=0, source=0x1002 }
11-16 08:10:36.116 I/ActivityManager( 1571): Config changes=480 {1.0 ?mcc?mnc [en_US,zh_TW_#Hant,zh_CN_#Hans,pt_BR,it_IT] ldltr sw360dp w592dp h336dp 480dpi nrml hdr land finger -keyb/v/h -nav/h appBounds=Rect(144, 0 - 1920, 1080) s.351}
11-16 08:10:36.163 I/ActivityManager( 1571): Override config changes=480 {1.0 ?mcc?mnc [en_US,zh_TW_#Hant,zh_CN_#Hans,pt_BR,it_IT] ldltr sw360dp w592dp h336dp 480dpi nrml hdr land finger -keyb/v/h -nav/h appBounds=Rect(144, 0 - 1920, 1080) s.351} for displayId=0
11-16 08:10:36.361 I/WindowManager( 1571): Screen frozen for +277ms due to Window{48b8438 u0 StatusBar}
11-16 08:10:37.214 V/DeadZone( 2210): consuming errant click: (105.0,969.0)
11-16 08:10:37.419 I/ActivityManager( 1571): START u0 {act=android.intent.action.MAIN cat=[android.intent.category.LAUNCHER] flg=0x10200000 cmp=com.fast.messages.social.messenger.free/com.messenger.free.activity.SplashActivity} from uid 2000
11-16 08:10:37.665 I/ActivityManager( 1571): START u0 {flg=0x10804000 cmp=com.android.systemui/.recents.RecentsActivity} from uid 10085
11-16 08:10:38.263 V/DeadZone( 2210): consuming errant click: (69.0,39.0)
11-16 08:10:38.704 I/ActivityManager( 1571): START u0 {flg=0x10804000 cmp=com.android.systemui/.recents.RecentsActivity} from uid 10085
11-16 08:10:38.886 I/ActivityManager( 1571): START u0 {act=android.intent.action.MAIN cat=[android.intent.category.LAUNCHER] flg=0x10200000 cmp=com.fast.messages.social.messenger.free/com.messenger.free.activity.SplashActivity} from uid 2000
11-16 08:10:39.099 I/ActivityManager( 1571): START u0 {act=android.intent.action.MAIN cat=[android.intent.category.LAUNCHER] flg=0x10200000 cmp=com.fast.messages.social.messenger.free/com.messenger.free.activity.SplashActivity} from uid 2000
11-16 08:10:40.373 I/ActivityManager( 1571): START u0 {act=android.intent.action.MAIN cat=[android.intent.category.LAUNCHER] flg=0x10200000 cmp=com.fast.messages.social.messenger.free/com.messenger.free.activity.SplashActivity} from uid 2000
11-16 08:10:40.585 V/DeadZone( 2210): consuming errant click: (80.0,132.0)
11-16 08:10:41.872 I/ActivityManager( 1571): START u0 {flg=0x10804000 cmp=com.android.systemui/.recents.RecentsActivity} from uid 10085
11-16 08:10:43.574 I/ActivityManager( 1571): START u0 {act=com.sonyericsson.updatecenter.action.VIEW dat=content://com.sonyericsson.updatecenter.provider/updates/24 flg=0x10000000 pkg=com.sonyericsson.updatecenter cmp=com.sonyericsson.updatecenter/.ui.activity.ReleaseNotesActivity (has extras)} from uid 10087
11-16 08:10:45.283 I/ActivityManager( 1571): START u0 {dat=content://com.sonyericsson.updatecenter.provider/updates/24 flg=0x10000000 cmp=com.sonyericsson.updatecenter/.ui.activity.SoftwareUpdateInstallActivity (has extras)} from uid 10087
11-16 08:10:45.438 W/ViewRootImpl[GameWebActivity](23847): Cancelling event due to no window focus: KeyEvent { action=ACTION_UP, keyCode=KEYCODE_DPAD_DOWN, scanCode=0, metaState=0, flags=0x420, repeatCount=0, eventTime=270648787, downTime=270648787, deviceId=-1, source=0x101 }
11-16 08:10:45.439 W/ViewRootImpl[GameWebActivity](23847): Dropping event due to no window focus: KeyEvent { action=ACTION_DOWN, keyCode=KEYCODE_DPAD_DOWN, scanCode=0, metaState=0, flags=0x400, repeatCount=0, eventTime=270648787, downTime=270648787, deviceId=-1, source=0x101 }
11-16 08:10:45.439 W/ViewRootImpl[GameWebActivity](23847): Cancelling event due to no window focus: KeyEvent { action=ACTION_UP, keyCode=KEYCODE_DPAD_DOWN, scanCode=0, metaState=0, flags=0x420, repeatCount=0, eventTime=270648787, downTime=270648787, deviceId=-1, source=0x101 }
11-16 08:10:45.439 W/ViewRootImpl[GameWebActivity](23847): Dropping event due to no window focus: KeyEvent { action=ACTION_DOWN, keyCode=KEYCODE_DPAD_DOWN, scanCode=0, metaState=0, flags=0x400, repeatCount=0, eventTime=270648787, downTime=270648787, deviceId=-1, source=0x101 }
11-16 08:10:45.440 W/ViewRootImpl[GameWebActivity](23847): Cancelling event due to no window focus: KeyEvent { action=ACTION_UP, keyCode=KEYCODE_DPAD_DOWN, scanCode=0, metaState=0, flags=0x420, repeatCount=0, eventTime=270648787, downTime=270648787, deviceId=-1, source=0x101 }
11-16 08:10:45.873 I/ActivityManager( 1571): START u0 {act=com.sonyericsson.updatecenter.action.VIEW dat=content://com.sonyericsson.updatecenter.provider/updates/24 flg=0x10000000 pkg=com.sonyericsson.updatecenter cmp=com.sonyericsson.updatecenter/.ui.activity.ReleaseNotesActivity (has extras)} from uid 10087
11-16 08:10:46.441 I/ActivityManager( 1571): START u0 {act=android.intent.action.MAIN cat=[android.intent.category.LAUNCHER] flg=0x10200000 cmp=com.fast.messages.social.messenger.free/com.messenger.free.activity.SplashActivity} from uid 2000
11-16 08:10:47.518 I/ActivityManager( 1571): START u0 {act=android.intent.action.MAIN cat=[android.intent.category.LAUNCHER] flg=0x10200000 cmp=com.fast.messages.social.messenger.free/com.messenger.free.activity.SplashActivity} from uid 2000
11-16 08:10:49.004 V/DeadZone( 2210): consuming errant click: (89.0,604.0)
11-16 08:10:49.288 I/ActivityManager( 1571): Config changes=480 {1.0 ?mcc?mnc [en_US,zh_TW_#Hant,zh_CN_#Hans,pt_BR,it_IT] ldltr sw360dp w360dp h568dp 480dpi nrml hdr port finger -keyb/v/h -nav/h appBounds=Rect(0, 0 - 1080, 1776) s.352}
11-16 08:10:49.381 I/ActivityManager( 1571): Override config changes=480 {1.0 ?mcc?mnc [en_US,zh_TW_#Hant,zh_CN_#Hans,pt_BR,it_IT] ldltr sw360dp w360dp h568dp 480dpi nrml hdr port finger -keyb/v/h -nav/h appBounds=Rect(0, 0 - 1080, 1776) s.352} for displayId=0
11-16 08:10:49.568 I/WindowManager( 1571): Screen frozen for +328ms due to Window{48b8438 u0 StatusBar}
11-16 08:10:51.105 I/ActivityManager( 1571): Config changes=480 {1.0 ?mcc?mnc [en_US,zh_TW_#Hant,zh_CN_#Hans,pt_BR,it_IT] ldltr sw360dp w592dp h336dp 480dpi nrml hdr land finger -keyb/v/h -nav/h appBounds=Rect(144, 0 - 1920, 1080) s.353}
11-16 08:10:51.176 I/ActivityManager( 1571): Override config changes=480 {1.0 ?mcc?mnc [en_US,zh_TW_#Hant,zh_CN_#Hans,pt_BR,it_IT] ldltr sw360dp w592dp h336dp 480dpi nrml hdr land finger -keyb/v/h -nav/h appBounds=Rect(144, 0 - 1920, 1080) s.353} for displayId=0
11-16 08:10:51.352 I/WindowManager( 1571): Screen frozen for +287ms due to Window{48b8438 u0 StatusBar}
11-16 08:10:52.622 I/ActivityManager( 1571): START u0 {act=android.intent.action.MAIN cat=[android.intent.category.LAUNCHER] flg=0x10200000 cmp=com.fast.messages.social.messenger.free/com.messenger.free.activity.SplashActivity} from uid 2000
11-16 08:10:52.837 I/ActivityManager( 1571): START u0 {act=android.intent.action.MAIN cat=[android.intent.category.LAUNCHER] flg=0x10200000 cmp=com.fast.messages.social.messenger.free/com.messenger.free.activity.SplashActivity} from uid 2000
11-16 08:10:54.305 I/ActivityManager( 1571): START u0 {act=android.intent.action.MAIN cat=[android.intent.category.LAUNCHER] flg=0x10200000 cmp=com.fast.messages.social.messenger.free/com.messenger.free.activity.SplashActivity} from uid 2000
11-16 08:10:54.940 I/ActivityManager( 1571): START u0 {act=android.intent.action.MAIN cat=[android.intent.category.LAUNCHER] flg=0x10200000 cmp=com.fast.messages.social.messenger.free/com.messenger.free.activity.SplashActivity} from uid 2000
11-16 08:10:55.779 I/chatty  ( 1571): uid=1000(system) Binder:1571_13 identical 1 line
11-16 08:10:56.207 I/ActivityManager( 1571): START u0 {act=android.intent.action.MAIN cat=[android.intent.category.LAUNCHER] flg=0x10200000 cmp=com.fast.messages.social.messenger.free/com.messenger.free.activity.SplashActivity} from uid 2000
11-16 08:10:58.140 I/ActivityManager( 1571): Config changes=480 {1.0 ?mcc?mnc [en_US,zh_TW_#Hant,zh_CN_#Hans,pt_BR,it_IT] ldltr sw360dp w360dp h568dp 480dpi nrml hdr port finger -keyb/v/h -nav/h appBounds=Rect(0, 0 - 1080, 1776) s.354}
11-16 08:10:58.195 I/ActivityManager( 1571): Override config changes=480 {1.0 ?mcc?mnc [en_US,zh_TW_#Hant,zh_CN_#Hans,pt_BR,it_IT] ldltr sw360dp w360dp h568dp 480dpi nrml hdr port finger -keyb/v/h -nav/h appBounds=Rect(0, 0 - 1080, 1776) s.354} for displayId=0
11-16 08:10:58.373 I/WindowManager( 1571): Screen frozen for +263ms due to Window{48b8438 u0 StatusBar}
11-16 08:10:58.408 I/ActivityManager( 1571): START u0 {act=android.intent.action.MAIN cat=[android.intent.category.LAUNCHER] flg=0x10200000 cmp=com.fast.messages.social.messenger.free/com.messenger.free.activity.SplashActivity} from uid 2000
11-16 08:11:00.095 I/chatty  ( 1571): uid=1000(system) Binder:1571_9 identical 1 line
11-16 08:11:00.303 I/ActivityManager( 1571): START u0 {act=android.intent.action.MAIN cat=[android.intent.category.LAUNCHER] flg=0x10200000 cmp=com.fast.messages.social.messenger.free/com.messenger.free.activity.SplashActivity} from uid 2000
11-16 08:11:01.338 I/ActivityManager( 1571): START u0 {act=android.intent.action.MAIN cat=[android.intent.category.LAUNCHER] flg=0x10200000 cmp=com.fast.messages.social.messenger.free/com.messenger.free.activity.SplashActivity} from uid 2000
11-16 08:11:02.219 I/ActivityManager( 1571): Config changes=480 {1.0 ?mcc?mnc [en_US,zh_TW_#Hant,zh_CN_#Hans,pt_BR,it_IT] ldltr sw360dp w592dp h336dp 480dpi nrml hdr land finger -keyb/v/h -nav/h appBounds=Rect(0, 0 - 1776, 1080) s.355}
11-16 08:11:02.304 I/ActivityManager( 1571): Override config changes=480 {1.0 ?mcc?mnc [en_US,zh_TW_#Hant,zh_CN_#Hans,pt_BR,it_IT] ldltr sw360dp w592dp h336dp 480dpi nrml hdr land finger -keyb/v/h -nav/h appBounds=Rect(0, 0 - 1776, 1080) s.355} for displayId=0
11-16 08:11:02.479 I/WindowManager( 1571): Screen frozen for +285ms due to Window{48b8438 u0 StatusBar}
11-16 08:11:03.312 I/ActivityManager( 1571): START u0 {act=android.intent.action.MAIN cat=[android.intent.category.LAUNCHER] flg=0x10200000 cmp=com.fast.messages.social.messenger.free/com.messenger.free.activity.SplashActivity} from uid 2000
11-16 08:11:04.792 I/ActivityManager( 1571): START u0 {act=android.intent.action.MAIN cat=[android.intent.category.LAUNCHER] flg=0x10200000 cmp=com.fast.messages.social.messenger.free/com.messenger.free.activity.SplashActivity} from uid 2000
11-16 08:11:05.887 I/ActivityManager( 1571): START u0 {act=android.intent.action.MAIN cat=[android.intent.category.LAUNCHER] flg=0x10200000 cmp=com.fast.messages.social.messenger.free/com.messenger.free.activity.SplashActivity} from uid 2000
11-16 08:11:06.326 I/ActivityManager( 1571): START u0 {act=android.intent.action.MAIN cat=[android.intent.category.LAUNCHER] flg=0x10200000 cmp=com.fast.messages.social.messenger.free/com.messenger.free.activity.SplashActivity} from uid 2000
11-16 08:11:06.788 I/ActivityManager( 1571): Config changes=400 {1.0 ?mcc?mnc [en_US,zh_TW_#Hant,zh_CN_#Hans,pt_BR,it_IT] ldltr sw360dp w592dp h336dp 480dpi nrml hdr land finger -keyb/v/h -nav/h appBounds=Rect(144, 0 - 1920, 1080) s.356}
11-16 08:11:06.853 I/ActivityManager( 1571): Override config changes=400 {1.0 ?mcc?mnc [en_US,zh_TW_#Hant,zh_CN_#Hans,pt_BR,it_IT] ldltr sw360dp w592dp h336dp 480dpi nrml hdr land finger -keyb/v/h -nav/h appBounds=Rect(144, 0 - 1920, 1080) s.356} for displayId=0
11-16 08:11:06.951 I/WindowManager( 1571): Screen frozen for +196ms due to Window{48b8438 u0 StatusBar}
11-16 08:11:07.161 I/ActivityManager( 1571): START u0 {act=android.intent.action.MAIN cat=[android.intent.category.LAUNCHER] flg=0x10200000 cmp=com.fast.messages.social.messenger.free/com.messenger.free.activity.SplashActivity} from uid 2000
11-16 08:11:07.789 V/DeadZone( 2210): consuming errant click: (140.0,736.0)
11-16 08:11:08.563 I/ActivityManager( 1571): START u0 {act=android.intent.action.MAIN cat=[android.intent.category.LAUNCHER] flg=0x10200000 cmp=com.fast.messages.social.messenger.free/com.messenger.free.activity.SplashActivity} from uid 2000
11-16 08:11:09.646 I/ActivityManager( 1571): Config changes=400 {1.0 ?mcc?mnc [en_US,zh_TW_#Hant,zh_CN_#Hans,pt_BR,it_IT] ldltr sw360dp w592dp h336dp 480dpi nrml hdr land finger -keyb/v/h -nav/h appBounds=Rect(0, 0 - 1776, 1080) s.357}
11-16 08:11:09.728 I/ActivityManager( 1571): Override config changes=400 {1.0 ?mcc?mnc [en_US,zh_TW_#Hant,zh_CN_#Hans,pt_BR,it_IT] ldltr sw360dp w592dp h336dp 480dpi nrml hdr land finger -keyb/v/h -nav/h appBounds=Rect(0, 0 - 1776, 1080) s.357} for displayId=0
11-16 08:11:09.842 I/WindowManager( 1571): Screen frozen for +226ms due to Window{48b8438 u0 StatusBar}
11-16 08:11:09.950 I/ActivityManager( 1571): START u0 {act=android.intent.action.MAIN cat=[android.intent.category.LAUNCHER] flg=0x10200000 cmp=com.fast.messages.social.messenger.free/com.messenger.free.activity.SplashActivity} from uid 2000
11-16 08:11:12.507 I/ActivityManager( 1571): START u0 {act=android.intent.action.MAIN cat=[android.intent.category.LAUNCHER] flg=0x10200000 cmp=com.fast.messages.social.messenger.free/com.messenger.free.activity.SplashActivity} from uid 2000
11-16 08:11:13.963 I/ActivityManager( 1571): START u0 {act=android.intent.action.MAIN cat=[android.intent.category.LAUNCHER] flg=0x10200000 cmp=com.fast.messages.social.messenger.free/com.messenger.free.activity.SplashActivity} from uid 2000
11-16 08:11:14.228 I/ActivityManager( 1571): Config changes=480 {1.0 ?mcc?mnc [en_US,zh_TW_#Hant,zh_CN_#Hans,pt_BR,it_IT] ldltr sw360dp w360dp h568dp 480dpi nrml hdr port finger -keyb/v/h -nav/h appBounds=Rect(0, 0 - 1080, 1776) s.358}
11-16 08:11:14.321 I/ActivityManager( 1571): Override config changes=480 {1.0 ?mcc?mnc [en_US,zh_TW_#Hant,zh_CN_#Hans,pt_BR,it_IT] ldltr sw360dp w360dp h568dp 480dpi nrml hdr port finger -keyb/v/h -nav/h appBounds=Rect(0, 0 - 1080, 1776) s.358} for displayId=0
11-16 08:11:14.507 I/WindowManager( 1571): Screen frozen for +318ms due to Window{48b8438 u0 StatusBar}
11-16 08:11:15.159 I/ActivityManager( 1571): START u0 {act=android.intent.action.MAIN cat=[android.intent.category.LAUNCHER] flg=0x10200000 cmp=com.fast.messages.social.messenger.free/com.messenger.free.activity.SplashActivity} from uid 2000
11-16 08:11:15.585 I/ActivityManager( 1571): START u0 {act=android.intent.action.MAIN cat=[android.intent.category.LAUNCHER] flg=0x10200000 cmp=com.fast.messages.social.messenger.free/com.messenger.free.activity.SplashActivity} from uid 2000
11-16 08:11:17.143 I/WindowManager( 1571): Screen frozen for +94ms due to Window{48b8438 u0 StatusBar}
11-16 08:11:17.921 I/ActivityManager( 1571): START u0 {act=android.intent.action.MAIN cat=[android.intent.category.LAUNCHER] flg=0x10200000 cmp=com.fast.messages.social.messenger.free/com.messenger.free.activity.SplashActivity} from uid 2000
11-16 08:11:18.398 I/ActivityManager( 1571): Config changes=480 {1.0 ?mcc?mnc [en_US,zh_TW_#Hant,zh_CN_#Hans,pt_BR,it_IT] ldltr sw360dp w592dp h336dp 480dpi nrml hdr land finger -keyb/v/h -nav/h appBounds=Rect(0, 0 - 1776, 1080) s.359}
11-16 08:11:18.470 I/ActivityManager( 1571): Override config changes=480 {1.0 ?mcc?mnc [en_US,zh_TW_#Hant,zh_CN_#Hans,pt_BR,it_IT] ldltr sw360dp w592dp h336dp 480dpi nrml hdr land finger -keyb/v/h -nav/h appBounds=Rect(0, 0 - 1776, 1080) s.359} for displayId=0
11-16 08:11:18.659 I/WindowManager( 1571): Screen frozen for +304ms due to Window{48b8438 u0 StatusBar}
11-16 08:11:20.804 I/ActivityManager( 1571): START u0 {act=android.intent.action.MAIN cat=[android.intent.category.LAUNCHER] flg=0x10200000 cmp=com.fast.messages.social.messenger.free/com.messenger.free.activity.SplashActivity} from uid 2000
11-16 08:11:21.650 I/ActivityManager( 1571): START u0 {act=android.intent.action.MAIN cat=[android.intent.category.LAUNCHER] flg=0x10200000 cmp=com.fast.messages.social.messenger.free/com.messenger.free.activity.SplashActivity} from uid 2000
11-16 08:11:22.533 I/ActivityManager( 1571): Config changes=400 {1.0 ?mcc?mnc [en_US,zh_TW_#Hant,zh_CN_#Hans,pt_BR,it_IT] ldltr sw360dp w592dp h336dp 480dpi nrml hdr land finger -keyb/v/h -nav/h appBounds=Rect(144, 0 - 1920, 1080) s.360}
11-16 08:11:22.584 I/ActivityManager( 1571): Override config changes=400 {1.0 ?mcc?mnc [en_US,zh_TW_#Hant,zh_CN_#Hans,pt_BR,it_IT] ldltr sw360dp w592dp h336dp 480dpi nrml hdr land finger -keyb/v/h -nav/h appBounds=Rect(144, 0 - 1920, 1080) s.360} for displayId=0
11-16 08:11:22.647 I/WindowManager( 1571): Screen frozen for +147ms due to Window{48b8438 u0 StatusBar}
11-16 08:11:23.821 I/ActivityManager( 1571): Config changes=400 {1.0 ?mcc?mnc [en_US,zh_TW_#Hant,zh_CN_#Hans,pt_BR,it_IT] ldltr sw360dp w592dp h336dp 480dpi nrml hdr land finger -keyb/v/h -nav/h appBounds=Rect(0, 0 - 1776, 1080) s.361}
11-16 08:11:23.864 I/ActivityManager( 1571): Override config changes=400 {1.0 ?mcc?mnc [en_US,zh_TW_#Hant,zh_CN_#Hans,pt_BR,it_IT] ldltr sw360dp w592dp h336dp 480dpi nrml hdr land finger -keyb/v/h -nav/h appBounds=Rect(0, 0 - 1776, 1080) s.361} for displayId=0
11-16 08:11:23.933 I/WindowManager( 1571): Screen frozen for +147ms due to Window{48b8438 u0 StatusBar}
11-16 08:11:25.484 I/ActivityManager( 1571): START u0 {act=android.intent.action.MAIN cat=[android.intent.category.LAUNCHER] flg=0x10200000 cmp=com.fast.messages.social.messenger.free/com.messenger.free.activity.SplashActivity} from uid 2000
11-16 08:11:25.696 W/ViewRootImpl[GameWebActivity](23847): Cancelling event due to no window focus: KeyEvent { action=ACTION_UP, keyCode=KEYCODE_4, scanCode=0, metaState=0, flags=0x28, repeatCount=0, eventTime=270689052, downTime=270689052, deviceId=-1, source=0x101 }
11-16 08:11:25.697 I/chatty  (23847): uid=10695(u0_a695) com.fast.messages.social.messenger.free identical 7 lines
11-16 08:11:25.697 W/ViewRootImpl[GameWebActivity](23847): Cancelling event due to no window focus: KeyEvent { action=ACTION_UP, keyCode=KEYCODE_4, scanCode=0, metaState=0, flags=0x28, repeatCount=0, eventTime=270689052, downTime=270689052, deviceId=-1, source=0x101 }
11-16 08:11:26.744 D/BluetoothManagerService( 1571): enable(com.android.systemui):  mBluetooth =null mBinding = false mState = OFF
11-16 08:11:26.744 D/BluetoothManagerService( 1571): enable returning
11-16 08:11:26.744 D/BluetoothManagerService( 1571): MESSAGE_ENABLE(0): mBluetooth = null
11-16 08:11:26.764 I/ActivityManager( 1571): Start proc 7261:com.android.bluetooth/1002 for service com.android.bluetooth/.btservice.AdapterService
11-16 08:11:26.857 D/BluetoothManagerService( 1571): Bluetooth Adapter name changed to Xperia XZ1
11-16 08:11:26.857 D/BluetoothManagerService( 1571): Stored Bluetooth name: Xperia XZ1
11-16 08:11:26.870 D/BluetoothManagerService( 1571): BluetoothServiceConnection: com.android.bluetooth.btservice.AdapterService
11-16 08:11:26.870 D/BluetoothManagerService( 1571): MESSAGE_BLUETOOTH_SERVICE_CONNECTED: 1
11-16 08:11:26.872 D/BluetoothManagerService( 1571): Broadcasting onBluetoothServiceUp() to 13 receivers.
11-16 08:11:26.875 D/BluetoothManagerService( 1571): MESSAGE_BLUETOOTH_STATE_CHANGE: OFF > BLE_TURNING_ON
11-16 08:11:26.875 D/BluetoothManagerService( 1571): Sending BLE State Change: OFF > BLE_TURNING_ON
11-16 08:11:26.975 I/ActivityManager( 1571): Config changes=400 {1.0 ?mcc?mnc [en_US,zh_TW_#Hant,zh_CN_#Hans,pt_BR,it_IT] ldltr sw360dp w592dp h336dp 480dpi nrml hdr land finger -keyb/v/h -nav/h appBounds=Rect(144, 0 - 1920, 1080) s.362}
11-16 08:11:27.020 I/ActivityManager( 1571): Override config changes=400 {1.0 ?mcc?mnc [en_US,zh_TW_#Hant,zh_CN_#Hans,pt_BR,it_IT] ldltr sw360dp w592dp h336dp 480dpi nrml hdr land finger -keyb/v/h -nav/h appBounds=Rect(144, 0 - 1920, 1080) s.362} for displayId=0
11-16 08:11:27.069 I/WindowManager( 1571): Screen frozen for +124ms due to Window{48b8438 u0 StatusBar}
11-16 08:11:27.249 I/ActivityManager( 1571): START u0 {act=android.intent.action.MAIN cat=[android.intent.category.HOME] flg=0x10200000 cmp=com.sonymobile.home/.HomeActivity (has extras)} from uid 1000
11-16 08:11:27.488 I/ActivityManager( 1571): Config changes=480 {1.0 ?mcc?mnc [en_US,zh_TW_#Hant,zh_CN_#Hans,pt_BR,it_IT] ldltr sw360dp w360dp h568dp 480dpi nrml hdr port finger -keyb/v/h -nav/h appBounds=Rect(0, 0 - 1080, 1776) s.363}
11-16 08:11:27.539 I/ActivityManager( 1571): Override config changes=480 {1.0 ?mcc?mnc [en_US,zh_TW_#Hant,zh_CN_#Hans,pt_BR,it_IT] ldltr sw360dp w360dp h568dp 480dpi nrml hdr port finger -keyb/v/h -nav/h appBounds=Rect(0, 0 - 1080, 1776) s.363} for displayId=0
11-16 08:11:27.705 I/WindowManager( 1571): Screen frozen for +243ms due to Window{48b8438 u0 StatusBar}
11-16 08:11:27.790 D/BluetoothManagerService( 1571): Bluetooth Adapter address changed to 84:C7:EA:AF:F2:37
11-16 08:11:27.790 D/BluetoothManagerService( 1571): Stored Bluetoothaddress: 84:C7:EA:AF:F2:37
11-16 08:11:27.791 D/BluetoothManagerService( 1571): Bluetooth Adapter name changed to Xperia XZ1
11-16 08:11:27.791 D/BluetoothManagerService( 1571): Stored Bluetooth name: Xperia XZ1
11-16 08:11:27.793 D/BluetoothManagerService( 1571): Bluetooth Adapter address changed to 84:C7:EA:AF:F2:37
11-16 08:11:27.793 D/BluetoothManagerService( 1571): Stored Bluetoothaddress: 84:C7:EA:AF:F2:37
11-16 08:11:27.795 D/BluetoothManagerService( 1571): MESSAGE_BLUETOOTH_STATE_CHANGE: BLE_TURNING_ON > BLE_ON
11-16 08:11:27.795 D/BluetoothManagerService( 1571): Bluetooth is in LE only mode
11-16 08:11:27.795 D/BluetoothManagerService( 1571): Binding Bluetooth GATT service
11-16 08:11:27.796 D/BluetoothManagerService( 1571): Sending BLE State Change: BLE_TURNING_ON > BLE_ON
11-16 08:11:27.796 D/BluetoothManagerService( 1571): BluetoothServiceConnection: com.android.bluetooth.gatt.GattService
11-16 08:11:27.797 D/BluetoothManagerService( 1571): MESSAGE_BLUETOOTH_SERVICE_CONNECTED: 2
11-16 08:11:27.797 D/BluetoothManagerService( 1571): BluetoothGatt Service is Up
11-16 08:11:27.797 D/BluetoothManagerService( 1571): isBleAppPresent() count: 0
11-16 08:11:27.797 D/BluetoothManagerService( 1571): Persisting Bluetooth Setting: 1
11-16 08:11:27.801 D/BluetoothManagerService( 1571): MESSAGE_BLUETOOTH_STATE_CHANGE: BLE_ON > TURNING_ON
11-16 08:11:27.801 D/BluetoothManagerService( 1571): Sending BLE State Change: BLE_ON > TURNING_ON
11-16 08:11:27.924 D/BluetoothManagerService( 1571): MESSAGE_BLUETOOTH_STATE_CHANGE: TURNING_ON > ON
11-16 08:11:27.924 D/BluetoothManagerService( 1571): Broadcasting onBluetoothStateChange(true) to 16 receivers.
