11-16 08:13:23.753 E/accs.OrangeAdapter( 3338):  isElectionEnable result:false
11-16 08:13:23.754 I/accs.ElectionServiceImpl( 3338):  try to setAppInfo appkey:23441415 appSecret:30bd80ae44323a9c94952b98b2749535 ttid:aliyun pkg:com.sony.store.china
11-16 08:13:23.754 E/accs.OrangeAdapter( 3338):  isElectionEnable result:false
11-16 08:13:23.754 E/accs.OrangeAdapter( 3338):  isElectionEnable result:false
11-16 08:13:23.754 I/accs.ElectionServiceImpl( 3338):  deliver to channelservice host pkg:
11-16 08:13:23.754 W/ActivityManager( 1571): Unable to start service Intent { act=org.agoo.android.intent.action.REPORT pkg=com.sony.store.china cmp=com.sony.store.china/.TaobaoIntentService } U=0: not found
11-16 08:13:23.755 I/accs.ServiceImpl( 3338):  onHostStartCommand:Intent { act=com.taobao.accs.intent.action.START_SERVICE cmp=com.sony.store.china/com.alibaba.sdk.android.push.ChannelService (has extras) }
11-16 08:13:23.755 D/accs.ServiceImpl( 3338):  key appKey: value 23441415
11-16 08:13:23.755 D/accs.ServiceImpl( 3338):  key ttid: value aliyun
11-16 08:13:23.755 D/accs.ServiceImpl( 3338):  key packageName: value com.sony.store.china
11-16 08:13:23.755 D/accs.ServiceImpl( 3338):  key app_sercet: value 30bd80ae44323a9c94952b98b2749535
11-16 08:13:23.755 I/accs.LoadSoFailUtil( 3338):  getSoFailTimes times:0
11-16 08:13:23.755 I/accs.ServiceImpl( 3338):  org.agoo.android.intent.action.PING_V4,create channelservice begin.......isCreateTag=false
11-16 08:13:23.755 D/accs.SpdyConnection( 3338):  try ping, force:false
11-16 08:13:23.756 E/accs.SpdyConnection( 3338):  no network:3452
11-16 08:13:23.756 D/accs.MessageHandler( 3338):  onError, skip ping/ack
11-16 08:13:24.030 I/chatty  ( 1571): uid=1000(system) Binder:1571_6 expire 6 lines
11-16 08:13:24.062 D/SurfaceFlinger(  952): Backpressure trigger, skipping transaction & refresh!
11-16 08:13:24.087 D/DatabaseIndexingManager(18560): Indexing locale 'en_US' took 1 millis
11-16 08:13:24.129 I/WindowManager( 1571): Screen frozen for +89ms due to Window{48b8438 u0 StatusBar}
11-16 08:13:24.276 I/chatty  (23847): uid=10695(u0_a695) com.fast.messages.social.messenger.free expire 39 lines
11-16 08:13:24.291 E/ANDR-PERF-OPTSHANDLER(  910): Warning: Core control support not present for lock_min_cores on cluster 0 for this target
11-16 08:13:24.291 E/ANDR-PERF-RESOURCEQS(  910): Failed to apply optimization [4, 0]
11-16 08:13:24.338 I/chatty  (23847): uid=10695(u0_a695) Binder:23847_3 expire 5 lines
11-16 08:13:24.439 I/DrWeb   ( 7149): DrWeb_22 /storage/emulated/0/Android/data/com.wandoujia.phoenix2/files/awcn_strategy/channel/3379ca6f9f2e6862082490ed21113a1b
11-16 08:13:24.440 I/DrWeb   ( 7149): DrWeb_22 /storage/emulated/0/Android/data/com.wandoujia.phoenix2/cache/95d25503518c4f81b1d8e0ddc82f4f09
11-16 08:13:24.441 I/DrWeb   ( 7149): DrWeb_22 /storage/emulated/0/Android/data/com.wandoujia.phoenix2/cache/7e715dea28b1448bb5468dfc00de9011
11-16 08:13:24.442 I/DrWeb   ( 7149): DrWeb_22 /storage/emulated/0/Android/data/com.wandoujia.phoenix2/cache/0753ff2d290d41aa9c107ada6fae8b0f
11-16 08:13:24.447 I/DrWeb   ( 7149): DrWeb_22 /storage/emulated/0/Android/data/com.wandoujia.phoenix2/files/awcn_strategy/channel/01724b02b32d4cc51a4341576737f47a
11-16 08:13:24.448 I/DrWeb   ( 7149): DrWeb_22 /storage/emulated/0/Android/data/com.wandoujia.phoenix2/files/awcn_strategy/channel/9ee67042e50cc502589b313056a78b93
11-16 08:13:24.451 I/DrWeb   ( 7149): DrWeb_22 /storage/emulated/0/Android/data/com.wandoujia.phoenix2/files/awcn_strategy/channel/config
11-16 08:13:24.452 I/DrWeb   ( 7149): DrWeb_22 /storage/emulated/0/Android/data/com.wandoujia.phoenix2/cache/f91d2434900840cb9365e1d86d3d52d2
11-16 08:13:24.500 I/chatty  ( 1571): uid=1000(system) Binder:1571_1B expire 10 lines
11-16 08:13:24.519 I/ActivityManager( 1571): Config changes=480 {1.0 ?mcc?mnc [en_US,zh_TW_#Hant,zh_CN_#Hans,pt_BR,it_IT] ldltr sw360dp w592dp h336dp 480dpi nrml hdr land finger -keyb/v/h -nav/h appBounds=Rect(144, 0 - 1920, 1080) s.373}
11-16 08:13:24.525 D/DatabaseIndexingManager(18560): Indexing locale 'en_US' took 2 millis
11-16 08:13:24.528 D/SurfaceFlinger(  952): Backpressure trigger, skipping transaction & refresh!
11-16 08:13:24.556 I/ActivityManager( 1571): Override config changes=480 {1.0 ?mcc?mnc [en_US,zh_TW_#Hant,zh_CN_#Hans,pt_BR,it_IT] ldltr sw360dp w592dp h336dp 480dpi nrml hdr land finger -keyb/v/h -nav/h appBounds=Rect(144, 0 - 1920, 1080) s.373} for displayId=0
11-16 08:13:24.569 I/chatty  (23847): uid=10695(u0_a695) Measurement Wor expire 10 lines
11-16 08:13:24.574 E/Conversations(25697): ConversationsApp: getSkinSequence(302): Could not access skinPackageSeq
11-16 08:13:24.646 I/chatty  ( 1571): uid=1000(system) Binder:1571_C expire 27 lines
11-16 08:13:24.725 D/StatusBar( 2210): disable<e i a s b h r c s q >
11-16 08:13:24.725 W/View    ( 2210): requestLayout() improperly called by com.android.systemui.statusbar.stack.NotificationStackScrollLayout{dc1fe47 VFED..... ......ID 72,0-1704,0 #7f0a01f3 app:id/notification_stack_scroller} during layout: running second layout pass
11-16 08:13:24.746 I/WindowManager( 1571): Screen frozen for +248ms due to Window{48b8438 u0 StatusBar}
11-16 08:13:24.855 I/chromium(23976): [INFO:audio_latency.cc(146)] audioHardwareBufferSize = 192
11-16 08:13:24.855 I/chromium(23976): [INFO:audio_latency.cc(151)] callbackBufferSize      = 2048
11-16 08:13:24.859 I/chatty  (23847): uid=10695(u0_a695) Thread-24 expire 14 lines
11-16 08:13:24.862 W/chromium(23976): [WARNING:PushPullFIFO.cpp(182)] PushPullFIFO: underflow while pulling (underflowCount=1, availableFrames=0, requestedFrames=2048, fifoLength=8192)
11-16 08:13:24.866 I/chatty  (  888): uid=1041(audioserver) writer expire 64 lines
11-16 08:13:24.867 E/ANDR-PERF-OPTSHANDLER(  910): Warning: Core control support not present for lock_min_cores on cluster 0 for this target
11-16 08:13:24.868 E/ANDR-PERF-RESOURCEQS(  910): Failed to apply optimization [4, 0]
11-16 08:13:24.955 E/ANDR-PERF-OPTSHANDLER(  910): Warning: Core control support not present for lock_min_cores on cluster 0 for this target
11-16 08:13:24.955 E/ANDR-PERF-RESOURCEQS(  910): Failed to apply optimization [4, 0]
11-16 08:13:25.363 I/ActivityManager( 1571): START u0 {act=android.intent.action.MAIN cat=[android.intent.category.LAUNCHER] flg=0x10200000 cmp=com.fast.messages.social.messenger.free/com.messenger.free.activity.SplashActivity} from uid 2000
11-16 08:13:25.570 E/ANDR-PERF-OPTSHANDLER(  910): Warning: Core control support not present for lock_min_cores on cluster 0 for this target
11-16 08:13:25.571 E/ANDR-PERF-RESOURCEQS(  910): Failed to apply optimization [4, 0]
11-16 08:13:25.575 I/QCNEJ/CndHalConnector( 2324): -> SND notifyWifiStatusChanged(RatInfo{type=1, subType=101, state=CONNECTED, v4=IfaceAddrPair{iface=wlan0, addr=10.0.40.42}, v6=IfaceAddrPair{iface=, addr=}, timestamp=2018-11-16 08:13:25.575, isAndroidValidated=true, netHandle=661441399518, slotIdx=0} WifiInfo{freq=FIVE_GHz, state=3, ssid=CTHK, bssid=00:08:2f:33:91:9a, dns=[10.0.100.2, 10.0.100.3, 0.0.0.0, 0.0.0.0, ]})
11-16 08:13:25.578 I/chatty  ( 1571): uid=1000(system) Binder:1571_16 expire 7 lines
11-16 08:13:26.187 E/ANDR-PERF-OPTSHANDLER(  910): Warning: Core control support not present for lock_min_cores on cluster 0 for this target
11-16 08:13:26.187 E/ANDR-PERF-RESOURCEQS(  910): Failed to apply optimization [4, 0]
11-16 08:13:26.393 V/DeadZone( 2210): consuming errant click: (99.0,491.0)
11-16 08:13:26.718 I/chatty  ( 1099): uid=1041(audioserver) Binder:1099_9 expire 13 lines
11-16 08:13:26.719 I/chromium(23976): [INFO:audio_latency.cc(146)] audioHardwareBufferSize = 192
11-16 08:13:26.719 I/chromium(23976): [INFO:audio_latency.cc(151)] callbackBufferSize      = 2048
11-16 08:13:26.722 I/chatty  (  652): uid=1000(system) /system/bin/servicemanager expire 468 lines
11-16 08:13:26.726 W/chromium(23976): [WARNING:PushPullFIFO.cpp(182)] PushPullFIFO: underflow while pulling (underflowCount=1, availableFrames=0, requestedFrames=2048, fifoLength=8192)
11-16 08:13:26.801 E/ANDR-PERF-OPTSHANDLER(  910): Warning: Core control support not present for lock_min_cores on cluster 0 for this target
11-16 08:13:26.801 E/ANDR-PERF-RESOURCEQS(  910): Failed to apply optimization [4, 0]
11-16 08:13:26.961 I/vol.Events( 2210): writeEvent active_stream_changed STREAM_MUSIC
11-16 08:13:26.963 I/vol.Events( 2210): writeEvent level_changed STREAM_MUSIC 0
11-16 08:13:26.964 I/vol.Events( 2210): writeEvent key STREAM_MUSIC 0
11-16 08:13:26.972 I/vol.Events( 2210): writeEvent show_dialog volume_changed keyguard=false
11-16 08:13:27.050 I/DrWeb   ( 7149): DrWeb_22 /storage/emulated/0/Android/data/com.wandoujia.phoenix2/files/awcn_strategy/channel/3379ca6f9f2e6862082490ed21113a1b
11-16 08:13:27.051 I/DrWeb   ( 7149): DrWeb_22 /storage/emulated/0/Android/data/com.wandoujia.phoenix2/cache/685f4ef450f549e4afb2d567bac8005e
11-16 08:13:27.052 I/DrWeb   ( 7149): DrWeb_22 /storage/emulated/0/Android/data/com.wandoujia.phoenix2/cache/4ac9df983dce498c90e1f14d102e11ba
11-16 08:13:27.053 I/DrWeb   ( 7149): DrWeb_22 /storage/emulated/0/Android/data/com.wandoujia.phoenix2/cache/cd483e2542e0473cb39d9c136209eebb
11-16 08:13:27.057 I/DrWeb   ( 7149): DrWeb_22 /storage/emulated/0/Android/data/com.wandoujia.phoenix2/files/awcn_strategy/channel/01724b02b32d4cc51a4341576737f47a
11-16 08:13:27.058 I/DrWeb   ( 7149): DrWeb_22 /storage/emulated/0/Android/data/com.wandoujia.phoenix2/files/awcn_strategy/channel/9ee67042e50cc502589b313056a78b93
11-16 08:13:27.061 I/DrWeb   ( 7149): DrWeb_22 /storage/emulated/0/Android/data/com.wandoujia.phoenix2/cache/bc66c592113a4f318a82c177089e0a66
11-16 08:13:27.062 I/DrWeb   ( 7149): DrWeb_22 /storage/emulated/0/Android/data/com.wandoujia.phoenix2/files/awcn_strategy/channel/config
11-16 08:13:27.359 I/vol.Events( 2210): writeEvent touch_level_changed STREAM_MUSIC 10
11-16 08:13:27.360 E/ANDR-PERF-OPTSHANDLER(  910): Warning: Core control support not present for lock_min_cores on cluster 0 for this target
11-16 08:13:27.360 E/ANDR-PERF-RESOURCEQS(  910): Failed to apply optimization [4, 0]
11-16 08:13:27.364 I/vol.Events( 2210): writeEvent touch_level_done STREAM_MUSIC 10
11-16 08:13:27.465 I/chatty  ( 1571): uid=1000(system) AudioService expire 4 lines
11-16 08:13:27.584 W/InputEventReceiver( 2210): Attempted to finish an input event but the input event receiver has already been disposed.
11-16 08:13:27.584 W/ViewRootImpl[Caution]( 2210): Dropping event due to root view being removed: MotionEvent { action=ACTION_UP, actionButton=0, id[0]=0, x[0]=-390.1238, y[0]=-22.647259, toolType[0]=TOOL_TYPE_UNKNOWN, buttonState=0, metaState=0, flags=0x0, edgeFlags=0x0, pointerCount=1, historySize=0, eventTime=270810922, downTime=270810921, deviceId=0, source=0x1002 }
11-16 08:13:27.767 V/DeadZone( 2210): consuming errant click: (127.0,786.0)
11-16 08:13:27.584 W/InputEventReceiver( 2210): Attempted to finish an input event but the input event receiver has already been disposed.
11-16 08:13:27.972 I/vol.Events( 2210): writeEvent dismiss_dialog touch_outside
11-16 08:13:27.974 E/ANDR-PERF-OPTSHANDLER(  910): Warning: Core control support not present for lock_min_cores on cluster 0 for this target
11-16 08:13:27.974 E/ANDR-PERF-RESOURCEQS(  910): Failed to apply optimization [4, 0]
11-16 08:13:27.977 I/vol.Events( 2210): writeEvent active_stream_changed UNKNOWN_STREAM_-1
11-16 08:13:28.179 V/DeadZone( 2210): consuming errant click: (91.0,623.0)
11-16 08:13:28.380 I/ActivityManager( 1571): START u0 {act=android.intent.action.MAIN cat=[android.intent.category.LAUNCHER] flg=0x10200000 cmp=com.fast.messages.social.messenger.free/com.messenger.free.activity.SplashActivity} from uid 2000
11-16 08:13:28.582 I/QCNEJ/CndHalConnector( 2324): -> SND notifyWifiStatusChanged(RatInfo{type=1, subType=101, state=CONNECTED, v4=IfaceAddrPair{iface=wlan0, addr=10.0.40.42}, v6=IfaceAddrPair{iface=, addr=}, timestamp=2018-11-16 08:13:28.582, isAndroidValidated=true, netHandle=661441399518, slotIdx=0} WifiInfo{freq=FIVE_GHz, state=3, ssid=CTHK, bssid=00:08:2f:33:91:9a, dns=[10.0.100.2, 10.0.100.3, 0.0.0.0, 0.0.0.0, ]})
11-16 08:13:28.572 W/memtrack@1.0-se(  897): type=1400 audit(0.0:263100): avc: denied { search } for name="proc" dev="debugfs" ino=18643 scontext=u:r:hal_memtrack_default:s0 tcontext=u:object_r:qti_debugfs:s0 tclass=dir permissive=0 ppid=1 pcomm="init" pgid=1 pgcomm="init"
11-16 08:13:28.588 E/ANDR-PERF-OPTSHANDLER(  910): Warning: Core control support not present for lock_min_cores on cluster 0 for this target
11-16 08:13:28.588 E/ANDR-PERF-RESOURCEQS(  910): Failed to apply optimization [4, 0]
11-16 08:13:28.572 W/memtrack@1.0-se(  897): type=1400 audit(0.0:263101): avc: denied { search } for name="proc" dev="debugfs" ino=18643 scontext=u:r:hal_memtrack_default:s0 tcontext=u:object_r:qti_debugfs:s0 tclass=dir permissive=0 ppid=1 pcomm="init" pgid=1 pgcomm="init"
11-16 08:13:28.762 D/MPS:AppRegister(27904): Looping handleMessage: 2
11-16 08:13:28.763 D/MPS:AppRegister(27904): accs init.
11-16 08:13:28.763 D/MPS:AppRegister(27904): initAccsChannel...
11-16 08:13:28.763 I/MPS:AppRegister(27904): [AMS]appkey:23441415
11-16 08:13:28.763 D/MPS:AppRegister(27904): init aliyun accs. context:com.sony.store.china -- appkey:23441415
11-16 08:13:28.763 I/accs.AliyunRegister(27904):  aliyun register appkey:23441415
11-16 08:13:28.763 D/accs.ACCSManagerImpl(27904):  bindApp APPKEY:23441415
11-16 08:13:28.763 D/accs.AdapterUtilityImpl(27904):  getAppkey APPKEY:23441415
11-16 08:13:28.763 D/accs.UtilityImpl(27904):  enableService,comptName=ComponentInfo{com.sony.store.china/com.alibaba.sdk.android.push.ChannelService}
11-16 08:13:28.767 I/awcn.HMacUtil(27904):  hmacSha1Hex result:02050f1a325c871775295862679fe03621a903b90785328d7d4628daf9a7a939
11-16 08:13:28.778 I/awcn.SessionCenter(27904):  setDataReceiveCb AccsFrameCb:com.taobao.accs.net.i@1cb07c5
11-16 08:13:28.778 I/awcn.SessionCenter(27904):  sessions:0
11-16 08:13:28.778 I/awcn.SessionCenter(27904):  sessions:0
11-16 08:13:28.778 D/accs.InAppConnection(27904):  1 start
11-16 08:13:28.778 I/accs.ClientManager(27904):  restoreClients expired lastFlushTime:1541200273430
11-16 08:13:28.778 I/accs.ClientManager(27904):  isAppBinded begin..appStatus=null,mBindStatus={}
11-16 08:13:28.778 I/accs.ACCSManagerImpl(27904):  sendControlMessage command:1
11-16 08:13:28.779 E/accs.InAppConnection(27904):  no network:46
11-16 08:13:28.779 D/accs.MessageHandler(27904):  onResult command:1 erorcode:-13
11-16 08:13:28.779 D/accs.MessageHandler(27904):  prepare send broadcast
11-16 08:13:28.779 D/accs.MsgDistribute(27904):  action:com.taobao.accs.intent.action.RECEIVE
11-16 08:13:28.779 D/accs.accs.BindAppStatistic(27904):  eventId=66001;arg1=WrXIemm+FzIDAJSxuk4o1guR;arg2=null;arg3=212;args={ret=n, device_id=WrXIemm+FzIDAJSxuk4o1guR, fail_reasons=-13, bind_date=1542327208779, push_token=}
11-16 08:13:28.780 I/accs.MsgDistribute(27904):  command:1 serviceId:null dataId:null
11-16 08:13:28.781 I/zygote  (27904): Rejecting re-init on previously-failed class java.lang.Class<com.taobao.accs.utl.h$a>: java.lang.NoClassDefFoundError: Failed resolution of: Lcom/taobao/orange/OrangeConfigListenerV1;
11-16 08:13:28.781 I/zygote  (27904):   at java.lang.Object java.lang.Class.newInstance() (Class.java:-2)
11-16 08:13:28.781 I/zygote  (27904):   at com.taobao.accs.IACCSManager com.taobao.accs.ACCSManager.a(android.content.Context) ((null):-1)
11-16 08:13:28.781 I/zygote  (27904):   at void com.taobao.accs.ACCSManager.a(android.content.Context, int) ((null):-1)
11-16 08:13:28.781 I/zygote  (27904):   at com.alibaba.sdk.android.push.vip.AppRegister$b com.alibaba.sdk.android.push.vip.AppRegister$a.c() ((null):-1)
11-16 08:13:28.781 I/zygote  (27904):   at com.alibaba.sdk.android.push.vip.AppRegister$b com.alibaba.sdk.android.push.vip.AppRegister$a.a(com.alibaba.sdk.android.push.vip.AppRegister$a) ((null):-1)
11-16 08:13:28.781 I/zygote  (27904):   at void com.alibaba.sdk.android.push.vip.b.handleMessage(android.os.Message) ((null):-1)
11-16 08:13:28.781 I/zygote  (27904):   at void android.os.Handler.dispatchMessage(android.os.Message) (Handler.java:105)
11-16 08:13:28.781 I/zygote  (27904):   at void android.os.Looper.loop() (Looper.java:251)
11-16 08:13:28.781 I/zygote  (27904):   at void android.os.HandlerThread.run() (HandlerThread.java:65)
11-16 08:13:28.781 I/zygote  (27904): Caused by: java.lang.ClassNotFoundException: Didn't find class "com.taobao.orange.OrangeConfigListenerV1" on path: DexPathList[[zip file "/data/app/com.sony.store.china/com.sony.store.china.apk"],nativeLibraryDirectories=[/data/app/com.sony.store.china/lib/arm, /data/app/com.sony.store.china/com.sony.store.china.apk!/lib/armeabi, /system/lib, /vendor/lib]]
11-16 08:13:28.781 I/zygote  (27904):   at java.lang.Class dalvik.system.BaseDexClassLoader.findClass(java.lang.String) (BaseDexClassLoader.java:93)
11-16 08:13:28.781 I/zygote  (27904):   at java.lang.Class java.lang.ClassLoader.loadClass(java.lang.String, boolean) (ClassLoader.java:379)
11-16 08:13:28.781 I/zygote  (27904):   at java.lang.Class java.lang.ClassLoader.loadClass(java.lang.String) (ClassLoader.java:312)
11-16 08:13:28.781 I/zygote  (27904):   at java.lang.Object java.lang.Class.newInstance() (Class.java:-2)
11-16 08:13:28.781 I/zygote  (27904):   at com.taobao.accs.IACCSManager com.taobao.accs.ACCSManager.a(android.content.Context) ((null):-1)
11-16 08:13:28.781 I/zygote  (27904):   at void com.taobao.accs.ACCSManager.a(android.content.Context, int) ((null):-1)
11-16 08:13:28.781 I/zygote  (27904):   at com.alibaba.sdk.android.push.vip.AppRegister$b com.alibaba.sdk.android.push.vip.AppRegister$a.c() ((null):-1)
11-16 08:13:28.781 I/zygote  (27904):   at com.alibaba.sdk.android.push.vip.AppRegister$b com.alibaba.sdk.android.push.vip.AppRegister$a.a(com.alibaba.sdk.android.push.vip.AppRegister$a) ((null):-1)
11-16 08:13:28.781 I/zygote  (27904):   at void com.alibaba.sdk.android.push.vip.b.handleMessage(android.os.Message) ((null):-1)
11-16 08:13:28.781 I/zygote  (27904):   at void android.os.Handler.dispatchMessage(android.os.Message) (Handler.java:105)
11-16 08:13:28.781 I/zygote  (27904):   at void android.os.Looper.loop() (Looper.java:251)
11-16 08:13:28.781 I/zygote  (27904):   at void android.os.HandlerThread.run() (HandlerThread.java:65)
11-16 08:13:28.781 I/zygote  (27904): 
11-16 08:13:28.781 W/accs.ACCSManagerImpl(27904):  no orange sdk
11-16 08:13:28.782 D/MPS:AppRegister(27904): lockcom.alibaba.sdk.android.push.a.b@e2991c9
11-16 08:13:28.783 E/MPS:AppRegister(27904): accs init fail. errorCode:10201 message:
11-16 08:13:28.783 D/MPS:AppRegister(27904): signalcom.alibaba.sdk.android.push.a.b@e2991c9
11-16 08:13:28.783 I/accs.MsgDistribute(27904):  distribMessage serviceId is null!! command:1
11-16 08:13:28.784 I/MPS:AppRegister(27904): connState=1;estimatedTime=21;response=2:1000;network=WIFI
11-16 08:13:28.784 D/MPS:AppRegister(27904): init retry:1
11-16 08:13:28.784 I/MPS:AppRegister(27904): [AMS]work call back: -- code:1000 -- message:accs
11-16 08:13:28.784 I/MPS:CallbackConvert(27904): [AMS]errorCode:10201 -- process:false -- message:
11-16 08:13:28.806 I/chatty  (  888): uid=1041(audioserver) writer expire 63 lines
11-16 08:13:28.808 E/ANDR-PERF-OPTSHANDLER(  910): Warning: Core control support not present for lock_min_cores on cluster 0 for this target
11-16 08:13:28.808 E/ANDR-PERF-RESOURCEQS(  910): Failed to apply optimization [4, 0]
11-16 08:13:28.810 I/chatty  (23847): uid=10695(u0_a695) com.fast.messages.social.messenger.free expire 21 lines
11-16 08:13:29.204 E/ANDR-PERF-OPTSHANDLER(  910): Warning: Core control support not present for lock_min_cores on cluster 0 for this target
11-16 08:13:29.204 E/ANDR-PERF-RESOURCEQS(  910): Failed to apply optimization [4, 0]
11-16 08:13:29.746 I/chatty  (23847): uid=10695(u0_a695) Measurement Wor expire 49 lines
11-16 08:13:29.819 E/ANDR-PERF-OPTSHANDLER(  910): Warning: Core control support not present for lock_min_cores on cluster 0 for this target
11-16 08:13:29.819 E/ANDR-PERF-RESOURCEQS(  910): Failed to apply optimization [4, 0]
11-16 08:13:30.024 V/DeadZone( 2210): consuming errant click: (62.0,949.0)
11-16 08:13:30.432 E/ANDR-PERF-OPTSHANDLER(  910): Warning: Core control support not present for lock_min_cores on cluster 0 for this target
11-16 08:13:30.432 E/ANDR-PERF-RESOURCEQS(  910): Failed to apply optimization [4, 0]
11-16 08:13:30.901 W/MDM     ( 5054): StatsFactory - Interface [dummy0] => Type [Mobile]
11-16 08:13:30.901 W/MDM     ( 5054): StatsFactory - Interface [r_rmnet_data2] => Type [Mobile]
11-16 08:13:30.901 W/MDM     ( 5054): StatsFactory - Interface [r_rmnet_data3] => Type [Mobile]
11-16 08:13:30.901 W/MDM     ( 5054): StatsFactory - Interface [r_rmnet_data0] => Type [Mobile]
11-16 08:13:30.901 W/MDM     ( 5054): StatsFactory - Interface [lo] => Type [LoopBack]
11-16 08:13:30.901 W/MDM     ( 5054): StatsFactory - Interface [r_rmnet_data1] => Type [Mobile]
11-16 08:13:30.901 W/MDM     ( 5054): StatsFactory - Interface [sit0] => Type [Vpn]
11-16 08:13:30.901 W/MDM     ( 5054): StatsFactory - Interface [rmnet_data7] => Type [Mobile]
11-16 08:13:30.901 W/MDM     ( 5054): StatsFactory - Interface [rmnet_data0] => Type [Mobile]
11-16 08:13:30.901 W/MDM     ( 5054): StatsFactory - Interface [wlan0] => Type [Wifi]
11-16 08:13:30.901 W/MDM     ( 5054): StatsFactory - Interface [p2p0] => Type [WifiLink]
11-16 08:13:30.902 W/MDM     ( 5054): StatsFactory - Interface [rmnet_data2] => Type [Mobile]
11-16 08:13:30.902 W/MDM     ( 5054): StatsFactory - Interface [rmnet_data1] => Type [Mobile]
11-16 08:13:30.902 W/MDM     ( 5054): StatsFactory - Interface [rmnet_data4] => Type [Mobile]
11-16 08:13:30.902 W/MDM     ( 5054): StatsFactory - Interface [bond0] => Type [Mobile]
11-16 08:13:30.902 W/MDM     ( 5054): StatsFactory - Interface [rmnet_data3] => Type [Mobile]
11-16 08:13:30.902 W/MDM     ( 5054): StatsFactory - Interface [rmnet_data6] => Type [Mobile]
11-16 08:13:30.902 W/MDM     ( 5054): StatsFactory - Interface [rmnet_data5] => Type [Mobile]
11-16 08:13:30.902 W/MDM     ( 5054): StatsFactory - Interface [r_rmnet_data8] => Type [Mobile]
11-16 08:13:30.902 W/MDM     ( 5054): StatsFactory - Interface [r_rmnet_data6] => Type [Mobile]
11-16 08:13:30.902 W/MDM     ( 5054): StatsFactory - Interface [r_rmnet_data7] => Type [Mobile]
11-16 08:13:30.902 W/MDM     ( 5054): StatsFactory - Interface [r_rmnet_data4] => Type [Mobile]
11-16 08:13:30.902 W/MDM     ( 5054): StatsFactory - Interface [r_rmnet_data5] => Type [Mobile]
11-16 08:13:30.902 W/MDM     ( 5054): StatsFactory - Interface [rmnet_ipa0] => Type [Mobile]
11-16 08:13:30.924 W/MDM     ( 5054): StatsFactory - Interface [dummy0] => Type [Mobile]
11-16 08:13:30.924 W/MDM     ( 5054): StatsFactory - Interface [r_rmnet_data2] => Type [Mobile]
11-16 08:13:30.924 W/MDM     ( 5054): StatsFactory - Interface [r_rmnet_data3] => Type [Mobile]
11-16 08:13:30.924 W/MDM     ( 5054): StatsFactory - Interface [r_rmnet_data0] => Type [Mobile]
11-16 08:13:30.924 W/MDM     ( 5054): StatsFactory - Interface [lo] => Type [LoopBack]
11-16 08:13:30.924 W/MDM     ( 5054): StatsFactory - Interface [r_rmnet_data1] => Type [Mobile]
11-16 08:13:30.924 W/MDM     ( 5054): StatsFactory - Interface [sit0] => Type [Vpn]
11-16 08:13:30.925 W/MDM     ( 5054): StatsFactory - Interface [rmnet_data7] => Type [Mobile]
11-16 08:13:30.925 W/MDM     ( 5054): StatsFactory - Interface [rmnet_data0] => Type [Mobile]
11-16 08:13:30.925 W/MDM     ( 5054): StatsFactory - Interface [wlan0] => Type [Wifi]
11-16 08:13:30.925 W/MDM     ( 5054): StatsFactory - Interface [p2p0] => Type [WifiLink]
11-16 08:13:30.925 W/MDM     ( 5054): StatsFactory - Interface [rmnet_data2] => Type [Mobile]
11-16 08:13:30.925 W/MDM     ( 5054): StatsFactory - Interface [rmnet_data1] => Type [Mobile]
11-16 08:13:30.925 W/MDM     ( 5054): StatsFactory - Interface [rmnet_data4] => Type [Mobile]
11-16 08:13:30.925 W/MDM     ( 5054): StatsFactory - Interface [bond0] => Type [Mobile]
11-16 08:13:30.925 W/MDM     ( 5054): StatsFactory - Interface [rmnet_data3] => Type [Mobile]
11-16 08:13:30.925 W/MDM     ( 5054): StatsFactory - Interface [rmnet_data6] => Type [Mobile]
11-16 08:13:30.925 W/MDM     ( 5054): StatsFactory - Interface [rmnet_data5] => Type [Mobile]
11-16 08:13:30.925 W/MDM     ( 5054): StatsFactory - Interface [r_rmnet_data8] => Type [Mobile]
11-16 08:13:30.925 W/MDM     ( 5054): StatsFactory - Interface [r_rmnet_data6] => Type [Mobile]
11-16 08:13:30.925 W/MDM     ( 5054): StatsFactory - Interface [r_rmnet_data7] => Type [Mobile]
11-16 08:13:30.925 W/MDM     ( 5054): StatsFactory - Interface [r_rmnet_data4] => Type [Mobile]
11-16 08:13:30.925 W/MDM     ( 5054): StatsFactory - Interface [r_rmnet_data5] => Type [Mobile]
11-16 08:13:30.925 W/MDM     ( 5054): StatsFactory - Interface [rmnet_ipa0] => Type [Mobile]
11-16 08:13:31.056 E/ANDR-PERF-OPTSHANDLER(  910): Warning: Core control support not present for lock_min_cores on cluster 0 for this target
11-16 08:13:31.056 E/ANDR-PERF-RESOURCEQS(  910): Failed to apply optimization [4, 0]
11-16 08:13:31.671 E/ANDR-PERF-OPTSHANDLER(  910): Warning: Core control support not present for lock_min_cores on cluster 0 for this target
11-16 08:13:31.671 E/ANDR-PERF-RESOURCEQS(  910): Failed to apply optimization [4, 0]
11-16 08:13:31.694 I/chatty  (  888): uid=1041(audioserver) HwBinder:888_2 expire 10 lines
11-16 08:13:31.697 I/chatty  (  888): uid=1041(audioserver) HwBinder:888_4 expire 19 lines
11-16 08:13:31.877 I/ActivityManager( 1571): START u0 {act=android.intent.action.MAIN cat=[android.intent.category.LAUNCHER] flg=0x10200000 cmp=com.fast.messages.social.messenger.free/com.messenger.free.activity.SplashActivity} from uid 2000
11-16 08:13:32.089 W/InputManager( 1571): Input event injection from pid 24284 failed.
11-16 08:13:32.090 W/InputManager( 1571): Input event injection from pid 24284 failed.
11-16 08:13:32.091 W/InputManager( 1571): Input event injection from pid 24284 failed.
11-16 08:13:32.092 W/InputManager( 1571): Input event injection from pid 24284 failed.
11-16 08:13:32.092 W/InputManager( 1571): Input event injection from pid 24284 failed.
11-16 08:13:32.093 W/InputManager( 1571): Input event injection from pid 24284 failed.
11-16 08:13:32.301 E/ANDR-PERF-OPTSHANDLER(  910): Warning: Core control support not present for lock_min_cores on cluster 0 for this target
11-16 08:13:32.302 E/ANDR-PERF-RESOURCEQS(  910): Failed to apply optimization [4, 0]
11-16 08:13:32.319 D/StatusBar( 2210): disable<e i a s b h r c s q >
11-16 08:13:32.518 E/ANDR-PERF-MPCTL(  910): hint lookup failed
11-16 08:13:32.736 I/chatty  ( 1099): uid=1041(audioserver) Binder:1099_6 expire 3 lines
11-16 08:13:32.094 I/chatty  ( 1571): uid=1000(system) Binder:1571_C identical 1 line
11-16 08:13:32.095 W/InputManager( 1571): Input event injection from pid 24284 failed.
11-16 08:13:32.741 I/ActivityManager( 1571): START u0 {act=android.intent.action.MAIN cat=[android.intent.category.HOME] flg=0x10200000 cmp=com.sonymobile.home/.HomeActivity (has extras)} from uid 1000
11-16 08:13:32.750 E/ANDR-PERF-MPCTL(  910): hint lookup failed
11-16 08:13:32.925 E/ANDR-PERF-OPTSHANDLER(  910): Warning: Core control support not present for lock_min_cores on cluster 0 for this target
11-16 08:13:32.925 E/ANDR-PERF-RESOURCEQS(  910): Failed to apply optimization [4, 0]
11-16 08:13:32.930 I/chatty  ( 1571): uid=1000(system) Binder:1571_13 expire 14 lines
11-16 08:13:33.133 I/ActivityManager( 1571): START u0 {act=android.intent.action.MAIN cat=[android.intent.category.LAUNCHER] flg=0x10200000 cmp=com.fast.messages.social.messenger.free/com.messenger.free.activity.SplashActivity} from uid 2000
11-16 08:13:33.362 W/ContextImpl(22927): Calling a method in the system process without a qualified user: android.app.ContextImpl.startActivity:845 android.content.ContextWrapper.startActivity:366 android.service.quicksettings.TileService.startActivityAndCollapse:308 com.sonymobile.settings.qs.RoamingTileService.startRoamingActivity:44 com.sonymobile.settings.qs.RoamingTileService.onClick:36 
11-16 08:13:33.362 W/ContextImpl(22927): Calling a method in the system process without a qualified user: android.app.ContextImpl.startActivity:857 android.app.ContextImpl.startActivity:846 android.content.ContextWrapper.startActivity:366 android.service.quicksettings.TileService.startActivityAndCollapse:308 com.sonymobile.settings.qs.RoamingTileService.startRoamingActivity:44 
11-16 08:13:33.363 I/ActivityManager( 1571): START u0 {act=android.intent.action.VIEW flg=0x50000000 cmp=com.android.phone/.MobileNetworkSettings} from uid 1000
11-16 08:13:33.366 E/ANDR-PERF-MPCTL(  910): hint lookup failed
11-16 08:13:33.551 E/ANDR-PERF-OPTSHANDLER(  910): Warning: Core control support not present for lock_min_cores on cluster 0 for this target
11-16 08:13:33.551 E/ANDR-PERF-RESOURCEQS(  910): Failed to apply optimization [4, 0]
11-16 08:13:33.572 E/ANDR-PERF-MPCTL(  910): hint lookup failed
11-16 08:13:33.756 I/LOWI-8.5.0.1( 1213): [LOWI-Scan] lowi_close_record:Scan completed in 702567192ms and Recieved 75 APs scan results
11-16 08:13:33.763 E/ANDR-PERF-MPCTL(  910): hint lookup failed
11-16 08:13:33.948 D/StatusBar( 2210): disable<e i a s b h r c s q >
11-16 08:13:34.025 I/ActivityManager( 1571): START u0 {act=android.intent.action.VIEW cat=[android.intent.category.BROWSABLE] dat=http://summit.yidanprize.org/... cmp=com.android.browser/com.google.android.apps.chrome.Main (has extras)} from uid 10695
11-16 08:13:34.169 E/ANDR-PERF-OPTSHANDLER(  910): Warning: Core control support not present for lock_min_cores on cluster 0 for this target
11-16 08:13:34.169 E/ANDR-PERF-RESOURCEQS(  910): Failed to apply optimization [4, 0]
11-16 08:13:34.389 D/StatusBar( 2210): disable<e i a s b h r c s q >
11-16 08:13:34.514 I/chatty  (23847): uid=10695(u0_a695) com.fast.messages.social.messenger.free expire 43 lines
11-16 08:13:34.584 E/ANDR-PERF-MPCTL(  910): hint lookup failed
11-16 08:13:34.784 I/ActivityManager( 1571): START u0 {act=android.intent.action.MAIN cat=[android.intent.category.LAUNCHER] flg=0x10200000 cmp=com.fast.messages.social.messenger.free/com.messenger.free.activity.SplashActivity} from uid 2000
11-16 08:13:34.997 E/ANDR-PERF-OPTSHANDLER(  910): Warning: Core control support not present for lock_min_cores on cluster 0 for this target
11-16 08:13:34.997 E/ANDR-PERF-RESOURCEQS(  910): Failed to apply optimization [4, 0]
11-16 08:13:35.002 E/ANDR-PERF-MPCTL(  910): hint lookup failed
11-16 08:13:35.214 E/ANDR-PERF-MPCTL(  910): hint lookup failed
11-16 08:13:35.537 D/StatusBar( 2210): disable<e i a s b h r c s q >
11-16 08:13:35.614 E/ANDR-PERF-OPTSHANDLER(  910): Warning: Core control support not present for lock_min_cores on cluster 0 for this target
11-16 08:13:35.614 E/ANDR-PERF-RESOURCEQS(  910): Failed to apply optimization [4, 0]
11-16 08:13:36.045 D/StatusBar( 2210): disable<e i a s b h r c s q >
11-16 08:13:36.231 E/ANDR-PERF-OPTSHANDLER(  910): Warning: Core control support not present for lock_min_cores on cluster 0 for this target
11-16 08:13:36.231 E/ANDR-PERF-RESOURCEQS(  910): Failed to apply optimization [4, 0]
11-16 08:13:36.252 E/ANDR-PERF-MPCTL(  910): hint lookup failed
11-16 08:13:36.449 E/ANDR-PERF-MPCTL(  910): hint lookup failed
11-16 08:13:36.486 I/soundtrigger(  888): audio_extn_sound_trigger_update_device_status: device 0x45 of type 0 for Event 0, with Raise=0
11-16 08:13:36.486 D/audio_hw_extn(  888): audio_extn_get_anc_enabled: anc_enabled:0
11-16 08:13:36.486 D/audio_hw_extn(  888): audio_extn_get_anc_enabled: anc_enabled:0
11-16 08:13:36.486 D/audio_hw_primary(  888): out_standby: exit
11-16 08:13:36.648 E/ANDR-PERF-MPCTL(  910): hint lookup failed
11-16 08:13:36.747 D/StatusBar( 2210): disable<e i a s b h r c s q >
11-16 08:13:36.846 E/ANDR-PERF-OPTSHANDLER(  910): Warning: Core control support not present for lock_min_cores on cluster 0 for this target
11-16 08:13:36.846 E/ANDR-PERF-RESOURCEQS(  910): Failed to apply optimization [4, 0]
11-16 08:13:37.302 W/memtrack@1.0-se(  897): type=1400 audit(0.0:263102): avc: denied { search } for name="proc" dev="debugfs" ino=18643 scontext=u:r:hal_memtrack_default:s0 tcontext=u:object_r:qti_debugfs:s0 tclass=dir permissive=0 ppid=1 pcomm="init" pgid=1 pgcomm="init"
11-16 08:13:37.302 W/memtrack@1.0-se(  897): type=1400 audit(0.0:263103): avc: denied { search } for name="proc" dev="debugfs" ino=18643 scontext=u:r:hal_memtrack_default:s0 tcontext=u:object_r:qti_debugfs:s0 tclass=dir permissive=0 ppid=1 pcomm="init" pgid=1 pgcomm="init"
11-16 08:13:37.362 W/memtrack@1.0-se(  897): type=1400 audit(0.0:263104): avc: denied { search } for name="proc" dev="debugfs" ino=18643 scontext=u:r:hal_memtrack_default:s0 tcontext=u:object_r:qti_debugfs:s0 tclass=dir permissive=0 ppid=1 pcomm="init" pgid=1 pgcomm="init"
11-16 08:13:37.362 W/memtrack@1.0-se(  897): type=1400 audit(0.0:263105): avc: denied { search } for name="proc" dev="debugfs" ino=18643 scontext=u:r:hal_memtrack_default:s0 tcontext=u:object_r:qti_debugfs:s0 tclass=dir permissive=0 ppid=1 pcomm="init" pgid=1 pgcomm="init"
11-16 08:13:37.492 I/ActivityManager( 1571): Config changes=400 {1.0 ?mcc?mnc [en_US,zh_TW_#Hant,zh_CN_#Hans,pt_BR,it_IT] ldltr sw360dp w592dp h336dp 480dpi nrml hdr land finger -keyb/v/h -nav/h appBounds=Rect(0, 0 - 1776, 1080) s.374}
11-16 08:13:37.499 D/DatabaseIndexingManager(18560): Indexing locale 'en_US' took 1 millis
11-16 08:13:37.542 E/Conversations(25697): ConversationsApp: getSkinSequence(302): Could not access skinPackageSeq
11-16 08:13:37.563 I/ActivityManager( 1571): Override config changes=400 {1.0 ?mcc?mnc [en_US,zh_TW_#Hant,zh_CN_#Hans,pt_BR,it_IT] ldltr sw360dp w592dp h336dp 480dpi nrml hdr land finger -keyb/v/h -nav/h appBounds=Rect(0, 0 - 1776, 1080) s.374} for displayId=0
11-16 08:13:37.573 I/chatty  (  652): uid=1000(system) /system/bin/servicemanager expire 836 lines
11-16 08:13:37.616 I/QCNEJ/CndHalConnector( 2324): -> SND notifyWifiStatusChanged(RatInfo{type=1, subType=101, state=CONNECTED, v4=IfaceAddrPair{iface=wlan0, addr=10.0.40.42}, v6=IfaceAddrPair{iface=, addr=}, timestamp=2018-11-16 08:13:37.616, isAndroidValidated=true, netHandle=661441399518, slotIdx=0} WifiInfo{freq=FIVE_GHz, state=3, ssid=CTHK, bssid=00:08:2f:33:91:9a, dns=[10.0.100.2, 10.0.100.3, 0.0.0.0, 0.0.0.0, ]})
11-16 08:13:37.618 I/chatty  ( 1571): uid=1000(system) Binder:1571_20 expire 5 lines
11-16 08:13:37.633 I/WindowManager( 1571): Screen frozen for +167ms due to Window{48b8438 u0 StatusBar}
11-16 08:13:37.775 E/ANDR-PERF-OPTSHANDLER(  910): Warning: Core control support not present for lock_min_cores on cluster 0 for this target
11-16 08:13:37.775 E/ANDR-PERF-RESOURCEQS(  910): Failed to apply optimization [4, 0]
11-16 08:13:37.834 I/ActivityManager( 1571): START u0 {act=android.intent.action.VIEW cat=[android.intent.category.BROWSABLE] dat=http://summit.yidanprize.org/... cmp=com.android.browser/com.google.android.apps.chrome.Main (has extras)} from uid 10695
11-16 08:13:38.337 E/ANDR-PERF-OPTSHANDLER(  910): Warning: Core control support not present for lock_min_cores on cluster 0 for this target
11-16 08:13:38.337 E/ANDR-PERF-RESOURCEQS(  910): Failed to apply optimization [4, 0]
11-16 08:13:38.342 I/vol.Events( 2210): writeEvent active_stream_changed STREAM_RING
11-16 08:13:38.344 I/chatty  ( 1571): uid=1000 system_server expire 36 lines
11-16 08:13:38.344 I/vol.Events( 2210): writeEvent key STREAM_RING 1
11-16 08:13:38.355 I/vol.Events( 2210): writeEvent show_dialog volume_changed keyguard=false
11-16 08:13:38.802 D/accs.AdapterUtilityImpl(27904):  getAppkey APPKEY:23441415
11-16 08:13:38.804 D/accs.AdapterGlobalClientInfo(27904):  getAgooCustomServiceName name:com.sony.store.china.TaobaoIntentService
11-16 08:13:38.804 I/accs.ElectionServiceImpl( 3338):  onStartCommand begin action:com.taobao.accs.intent.action.START_SERVICE
11-16 08:13:38.804 E/accs.OrangeAdapter( 3338):  isElectionEnable result:false
11-16 08:13:38.804 I/accs.ElectionServiceImpl( 3338):  try to setAppInfo appkey:23441415 appSecret:30bd80ae44323a9c94952b98b2749535 ttid:aliyun pkg:com.sony.store.china
11-16 08:13:38.804 E/accs.OrangeAdapter( 3338):  isElectionEnable result:false
11-16 08:13:38.804 E/accs.OrangeAdapter( 3338):  isElectionEnable result:false
11-16 08:13:38.804 I/accs.ElectionServiceImpl( 3338):  deliver to channelservice host pkg:
11-16 08:13:38.804 W/ActivityManager( 1571): Unable to start service Intent { act=org.agoo.android.intent.action.REPORT pkg=com.sony.store.china cmp=com.sony.store.china/.TaobaoIntentService } U=0: not found
11-16 08:13:38.805 I/accs.ServiceImpl( 3338):  onHostStartCommand:Intent { act=com.taobao.accs.intent.action.START_SERVICE cmp=com.sony.store.china/com.alibaba.sdk.android.push.ChannelService (has extras) }
11-16 08:13:38.805 D/accs.ServiceImpl( 3338):  key appKey: value 23441415
11-16 08:13:38.805 D/accs.ServiceImpl( 3338):  key ttid: value aliyun
11-16 08:13:38.805 D/accs.ServiceImpl( 3338):  key packageName: value com.sony.store.china
11-16 08:13:38.805 D/accs.ServiceImpl( 3338):  key app_sercet: value 30bd80ae44323a9c94952b98b2749535
11-16 08:13:38.805 I/accs.LoadSoFailUtil( 3338):  getSoFailTimes times:0
11-16 08:13:38.805 I/accs.ServiceImpl( 3338):  org.agoo.android.intent.action.PING_V4,create channelservice begin.......isCreateTag=false
11-16 08:13:38.805 D/accs.SpdyConnection( 3338):  try ping, force:false
11-16 08:13:38.806 E/accs.SpdyConnection( 3338):  no network:3453
11-16 08:13:38.806 D/accs.MessageHandler( 3338):  onError, skip ping/ack
11-16 08:13:38.987 I/ActivityManager( 1571): Config changes=480 {1.0 ?mcc?mnc [en_US,zh_TW_#Hant,zh_CN_#Hans,pt_BR,it_IT] ldltr sw360dp w360dp h568dp 480dpi nrml hdr port finger -keyb/v/h -nav/h appBounds=Rect(0, 0 - 1080, 1776) s.375}
11-16 08:13:39.023 I/chatty  ( 1571): uid=1000(system) InputReader expire 6 lines
11-16 08:13:39.031 E/Conversations(25697): ConversationsApp: getSkinSequence(302): Could not access skinPackageSeq
11-16 08:13:39.052 I/ActivityManager( 1571): Override config changes=480 {1.0 ?mcc?mnc [en_US,zh_TW_#Hant,zh_CN_#Hans,pt_BR,it_IT] ldltr sw360dp w360dp h568dp 480dpi nrml hdr port finger -keyb/v/h -nav/h appBounds=Rect(0, 0 - 1080, 1776) s.375} for displayId=0
11-16 08:13:39.057 I/chatty  (23847): uid=10695(u0_a695) Measurement Wor expire 10 lines
11-16 08:13:39.060 I/chatty  ( 1571): uid=1000(system) Binder:1571_D expire 23 lines
11-16 08:13:39.063 I/chatty  (23847): uid=10695(u0_a695) FlurryAgent expire 2 lines
11-16 08:13:39.071 D/DatabaseIndexingManager(18560): Indexing locale 'en_US' took 1 millis
11-16 08:13:39.072 I/chatty  (23847): uid=10695(u0_a695) pool-5-thread-1 expire 10 lines
11-16 08:13:39.118 I/chatty  ( 1571): uid=1000(system) Binder:1571_19 expire 21 lines
11-16 08:13:39.195 D/StatusBar( 2210): disable<e i a s b h r c s q >
11-16 08:13:39.233 I/WindowManager( 1571): Screen frozen for +278ms due to Window{4b0b0b3 u0 VolumeDialogImpl}
11-16 08:13:39.241 E/ANDR-PERF-OPTSHANDLER(  910): Warning: Core control support not present for lock_min_cores on cluster 0 for this target
11-16 08:13:39.241 E/ANDR-PERF-RESOURCEQS(  910): Failed to apply optimization [4, 0]
11-16 08:13:39.249 I/vol.Events( 2210): writeEvent dismiss_dialog touch_outside
11-16 08:13:39.250 I/vol.Events( 2210): writeEvent active_stream_changed UNKNOWN_STREAM_-1
11-16 08:13:39.339 I/chatty  (23847): uid=10695(u0_a695) Binder:23847_1 expire 6 lines
11-16 08:13:39.446 I/chatty  (23847): uid=10695(u0_a695) com.fast.messages.social.messenger.free expire 9 lines
11-16 08:13:39.448 I/vol.Events( 2210): writeEvent touch_level_changed STREAM_RING 7
11-16 08:13:39.449 I/vol.Events( 2210): writeEvent active_stream_changed STREAM_RING
11-16 08:13:39.451 I/vol.Events( 2210): writeEvent touch_level_done STREAM_RING 7
11-16 08:13:39.463 I/vol.Events( 2210): writeEvent level_changed STREAM_SYSTEM 7
11-16 08:13:39.463 I/vol.Events( 2210): writeEvent level_changed STREAM_RING 7
11-16 08:13:39.651 I/ActivityManager( 1571): START u0 {act=android.intent.action.MAIN cat=[android.intent.category.LAUNCHER] flg=0x10200000 cmp=com.fast.messages.social.messenger.free/com.messenger.free.activity.SplashActivity} from uid 2000
11-16 08:13:39.819 D/cta_loader( 1099): -------------------[Audioflinger onTransact code  =43]
11-16 08:13:39.820 D/cta_loader( 1099): -------------------[Audioflinger onTransact code  =44]
11-16 08:13:39.820 I/chromium(23976): [INFO:audio_latency.cc(146)] audioHardwareBufferSize = 192
11-16 08:13:39.820 I/chromium(23976): [INFO:audio_latency.cc(151)] callbackBufferSize      = 2048
11-16 08:13:39.821 D/cta_loader( 1099): -------------------[Audioflinger onTransact code  =43]
11-16 08:13:39.821 D/cta_loader( 1099): -------------------[Audioflinger onTransact code  =44]
11-16 08:13:39.823 D/cta_loader( 1099): -------------------[Audioflinger onTransact code  =43]
11-16 08:13:39.823 D/cta_loader( 1099): -------------------[Audioflinger onTransact code  =44]
11-16 08:13:39.824 D/cta_loader( 1099): -------------------[Audioflinger onTransact code  =44]
11-16 08:13:39.826 D/cta_loader( 1099): -------------------[Audioflinger onTransact code  =34]
11-16 08:13:39.826 I/chatty  (23847): uid=10695(u0_a695) Thread-24 expire 7 lines
11-16 08:13:39.826 D/cta_loader( 1099): -------------------[Audioflinger onTransact code  =20]
11-16 08:13:39.827 D/cta_loader( 1099): -------------------[Audioflinger onTransact code  =1]
11-16 08:13:39.828 D/cta_loader( 1099): -------------------[Audioflinger onTransact code  =35]
11-16 08:13:39.830 W/chromium(23976): [WARNING:PushPullFIFO.cpp(182)] PushPullFIFO: underflow while pulling (underflowCount=1, availableFrames=0, requestedFrames=2048, fifoLength=8192)
11-16 08:13:39.831 D/audio_hw_primary(  888): out_set_parameters: enter: usecase(12: audio-ull-playback) kvpairs: routing=4
11-16 08:13:39.832 D/audio_hw_extn(  888): audio_extn_get_parameters: returns 
11-16 08:13:39.832 I/hash_map_utils( 1099): key: 'incall_music' value: ''
11-16 08:13:39.834 D/audio_hw_primary(  888): start_output_stream: enter: stream(0xf0272000)usecase(12: audio-ull-playback) devices(0x4)
11-16 08:13:39.836 D/audio_hw_primary(  888): select_devices for use case (audio-ull-playback)
11-16 08:13:39.836 E/ANDR-PERF-OPTSHANDLER(  910): Warning: Core control support not present for lock_min_cores on cluster 0 for this target
11-16 08:13:39.836 D/audio_hw_extn(  888): audio_extn_get_anc_enabled: anc_enabled:0
11-16 08:13:39.836 E/ANDR-PERF-RESOURCEQS(  910): Failed to apply optimization [4, 0]
11-16 08:13:39.836 D/audio_hw_extn(  888): audio_extn_get_anc_enabled: anc_enabled:0
11-16 08:13:39.836 D/audio_hw_primary(  888): select_devices: out_snd_device(69: headphones) in_snd_device(0: )
11-16 08:13:39.836 I/msm8974_platform(  888): platform_check_and_set_codec_backend_cfg:becf: afe: bitwidth 16, samplerate 48000 channels 2, backend_idx 0 usecase = 12 device (headphones)
11-16 08:13:39.836 D/msm8974_platform(  888): platform_split_snd_device: snd_device(69) num devices(1) new_snd_devices(0)
11-16 08:13:39.836 I/msm8974_platform(  888): platform_check_and_set_codec_backend_cfg: new_snd_devices[0] is 69
11-16 08:13:39.836 I/msm8974_platform(  888): platform_check_codec_backend_cfg:becf: afe: bitwidth 16, samplerate 48000 channels 2, backend_idx 0 usecase = 12 device (headphones)
11-16 08:13:39.836 D/audio_hw_extn(  888): audio_extn_get_anc_enabled: anc_enabled:0
11-16 08:13:39.836 D/msm8974_platform(  888): platform_check_codec_backend_cfg:becf: afe: napb not active - set non fractional rate
11-16 08:13:39.836 I/msm8974_platform(  888): platform_check_codec_backend_cfg:becf: afe: Codec selected backend: 0 updated bit width: 16 and sample rate: 48000
11-16 08:13:39.836 D/audio_hw_primary(  888): check_usecases_codec_backend:becf: force routing 0
11-16 08:13:39.836 E/msm8974_platform(  888): platform_check_backends_match: Invalid snd_device = 
11-16 08:13:39.836 D/audio_hw_primary(  888): check_usecases_codec_backend:becf: (49) check_usecases curr device: headphones, usecase device: backends match 0
11-16 08:13:39.836 D/audio_hw_primary(  888): check_usecases_codec_backend:becf: check_usecases num.of Usecases to switch 0
11-16 08:13:39.836 D/hardware_info(  888): hw_info_append_hw_type : device_name = headphones
11-16 08:13:39.836 D/msm8974_platform(  888): platform_split_snd_device: snd_device(69) num devices(0) new_snd_devices(0)
11-16 08:13:39.836 D/audio_hw_primary(  888): enable_snd_device: snd_device(69: headphones)
11-16 08:13:39.836 I/soundtrigger(  888): audio_extn_sound_trigger_update_device_status: device 0x45 of type 0 for Event 1, with Raise=0
11-16 08:13:39.844 D/soundtrigger(  888): audio_extn_sound_trigger_update_stream_status: uc_id 12 of type 0 for Event 3, with Raise=0
11-16 08:13:39.844 D/audio_hw_utils(  888): audio_extn_utils_send_app_type_cfg: usecase->out_snd_device headphones
11-16 08:13:39.844 D/msm8974_platform(  888): platform_split_snd_device: snd_device(69) num devices(0) new_snd_devices(0)
11-16 08:13:39.844 I/audio_hw_utils(  888): ULL doesnt need sending app type cfg, returning
11-16 08:13:39.844 D/msm8974_platform(  888): platform_split_snd_device: snd_device(69) num devices(1) new_snd_devices(0)
11-16 08:13:39.844 D/ACDB-LOADER(  888): ACDB -> send_audio_cal, acdb_id = 10, path = 0, app id = 0x11137, sample rate = 48000
11-16 08:13:39.844 D/ACDB-LOADER(  888): ACDB -> send_asm_topology
11-16 08:13:39.844 D/ACDB-LOADER(  888): ACDB -> ACDB_CMD_GET_AUDPROC_STREAM_TOPOLOGY_ID
11-16 08:13:39.844 D/ACDB-LOADER(  888): ACDB -> send_adm_topology
11-16 08:13:39.844 D/ACDB-LOADER(  888): ACDB -> ACDB_CMD_GET_AUDPROC_COMMON_TOPOLOGY_ID
11-16 08:13:39.844 D/ACDB-LOADER(  888): ACDB -> send_audtable
11-16 08:13:39.844 D/ACDB-LOADER(  888): ACDB -> ACDB_CMD_GET_AUDPROC_COMMON_TABLE_SIZE
11-16 08:13:39.844 D/ACDB-LOADER(  888): ACDB -> ACDB_CMD_GET_AUDPROC_COMMON_TABLE
11-16 08:13:39.844 D/ACDB-LOADER(  888): ACDB -> AUDIO_SET_AUDPROC_CAL
11-16 08:13:39.844 D/ACDB-LOADER(  888): ACDB -> send_audvoltable
11-16 08:13:39.844 D/ACDB-LOADER(  888): ACDB -> ACDB_CMD_GET_AUDPROC_VOL_STEP_TABLE_SIZE
11-16 08:13:39.844 D/ACDB-LOADER(  888): ACDB -> ACDB_CMD_GET_AUDPROC_GAIN_DEP_STEP_TABLE, vol index 0
11-16 08:13:39.844 D/        (  888): Failed to fetch the lookup information of the device 0000000A 
11-16 08:13:39.844 E/ACDB-LOADER(  888): Error: ACDB AudProc vol returned = -19
11-16 08:13:39.844 D/ACDB-LOADER(  888): ACDB -> AUDIO_SET_VOL_CAL cal type = 12
11-16 08:13:39.844 D/ACDB-LOADER(  888): ACDB -> ACDB_CMD_GET_AUDPROC_STREAM_TABLE_SIZE
11-16 08:13:39.844 D/ACDB-LOADER(  888): ACDB -> send_audstrmtable
11-16 08:13:39.844 D/ACDB-LOADER(  888): ACDB -> ACDB_CMD_GET_AUDPROC_STREAM_TABLE_V2
11-16 08:13:39.844 D/ACDB-LOADER(  888): ACDB -> audstrm_cal->cal_type.cal_data.cal_size = 16
11-16 08:13:39.844 D/ACDB-LOADER(  888): ACDB -> send_afe_topology
11-16 08:13:39.844 D/ACDB-LOADER(  888): ACDB -> ACDB_CMD_GET_AFE_TOPOLOGY_ID
11-16 08:13:39.844 D/ACDB-LOADER(  888): ACDB -> GET_AFE_TOPOLOGY_ID for adcd_id 10, Topology Id 112fc
11-16 08:13:39.844 D/ACDB-LOADER(  888): ACDB -> send_afe_cal
11-16 08:13:39.844 D/ACDB-LOADER(  888): ACDB -> ACDB_CMD_GET_AFE_COMMON_TABLE_SIZE
11-16 08:13:39.845 D/        (  888): Failed to fetch the lookup information of the device 0000000A 
11-16 08:13:39.845 E/ACDB-LOADER(  888): Error: ACDB_CMD_GET_AFE_COMMON_TABLE_SIZE Returned = -19
11-16 08:13:39.845 D/ACDB-LOADER(  888): ACDB -> ACDB_CMD_GET_AFE_COMMON_TABLE
11-16 08:13:39.845 D/        (  888): Failed to fetch the lookup information of the device 0000000A 
11-16 08:13:39.845 E/ACDB-LOADER(  888): Error: ACDB AFE returned = -19
11-16 08:13:39.845 D/ACDB-LOADER(  888): ACDB -> AUDIO_SET_AFE_CAL
11-16 08:13:39.845 D/ACDB-LOADER(  888): ACDB -> send_hw_delay : acdb_id = 10 path = 0
11-16 08:13:39.845 D/ACDB-LOADER(  888): ACDB -> ACDB_AVSYNC_INFO: ACDB_CMD_GET_DEVICE_PROPERTY
11-16 08:13:39.845 D/audio_hw_primary(  888): enable_audio_route: apply mixer and update path: audio-ull-playback
11-16 08:13:39.846 D/audio_hw_primary(  888): select_devices: usecase->type:0, usecase->id:12
11-16 08:13:39.846 D/audio_hw_primary(  888): select_devices: done
11-16 08:13:39.858 E/ANDR-PERF-OPTSHANDLER(  910): Warning: Core control support not present for lock_min_cores on cluster 0 for this target
11-16 08:13:39.858 E/ANDR-PERF-RESOURCEQS(  910): Failed to apply optimization [4, 0]
11-16 08:13:39.864 D/StatusBar( 2210): disable<e i a s b h r c s q >
11-16 08:13:39.876 D/msm8974_platform(  888): platform_set_channel_map mixer_ctl_name:Playback Channel Map4
11-16 08:13:39.877 D/msm8974_platform(  888): platform_set_channel_map: set mapping(1 2 0 0 0 0 0 0) for channel:2
11-16 08:13:39.877 D/audio_hw_extn(  888): audio_extn_get_anc_enabled: anc_enabled:0
11-16 08:13:39.878 D/audio_hw_primary(  888): start_output_stream: exit
11-16 08:13:39.878 D/ahc     (  888): ahc_enable: out_snd_device 0x4
11-16 08:13:39.900 D/StatusBar( 2210): disable<e i a s b h r c s q >
11-16 08:13:40.060 I/ActivityManager( 1571): START u0 {act=android.intent.action.MAIN cat=[android.intent.category.LAUNCHER] flg=0x10200000 cmp=com.fast.messages.social.messenger.free/com.messenger.free.activity.SplashActivity} from uid 2000
11-16 08:13:40.252 E/ANDR-PERF-MPCTL(  910): hint lookup failed
11-16 08:13:40.280 E/ANDR-PERF-MPCTL(  910): hint lookup failed
11-16 08:13:40.472 E/ANDR-PERF-OPTSHANDLER(  910): Warning: Core control support not present for lock_min_cores on cluster 0 for this target
11-16 08:13:40.472 E/ANDR-PERF-RESOURCEQS(  910): Failed to apply optimization [4, 0]
