11-16 07:39:10.208 W/ViewRootImpl[WebviewActivity](23847): Cancelling event due to no window focus: KeyEvent { action=ACTION_UP, keyCode=KEYCODE_DPAD_UP, scanCode=0, metaState=0, flags=0x420, repeatCount=0, eventTime=268753564, downTime=268753564, deviceId=-1, source=0x101 }
11-16 07:39:10.208 W/ViewRootImpl[WebviewActivity](23847): Dropping event due to no window focus: KeyEvent { action=ACTION_DOWN, keyCode=KEYCODE_DPAD_UP, scanCode=0, metaState=0, flags=0x400, repeatCount=0, eventTime=268753564, downTime=268753564, deviceId=-1, source=0x101 }
11-16 07:39:10.208 W/ViewRootImpl[WebviewActivity](23847): Cancelling event due to no window focus: KeyEvent { action=ACTION_UP, keyCode=KEYCODE_DPAD_UP, scanCode=0, metaState=0, flags=0x420, repeatCount=0, eventTime=268753564, downTime=268753564, deviceId=-1, source=0x101 }
11-16 07:39:10.208 W/ViewRootImpl[WebviewActivity](23847): Cancelling event due to no window focus: KeyEvent { action=ACTION_UP, keyCode=KEYCODE_DPAD_UP, scanCode=0, metaState=0, flags=0x420, repeatCount=0, eventTime=268753564, downTime=268753564, deviceId=-1, source=0x101 }
11-16 07:39:10.208 W/ViewRootImpl[WebviewActivity](23847): Dropping event due to no window focus: KeyEvent { action=ACTION_DOWN, keyCode=KEYCODE_DPAD_UP, scanCode=0, metaState=0, flags=0x400, repeatCount=0, eventTime=268753564, downTime=268753564, deviceId=-1, source=0x101 }
11-16 07:39:10.208 W/ViewRootImpl[WebviewActivity](23847): Cancelling event due to no window focus: KeyEvent { action=ACTION_UP, keyCode=KEYCODE_DPAD_UP, scanCode=0, metaState=0, flags=0x420, repeatCount=0, eventTime=268753564, downTime=268753564, deviceId=-1, source=0x101 }
11-16 07:39:10.208 W/ViewRootImpl[WebviewActivity](23847): Cancelling event due to no window focus: KeyEvent { action=ACTION_UP, keyCode=KEYCODE_DPAD_UP, scanCode=0, metaState=0, flags=0x420, repeatCount=0, eventTime=268753564, downTime=268753564, deviceId=-1, source=0x101 }
11-16 07:39:10.208 W/ViewRootImpl[WebviewActivity](23847): Dropping event due to no window focus: KeyEvent { action=ACTION_DOWN, keyCode=KEYCODE_DPAD_UP, scanCode=0, metaState=0, flags=0x400, repeatCount=0, eventTime=268753564, downTime=268753564, deviceId=-1, source=0x101 }
11-16 07:39:10.208 W/ViewRootImpl[WebviewActivity](23847): Cancelling event due to no window focus: KeyEvent { action=ACTION_UP, keyCode=KEYCODE_DPAD_UP, scanCode=0, metaState=0, flags=0x420, repeatCount=0, eventTime=268753564, downTime=268753564, deviceId=-1, source=0x101 }
11-16 07:39:10.209 W/ViewRootImpl[WebviewActivity](23847): Cancelling event due to no window focus: KeyEvent { action=ACTION_UP, keyCode=KEYCODE_DPAD_UP, scanCode=0, metaState=0, flags=0x420, repeatCount=0, eventTime=268753564, downTime=268753564, deviceId=-1, source=0x101 }
11-16 07:39:13.153 I/chatty  ( 1571): uid=1000(system) Binder:1571_5 expire 8 lines
11-16 07:39:22.326 I/chatty  ( 1571): uid=1000(system) InputDispatcher expire 3 lines
11-16 07:39:22.530 I/chatty  ( 1571): uid=1000(system) Binder:1571_1E expire 5 lines
11-16 07:39:31.200 I/chatty  ( 1571): uid=1000(system) Binder:1571_1A expire 5 lines
11-16 07:39:55.268 W/ViewRootImpl[SystemUIDialog]( 2210): Dropping event due to root view being removed: MotionEvent { action=ACTION_UP, actionButton=0, id[0]=0, x[0]=345.30835, y[0]=771.36633, toolType[0]=TOOL_TYPE_UNKNOWN, buttonState=0, metaState=0, flags=0x0, edgeFlags=0x0, pointerCount=1, historySize=0, eventTime=268798600, downTime=268798598, deviceId=0, source=0x1002 }
11-16 07:39:57.462 I/chatty  ( 1571): uid=1000(system) Binder:1571_20 expire 2 lines
11-16 07:40:04.991 I/chatty  ( 1571): uid=1000(system) Binder:1571_1 expire 6 lines
11-16 07:40:07.320 I/chatty  ( 1571): uid=1000(system) Binder:1571_11 expire 12 lines
11-16 07:40:14.849 I/chatty  ( 1571): uid=1000(system) Binder:1571_1E expire 9 lines
11-16 07:40:19.130 I/chatty  ( 1571): uid=1000(system) android.anim expire 8 lines
11-16 07:40:19.543 I/chatty  ( 1571): uid=1000(system) Binder:1571_5 expire 3 lines
11-16 07:40:22.502 I/chatty  ( 1571): uid=1000(system) Binder:1571_1A expire 10 lines
11-16 07:40:32.628 I/chatty  ( 1571): uid=1000(system) Binder:1571_D expire 15 lines
11-16 07:40:36.035 I/chatty  ( 1571): uid=1000(system) InputDispatcher expire 1 line
11-16 07:40:42.587 I/chatty  ( 1571): uid=1000 system_server expire 12 lines
11-16 07:41:05.748 I/chatty  ( 1571): uid=1000(system) android.bg expire 1 line
11-16 07:41:08.207 I/android.hardware.wifi@1.0-service(  905): Wifi HAL started
11-16 07:41:08.413 I/wificond( 1141): create scanner for interface with index: 23
11-16 07:41:08.413 I/wificond( 1141): subscribe scan result for interface with index: 23
11-16 07:41:08.535 I/chatty  ( 1571): uid=1000(system) ActivityManager expire 23 lines
11-16 07:41:08.541 I/wificond( 1141): New interface event callback registered
11-16 07:41:08.568 I/chatty  ( 1571): uid=1000(system) SomcWifiStateMa expire 1 line
11-16 07:41:08.575 I/chatty  ( 1571): uid=1000(system) Binder:1571_D expire 1 line
11-16 07:41:08.580 I/chatty  ( 1571): uid=1000(system) batterystats-sy expire 3 lines
11-16 07:41:08.710 W/wificond( 1141): Scan is not started. Ignore abort request
11-16 07:41:08.833 I/chatty  ( 1571): uid=1000(system) WifiStateMachin expire 1 line
11-16 07:41:08.833 I/chatty  ( 1571): uid=1000(system) ConnectivitySer expire 10 lines
11-16 07:41:08.935 E/NetlinkEvent(  757): NetlinkEvent::FindParam(): Parameter 'INTERFACE' not found
11-16 07:41:08.935 E/NetlinkEvent(  757): NetlinkEvent::FindParam(): Parameter 'STATE' not found
11-16 07:41:08.936 E/NetlinkEvent(  757): NetlinkEvent::FindParam(): Parameter 'TIME_NS' not found
11-16 07:41:08.936 E/NetlinkEvent(  757): NetlinkEvent::FindParam(): Parameter 'UID' not found
11-16 07:41:08.940 I/chatty  ( 1571): uid=1000 system_server expire 11 lines
11-16 07:41:08.958 I/chatty  ( 1571): uid=1000(system) Binder:1571_11 expire 1 line
11-16 07:41:09.044 I/chatty  ( 1571): uid=1000(system) Binder:1571_16 expire 1 line
11-16 07:41:09.240 I/chatty  ( 1571): uid=1000(system) Binder:1571_18 expire 7 lines
11-16 07:41:12.874 I/wificond( 1141): Unregister interface event callback
11-16 07:41:12.875 I/chatty  ( 1571): uid=1000(system) Binder:1571_9 expire 2 lines
11-16 07:41:12.898 I/wificond( 1141): Unsubscribe scan result for interface with index: 23
11-16 07:41:12.914 W/wificond( 1141): No handler for scan result notification from interface with index: 23
11-16 07:41:12.946 I/chatty  ( 1571): uid=1000(system) Binder:1571_3 expire 4 lines
11-16 07:41:13.022 I/chatty  ( 1571): uid=1000(system) Binder:1571_1A expire 13 lines
11-16 07:41:13.118 I/android.hardware.wifi@1.0-service(  905): Wifi HAL stopped
11-16 07:41:14.280 I/chatty  ( 1571): uid=1000(system) Binder:1571_3 expire 26 lines
11-16 07:41:15.636 I/chatty  ( 1571): uid=1000(system) android.anim expire 14 lines
11-16 07:41:18.913 I/chatty  ( 1571): uid=1000(system) WifiStateMachin expire 1 line
11-16 07:41:20.449 I/chatty  ( 1571): uid=1000(system) Binder:1571_9 expire 23 lines
11-16 07:41:21.919 I/chatty  ( 1571): uid=1000(system) InputDispatcher expire 3 lines
11-16 07:41:25.696 I/chatty  ( 1571): uid=1000(system) Binder:1571_16 expire 18 lines
11-16 07:41:36.373 I/chatty  ( 1571): uid=1000(system) Binder:1571_D expire 4 lines
11-16 07:41:41.363 I/chatty  ( 1571): uid=1000(system) Binder:1571_1D expire 10 lines
11-16 07:42:19.417 I/chatty  ( 1571): uid=1000(system) Binder:1571_18 expire 8 lines
11-16 07:43:20.221 I/chatty  ( 1571): uid=1000(system) android.io expire 17 lines
11-16 07:43:20.252 I/chatty  ( 1571): uid=1000 system_server expire 2 lines
11-16 07:43:20.412 W/ContextImpl(22927): Calling a method in the system process without a qualified user: android.app.ContextImpl.startActivity:845 android.content.ContextWrapper.startActivity:366 android.service.quicksettings.TileService.startActivityAndCollapse:308 com.sonymobile.settings.qs.RoamingTileService.startRoamingActivity:44 com.sonymobile.settings.qs.RoamingTileService.onClick:36 
11-16 07:43:20.412 W/ContextImpl(22927): Calling a method in the system process without a qualified user: android.app.ContextImpl.startActivity:857 android.app.ContextImpl.startActivity:846 android.content.ContextWrapper.startActivity:366 android.service.quicksettings.TileService.startActivityAndCollapse:308 com.sonymobile.settings.qs.RoamingTileService.startRoamingActivity:44 
11-16 07:43:20.414 I/chatty  ( 1571): uid=1000(system) Binder:1571_3 expire 4 lines
11-16 07:43:20.717 I/chatty  ( 1571): uid=1000(system) Binder:1571_1D expire 2 lines
11-16 07:43:21.029 I/chatty  ( 1571): uid=1000(system) Binder:1571_B expire 3 lines
11-16 07:43:27.350 I/chatty  ( 1571): uid=1000(system) Binder:1571_12 expire 18 lines
11-16 07:43:31.109 I/chatty  ( 1571): uid=1000(system) Binder:1571_1D expire 23 lines
11-16 07:43:31.111 I/chatty  ( 1571): uid=1000(system) Binder:1571_3 expire 10 lines
11-16 07:43:31.525 I/chatty  ( 1571): uid=1000(system) Binder:1571_F expire 10 lines
11-16 07:43:32.261 I/chatty  ( 1571): uid=1000(system) android.anim expire 19 lines
11-16 07:43:39.583 I/chatty  ( 1571): uid=1000(system) Binder:1571_1F expire 9 lines
11-16 07:43:44.845 I/chatty  ( 1571): uid=1000(system) Binder:1571_B expire 4 lines
11-16 07:43:46.953 I/chatty  ( 1571): uid=1000(system) Binder:1571_A expire 11 lines
11-16 07:43:53.139 W/ViewRootImpl[WebviewActivity](23847): Dropping event due to no window focus: KeyEvent { action=ACTION_DOWN, keyCode=KEYCODE_DPAD_UP, scanCode=0, metaState=0, flags=0x8, repeatCount=0, eventTime=269036493, downTime=269036493, deviceId=-1, source=0x101 }
11-16 07:44:00.334 I/chatty  ( 1571): uid=1000(system) Binder:1571_2 expire 11 lines
11-16 07:44:02.837 I/chatty  ( 1571): uid=1000 system_server expire 4 lines
11-16 07:44:05.183 I/chatty  ( 1571): uid=1000(system) android.ui expire 1 line
11-16 07:44:46.787 W/ContextImpl(22927): Calling a method in the system process without a qualified user: android.app.ContextImpl.startActivity:845 android.content.ContextWrapper.startActivity:366 android.service.quicksettings.TileService.startActivityAndCollapse:308 com.sonymobile.settings.qs.RoamingTileService.startRoamingActivity:44 com.sonymobile.settings.qs.RoamingTileService.onClick:36 
11-16 07:44:46.787 W/ContextImpl(22927): Calling a method in the system process without a qualified user: android.app.ContextImpl.startActivity:857 android.app.ContextImpl.startActivity:846 android.content.ContextWrapper.startActivity:366 android.service.quicksettings.TileService.startActivityAndCollapse:308 com.sonymobile.settings.qs.RoamingTileService.startRoamingActivity:44 
11-16 07:44:52.830 W/ContextImpl(22927): Calling a method in the system process without a qualified user: android.app.ContextImpl.startActivity:845 android.content.ContextWrapper.startActivity:366 android.service.quicksettings.TileService.startActivityAndCollapse:308 com.sonymobile.settings.qs.RoamingTileService.startRoamingActivity:44 com.sonymobile.settings.qs.RoamingTileService.onClick:36 
11-16 07:44:52.831 W/ContextImpl(22927): Calling a method in the system process without a qualified user: android.app.ContextImpl.startActivity:857 android.app.ContextImpl.startActivity:846 android.content.ContextWrapper.startActivity:366 android.service.quicksettings.TileService.startActivityAndCollapse:308 com.sonymobile.settings.qs.RoamingTileService.startRoamingActivity:44 
11-16 07:44:52.832 I/chatty  ( 1571): uid=1000(system) Binder:1571_A expire 14 lines
11-16 07:44:57.451 I/chatty  ( 1571): uid=1000(system) Binder:1571_F expire 9 lines
11-16 07:44:58.718 I/chatty  ( 1571): uid=1000(system) Binder:1571_2 expire 15 lines
11-16 07:46:39.611 I/chatty  ( 1571): uid=1000(system) Binder:1571_3 expire 13 lines
11-16 07:46:45.925 I/chatty  ( 1571): uid=1000(system) Binder:1571_A expire 14 lines
11-16 07:46:46.970 I/chatty  ( 1571): uid=1000(system) Binder:1571_1F expire 14 lines
11-16 07:46:51.888 W/ViewRootImpl[SystemUIDialog]( 2210): Dropping event due to root view being removed: MotionEvent { action=ACTION_MOVE, actionButton=0, id[0]=0, x[0]=913.14813, y[0]=-524.0, toolType[0]=TOOL_TYPE_UNKNOWN, buttonState=0, metaState=0, flags=0x0, edgeFlags=0x0, pointerCount=1, historySize=4, eventTime=269215223, downTime=269215215, deviceId=0, source=0x1002 }
11-16 07:46:51.888 W/ViewRootImpl[SystemUIDialog]( 2210): Dropping event due to root view being removed: MotionEvent { action=ACTION_UP, actionButton=0, id[0]=0, x[0]=922.57446, y[0]=-524.0, toolType[0]=TOOL_TYPE_UNKNOWN, buttonState=0, metaState=0, flags=0x0, edgeFlags=0x0, pointerCount=1, historySize=0, eventTime=269215224, downTime=269215215, deviceId=0, source=0x1002 }
11-16 07:46:52.069 I/chatty  ( 1571): uid=1000(system) Binder:1571_1D expire 10 lines
11-16 07:47:01.430 I/chatty  ( 1571): uid=1000(system) Binder:1571_2 expire 6 lines
11-16 07:47:02.164 I/chatty  ( 1571): uid=1000(system) android.anim expire 16 lines
11-16 07:47:09.052 I/chatty  ( 1571): uid=1000(system) Binder:1571_B expire 2 lines
11-16 07:47:18.871 I/chatty  ( 1571): uid=1000(system) Binder:1571_F expire 10 lines
11-16 07:47:27.127 I/chatty  ( 1571): uid=1000 system_server expire 5 lines
11-16 07:47:41.037 I/chatty  ( 1571): uid=1000(system) InputDispatcher expire 1 line
11-16 07:47:41.900 W/ViewRootImpl[SystemUIDialog]( 2210): Dropping event due to root view being removed: MotionEvent { action=ACTION_MOVE, actionButton=0, id[0]=0, x[0]=214.12897, y[0]=-109.457306, toolType[0]=TOOL_TYPE_UNKNOWN, buttonState=0, metaState=0, flags=0x0, edgeFlags=0x0, pointerCount=1, historySize=6, eventTime=269265237, downTime=269265231, deviceId=0, source=0x1002 }
11-16 07:47:43.385 I/chatty  ( 1571): uid=1000(system) Binder:1571_12 expire 7 lines
11-16 07:48:39.855 W/ViewRootImpl[MainActivity](23847): Dropping event due to no window focus: KeyEvent { action=ACTION_DOWN, keyCode=KEYCODE_DPAD_DOWN, scanCode=0, metaState=0, flags=0x400, repeatCount=0, eventTime=269323210, downTime=269323210, deviceId=-1, source=0x101 }
11-16 07:48:39.855 W/ViewRootImpl[MainActivity](23847): Cancelling event due to no window focus: KeyEvent { action=ACTION_UP, keyCode=KEYCODE_DPAD_DOWN, scanCode=0, metaState=0, flags=0x420, repeatCount=0, eventTime=269323210, downTime=269323210, deviceId=-1, source=0x101 }
11-16 07:48:39.855 I/chatty  (23847): uid=10695(u0_a695) com.fast.messages.social.messenger.free identical 28 lines
11-16 07:48:39.855 W/ViewRootImpl[MainActivity](23847): Cancelling event due to no window focus: KeyEvent { action=ACTION_UP, keyCode=KEYCODE_DPAD_DOWN, scanCode=0, metaState=0, flags=0x420, repeatCount=0, eventTime=269323210, downTime=269323210, deviceId=-1, source=0x101 }
11-16 07:48:39.855 W/ViewRootImpl[MainActivity](23847): Dropping event due to no window focus: KeyEvent { action=ACTION_DOWN, keyCode=KEYCODE_DPAD_DOWN, scanCode=0, metaState=0, flags=0x400, repeatCount=0, eventTime=269323210, downTime=269323210, deviceId=-1, source=0x101 }
11-16 07:48:39.855 W/ViewRootImpl[MainActivity](23847): Cancelling event due to no window focus: KeyEvent { action=ACTION_UP, keyCode=KEYCODE_DPAD_DOWN, scanCode=0, metaState=0, flags=0x420, repeatCount=0, eventTime=269323210, downTime=269323210, deviceId=-1, source=0x101 }
11-16 07:48:39.856 W/ViewRootImpl[MainActivity](23847): Cancelling event due to no window focus: KeyEvent { action=ACTION_UP, keyCode=KEYCODE_DPAD_DOWN, scanCode=0, metaState=0, flags=0x420, repeatCount=0, eventTime=269323210, downTime=269323210, deviceId=-1, source=0x101 }
11-16 07:48:39.856 W/ViewRootImpl[MainActivity](23847): Dropping event due to no window focus: KeyEvent { action=ACTION_DOWN, keyCode=KEYCODE_DPAD_DOWN, scanCode=0, metaState=0, flags=0x400, repeatCount=0, eventTime=269323210, downTime=269323210, deviceId=-1, source=0x101 }
11-16 07:48:39.856 W/ViewRootImpl[MainActivity](23847): Cancelling event due to no window focus: KeyEvent { action=ACTION_UP, keyCode=KEYCODE_DPAD_DOWN, scanCode=0, metaState=0, flags=0x420, repeatCount=0, eventTime=269323210, downTime=269323210, deviceId=-1, source=0x101 }
11-16 07:48:39.856 W/ViewRootImpl[MainActivity](23847): Cancelling event due to no window focus: KeyEvent { action=ACTION_UP, keyCode=KEYCODE_DPAD_DOWN, scanCode=0, metaState=0, flags=0x420, repeatCount=0, eventTime=269323210, downTime=269323210, deviceId=-1, source=0x101 }
11-16 07:48:39.856 W/ViewRootImpl[MainActivity](23847): Dropping event due to no window focus: KeyEvent { action=ACTION_DOWN, keyCode=KEYCODE_DPAD_DOWN, scanCode=0, metaState=0, flags=0x400, repeatCount=0, eventTime=269323210, downTime=269323210, deviceId=-1, source=0x101 }
11-16 07:48:39.856 W/ViewRootImpl[MainActivity](23847): Cancelling event due to no window focus: KeyEvent { action=ACTION_UP, keyCode=KEYCODE_DPAD_DOWN, scanCode=0, metaState=0, flags=0x420, repeatCount=0, eventTime=269323210, downTime=269323210, deviceId=-1, source=0x101 }
11-16 07:48:39.856 W/ViewRootImpl[MainActivity](23847): Cancelling event due to no window focus: KeyEvent { action=ACTION_UP, keyCode=KEYCODE_DPAD_DOWN, scanCode=0, metaState=0, flags=0x420, repeatCount=0, eventTime=269323210, downTime=269323210, deviceId=-1, source=0x101 }
11-16 07:48:40.239 I/chatty  ( 1571): uid=1000(system) Binder:1571_A expire 4 lines
11-16 07:48:40.528 I/chatty  ( 1571): uid=1000(system) android.anim expire 8 lines
11-16 07:48:41.132 I/chatty  ( 1571): uid=1000(system) Binder:1571_1D expire 5 lines
11-16 07:48:42.136 I/chatty  ( 1571): uid=1000(system) Binder:1571_1F expire 5 lines
11-16 07:48:56.996 V/DeadZone( 2210): consuming errant click: (87.0,336.0)
11-16 07:48:59.958 V/DeadZone( 2210): consuming errant click: (100.0,430.0)
11-16 07:49:00.221 I/chatty  ( 1571): uid=1000(system) android.ui expire 8 lines
11-16 07:49:01.078 I/chatty  ( 1571): uid=1000(system) Binder:1571_1B expire 2 lines
11-16 07:49:01.291 I/chatty  ( 1571): uid=1000(system) Binder:1571_1 expire 1 line
11-16 07:49:03.945 I/chatty  ( 1571): uid=1000(system) Binder:1571_19 expire 4 lines
11-16 07:49:05.001 I/chatty  ( 1571): uid=1000(system) Binder:1571_18 expire 6 lines
11-16 07:49:31.804 I/chatty  ( 1571): uid=1000(system) Binder:1571_1C expire 1 line
11-16 07:49:35.168 I/chatty  ( 1571): uid=1000(system) Binder:1571_C expire 7 lines
11-16 07:49:35.566 V/DeadZone( 2210): consuming errant click: (50.0,44.0)
11-16 07:49:39.157 I/chatty  ( 1571): uid=1000(system) Binder:1571_E expire 5 lines
11-16 07:49:42.655 W/ViewRootImpl[SystemUIDialog]( 2210): Dropping event due to root view being removed: MotionEvent { action=ACTION_POINTER_DOWN(1), actionButton=0, id[0]=0, x[0]=261.96616, y[0]=850.88196, toolType[0]=TOOL_TYPE_UNKNOWN, id[1]=1, x[1]=1512.0, y[1]=88.0, toolType[1]=TOOL_TYPE_UNKNOWN, buttonState=0, metaState=0, flags=0x0, edgeFlags=0x0, pointerCount=2, historySize=0, eventTime=269385997, downTime=269385996, deviceId=0, source=0x1002 }
11-16 07:49:42.655 W/ViewRootImpl[SystemUIDialog]( 2210): Dropping event due to root view being removed: MotionEvent { action=ACTION_MOVE, actionButton=0, id[0]=0, x[0]=261.90265, y[0]=843.2562, toolType[0]=TOOL_TYPE_UNKNOWN, id[1]=1, x[1]=1520.168, y[1]=60.403442, toolType[1]=TOOL_TYPE_UNKNOWN, buttonState=0, metaState=0, flags=0x0, edgeFlags=0x0, pointerCount=2, historySize=2, eventTime=269386001, downTime=269385996, deviceId=0, source=0x1002 }
11-16 07:49:42.655 W/ViewRootImpl[SystemUIDialog]( 2210): Dropping event due to root view being removed: MotionEvent { action=ACTION_POINTER_UP(1), actionButton=0, id[0]=0, x[0]=261.83325, y[0]=842.43616, toolType[0]=TOOL_TYPE_UNKNOWN, id[1]=1, x[1]=1523.6263, y[1]=44.909103, toolType[1]=TOOL_TYPE_UNKNOWN, buttonState=0, metaState=0, flags=0x0, edgeFlags=0x0, pointerCount=2, historySize=0, eventTime=269386001, downTime=269385996, deviceId=0, source=0x1002 }
11-16 07:49:42.655 W/ViewRootImpl[SystemUIDialog]( 2210): Dropping event due to root view being removed: MotionEvent { action=ACTION_UP, actionButton=0, id[0]=0, x[0]=261.77582, y[0]=839.3323, toolType[0]=TOOL_TYPE_UNKNOWN, buttonState=0, metaState=0, flags=0x0, edgeFlags=0x0, pointerCount=1, historySize=0, eventTime=269386003, downTime=269385996, deviceId=0, source=0x1002 }
11-16 07:49:50.459 I/chatty  ( 1571): uid=1000(system) Binder:1571_19 expire 2 lines
11-16 07:49:51.928 I/chatty  ( 1571): uid=1000(system) Binder:1571_D expire 6 lines
11-16 07:49:51.928 I/chatty  ( 1571): uid=1000(system) android.io expire 19 lines
11-16 07:49:52.059 I/chatty  ( 1571): uid=1000 system_server expire 10 lines
11-16 07:49:52.965 I/chatty  ( 1571): uid=1000(system) android.ui expire 10 lines
11-16 07:49:53.178 I/chatty  ( 1571): uid=1000(system) android.anim expire 10 lines
11-16 07:49:53.252 I/chatty  ( 1571): uid=1000(system) Binder:1571_3 expire 11 lines
11-16 07:49:53.804 I/chatty  ( 1571): uid=1000(system) Binder:1571_1C expire 2 lines
11-16 07:49:57.035 I/chatty  ( 1571): uid=1000(system) Binder:1571_1A expire 2 lines
11-16 07:49:57.316 I/chatty  ( 1571): uid=1000(system) Binder:1571_6 expire 1 line
11-16 07:49:58.119 I/chatty  ( 1571): uid=1000(system) Binder:1571_1F expire 1 line
11-16 07:50:03.521 I/chatty  ( 1571): uid=1000(system) Binder:1571_8 expire 8 lines
11-16 07:50:22.465 E/ActivityThread( 6378): Failed to find provider info for com.sonyericsson.provider.customization
11-16 07:50:24.421 I/chatty  ( 1571): uid=1000 system_server expire 12 lines
11-16 07:50:24.704 I/chatty  ( 1571): uid=1000(system) Binder:1571_15 expire 2 lines
11-16 07:50:26.417 I/chatty  ( 1571): uid=1000(system) Binder:1571_3 expire 1 line
11-16 07:50:27.702 I/chatty  ( 1571): uid=1000(system) android.ui expire 4 lines
11-16 07:50:29.234 I/chatty  ( 1571): uid=1000(system) Binder:1571_A expire 4 lines
11-16 07:50:31.472 I/chatty  ( 1571): uid=1000(system) Binder:1571_2 expire 5 lines
11-16 07:50:34.955 I/chatty  ( 1571): uid=1000(system) Binder:1571_5 expire 6 lines
11-16 07:50:40.648 I/android.hardware.wifi@1.0-service(  905): Wifi HAL started
11-16 07:50:40.839 I/wificond( 1141): create scanner for interface with index: 23
11-16 07:50:40.839 I/wificond( 1141): subscribe scan result for interface with index: 23
11-16 07:50:40.957 I/chatty  ( 1571): uid=1000(system) ActivityManager expire 15 lines
11-16 07:50:40.968 I/wificond( 1141): New interface event callback registered
11-16 07:50:41.009 I/chatty  ( 1571): uid=1000(system) batterystats-sy expire 1 line
11-16 07:50:41.011 I/chatty  ( 1571): uid=1000(system) SomcWifiStateMa expire 1 line
11-16 07:50:41.143 W/wificond( 1141): Scan is not started. Ignore abort request
11-16 07:50:41.177 I/chatty  ( 1571): uid=1000(system) Binder:1571_9 expire 2 lines
11-16 07:50:41.283 I/chatty  ( 1571): uid=1000(system) WifiStateMachin expire 1 line
11-16 07:50:41.283 I/chatty  ( 1571): uid=1000(system) ConnectivitySer expire 5 lines
11-16 07:50:41.293 I/chatty  ( 1571): uid=1000(system) Binder:1571_1 expire 1 line
11-16 07:50:41.347 I/chatty  ( 1571): uid=1000(system) Binder:1571_13 expire 4 lines
11-16 07:50:41.461 E/NetlinkEvent(  757): NetlinkEvent::FindParam(): Parameter 'INTERFACE' not found
11-16 07:50:41.461 E/NetlinkEvent(  757): NetlinkEvent::FindParam(): Parameter 'STATE' not found
11-16 07:50:41.461 E/NetlinkEvent(  757): NetlinkEvent::FindParam(): Parameter 'TIME_NS' not found
11-16 07:50:41.461 E/NetlinkEvent(  757): NetlinkEvent::FindParam(): Parameter 'UID' not found
11-16 07:50:41.479 I/chatty  ( 1571): uid=1000 system_server expire 5 lines
11-16 07:50:41.505 I/chatty  ( 1571): uid=1000(system) Binder:1571_A expire 10 lines
11-16 07:50:41.529 I/chatty  ( 1571): uid=1000(system) ConnectivitySer expire 4 lines
11-16 07:50:41.552 I/chatty  ( 1571): uid=1000(system) ActivityManager expire 3 lines
11-16 07:50:42.061 I/chatty  ( 1571): uid=1000(system) Binder:1571_6 expire 1 line
11-16 07:50:46.058 I/chatty  ( 1571): uid=1000(system) Binder:1571_3 expire 2 lines
11-16 07:50:46.320 I/chatty  ( 1571): uid=1000(system) android.anim expire 17 lines
11-16 07:50:47.558 V/DeadZone( 2210): consuming errant click: (132.0,233.0)
11-16 07:50:48.593 I/chatty  ( 1571): uid=1000(system) InputDispatcher expire 2 lines
11-16 07:50:49.204 I/chatty  ( 1571): uid=1000(system) Binder:1571_1E expire 1 line
11-16 07:50:49.445 I/chatty  ( 1571): uid=1000(system) android.ui expire 8 lines
11-16 07:50:49.965 I/chatty  ( 1571): uid=1000(system) Binder:1571_9 expire 8 lines
11-16 07:50:51.398 I/chatty  ( 1571): uid=1000(system) WifiStateMachin expire 1 line
11-16 07:50:51.645 I/chatty  ( 1571): uid=1000(system) Binder:1571_19 expire 6 lines
11-16 07:50:54.117 I/chatty  ( 1571): uid=1000(system) Binder:1571_1F expire 2 lines
11-16 07:50:56.996 I/chatty  ( 1571): uid=1000(system) Binder:1571_15 expire 9 lines
11-16 07:51:00.343 I/chatty  ( 1571): uid=1000(system) Binder:1571_2 expire 1 line
11-16 07:51:01.203 W/ViewRootImpl[GameWebActivity](23847): Cancelling event due to no window focus: KeyEvent { action=ACTION_UP, keyCode=KEYCODE_DPAD_LEFT, scanCode=0, metaState=0, flags=0x420, repeatCount=0, eventTime=269464416, downTime=269464416, deviceId=-1, source=0x101 }
11-16 07:51:01.206 W/ViewRootImpl[GameWebActivity](23847): Dropping event due to no window focus: KeyEvent { action=ACTION_DOWN, keyCode=KEYCODE_DPAD_LEFT, scanCode=0, metaState=0, flags=0x400, repeatCount=0, eventTime=269464416, downTime=269464416, deviceId=-1, source=0x101 }
11-16 07:51:01.206 W/ViewRootImpl[GameWebActivity](23847): Cancelling event due to no window focus: KeyEvent { action=ACTION_UP, keyCode=KEYCODE_DPAD_LEFT, scanCode=0, metaState=0, flags=0x420, repeatCount=0, eventTime=269464416, downTime=269464416, deviceId=-1, source=0x101 }
11-16 07:51:01.206 W/ViewRootImpl[GameWebActivity](23847): Dropping event due to no window focus: KeyEvent { action=ACTION_DOWN, keyCode=KEYCODE_DPAD_LEFT, scanCode=0, metaState=0, flags=0x400, repeatCount=0, eventTime=269464416, downTime=269464416, deviceId=-1, source=0x101 }
11-16 07:51:01.206 W/ViewRootImpl[GameWebActivity](23847): Cancelling event due to no window focus: KeyEvent { action=ACTION_UP, keyCode=KEYCODE_DPAD_LEFT, scanCode=0, metaState=0, flags=0x420, repeatCount=0, eventTime=269464416, downTime=269464416, deviceId=-1, source=0x101 }
11-16 07:51:03.952 I/chatty  ( 1571): uid=1000(system) Binder:1571_13 expire 4 lines
11-16 07:51:04.390 W/ViewRootImpl[GamesAllActivity](23847): Dropping event due to no window focus: KeyEvent { action=ACTION_DOWN, keyCode=KEYCODE_DPAD_LEFT, scanCode=0, metaState=0, flags=0x8, repeatCount=0, eventTime=269467717, downTime=269467717, deviceId=-1, source=0x101 }
11-16 07:51:04.392 W/ViewRootImpl[GamesAllActivity](23847): Cancelling event due to no window focus: KeyEvent { action=ACTION_UP, keyCode=KEYCODE_DPAD_LEFT, scanCode=0, metaState=0, flags=0x28, repeatCount=0, eventTime=269467720, downTime=269467720, deviceId=-1, source=0x101 }
11-16 07:51:04.392 I/chatty  (23847): uid=10695(u0_a695) com.fast.messages.social.messenger.free identical 11 lines
11-16 07:51:04.392 W/ViewRootImpl[GamesAllActivity](23847): Cancelling event due to no window focus: KeyEvent { action=ACTION_UP, keyCode=KEYCODE_DPAD_LEFT, scanCode=0, metaState=0, flags=0x28, repeatCount=0, eventTime=269467720, downTime=269467720, deviceId=-1, source=0x101 }
11-16 07:51:05.411 I/chatty  ( 1571): uid=1000(system) Binder:1571_14 expire 5 lines
11-16 07:51:08.113 I/chatty  ( 1571): uid=1000(system) Binder:1571_8 expire 1 line
11-16 07:51:08.202 W/ViewRootImpl[GameWebActivity](23847): Dropping event due to no window focus: KeyEvent { action=ACTION_DOWN, keyCode=KEYCODE_DPAD_RIGHT, scanCode=0, metaState=0, flags=0x8, repeatCount=0, eventTime=269471527, downTime=269471527, deviceId=-1, source=0x101 }
11-16 07:51:08.202 W/ViewRootImpl[GameWebActivity](23847): Cancelling event due to no window focus: KeyEvent { action=ACTION_UP, keyCode=KEYCODE_DPAD_RIGHT, scanCode=0, metaState=0, flags=0x28, repeatCount=0, eventTime=269471546, downTime=269471546, deviceId=-1, source=0x101 }
11-16 07:51:08.202 W/ViewRootImpl[GameWebActivity](23847): Cancelling event due to no window focus: KeyEvent { action=ACTION_UP, keyCode=KEYCODE_DPAD_RIGHT, scanCode=0, metaState=0, flags=0x28, repeatCount=0, eventTime=269471546, downTime=269471546, deviceId=-1, source=0x101 }
11-16 07:51:12.942 I/chatty  ( 1571): uid=1000(system) Binder:1571_20 expire 8 lines
11-16 07:51:14.438 I/chatty  ( 1571): uid=1000(system) Binder:1571_12 expire 7 lines
11-16 07:51:18.340 I/chatty  ( 1571): uid=1000(system) Binder:1571_18 expire 1 line
11-16 07:51:18.521 I/chatty  ( 1571): uid=1000(system) Binder:1571_B expire 5 lines
11-16 07:51:22.193 I/chatty  ( 1571): uid=1000(system) Binder:1571_16 expire 17 lines
11-16 07:51:22.829 I/chatty  ( 1571): uid=1000(system) Binder:1571_1 expire 4 lines
11-16 07:51:30.099 I/chatty  ( 1571): uid=1000(system) Binder:1571_7 expire 6 lines
11-16 07:51:39.030 I/chatty  ( 1571): uid=1000(system) Binder:1571_1C expire 5 lines
11-16 07:51:48.371 W/ContextImpl(22927): Calling a method in the system process without a qualified user: android.app.ContextImpl.startActivity:845 android.content.ContextWrapper.startActivity:366 android.service.quicksettings.TileService.startActivityAndCollapse:308 com.sonymobile.settings.qs.RoamingTileService.startRoamingActivity:44 com.sonymobile.settings.qs.RoamingTileService.onClick:36 
11-16 07:51:48.372 W/ContextImpl(22927): Calling a method in the system process without a qualified user: android.app.ContextImpl.startActivity:857 android.app.ContextImpl.startActivity:846 android.content.ContextWrapper.startActivity:366 android.service.quicksettings.TileService.startActivityAndCollapse:308 com.sonymobile.settings.qs.RoamingTileService.startRoamingActivity:44 
11-16 07:52:03.511 I/chatty  ( 1571): uid=1000(system) Binder:1571_10 expire 4 lines
11-16 07:52:14.610 I/chatty  ( 1571): uid=1000(system) Binder:1571_4 expire 3 lines
11-16 07:52:19.716 I/chatty  ( 1571): uid=1000(system) Binder:1571_A expire 2 lines
11-16 07:52:53.800 I/chatty  ( 1571): uid=1000(system) Binder:1571_E expire 3 lines
11-16 07:52:55.455 W/ContextImpl(22927): Calling a method in the system process without a qualified user: android.app.ContextImpl.startActivity:845 android.content.ContextWrapper.startActivity:366 android.service.quicksettings.TileService.startActivityAndCollapse:308 com.sonymobile.settings.qs.RoamingTileService.startRoamingActivity:44 com.sonymobile.settings.qs.RoamingTileService.onClick:36 
11-16 07:52:55.455 W/ContextImpl(22927): Calling a method in the system process without a qualified user: android.app.ContextImpl.startActivity:857 android.app.ContextImpl.startActivity:846 android.content.ContextWrapper.startActivity:366 android.service.quicksettings.TileService.startActivityAndCollapse:308 com.sonymobile.settings.qs.RoamingTileService.startRoamingActivity:44 
11-16 07:52:56.080 I/chatty  ( 1571): uid=1000(system) Binder:1571_16 expire 4 lines
11-16 07:52:56.173 I/chatty  ( 1571): uid=1000(system) Binder:1571_19 expire 1 line
11-16 07:52:56.173 I/chatty  ( 1571): uid=1000(system) ActivityManager expire 6 lines
11-16 07:52:56.180 I/wificond( 1141): Unregister interface event callback
11-16 07:52:56.182 I/chatty  ( 1571): uid=1000 system_server expire 6 lines
11-16 07:52:56.185 I/wificond( 1141): Unsubscribe scan result for interface with index: 23
11-16 07:52:56.195 I/chatty  ( 1571): uid=1000(system) Binder:1571_7 expire 1 line
11-16 07:52:56.204 W/wificond( 1141): No handler for scan result notification from interface with index: 23
11-16 07:52:56.224 I/chatty  ( 1571): uid=1000(system) Binder:1571_1B expire 4 lines
11-16 07:52:56.252 I/chatty  ( 1571): uid=1000(system) ConnectivitySer expire 1 line
11-16 07:52:56.325 I/chatty  ( 1571): uid=1000(system) Binder:1571_1C expire 1 line
11-16 07:52:56.408 I/android.hardware.wifi@1.0-service(  905): Wifi HAL stopped
11-16 07:52:56.409 I/chatty  ( 1571): uid=1000(system) batterystats-sy expire 2 lines
11-16 07:52:56.476 I/chatty  ( 1571): uid=1000(system) Binder:1571_17 expire 4 lines
11-16 07:52:57.553 I/chatty  ( 1571): uid=1000(system) android.anim expire 24 lines
11-16 07:52:57.780 I/chatty  ( 1571): uid=1000(system) Binder:1571_4 expire 3 lines
11-16 07:52:58.656 I/chatty  ( 1571): uid=1000(system) android.ui expire 33 lines
11-16 07:53:05.806 I/chatty  ( 1571): uid=1000(system) Binder:1571_1D expire 3 lines
11-16 07:53:07.807 I/chatty  ( 1571): uid=1000(system) Binder:1571_A expire 3 lines
11-16 07:53:11.176 I/chatty  ( 1571): uid=1000(system) WifiStateMachin expire 1 line
11-16 07:53:14.672 I/chatty  ( 1571): uid=1000(system) Binder:1571_1F expire 1 line
11-16 07:53:16.381 I/chatty  ( 1571): uid=1000(system) Binder:1571_20 expire 5 lines
11-16 07:53:33.870 I/chatty  ( 1571): uid=1000(system) Binder:1571_2 expire 4 lines
11-16 07:53:38.370 I/chatty  ( 1571): uid=1000(system) Binder:1571_13 expire 3 lines
11-16 07:53:40.487 I/chatty  ( 1571): uid=1000(system) Binder:1571_3 expire 3 lines
11-16 07:53:42.582 I/chatty  ( 1571): uid=1000(system) Binder:1571_8 expire 9 lines
11-16 07:53:52.870 I/chatty  ( 1571): uid=1000(system) Binder:1571_15 expire 5 lines
11-16 07:53:59.528 I/chatty  ( 1571): uid=1000(system) Binder:1571_B expire 3 lines
11-16 07:54:06.817 I/chatty  ( 1571): uid=1000(system) Binder:1571_C expire 6 lines
11-16 07:54:33.000 I/chatty  ( 1571): uid=1000(system) Binder:1571_D expire 5 lines
11-16 07:54:33.421 I/chatty  ( 1571): uid=1000(system) Binder:1571_10 expire 7 lines
11-16 07:54:34.683 I/chatty  ( 1571): uid=1000(system) Binder:1571_F expire 1 line
11-16 07:54:50.754 W/ViewRootImpl[SystemUIDialog]( 2210): Dropping event due to root view being removed: MotionEvent { action=ACTION_MOVE, actionButton=0, id[0]=0, x[0]=845.3793, y[0]=-510.74503, toolType[0]=TOOL_TYPE_UNKNOWN, buttonState=0, metaState=0, flags=0x0, edgeFlags=0x0, pointerCount=1, historySize=4, eventTime=269694094, downTime=269694089, deviceId=0, source=0x1002 }
11-16 07:54:50.754 I/chatty  ( 1571): uid=1000(system) Binder:1571_1 expire 3 lines
11-16 07:54:52.495 I/chatty  ( 1571): uid=1000(system) Binder:1571_10 expire 1 line
11-16 07:54:52.689 I/chatty  ( 1571): uid=1000(system) android.anim expire 15 lines
11-16 07:54:55.224 I/chatty  ( 1571): uid=1000(system) Binder:1571_5 expire 17 lines
11-16 07:54:56.505 V/DeadZone( 2210): consuming errant click: (83.0,531.0)
11-16 07:54:57.971 I/chatty  ( 1571): uid=1000(system) Binder:1571_D expire 9 lines
11-16 07:54:58.186 V/DeadZone( 2210): consuming errant click: (123.0,493.0)
11-16 07:55:01.376 I/chatty  ( 1571): uid=1000(system) InputDispatcher expire 1 line
11-16 07:55:03.408 I/chatty  ( 1571): uid=1000(system) Binder:1571_18 expire 2 lines
11-16 07:55:08.258 I/chatty  ( 1571): uid=1000(system) android.io expire 17 lines
11-16 07:55:08.276 I/chatty  ( 1571): uid=1000 system_server expire 1 line
11-16 07:55:08.445 I/chatty  ( 1571): uid=1000(system) Binder:1571_1B expire 8 lines
11-16 07:55:08.856 I/chatty  ( 1571): uid=1000(system) android.ui expire 10 lines
11-16 07:55:14.758 I/chatty  ( 1571): uid=1000(system) Binder:1571_19 expire 2 lines
11-16 07:55:18.784 I/chatty  ( 1571): uid=1000(system) Binder:1571_1F expire 7 lines
11-16 07:55:21.092 I/chatty  ( 1571): uid=1000(system) Binder:1571_6 expire 5 lines
11-16 07:55:31.675 I/chatty  ( 1571): uid=1000(system) Binder:1571_B expire 11 lines
11-16 07:55:39.858 I/chatty  ( 1571): uid=1000(system) Binder:1571_E expire 2 lines
11-16 07:55:48.062 I/chatty  ( 1571): uid=1000(system) Binder:1571_8 expire 1 line
11-16 07:55:56.270 I/chatty  ( 1571): uid=1000(system) Binder:1571_1A expire 9 lines
11-16 07:55:57.931 I/chatty  ( 1571): uid=1000(system) Binder:1571_13 expire 5 lines
11-16 07:56:06.410 V/DeadZone( 2210): consuming errant click: (137.0,157.0)
11-16 07:56:07.265 V/DeadZone( 2210): consuming errant click: (137.0,315.0)
11-16 07:56:08.093 I/chatty  ( 1571): uid=1000(system) Binder:1571_5 expire 4 lines
11-16 07:56:09.035 W/ContextImpl(22927): Calling a method in the system process without a qualified user: android.app.ContextImpl.startActivity:845 android.content.ContextWrapper.startActivity:366 android.service.quicksettings.TileService.startActivityAndCollapse:308 com.sonymobile.settings.qs.RoamingTileService.startRoamingActivity:44 com.sonymobile.settings.qs.RoamingTileService.onClick:36 
11-16 07:56:09.035 W/ContextImpl(22927): Calling a method in the system process without a qualified user: android.app.ContextImpl.startActivity:857 android.app.ContextImpl.startActivity:846 android.content.ContextWrapper.startActivity:366 android.service.quicksettings.TileService.startActivityAndCollapse:308 com.sonymobile.settings.qs.RoamingTileService.startRoamingActivity:44 
11-16 07:56:12.362 I/chatty  ( 1571): uid=1000(system) Binder:1571_3 expire 1 line
11-16 07:56:27.551 I/chatty  ( 1571): uid=1000(system) Binder:1571_A expire 3 lines
11-16 07:56:28.217 I/chatty  ( 1571): uid=1000(system) Binder:1571_1E expire 3 lines
11-16 07:56:37.582 V/DeadZone( 2210): consuming errant click: (135.0,96.0)
11-16 07:56:37.791 W/ViewRootImpl[GameWebActivity](23847): Cancelling event due to no window focus: KeyEvent { action=ACTION_UP, keyCode=KEYCODE_DPAD_CENTER, scanCode=0, metaState=0, flags=0x28, repeatCount=0, eventTime=269801148, downTime=269801148, deviceId=-1, source=0x101 }
11-16 07:56:37.793 I/chatty  (23847): uid=10695(u0_a695) com.fast.messages.social.messenger.free identical 4 lines
11-16 07:56:37.793 W/ViewRootImpl[GameWebActivity](23847): Cancelling event due to no window focus: KeyEvent { action=ACTION_UP, keyCode=KEYCODE_DPAD_CENTER, scanCode=0, metaState=0, flags=0x28, repeatCount=0, eventTime=269801148, downTime=269801148, deviceId=-1, source=0x101 }
11-16 07:56:38.423 V/DeadZone( 2210): consuming errant click: (94.0,176.0)
11-16 07:56:39.448 I/chatty  ( 1571): uid=1000(system) android.anim expire 3 lines
11-16 07:56:40.212 I/chatty  ( 1571): uid=1000(system) Binder:1571_20 expire 2 lines
11-16 07:56:40.863 I/chatty  ( 1571): uid=1000(system) Binder:1571_15 expire 1 line
11-16 07:56:47.454 I/chatty  ( 1571): uid=1000(system) Binder:1571_14 expire 6 lines
11-16 07:56:51.240 W/ViewRootImpl[GameWebActivity](23847): Dropping event due to no window focus: KeyEvent { action=ACTION_DOWN, keyCode=KEYCODE_MUHENKAN, scanCode=0, metaState=0, flags=0x8, repeatCount=0, eventTime=269814596, downTime=269814596, deviceId=-1, source=0x101 }
11-16 07:56:54.004 I/chatty  ( 1571): uid=1000(system) Binder:1571_B expire 2 lines
11-16 07:56:57.226 I/chatty  ( 1571): uid=1000(system) android.ui expire 19 lines
11-16 07:56:58.977 I/chatty  ( 1571): uid=1000(system) android.anim expire 10 lines
11-16 07:56:59.615 I/chatty  ( 1571): uid=1000(system) Binder:1571_5 expire 7 lines
11-16 07:57:03.362 I/chatty  ( 1571): uid=1000(system) Binder:1571_14 expire 13 lines
11-16 07:57:04.863 I/chatty  ( 1571): uid=1000(system) Binder:1571_16 expire 11 lines
11-16 07:57:16.930 I/chatty  ( 1571): uid=1000(system) Binder:1571_B expire 14 lines
11-16 07:57:18.830 I/chatty  ( 1571): uid=1000(system) Binder:1571_13 expire 7 lines
11-16 07:57:22.316 I/chatty  ( 1571): uid=1000(system) Binder:1571_E expire 14 lines
11-16 07:57:41.847 W/ViewRootImpl[GameWebActivity](23847): Cancelling event due to no window focus: KeyEvent { action=ACTION_UP, keyCode=KEYCODE_DPAD_UP, scanCode=0, metaState=0, flags=0x420, repeatCount=0, eventTime=269865141, downTime=269865141, deviceId=-1, source=0x101 }
11-16 07:57:41.847 I/chatty  (23847): uid=10695(u0_a695) com.fast.messages.social.messenger.free identical 2 lines
11-16 07:57:41.848 W/ViewRootImpl[GameWebActivity](23847): Cancelling event due to no window focus: KeyEvent { action=ACTION_UP, keyCode=KEYCODE_DPAD_UP, scanCode=0, metaState=0, flags=0x420, repeatCount=0, eventTime=269865141, downTime=269865141, deviceId=-1, source=0x101 }
11-16 07:57:41.985 I/chatty  ( 1571): uid=1000(system) Binder:1571_1C expire 12 lines
11-16 07:57:49.863 I/chatty  ( 1571): uid=1000(system) Binder:1571_14 expire 2 lines
11-16 07:57:53.265 I/chatty  ( 1571): uid=1000(system) InputDispatcher expire 1 line
11-16 07:58:04.599 I/chatty  ( 1571): uid=1000(system) Binder:1571_1A expire 3 lines
11-16 07:58:19.937 V/DeadZone( 2210): consuming errant click: (129.0,205.0)
11-16 07:58:20.367 W/ContextImpl(22927): Calling a method in the system process without a qualified user: android.app.ContextImpl.startActivity:845 android.content.ContextWrapper.startActivity:366 android.service.quicksettings.TileService.startActivityAndCollapse:308 com.sonymobile.settings.qs.RoamingTileService.startRoamingActivity:44 com.sonymobile.settings.qs.RoamingTileService.onClick:36 
11-16 07:58:20.367 W/ContextImpl(22927): Calling a method in the system process without a qualified user: android.app.ContextImpl.startActivity:857 android.app.ContextImpl.startActivity:846 android.content.ContextWrapper.startActivity:366 android.service.quicksettings.TileService.startActivityAndCollapse:308 com.sonymobile.settings.qs.RoamingTileService.startRoamingActivity:44 
11-16 07:58:23.709 V/DeadZone( 2210): consuming errant click: (128.0,122.0)
11-16 07:58:29.870 V/DeadZone( 2210): consuming errant click: (77.0,745.0)
11-16 07:58:31.537 I/chatty  ( 1571): uid=1000(system) Binder:1571_16 expire 1 line
11-16 07:58:32.141 I/chatty  ( 1571): uid=1000(system) android.anim expire 13 lines
11-16 07:58:32.214 I/chatty  ( 1571): uid=1000(system) Binder:1571_8 expire 4 lines
11-16 07:58:33.708 I/chatty  ( 1571): uid=1000(system) Binder:1571_6 expire 3 lines
11-16 07:58:39.006 I/chatty  ( 1571): uid=1000(system) Binder:1571_1E expire 1 line
11-16 07:58:41.304 I/chatty  ( 1571): uid=1000(system) Binder:1571_4 expire 1 line
11-16 07:58:43.430 I/chatty  ( 1571): uid=1000(system) Binder:1571_12 expire 8 lines
11-16 07:58:50.295 V/DeadZone( 2210): consuming errant click: (80.0,989.0)
11-16 07:58:51.139 V/DeadZone( 2210): consuming errant click: (102.0,885.0)
11-16 07:58:51.772 V/DeadZone( 2210): consuming errant click: (88.0,634.0)
11-16 07:58:52.830 I/chatty  ( 1571): uid=1000(system) Binder:1571_E expire 4 lines
11-16 07:58:53.078 I/chatty  ( 1571): uid=1000(system) Binder:1571_1B expire 4 lines
11-16 07:58:55.146 I/chatty  ( 1571): uid=1000(system) Binder:1571_3 expire 1 line
11-16 07:58:56.880 I/chatty  ( 1571): uid=1000(system) android.ui expire 4 lines
11-16 07:59:14.878 I/chatty  ( 1571): uid=1000(system) Binder:1571_1F expire 2 lines
11-16 07:59:23.833 I/chatty  ( 1571): uid=1000(system) Binder:1571_7 expire 3 lines
11-16 07:59:28.178 I/chatty  ( 1571): uid=1000(system) Binder:1571_13 expire 3 lines
11-16 07:59:28.411 I/chatty  ( 1571): uid=1000(system) android.anim expire 11 lines
11-16 07:59:28.480 I/chatty  ( 1571): uid=1000(system) Binder:1571_1F expire 3 lines
11-16 07:59:29.290 I/chatty  ( 1571): uid=1000(system) Binder:1571_F expire 2 lines
11-16 07:59:29.678 I/chatty  ( 1571): uid=1000(system) Binder:1571_12 expire 6 lines
11-16 07:59:32.441 W/ContextImpl(22927): Calling a method in the system process without a qualified user: android.app.ContextImpl.startActivity:845 android.content.ContextWrapper.startActivity:366 android.service.quicksettings.TileService.startActivityAndCollapse:308 com.sonymobile.settings.qs.RoamingTileService.startRoamingActivity:44 com.sonymobile.settings.qs.RoamingTileService.onClick:36 
11-16 07:59:32.441 W/ContextImpl(22927): Calling a method in the system process without a qualified user: android.app.ContextImpl.startActivity:857 android.app.ContextImpl.startActivity:846 android.content.ContextWrapper.startActivity:366 android.service.quicksettings.TileService.startActivityAndCollapse:308 com.sonymobile.settings.qs.RoamingTileService.startRoamingActivity:44 
11-16 07:59:32.442 I/chatty  ( 1571): uid=1000(system) Binder:1571_4 expire 1 line
11-16 07:59:32.860 I/chatty  ( 1571): uid=1000(system) android.io expire 35 lines
11-16 07:59:33.091 I/chatty  ( 1571): uid=1000 system_server expire 24 lines
11-16 07:59:33.659 I/chatty  ( 1571): uid=1000(system) Binder:1571_20 expire 6 lines
11-16 07:59:34.309 W/ContextImpl(22927): Calling a method in the system process without a qualified user: android.app.ContextImpl.startActivity:845 android.content.ContextWrapper.startActivity:366 android.service.quicksettings.TileService.startActivityAndCollapse:308 com.sonymobile.settings.qs.RoamingTileService.startRoamingActivity:44 com.sonymobile.settings.qs.RoamingTileService.onClick:36 
11-16 07:59:34.309 W/ContextImpl(22927): Calling a method in the system process without a qualified user: android.app.ContextImpl.startActivity:857 android.app.ContextImpl.startActivity:846 android.content.ContextWrapper.startActivity:366 android.service.quicksettings.TileService.startActivityAndCollapse:308 com.sonymobile.settings.qs.RoamingTileService.startRoamingActivity:44 
11-16 07:59:34.310 I/chatty  ( 1571): uid=1000(system) Binder:1571_E expire 3 lines
11-16 07:59:35.850 I/android.hardware.wifi@1.0-service(  905): Wifi HAL started
11-16 07:59:35.970 I/chatty  ( 1571): uid=1000(system) ActivityManager expire 7 lines
11-16 07:59:36.034 I/Telephony( 2347): PstnIncomingCallNotifier: Unregistering: Handler (com.qualcomm.qti.internal.telephony.QtiGsmCdmaPhone) {6989e66}
11-16 07:59:36.055 I/Telephony( 2347): AccountEntry: Registered phoneAccount: [[ ] PhoneAccount: ComponentInfo{com.android.phone/com.android.services.telephony.TelephonyConnectionService}, [****], UserHandle{0} Capabilities: CallProvider MultiUser PlaceEmerg SimSub  Audio Routes: BESW Schemes: tel voicemail  Extras: Bundle[{android.telecom.extra.SORT_ORDER=-1, codeaurora.org.extra.ALWAYS_USE_VOIP_AUDIO_MODE=false}] GroupId: [****]] with handle: ComponentInfo{com.android.phone/com.android.services.telephony.TelephonyConnectionService}, [****], UserHandle{0}
11-16 07:59:36.055 I/Telephony( 2347): PstnIncomingCallNotifier: Registering: Handler (com.qualcomm.qti.internal.telephony.QtiGsmCdmaPhone) {6989e66}
11-16 07:59:36.076 I/Telephony( 2347): PstnIncomingCallNotifier: Unregistering: Handler (com.qualcomm.qti.internal.telephony.QtiGsmCdmaPhone) {6989e66}
11-16 07:59:36.094 I/Telephony( 2347): AccountEntry: Registered phoneAccount: [[ ] PhoneAccount: ComponentInfo{com.android.phone/com.android.services.telephony.TelephonyConnectionService}, [****], UserHandle{0} Capabilities: CallProvider MultiUser PlaceEmerg SimSub  Audio Routes: BESW Schemes: tel voicemail  Extras: Bundle[{android.telecom.extra.SORT_ORDER=-1, codeaurora.org.extra.ALWAYS_USE_VOIP_AUDIO_MODE=false}] GroupId: [****]] with handle: ComponentInfo{com.android.phone/com.android.services.telephony.TelephonyConnectionService}, [****], UserHandle{0}
11-16 07:59:36.094 I/Telephony( 2347): PstnIncomingCallNotifier: Registering: Handler (com.qualcomm.qti.internal.telephony.QtiGsmCdmaPhone) {6989e66}
11-16 07:59:36.099 I/Telephony( 2347): PstnPhoneCapabilitiesNotifier: handleVideoCapabilitesChanged. Video capability - false
11-16 07:59:36.106 I/Telephony( 2347): PstnPhoneCapabilitiesNotifier: handleVideoCapabilitesChanged. Video capability - false
11-16 07:59:36.112 I/wificond( 1141): create scanner for interface with index: 23
11-16 07:59:36.112 I/wificond( 1141): subscribe scan result for interface with index: 23
11-16 07:59:36.362 I/wificond( 1141): New interface event callback registered
11-16 07:59:36.381 I/wificond( 1141): Unregister interface event callback
11-16 07:59:36.402 I/wificond( 1141): Unsubscribe scan result for interface with index: 23
11-16 07:59:36.648 I/chatty  ( 1571): uid=1000(system) android.ui expire 12 lines
11-16 07:59:36.649 I/android.hardware.wifi@1.0-service(  905): Wifi HAL stopped
11-16 07:59:36.650 I/chatty  ( 1571): uid=1000(system) batterystats-sy expire 4 lines
11-16 07:59:36.810 I/chatty  ( 1571): uid=1000(system) Binder:1571_1E expire 1 line
11-16 07:59:36.888 I/Telephony( 2347): PstnIncomingCallNotifier: Unregistering: Handler (com.qualcomm.qti.internal.telephony.QtiGsmCdmaPhone) {6989e66}
11-16 07:59:36.907 I/chatty  ( 1571): uid=1000(system) Binder:1571_10 expire 8 lines
11-16 07:59:36.914 I/Telephony( 2347): AccountEntry: Registered phoneAccount: [[ ] PhoneAccount: ComponentInfo{com.android.phone/com.android.services.telephony.TelephonyConnectionService}, [****], UserHandle{0} Capabilities: CallProvider MultiUser PlaceEmerg SimSub  Audio Routes: BESW Schemes: tel voicemail  Extras: Bundle[{android.telecom.extra.SORT_ORDER=-1, codeaurora.org.extra.ALWAYS_USE_VOIP_AUDIO_MODE=false}] GroupId: [****]] with handle: ComponentInfo{com.android.phone/com.android.services.telephony.TelephonyConnectionService}, [****], UserHandle{0}
11-16 07:59:36.915 I/Telephony( 2347): PstnIncomingCallNotifier: Registering: Handler (com.qualcomm.qti.internal.telephony.QtiGsmCdmaPhone) {6989e66}
11-16 07:59:36.933 I/Telephony( 2347): PstnIncomingCallNotifier: Unregistering: Handler (com.qualcomm.qti.internal.telephony.QtiGsmCdmaPhone) {6989e66}
11-16 07:59:36.948 I/Telephony( 2347): AccountEntry: Registered phoneAccount: [[ ] PhoneAccount: ComponentInfo{com.android.phone/com.android.services.telephony.TelephonyConnectionService}, [****], UserHandle{0} Capabilities: CallProvider MultiUser PlaceEmerg SimSub  Audio Routes: BESW Schemes: tel voicemail  Extras: Bundle[{android.telecom.extra.SORT_ORDER=-1, codeaurora.org.extra.ALWAYS_USE_VOIP_AUDIO_MODE=false}] GroupId: [****]] with handle: ComponentInfo{com.android.phone/com.android.services.telephony.TelephonyConnectionService}, [****], UserHandle{0}
11-16 07:59:36.948 I/Telephony( 2347): PstnIncomingCallNotifier: Registering: Handler (com.qualcomm.qti.internal.telephony.QtiGsmCdmaPhone) {6989e66}
11-16 07:59:36.961 I/Telephony( 2347): PstnPhoneCapabilitiesNotifier: handleVideoCapabilitesChanged. Video capability - false
11-16 07:59:36.967 I/Telephony( 2347): PstnPhoneCapabilitiesNotifier: handleVideoCapabilitesChanged. Video capability - false
11-16 07:59:39.044 I/chatty  ( 1571): uid=1000(system) Binder:1571_18 expire 5 lines
11-16 07:59:40.731 I/chatty  ( 1571): uid=1000(system) Binder:1571_14 expire 2 lines
11-16 07:59:41.816 V/DeadZone( 2210): consuming errant click: (82.0,992.0)
11-16 07:59:45.581 I/chatty  ( 1571): uid=1000(system) Binder:1571_6 expire 7 lines
