11-12 10:34:39.001 I/MediaExtractor(  616): content 'application/ogg' with conf 0.20
11-12 10:34:39.002 D/HwPhoneStatusBar( 2017): No peeking: not allowed notification: 0|com.eyefilter.night|4321|null|10125
11-12 10:34:39.003 I/PhoneStatusBar( 2017): updateNotificationShade: total=3, active=3
11-12 10:34:39.003 W/PhoneStatusBar( 2017): updateNotificationShade hasFaceDT: false; Detected:false
11-12 10:34:39.003 I/MediaExtractorService(  616): makeExtractor ((null)), uid = 1013
11-12 10:34:39.004 V/GenericSource(  619): initFromDataSource track[0]: audio/vorbis
11-12 10:34:39.005 D/ReporterUtil( 2017):  e id:344 type:{pkg:com.eyefilter.night,hw_type:null,hw_btw:false,onGoing:true,importance:3}
11-12 10:34:39.005 V/GenericSource(  619): initFromDataSource mSources.size(): 1  mIsSecure: 0  mime[0]: audio/vorbis
11-12 10:34:39.005 V/GenericSource(  619): checkDrmInfo: No PSSH
11-12 10:34:39.005 V/GenericSource(  619): finishPrepareAsync
11-12 10:34:39.005 V/NuPlayer(  619): Source::notifyPrepared 0
11-12 10:34:39.005 V/GenericSource(  619): onPrepareAsync: Done
11-12 10:34:39.005 V/NuPlayer(  619): onSourceNotify() kWhatFlagsChanged  FLAG_CAN_PAUSE: 1  FLAG_CAN_SEEK_BACKWARD: 1 
11-12 10:34:39.005 V/NuPlayer(  619): 				 FLAG_CAN_SEEK_FORWARD: 1  FLAG_CAN_SEEK: 1  FLAG_DYNAMIC_DURATION: 0 
11-12 10:34:39.005 V/NuPlayer(  619): 				 FLAG_SECURE: 0  FLAG_PROTECTED: 0
11-12 10:34:39.005 V/NuPlayer(  619): NuPlayer::onSourceNotify Source::kWhatPrepared source: 0xe9948300
11-12 10:34:39.005 D/NuPlayerDriver(  619): notifyListener_l(0xe991d1c0), (1, 0, 0, -1), loop setting(0, 0)
11-12 10:34:39.005 E/BDLog   ( 2124): BD.FilterImpl:com.android.systemui 344 times= 100 over threshold
11-12 10:34:39.005 E/BDLog   ( 2124): BD.FilterImpl:com.android.systemui344 is illLegal
11-12 10:34:39.005 D/MediaPlayerNative( 2017): Message: MEDIA_PREPARED(1), ext1=0, ext2=0x0
11-12 10:34:39.005 D/MediaPlayerNative( 2017): [notify] : [1204] callback app listenerNotNull=1, send=1
11-12 10:34:39.005 D/MediaPlayerNative( 2017): [notify] : [1216] callback application
11-12 10:34:39.007 V/AudioManager( 2017): isMusicActiveRemotely...
11-12 10:34:39.007 V/AudioManager( 2017): requestAudioFocus  streamType: 5  durationHint: 3
11-12 10:34:39.007 V/AudioManager( 2017): registerAudioFocusListener...
11-12 10:34:39.008 I/MediaPlayer( 2017): [HSM] stayAwake true uid: 10027, pid: 2017
11-12 10:34:39.008 E/HsmCoreServiceImpl( 1881): onTransact in code is: 102
11-12 10:34:39.008 I/MediaProcessHandler( 1881): processOp opType: 0, uid: 10027, pid: 2017
11-12 10:34:39.008 I/MediaProcessHandler( 1881): executedCallBack opType: 0 mMediaStatusObservers.size=0
11-12 10:34:39.008 I/MediaPlayerNative( 2017): Pid:2017 MediaPlayer::start
11-12 10:34:39.008 D/NuPlayerDriver(  619): start(0xe991d1c0), state is 4, eos is 0
11-12 10:34:39.008 D/MediaPlayerNative( 2017): Action:start, CurrentState:MEDIA_PLAYER_STARTED
11-12 10:34:39.008 V/NuPlayer(  619): kWhatStart
11-12 10:34:39.008 V/NuPlayer(  619): onStart: mCrypto: 0x0 (0)
11-12 10:34:39.008 I/RingtonePlayer( 2017): releaseWakeLock.
11-12 10:34:39.010 I/hash_map_utils(  607): key: 'mode' value: ''
11-12 10:34:39.010 V/APM_AudioPolicyManager(  607): isOffloadSupported: SR=44100, CM=0x3, Format=0x7000000, StreamType=5, BitRate=4294967295, duration=923718 us, has_video=0
11-12 10:34:39.010 V/APM_AudioPolicyManager(  607): isOffloadSupported: stream_type != MUSIC, returning false
11-12 10:34:39.010 V/NuPlayer(  619): Renderer::canCreateDirect() = 1 
11-12 10:34:39.010 I/hash_map_utils(  607): key: 'mode' value: ''
11-12 10:34:39.010 I/GenericSource(  619): start  needStop = 0 
11-12 10:34:39.012 V/NuPlayer(  619): scanning sources haveAudio=0, haveVideo=0
11-12 10:34:39.013 I/hash_map_utils(  607): key: 'mode' value: ''
11-12 10:34:39.013 V/APM_AudioPolicyManager(  607): isOffloadSupported: SR=44100, CM=0x3, Format=0x7000000, StreamType=5, BitRate=4294967295, duration=923718 us, has_video=0
11-12 10:34:39.013 V/APM_AudioPolicyManager(  607): isOffloadSupported: stream_type != MUSIC, returning false
11-12 10:34:39.013 I/hash_map_utils(  607): key: 'mode' value: ''
11-12 10:34:39.014 V/NuPlayer(  619): determineAudioModeChange Renderer::canCreateDirect() = 1
11-12 10:34:39.014 V/NuPlayer(  619): instantiateDecoder audio Decoder
11-12 10:34:39.015 W//system/bin/hwservicemanager(  423): Cannot open /odm/manifest.xml
11-12 10:34:39.016 I/OMXClient(  619): Treble IOmx obtained
11-12 10:34:39.016 I/OMXMaster(  625): makeComponentInstance(OMX.google.vorbis.decoder) in omx@1.0-service process
11-12 10:34:39.019 I/ACodec  (  619): In onAllocateComponent create compenent, codec name: OMX.google.vorbis.decoder
11-12 10:34:39.019 W/HwKeyguardDragHelper( 2017): AnimationBlocked
11-12 10:34:39.019 E/OMXNodeInstance(  625): setConfig(0xef623440:google.vorbis.decoder, ??(0x6f700006)) ERROR: Undefined(0x80001001)
11-12 10:34:39.020 W/HwExtendedUtils(  619): hw configLocalPlayBack err = -2147483648
11-12 10:34:39.020 I/HwExtendedCodec(  619): mime is [audio/vorbis] at setAudioFormat
11-12 10:34:39.020 E/OMXNodeInstance(  625): setConfig(0xef623440:google.vorbis.decoder, ConfigPriority(0x6f800002)) ERROR: Undefined(0x80001001)
11-12 10:34:39.020 I/ACodec  (  619): codec does not support config priority (err -2147483648)
11-12 10:34:39.021 E/OMXNodeInstance(  625): getConfig(0xef623440:google.vorbis.decoder, ConfigAndroidVendorExtension(0x6f100004)) ERROR: Undefined(0x80001001)
11-12 10:34:39.024 I/MediaCodec(  619): MediaCodec will operate in async mode
11-12 10:34:39.025 I/ACodec  (  619): onStart
11-12 10:34:39.026 W/SimpleSoftOMXComponent(  625): onChangeState mState= 1, mTargetState = 1, state = 2
11-12 10:34:39.026 W/SimpleSoftOMXComponent(  625): checkTransitions port is not populate
11-12 10:34:39.028 W//system/bin/hw/android.hidl.allocator@1.0-service(  506): ashmem_create_region(32768) returning hidl_memory(0x7676c2c3c0, 32768)
11-12 10:34:39.029 I/chatty  (  506): uid=1000(system) allocator@1.0-s identical 10 lines
11-12 10:34:39.030 W/SimpleSoftOMXComponent(  625): checkTransitions port is not populate
11-12 10:34:39.032 W/SimpleSoftOMXComponent(  625): checkTransitions mState = 1, mTargetState = 2
11-12 10:34:39.033 W/SimpleSoftOMXComponent(  625): onChangeState mState= 2, mTargetState = 2, state = 3
11-12 10:34:39.033 W/SimpleSoftOMXComponent(  625): checkTransitions mState = 2, mTargetState = 3
11-12 10:34:39.041 W//system/bin/hw/android.hidl.allocator@1.0-service(  506): ashmem_create_region(32768) returning hidl_memory(0x7676c2c3c0, 32768)
11-12 10:34:39.043 I/APM_AudioPolicyManager(  607): getOutputForDevice() returns output 13
11-12 10:34:39.044 I/APM_AudioPolicyManager(  607): getOutputForDevice() returns output 13
11-12 10:34:39.044 I/APM_AudioPolicyManager(  607): getOutputForAttr() attr usage=5 content=4 flags=0
11-12 10:34:39.044 I/APM_AudioPolicyManager(  607): getOutputForDevice() returns output 13
11-12 10:34:39.044 I/APM_AudioPolicyManager(  607): getOutputForAttr() returns output 13 stream 5
11-12 10:34:39.044 I/hash_map_utils(  607): key: 'mode' value: ''
11-12 10:34:39.044 D/HuaweiAudioFlinger(  607): AudioException do not check.now is not communication state!
11-12 10:34:39.044 D/AudioFlinger(  607): event 162 
11-12 10:34:39.045 I/AudioMixer(  607): Pid:607 add track (1)
11-12 10:34:39.045 D/AudioFlinger(  607): DevSched: uid is 10027, factor is 1.000000
11-12 10:34:39.045 D/AudioTrack(  619): OFFLOAD 0,mNotificationFrames 0,mStreamType =-1,mOriginalSampleRate 44100,mAfSampleRate 48000,mTransfer 3
11-12 10:34:39.046 D/AudioTrack(  619): Client defaulted notificationFrames to 7350 for frameCount 22050
11-12 10:34:39.046 I/APM_AudioPolicyManager(  607): startOutput() output 13, stream 5, session 265
11-12 10:34:39.046 D/APM_AudioPolicyManager(  607): event 164
11-12 10:34:39.046 E/baidu_asr_interface(  522): asr_baidu_set_parameters_data-not baidu asr
11-12 10:34:39.047 V/APM_AudioPolicyManager(  607): setBeaconMute(1) mBeaconMuteRefCount=1 mBeaconPlayingRefCount=0
11-12 10:34:39.047 I/APM_AudioPolicyManager(  607): getNewOutputDevice() selected device 6
11-12 10:34:39.047 I/APM_AudioPolicyManager(  607): setOutputDevice() device 0x0006 delayMs 0 force 0
11-12 10:34:39.047 V/APM_AudioPolicyManager(  607): setOutputDevice() prevDevice 0x0006
11-12 10:34:39.047 V/APM_AudioPolicyManager(  607): setStreamMute() stream 1, mute 1, mMuteCount 1 device 0006
11-12 10:34:39.047 V/APM_AudioPolicyManager(  607): setStreamMute() stream 3, mute 1, mMuteCount 1 device 0006
11-12 10:34:39.047 V/APM_AudioPolicyManager(  607): setStreamMute() stream 0, mute 1, mMuteCount 0 device 0006
11-12 10:34:39.047 D/APM::Gains(  607): volIndexToDb sUseVolCurveCust true
11-12 10:34:39.047 I/AudioFlinger(  607): setStreamVolume thread=0x775a0a0840; stream=0; value=0.000000
11-12 10:34:39.047 I/APM_AudioPolicyManager(  607): checkAndSetVolume:setVoiceVolume volume 0.000000, delay 0
11-12 10:34:39.047 I/audio_hw_primary(  522): adev_set_voice_volume volume: 0.
11-12 10:34:39.047 V/APM_AudioPolicyManager(  607): setStreamMute() stream 6, mute 1, mMuteCount 0 device 0006
11-12 10:34:39.047 V/APM_AudioPolicyManager(  607): checkAndSetVolume() cannot set stream 6 volume with force use = 0 for comm
11-12 10:34:39.047 V/APM_AudioPolicyManager(  607): setStreamMute() stream 8, mute 1, mMuteCount 0 device 0006
11-12 10:34:39.047 D/APM::Gains(  607): volIndexToDb sUseVolCurveCust true
11-12 10:34:39.048 V/APM_AudioPolicyManager(  607): setStreamMute() stream 9, mute 1, mMuteCount 1 device 0006
11-12 10:34:39.048 V/APM_AudioPolicyManager(  607): setStreamMute() stream 10, mute 1, mMuteCount 0 device 0006
11-12 10:34:39.048 D/APM::Gains(  607): volIndexToDb sUseVolCurveCust true
11-12 10:34:39.048 I/AudioFlinger(  607): setStreamVolume thread=0x775a0a0840; stream=10; value=0.000000
11-12 10:34:39.048 V/APM_AudioPolicyManager(  607): setStreamMute() stream 11, mute 1, mMuteCount 0 device 0006
11-12 10:34:39.048 D/APM::Gains(  607): volIndexToDb sUseVolCurveCust true
11-12 10:34:39.048 I/APM_AudioPolicyManager(  607): setOutputDevice() setting same device 0x0006 or null device
11-12 10:34:39.048 D/APM::Gains(  607): volIndexToDb sUseVolCurveCust true
11-12 10:34:39.049 I/audio_hw_primary(  522): start_output_stream++: out_type = 0, out_device = 0x6,out->pcm[PCM_CARD] = 0x0, out->voice_pcm = 0x0
11-12 10:34:39.049 I/audio_hw_primary(  522): select_devices++ mode[0]
11-12 10:34:39.049 I/audio_hw_primary(  522): input_source_id 0, output_device_id 0x7
11-12 10:34:39.049 I/audio_hw_primary(  522): select_devices() devices 0x6 input src 0 output route media-speaker-headset input route none in_device 0
11-12 10:34:39.049 I/dsp_codec_ctl(  522): get_spk_rec_stereo_status: dual_smartpa_support match, return true
11-12 10:34:39.049 I/dsp_common(  522): dsp_common_control_algo:set device = 6
11-12 10:34:39.049 I/dsp_maxim_ctl(  522): get_smartpa_sence:device = 0x6
11-12 10:34:39.049 V/audio_common(  522): get value success, value:hi6403
11-12 10:34:39.049 I/dsp_maxim_ctl(  522): maxim_get_prop: get codec_name succ, codec_name = hi6403
11-12 10:34:39.050 V/audio_common(  522): get value success, value:true
11-12 10:34:39.050 I/dsp_maxim_ctl(  522): maxim_get_prop: get multi mic function enable succ, multi_mic_enable = 1
11-12 10:34:39.050 I/audio_hw_primary(  522): notify hifi set route++
11-12 10:34:39.050 V/NuPlayer(  619): media rendering started
11-12 10:34:39.050 D/NuPlayerDriver(  619): notifyListener_l(0xe991d1c0), (6, 0, 0, -1), loop setting(0, 0)
11-12 10:34:39.050 I/audio_hw_primary(  522): pa is on, cannot start ir study,device = 6
11-12 10:34:39.050 I/audio_hw_primary(  522): pa is on, cannot start ir study,device = 6
11-12 10:34:39.050 D/MediaPlayerNative( 2017): Message: Unknown MediaEventType(6), ext1=0, ext2=0x0
11-12 10:34:39.050 D/MediaPlayerNative( 2017): [notify] : [1204] callback app listenerNotNull=1, send=1
11-12 10:34:39.050 D/MediaPlayerNative( 2017): [notify] : [1216] callback application
11-12 10:34:39.056 I/AudioTrack(  619): audioTrack send start state to pg
11-12 10:34:39.100 I/audio_pop(  522): pop change S4 OL SWITCH SWITCH dir 1
11-12 10:34:39.100 I/audio_pop(  522): pop change S4 OR SWITCH SWITCH dir 1
11-12 10:34:39.111 I/audio_pop(  522): pop change DACL FLT MIXER DACL SRC SWITCH dir 1
11-12 10:34:39.235 I/audio_pop(  522): pop change DACR FLT MIXER DACR SRC SWITCH dir 1
11-12 10:34:39.242 V/SQLiteDatabase(10573): triggerBuildingIndex(): invalid id, return.
11-12 10:34:39.246 I/audio_pop(  522): pop change PLAY48K SWITCH SWITCH dir 1
11-12 10:34:39.246 I/audio_hw_primary(  522): notify hifi set route++
11-12 10:34:39.246 I/dsp_common(  522): dsp_common_control_algo:set device = 6
11-12 10:34:39.246 I/dsp_maxim_ctl(  522): get_smartpa_sence:device = 0x6
11-12 10:34:39.246 V/audio_common(  522): get value success, value:hi6403
11-12 10:34:39.246 I/dsp_maxim_ctl(  522): maxim_get_prop: get codec_name succ, codec_name = hi6403
11-12 10:34:39.246 V/audio_common(  522): get value success, value:true
11-12 10:34:39.246 I/dsp_maxim_ctl(  522): maxim_get_prop: get multi mic function enable succ, multi_mic_enable = 1
11-12 10:34:39.246 I/dsp_maxim_ctl(  522): maxim_control_algo : product_name = MANHATTAN
11-12 10:34:39.246 I/dsp_maxim_ctl(  522): smartpa_control dual_smartpa_enable
11-12 10:34:39.250 I/dsp_codec_ctl(  522): codec_adsp_send_sync_cmd:ioctl ret=0
11-12 10:34:39.250 I/dsp_maxim_ctl(  522): smartpa_control succ with value:1
11-12 10:34:39.250 I/MAX98925_SPK(  522): set  MAX98925 SINGLE SPK POWER ON
11-12 10:34:39.255 I/MAX98925_SPK(  522): MAX98925 SPK POWER ON
11-12 10:34:39.255 I/audio_hw_primary(  522): select_devices--
11-12 10:34:39.255 I/audio_hw_primary(  522): start_output_stream--
11-12 10:34:39.258 V/BroadcastQueue( 1187): Finished with ordered broadcast BroadcastRecord{ab84b4d u0 com.google.android.gms.gcm.ACTION_SCHEDULE}
11-12 10:34:39.264 V/SQLiteDatabase(10573): triggerBuildingIndex(): invalid id, return.
11-12 10:34:39.271 D/WorkSource( 3002): Insert in WorkSource{} @ 0 uid 10019 name com.google.android.gms
11-12 10:34:39.271 W/HwAlarmManagerService( 1187): isContainsAppUidInWorksource-->happend NameNotFoundException
11-12 10:34:39.272 V/BroadcastQueue( 1187): Finished with ordered broadcast BroadcastRecord{7794b13 u0 com.google.android.gms.gcm.ACTION_SCHEDULE}
11-12 10:34:39.283 D/WorkSource( 3002): Insert in WorkSource{} @ 0 uid 10019 name com.google.android.gms
11-12 10:34:39.284 W/HwAlarmManagerService( 1187): isContainsAppUidInWorksource-->happend NameNotFoundException
11-12 10:34:39.291 V/SQLiteDatabase(10573): triggerBuildingIndex(): invalid id, return.
11-12 10:34:39.296 D/AudioFlinger(  607): mixer(0x775a0a0840) throttle end: throttle time(11)
11-12 10:34:39.303 V/BroadcastQueue( 1187): Finished with ordered broadcast BroadcastRecord{e23856f u0 com.google.android.gms.gcm.ACTION_SCHEDULE}
11-12 10:34:39.313 D/WorkSource( 3002): Insert in WorkSource{} @ 0 uid 10019 name com.google.android.gms
11-12 10:34:39.314 W/HwAlarmManagerService( 1187): isContainsAppUidInWorksource-->happend NameNotFoundException
11-12 10:34:39.356 D/HwGameAssistantController( 1187): Keycontrol mode is 2 for user 0
11-12 10:34:39.357 D/KeyEvent( 6125): obtain, mHwFlags=0
11-12 10:34:39.362 D/HwGameAssistantController( 1187): Keycontrol mode is 2 for user 0
11-12 10:34:39.363 D/KeyEvent( 6125): obtain, mHwFlags=0
11-12 10:34:39.366 D/HwInputMethodManagerService( 1187): ------------startInput--------------
11-12 10:34:39.366 D/HwInputMethodManagerService( 1187): hideSecSoftInput = false
11-12 10:34:39.370 I/wangchen( 6125): SysInfo.getSysParam: orientation=1||config d=3.0,w=1080,h=1808||metrics d=3.0,w=1080,h=1808||sdk=26,bar_h=72
11-12 10:34:39.370 I/KeymapLoader( 6125): w=1080 h=1808 ori=true appScale=3.3 s1=3.0
11-12 10:34:39.556 I/AudioTrack(  619): audioTrack continuously zero data counter >= 20, send pause/stop state to pg, counter: 20
11-12 10:34:39.568 E/Input   ( 2017): getAxisValue(): y-71.0--1808.0--1737.0
11-12 10:34:39.568 E/Input   ( 2017): getAxisValue(): y-71.0--1808.0--1737.0
11-12 10:34:39.570 W/HwKeyguardDragHelper( 2017): HwKyguardDragHelper onInterceptTouchEvent: 0
11-12 10:34:39.574 I/PanelView( 2017): isFullyCollapsed():true,mTracking:false,mClosing:false
11-12 10:34:39.576 D/ReporterUtil( 2017):  e id:39 type:{expand:false}
11-12 10:34:39.577 E/BDLog   ( 2124): BD.FilterImpl:com.android.systemui 39 times= 100 over threshold
11-12 10:34:39.577 E/BDLog   ( 2124): BD.FilterImpl:com.android.systemui39 is illLegal
11-12 10:34:39.598 I/NuPlayerDecoder(  619): [audio] saw output EOS
11-12 10:34:39.677 D/AudioTrack(  619): stop() called with 40736 frames delivered
11-12 10:34:40.158 I/AudioTrackShared(  607): server obtain null buf part1:0 rear:40736 front:40736 mFrameCount:22050
11-12 10:34:40.197 E/Thermal-daemon(  622): [ap] temp_new :40  temp_old :39
11-12 10:34:40.202 E/Thermal-daemon(  622): Report temperature: [ap] temp :40  report_threshold:1
11-12 10:34:40.203 V/NuPlayer(  619): reached audio EOS
11-12 10:34:40.203 D/NuPlayerDriver(  619): notifyListener_l(0xe991d1c0), (2, 0, 0, -1), loop setting(0, 0)
11-12 10:34:40.203 D/MediaPlayerNative( 2017): Message: MEDIA_PLAYBACK_COMPLETE(2), ext1=0, ext2=0x0
11-12 10:34:40.204 D/MediaPlayerNative( 2017): [notify] : [1204] callback app listenerNotNull=1, send=1
11-12 10:34:40.204 D/MediaPlayerNative( 2017): [notify] : [1216] callback application
11-12 10:34:40.204 V/AudioManager( 2017): unregisterAudioFocusListener...
11-12 10:34:40.204 I/AudioManager( 2017): abandonAudioFocus
11-12 10:34:40.207 I/MediaPlayer( 2017): [HSM] stayAwake false uid: 10027, pid: 2017
11-12 10:34:40.207 E/HsmCoreServiceImpl( 1881): onTransact in code is: 102
11-12 10:34:40.208 I/MediaProcessHandler( 1881): processOp opType: 1, uid: 10027, pid: 2017
11-12 10:34:40.208 I/MediaProcessHandler( 1881): executedCallBack opType: 1 mMediaStatusObservers.size=0
11-12 10:34:40.211 I/ActivityManager( 1187): START u0 {act=android.intent.action.MAIN cat=[android.intent.category.LAUNCHER] flg=0x10200000 cmp=com.eyefilter.night/.activity.AliasWelcomeActivity} from uid 2000
11-12 10:34:40.227 I/ActivityManager( 1187): ActivityRecord info: ActivityInfo{f74086c com.eyefilter.night.activity.AliasWelcomeActivity}
11-12 10:34:40.230 I/Pged-IPgedBinderService(  627): ****action is 1, pid num is 2***
11-12 10:34:40.230 I/Pged-Freezer(  627): freezePids
11-12 10:34:40.230 I/Pged-Freezer(  627): Freeze process: 9372
11-12 10:34:40.235 I/APM_AudioPolicyManager(  607): stopOutput() output 13, stream 5, session 265
11-12 10:34:40.236 E/baidu_asr_interface(  522): asr_baidu_set_parameters_data-not baidu asr
11-12 10:34:40.237 D/APM_AudioPolicyManager(  607): event 165
11-12 10:34:40.237 V/APM_AudioPolicyManager(  607): setBeaconMute(1) mBeaconMuteRefCount=0 mBeaconPlayingRefCount=0
11-12 10:34:40.237 I/APM_AudioPolicyManager(  607): getNewOutputDevice() selected device 0
11-12 10:34:40.237 I/APM_AudioPolicyManager(  607): setOutputDevice() device 0x0000 delayMs 80 force 0
11-12 10:34:40.237 V/APM_AudioPolicyManager(  607): setOutputDevice() prevDevice 0x0006
11-12 10:34:40.237 V/APM_AudioPolicyManager(  607): setStreamMute() stream 1, mute 0, mMuteCount 2 device 0006
11-12 10:34:40.237 V/APM_AudioPolicyManager(  607): setStreamMute() stream 3, mute 0, mMuteCount 2 device 0006
11-12 10:34:40.237 V/APM_AudioPolicyManager(  607): setStreamMute() stream 0, mute 0, mMuteCount 1 device 0006
11-12 10:34:40.237 D/APM::Gains(  607): volIndexToDb sUseVolCurveCust true
11-12 10:34:40.237 I/APM_AudioPolicyManager(  607): checkAndSetVolume:setVoiceVolume volume 0.800000, delay 80
11-12 10:34:40.237 V/APM_AudioPolicyManager(  607): setStreamMute() stream 6, mute 0, mMuteCount 1 device 0006
11-12 10:34:40.237 V/APM_AudioPolicyManager(  607): checkAndSetVolume() cannot set stream 6 volume with force use = 0 for comm
11-12 10:34:40.237 V/APM_AudioPolicyManager(  607): setStreamMute() stream 8, mute 0, mMuteCount 1 device 0006
11-12 10:34:40.237 D/APM::Gains(  607): volIndexToDb sUseVolCurveCust true
11-12 10:34:40.237 V/APM_AudioPolicyManager(  607): setStreamMute() stream 9, mute 0, mMuteCount 2 device 0006
11-12 10:34:40.237 V/APM_AudioPolicyManager(  607): setStreamMute() stream 10, mute 0, mMuteCount 1 device 0006
11-12 10:34:40.237 D/APM::Gains(  607): volIndexToDb sUseVolCurveCust true
11-12 10:34:40.237 V/APM_AudioPolicyManager(  607): setStreamMute() stream 11, mute 0, mMuteCount 1 device 0006
11-12 10:34:40.237 D/APM::Gains(  607): volIndexToDb sUseVolCurveCust true
11-12 10:34:40.237 I/APM_AudioPolicyManager(  607): setOutputDevice() setting same device 0x0000 or null device
11-12 10:34:40.317 I/AudioFlinger(  607): setStreamVolume thread=0x775a0a0840; stream=0; value=0.566675
11-12 10:34:40.317 I/audio_hw_primary(  522): adev_set_voice_volume volume: 12.
11-12 10:34:40.317 I/AudioFlinger(  607): setStreamVolume thread=0x775a0a0840; stream=10; value=0.426580
11-12 10:34:40.643 I/ActivityManager( 1187): START u0 {act=android.intent.action.MAIN cat=[android.intent.category.LAUNCHER] flg=0x10200000 cmp=com.eyefilter.night/.activity.AliasWelcomeActivity} from uid 2000
11-12 10:34:40.645 I/ActivityManager( 1187): ActivityRecord info: ActivityInfo{f74086c com.eyefilter.night.activity.AliasWelcomeActivity}
11-12 10:34:40.866 I/ActivityManager( 1187): START u0 {act=android.intent.action.VIEW cmp=com.eyefilter.night/com.cootek.tark.privacy.PrivacySettingsActivity} from uid 10125
11-12 10:34:40.866 I/chatty  (12345): uid=2000(shell) com.android.commands.monkey expire 6 lines
11-12 10:34:40.867 I/ActivityManager( 1187): ActivityRecord info: ActivityInfo{68ece70 com.cootek.tark.privacy.PrivacySettingsActivity}
11-12 10:34:40.868 V/WindowManager( 1187): addAppToken: AppWindowToken{e099cb9 token=Token{8d14e80 ActivityRecord{49b1f03 u0 com.eyefilter.night/com.cootek.tark.privacy.PrivacySettingsActivity t48}}} controller={TaskWindowContainerController taskId=48} at 2147483647
11-12 10:34:40.885 V/WindowManager( 1187): No longer Stopped: AppWindowToken{e099cb9 token=Token{8d14e80 ActivityRecord{49b1f03 u0 com.eyefilter.night/com.cootek.tark.privacy.PrivacySettingsActivity t48}}}
11-12 10:34:40.886 V/WindowManager( 1187): No longer Stopped: AppWindowToken{e099cb9 token=Token{8d14e80 ActivityRecord{49b1f03 u0 com.eyefilter.night/com.cootek.tark.privacy.PrivacySettingsActivity t48}}}
11-12 10:34:40.893 V/WindowManager( 1187): Checking 1 opening apps (frozen=false timeout=false)...
11-12 10:34:40.893 V/WindowManager( 1187): Check opening app=AppWindowToken{e099cb9 token=Token{8d14e80 ActivityRecord{49b1f03 u0 com.eyefilter.night/com.cootek.tark.privacy.PrivacySettingsActivity t48}}}: allDrawn=false startingDisplayed=false startingMoved=false isRelaunching()=false
11-12 10:34:40.898 V/ActivityThread(31233): ActivityThread,callActivityOnCreate
11-12 10:34:40.914 V/SQLiteDatabase(10573): triggerBuildingIndex(): invalid id, return.
11-12 10:34:40.920 V/BroadcastQueue( 1187): Finished with ordered broadcast BroadcastRecord{7ee48fe u0 com.google.android.gms.gcm.ACTION_SCHEDULE}
11-12 10:34:40.926 D/WorkSource( 3002): Insert in WorkSource{} @ 0 uid 10019 name com.google.android.gms
11-12 10:34:40.926 W/HwAlarmManagerService( 1187): isContainsAppUidInWorksource-->happend NameNotFoundException
11-12 10:34:40.927 D/ActivityThread(31233): add activity client record, r= ActivityRecord{c9c1be6 token=android.os.BinderProxy@2ed641c {com.eyefilter.night/com.cootek.tark.privacy.PrivacySettingsActivity}} token= android.os.BinderProxy@2ed641c
11-12 10:34:40.931 V/WindowManager( 1187): Adding Window{d61f70a u0 com.eyefilter.night/com.cootek.tark.privacy.PrivacySettingsActivity} to AppWindowToken{e099cb9 token=Token{8d14e80 ActivityRecord{49b1f03 u0 com.eyefilter.night/com.cootek.tark.privacy.PrivacySettingsActivity t48}}}
11-12 10:34:40.932 V/WindowManager( 1187): addWindow: New client android.os.BinderProxy@41e4b75: window=Window{d61f70a u0 com.eyefilter.night/com.cootek.tark.privacy.PrivacySettingsActivity} Callers=com.android.server.wm.HwWindowManagerService.addWindow:574 com.android.server.wm.Session.addToDisplay:199 android.view.IWindowSession$Stub.onTransact:124 com.android.server.wm.Session.onTransact:161 android.os.Binder.execTransact:675 
11-12 10:34:40.935 W/libc    (  500): Set property "hw.wifipro.dns_fail_count" to "227"
11-12 10:34:40.937 I/chatty  (31233): uid=10125(u0_a125) com.eyefilter.night expire 33 lines
11-12 10:34:40.940 V/WindowManager( 1187): Checking 1 opening apps (frozen=false timeout=false)...
11-12 10:34:40.940 V/WindowManager( 1187): Check opening app=AppWindowToken{e099cb9 token=Token{8d14e80 ActivityRecord{49b1f03 u0 com.eyefilter.night/com.cootek.tark.privacy.PrivacySettingsActivity t48}}}: allDrawn=false startingDisplayed=false startingMoved=false isRelaunching()=false
11-12 10:34:40.941 W/WindowManager( 1187): EGLdebug Created surface WindowStateAnimator{7b76b7b com.eyefilter.night/com.cootek.tark.privacy.PrivacySettingsActivity}
11-12 10:34:40.944 V/WindowManager( 1187): Checking 1 opening apps (frozen=false timeout=false)...
11-12 10:34:40.944 V/WindowManager( 1187): Check opening app=AppWindowToken{e099cb9 token=Token{8d14e80 ActivityRecord{49b1f03 u0 com.eyefilter.night/com.cootek.tark.privacy.PrivacySettingsActivity t48}}}: allDrawn=false startingDisplayed=false startingMoved=false isRelaunching()=false
11-12 10:34:40.947 I/chatty  (31233): uid=10125(u0_a125) com.eyefilter.night expire 26 lines
11-12 10:34:40.960 V/SQLiteDatabase(10573): triggerBuildingIndex(): invalid id, return.
11-12 10:34:40.967 V/BroadcastQueue( 1187): Finished with ordered broadcast BroadcastRecord{e9529f1 u0 com.google.android.gms.gcm.ACTION_SCHEDULE}
11-12 10:34:40.968 I/chatty  ( 1187): uid=1000(system) Binder:1187_20 expire 36 lines
11-12 10:34:40.972 D/WorkSource( 3002): Insert in WorkSource{} @ 0 uid 10019 name com.google.android.gms
11-12 10:34:40.972 W/HwAlarmManagerService( 1187): isContainsAppUidInWorksource-->happend NameNotFoundException
11-12 10:34:40.981 D/WindowManager( 1187): finishDrawingWindow: Window{d61f70a u0 com.eyefilter.night/com.cootek.tark.privacy.PrivacySettingsActivity} mDrawState=DRAW_PENDING
11-12 10:34:40.983 V/WindowManager( 1187): Checking 1 opening apps (frozen=false timeout=false)...
11-12 10:34:40.983 V/WindowManager( 1187): Check opening app=AppWindowToken{e099cb9 token=Token{8d14e80 ActivityRecord{49b1f03 u0 com.eyefilter.night/com.cootek.tark.privacy.PrivacySettingsActivity t48}}}: allDrawn=true startingDisplayed=false startingMoved=false isRelaunching()=false
11-12 10:34:40.989 I/wangchen( 6125): SysInfo.getSysParam: orientation=1||config d=3.0,w=1080,h=1808||metrics d=3.0,w=1080,h=1808||sdk=26,bar_h=72
11-12 10:34:40.989 I/KeymapLoader( 6125): w=1080 h=1808 ori=true appScale=3.3 s1=3.0
11-12 10:34:40.992 D/HwRecentsLockUtils( 2017): Search
11-12 10:34:40.992 E/HsmCoreServiceImpl( 1881): onTransact in code is: 103
11-12 10:34:40.992 I/MediaProcessHandler( 1881): playingUids: 
11-12 10:34:40.992 D/ActivityManager( 1187): Skipping intent:act=android.intent.action.MAIN cat=[android.intent.category.LAUNCHER] flg=0x10a00000 cmp=com.eyefilter.night/.activity.WelcomeActivity
11-12 10:34:40.992 D/ActivityManager( 1187): Skipping, home or recents stack task: TaskRecord{82c64 #4 A=com.huawei.android.launcher U=0 StackId=0 sz=1}
11-12 10:34:40.992 D/ActivityManager( 1187): Skipping intent:flg=0x10800000 cmp=com.eyefilter.night/com.cootek.tark.windmill.LuckyWindmillLoadActivity
11-12 10:34:40.992 D/ActivityManager( 1187): Skipping intent:flg=0x10800000 cmp=com.eyefilter.night/com.mobutils.android.mediation.impl.admob.AdmobAdActivityBase
11-12 10:34:40.992 D/ActivityManager( 1187): Skipping intent:flg=0x10800000 cmp=com.eyefilter.night/com.mopub.common.MoPubBrowser
11-12 10:34:40.992 D/ActivityManager( 1187): Skipping intent:act=android.content.pm.action.CONFIRM_PERMISSIONS flg=0x10808000 pkg=com.android.packageinstaller cmp=com.android.packageinstaller/.InstallStart
11-12 10:34:40.993 D/ActivityManager( 1187): Skipping intent:flg=0x10800000 cmp=com.android.systemui/.usb.HwUsbDebuggingActivity
11-12 10:34:40.993 D/WindowManager( 1187): finishDrawingWindow: Window{d61f70a u0 com.eyefilter.night/com.cootek.tark.privacy.PrivacySettingsActivity} mDrawState=HAS_DRAWN
11-12 10:34:40.993 D/ActivityManager( 1187): Skipping intent:flg=0x18800000 hwFlg=0x100 cmp=com.huawei.hifolder/.MainProxyActivity
11-12 10:34:40.993 D/ActivityManager( 1187): Skipping intent:flg=0x10804000 cmp=com.android.systemui/.recents.RecentsActivity bnds=[48,336][1032,1592]
11-12 10:34:41.057 I/chatty  ( 1187): uid=1000 system_server expire 3 lines
11-12 10:34:41.058 I/chatty  (12345): uid=2000(shell) com.android.commands.monkey expire 83 lines
11-12 10:34:41.058 W/libc    (  500): Set property "hw.wifipro.dns_fail_count" to "228"
11-12 10:34:41.061 I/chatty  ( 2153): uid=1000(system) actions handler expire 10 lines
11-12 10:34:41.080 I/ActivityManager( 1187): START u0 {act=android.intent.action.VIEW dat=https://www.bluelightfilter.io/... flg=0x10000000 cmp=com.android.browser/.BrowserActivity} from uid 10125
11-12 10:34:41.081 I/AwareLog(  627): IAWARE_PREREAD_FILE
11-12 10:34:41.082 D/AwareLog(  627): iawared: touch_file  data@hw_init@version@special_cust@MHA-AL00@all@cn@app@Browser_uc@Browser_uc.apk@classes.dex
11-12 10:34:41.086 D/AwareLog(  627): iawared: touch_file  data@hw_init@version@special_cust@MHA-AL00@all@cn@app@Browser_uc@Browser_uc.apk@classes.vdex
11-12 10:34:41.087 D/AwareLog(  627): preread_pkgfile com.android.browser took 6 ms
11-12 10:34:41.087 D/AwareLog(  627): preread_pkgfile com.android.browser read 13279232 Bytes.
11-12 10:34:41.261 I/ActivityManager( 1187): START u0 {act=android.intent.action.MAIN cat=[android.intent.category.LAUNCHER] flg=0x10200000 cmp=com.eyefilter.night/.activity.AliasWelcomeActivity} from uid 2000
11-12 10:34:41.263 I/ActivityManager( 1187): ActivityRecord info: ActivityInfo{f74086c com.eyefilter.night.activity.AliasWelcomeActivity}
11-12 10:34:41.308 V/WindowManager( 1187): Exit animation finished in Window{46f62be u0 com.eyefilter.night/com.eyefilter.night.activity.MainFilterActivity EXITING}: remove=false
11-12 10:34:41.327 V/WindowManager( 1187): notifyAppStopped: AppWindowToken{a39ce6 token=Token{441af41 ActivityRecord{a3b7628 u0 com.eyefilter.night/.activity.MainFilterActivity t48}}}
11-12 10:34:41.327 E/WindowManager( 1187): win=Window{46f62be u0 com.eyefilter.night/com.eyefilter.night.activity.MainFilterActivity} destroySurfaces: appStopped=true win.mWindowRemovalAllowed=false win.mRemoveOnExit=false
11-12 10:34:41.328 I/WindowManager( 1187): Destroying surface Surface(name=com.eyefilter.night/com.eyefilter.night.activity.MainFilterActivity) called by com.android.server.wm.WindowStateAnimator.destroySurface:2072 com.android.server.wm.WindowStateAnimator.destroySurfaceLocked:884 com.android.server.wm.HwWindowStateAnimator.destroySurfaceLocked:1006 com.android.server.wm.WindowState.destroyOrSaveSurfaceUnchecked:2998 com.android.server.wm.WindowState.destroySurface:2951 com.android.server.wm.AppWindowToken.destroySurfaces:664 com.android.server.wm.AppWindowToken.destroySurfaces:648 com.android.server.wm.AppWindowToken.notifyAppStopped:692 
11-12 10:34:41.474 D/HwGameAssistantController( 1187): Keycontrol mode is 2 for user 0
11-12 10:34:41.488 D/KeyEvent( 6125): obtain, mHwFlags=0
11-12 10:34:41.488 D/KeyEvent( 6125): obtain, mHwFlags=0
11-12 10:34:41.490 D/KeyEvent( 6125): obtain, mHwFlags=0
11-12 10:34:41.491 D/KeyEvent( 6125): obtain, mHwFlags=0
11-12 10:34:41.733 I/Pged-IPgedBinderService(  627): ****action is 2, pid num is 2***
11-12 10:34:41.733 I/Pged-Freezer(  627): thawPids
11-12 10:34:42.109 I/chatty  ( 1187): uid=1000(system) InputDispatcher identical 2 lines
11-12 10:34:42.110 D/KeyEvent( 6125): obtain, mHwFlags=0
11-12 10:34:42.112 D/HwGameAssistantController( 1187): Keycontrol mode is 2 for user 0
11-12 10:34:42.114 D/KeyEvent( 6125): obtain, mHwFlags=0
11-12 10:34:42.358 V/WindowManager( 1187): Adding Window{e1557b0 u0 com.eyefilter.night/com.cootek.tark.privacy.PrivacySettingsActivity} to AppWindowToken{e099cb9 token=Token{8d14e80 ActivityRecord{49b1f03 u0 com.eyefilter.night/com.cootek.tark.privacy.PrivacySettingsActivity t48}}}
11-12 10:34:42.359 V/WindowManager( 1187): addWindow: New client android.os.BinderProxy@91cef3: window=Window{e1557b0 u0 com.eyefilter.night/com.cootek.tark.privacy.PrivacySettingsActivity} Callers=com.android.server.wm.HwWindowManagerService.addWindow:574 com.android.server.wm.Session.addToDisplay:199 android.view.IWindowSession$Stub.onTransact:124 com.android.server.wm.Session.onTransact:161 android.os.Binder.execTransact:675 
11-12 10:34:42.380 W/WindowManager( 1187): EGLdebug Created surface WindowStateAnimator{1ee2629 com.eyefilter.night/com.cootek.tark.privacy.PrivacySettingsActivity}
11-12 10:34:42.396 D/WindowManager( 1187): finishDrawingWindow: Window{e1557b0 u0 com.eyefilter.night/com.cootek.tark.privacy.PrivacySettingsActivity} mDrawState=DRAW_PENDING
11-12 10:34:42.404 D/WindowManager( 1187): finishDrawingWindow: Window{e1557b0 u0 com.eyefilter.night/com.cootek.tark.privacy.PrivacySettingsActivity} mDrawState=HAS_DRAWN
11-12 10:34:42.732 D/HwGameAssistantController( 1187): Keycontrol mode is 2 for user 0
11-12 10:34:42.735 D/HwGameAssistantController( 1187): Keycontrol mode is 2 for user 0
11-12 10:34:42.744 W/libc    (  500): Set property "hw.wifipro.dns_fail_count" to "229"
11-12 10:34:42.750 I/chatty  (31233): uid=10125(u0_a125) com.eyefilter.night expire 8 lines
11-12 10:34:42.942 I/ActivityManager( 1187): START u0 {act=android.intent.action.MAIN cat=[android.intent.category.LAUNCHER] flg=0x10200000 cmp=com.eyefilter.night/.activity.AliasWelcomeActivity} from uid 2000
11-12 10:34:42.949 I/ActivityManager( 1187): ActivityRecord info: ActivityInfo{f74086c com.eyefilter.night.activity.AliasWelcomeActivity}
11-12 10:34:43.167 I/audio_hw_primary(  522): do_out_standby standby: 0, stream_type: 0,  out_device: 0x6
11-12 10:34:43.179 I/audio_hw_primary(  522): select_devices++ mode[0]
11-12 10:34:43.179 I/audio_hw_primary(  522): input_source_id 0, output_device_id 0
11-12 10:34:43.179 I/audio_hw_primary(  522): select_devices() devices 0x6 input src 0 output route none input route none in_device 0
11-12 10:34:43.179 I/dsp_codec_ctl(  522): get_spk_rec_stereo_status: dual_smartpa_support match, return true
11-12 10:34:43.185 I/dsp_codec_ctl(  522): codec_adsp_send_sync_cmd:ioctl ret=0
11-12 10:34:43.185 I/spk_dev_interface(  522): enable_fade_out success with value
11-12 10:34:43.225 I/MAX98925_SPK(  522): set  MAX98925 SINGLE SPK POWER OFF
11-12 10:34:43.226 I/MAX98925_SPK(  522): MAX98925 SPK POWER OFF
11-12 10:34:43.226 I/dsp_common(  522): dsp_common_control_algo:set device = 0
11-12 10:34:43.226 V/audio_common(  522): get value success, value:hi6403
11-12 10:34:43.226 I/dsp_maxim_ctl(  522): maxim_get_prop: get codec_name succ, codec_name = hi6403
11-12 10:34:43.226 V/audio_common(  522): get value success, value:true
11-12 10:34:43.226 I/dsp_maxim_ctl(  522): maxim_get_prop: get multi mic function enable succ, multi_mic_enable = 1
11-12 10:34:43.226 I/dsp_maxim_ctl(  522): smartpa_control dual_smartpa_enable
11-12 10:34:43.227 I/dsp_codec_ctl(  522): codec_adsp_send_sync_cmd:ioctl ret=0
11-12 10:34:43.227 I/dsp_maxim_ctl(  522): smartpa_control succ with value:0
11-12 10:34:43.227 I/audio_hw_primary(  522): notify hifi set route++
11-12 10:34:43.375 I/audio_pop(  522): pop change DACL FLT MIXER DACL SRC SWITCH dir 0
11-12 10:34:43.376 I/audio_pop(  522): pop change DACR FLT MIXER DACR SRC SWITCH dir 0
11-12 10:34:43.384 I/audio_pop(  522): pop change S4 OL SWITCH SWITCH dir 0
11-12 10:34:43.384 I/audio_pop(  522): pop change S4 OR SWITCH SWITCH dir 0
11-12 10:34:43.391 I/audio_pop(  522): pop change PLAY48K SWITCH SWITCH dir 0
11-12 10:34:43.392 I/audio_hw_primary(  522): notify hifi set route++
11-12 10:34:43.392 I/dsp_common(  522): dsp_common_control_algo:set device = 0
11-12 10:34:43.392 V/audio_common(  522): get value success, value:hi6403
11-12 10:34:43.392 I/dsp_maxim_ctl(  522): maxim_get_prop: get codec_name succ, codec_name = hi6403
11-12 10:34:43.392 V/audio_common(  522): get value success, value:true
11-12 10:34:43.392 I/dsp_maxim_ctl(  522): maxim_get_prop: get multi mic function enable succ, multi_mic_enable = 1
11-12 10:34:43.392 I/audio_hw_primary(  522): select_devices--
11-12 10:34:43.591 E/Input   ( 2017): getAxisValue(): y-2.0--1808.0--1806.0
11-12 10:34:43.592 I/chatty  ( 2017): uid=10027(u0_a27) com.android.systemui identical 119 lines
11-12 10:34:43.602 I/chatty  ( 2017): uid=10027(u0_a27) SystemUI_subThr expire 8 lines
11-12 10:34:43.602 E/BDLog   ( 2124): BD.FilterImpl:com.android.systemui 39 times= 100 over threshold
11-12 10:34:43.602 E/BDLog   ( 2124): BD.FilterImpl:com.android.systemui39 is illLegal
11-12 10:34:43.805 D/HwGameAssistantController( 1187): Keycontrol mode is 2 for user 0
11-12 10:34:43.808 D/HwGameAssistantController( 1187): Keycontrol mode is 2 for user 0
11-12 10:34:44.476 I/ActivityManager( 1187): START u0 {act=android.intent.action.MAIN cat=[android.intent.category.LAUNCHER] flg=0x10200000 cmp=com.eyefilter.night/.activity.AliasWelcomeActivity} from uid 2000
11-12 10:34:44.481 I/ActivityManager( 1187): ActivityRecord info: ActivityInfo{f74086c com.eyefilter.night.activity.AliasWelcomeActivity}
11-12 10:34:44.702 I/chatty  ( 1187): uid=1000(system) Binder:1187_11 expire 12 lines
11-12 10:34:44.704 D/HwGameAssistantController( 1187): Keycontrol mode is 2 for user 0
11-12 10:34:45.114 I/chatty  ( 1187): uid=1000(system) Binder:1187_F expire 25 lines
11-12 10:34:45.207 E/Thermal-daemon(  622): [ap] temp_new :38  temp_old :40
11-12 10:34:45.213 E/Thermal-daemon(  622): Report temperature: [ap] temp :38  report_threshold:1
11-12 10:34:45.327 I/chatty  ( 1187): uid=1000(system) InputDispatcher identical 4 lines
11-12 10:34:45.333 D/HwGameAssistantController( 1187): Keycontrol mode is 2 for user 0
11-12 10:34:45.759 I/ActivityManager( 1187): START u0 {act=android.intent.action.MAIN cat=[android.intent.category.LAUNCHER] flg=0x10200000 cmp=com.eyefilter.night/.activity.AliasWelcomeActivity} from uid 2000
11-12 10:34:45.766 I/ActivityManager( 1187): ActivityRecord info: ActivityInfo{f74086c com.eyefilter.night.activity.AliasWelcomeActivity}
11-12 10:34:45.772 I/Pged-IPgedBinderService(  627): ****action is 1, pid num is 2***
11-12 10:34:45.772 I/Pged-Freezer(  627): freezePids
11-12 10:34:45.772 I/Pged-Freezer(  627): Freeze process: 9372
11-12 10:34:45.988 I/ActivityManager( 1187): START u0 {act=android.intent.action.MAIN cat=[android.intent.category.LAUNCHER] flg=0x10200000 cmp=com.eyefilter.night/.activity.AliasWelcomeActivity} from uid 2000
11-12 10:34:45.989 I/ActivityManager( 1187): ActivityRecord info: ActivityInfo{f74086c com.eyefilter.night.activity.AliasWelcomeActivity}
11-12 10:34:46.655 D/HwBatteryService( 1187): onUEvent fcpStatus = 0,scpStatus =0,ovpStatus=0
11-12 10:34:46.656 I/UsbDeviceManager( 1187): water_intrused state= 0
11-12 10:34:46.677 D/WifiService( 1187): onReceive, action:android.intent.action.BATTERY_CHANGED
11-12 10:34:46.677 D/WifiService( 1187): ACTION_BATTERY_CHANGED pluggedType: 2
11-12 10:34:46.679 E/CloudAlbum[8.1.2.307]( 7123): [ReceiverManager] not log on ignore
11-12 10:34:47.067 E/BDLog   ( 2124): BD.FilterImpl:com.android.systemui 39 times= 100 over threshold
11-12 10:34:47.068 E/BDLog   ( 2124): BD.FilterImpl:com.android.systemui39 is illLegal
11-12 10:34:47.117 I/chatty  (  514): uid=1000(system) allocator@2.0-s expire 26 lines
11-12 10:34:47.273 I/Pged-IPgedBinderService(  627): ****action is 2, pid num is 2***
11-12 10:34:47.273 I/Pged-Freezer(  627): thawPids
11-12 10:34:47.920 D/HwGameAssistantController( 1187): Keycontrol mode is 2 for user 0
11-12 10:34:47.928 D/HwGameAssistantController( 1187): Keycontrol mode is 2 for user 0
11-12 10:34:48.346 I/ActivityManager( 1187): START u0 {act=android.intent.action.MAIN cat=[android.intent.category.LAUNCHER] flg=0x10200000 cmp=com.eyefilter.night/.activity.AliasWelcomeActivity} from uid 2000
11-12 10:34:48.351 I/ActivityManager( 1187): ActivityRecord info: ActivityInfo{f74086c com.eyefilter.night.activity.AliasWelcomeActivity}
11-12 10:34:48.570 I/ActivityManager( 1187): START u0 {act=android.intent.action.MAIN cat=[android.intent.category.LAUNCHER] flg=0x10200000 cmp=com.eyefilter.night/.activity.AliasWelcomeActivity} from uid 2000
11-12 10:34:48.572 I/ActivityManager( 1187): ActivityRecord info: ActivityInfo{f74086c com.eyefilter.night.activity.AliasWelcomeActivity}
11-12 10:34:48.785 I/ActivityManager( 1187): START u0 {act=android.intent.action.MAIN cat=[android.intent.category.LAUNCHER] flg=0x10200000 cmp=com.eyefilter.night/.activity.AliasWelcomeActivity} from uid 2000
11-12 10:34:48.786 I/ActivityManager( 1187): ActivityRecord info: ActivityInfo{f74086c com.eyefilter.night.activity.AliasWelcomeActivity}
11-12 10:34:49.202 D/HwGameAssistantController( 1187): Keycontrol mode is 2 for user 0
11-12 10:34:49.204 I/chatty  ( 1187): uid=1000(system) Binder:1187_1A expire 12 lines
11-12 10:34:49.205 D/HwGameAssistantController( 1187): Keycontrol mode is 2 for user 0
11-12 10:34:49.408 V/WindowManager( 1187): updateRotationUnchecked: alwaysSendConfiguration=false forceRelayout=false
11-12 10:34:49.408 I/WindowManager( 1187): rotationForOrientationLw(orient=1, last=2); user=2 USER_ROTATION_LOCKED
11-12 10:34:49.408 D/HwPhoneWindowManager( 1187): face_rotation: not enabled,use sensor real
11-12 10:34:49.408 D/HwPhoneWindowManager( 1187): face_rotation:real sensor rotation = -1
11-12 10:34:49.408 D/HwPhoneWindowManager( 1187): face_rotation: rotation = 2
11-12 10:34:49.408 I/WindowManager( 1187): Selected orientation 1, got rotation 2 which has compatible metrics
11-12 10:34:49.889 V/WindowManager( 1187): removeIfPossible: Window{e1557b0 u0 com.eyefilter.night/com.cootek.tark.privacy.PrivacySettingsActivity} callers=com.android.server.wm.WindowState.removeIfPossible:1914 com.android.server.wm.WindowManagerService.removeWindow:2031 com.android.server.wm.Session.remove:218 android.view.IWindowSession$Stub.onTransact:242 com.android.server.wm.Session.onTransact:161 
11-12 10:34:49.890 V/WindowManager( 1187): Not removing Window{e1557b0 u0 com.eyefilter.night/com.cootek.tark.privacy.PrivacySettingsActivity EXITING} due to exit animation 
11-12 10:34:50.112 V/WindowManager( 1187): Exit animation finished in Window{e1557b0 u0 com.eyefilter.night/com.cootek.tark.privacy.PrivacySettingsActivity EXITING}: remove=true
11-12 10:34:50.113 E/WindowManager( 1187): win=Window{e1557b0 u0 com.eyefilter.night/com.cootek.tark.privacy.PrivacySettingsActivity EXITING} destroySurfaces: appStopped=false win.mWindowRemovalAllowed=true win.mRemoveOnExit=true
11-12 10:34:50.116 I/WindowManager( 1187): Destroying surface Surface(name=com.eyefilter.night/com.cootek.tark.privacy.PrivacySettingsActivity) called by com.android.server.wm.WindowStateAnimator.destroySurface:2072 com.android.server.wm.WindowStateAnimator.destroySurfaceLocked:884 com.android.server.wm.HwWindowStateAnimator.destroySurfaceLocked:1006 com.android.server.wm.WindowState.destroyOrSaveSurfaceUnchecked:2998 com.android.server.wm.WindowState.destroySurface:2951 com.android.server.wm.AppWindowToken.destroySurfaces:664 com.android.server.wm.AppWindowToken.destroySurfaces:648 com.android.server.wm.WindowState.onExitAnimationDone:4424 
11-12 10:34:50.117 V/WindowManager( 1187): postWindowRemoveCleanupLocked: Window{e1557b0 u0 com.eyefilter.night/com.cootek.tark.privacy.PrivacySettingsActivity}
11-12 10:34:50.118 V/WindowManager( 1187): Removing Window{e1557b0 u0 com.eyefilter.night/com.cootek.tark.privacy.PrivacySettingsActivity} from AppWindowToken{e099cb9 token=Token{8d14e80 ActivityRecord{49b1f03 u0 com.eyefilter.night/com.cootek.tark.privacy.PrivacySettingsActivity t48}}}
11-12 10:34:50.130 V/WindowManager( 1187): Adding Window{970674f u0 com.eyefilter.night/com.cootek.tark.privacy.PrivacySettingsActivity} to AppWindowToken{e099cb9 token=Token{8d14e80 ActivityRecord{49b1f03 u0 com.eyefilter.night/com.cootek.tark.privacy.PrivacySettingsActivity t48}}}
11-12 10:34:50.133 V/WindowManager( 1187): addWindow: New client android.os.BinderProxy@ebcedae: window=Window{970674f u0 com.eyefilter.night/com.cootek.tark.privacy.PrivacySettingsActivity} Callers=com.android.server.wm.HwWindowManagerService.addWindow:574 com.android.server.wm.Session.addToDisplay:199 android.view.IWindowSession$Stub.onTransact:124 com.android.server.wm.Session.onTransact:161 android.os.Binder.execTransact:675 
11-12 10:34:50.155 D/SurfaceFlinger(  547): duplicate layer name: changing com.eyefilter.night/com.cootek.tark.privacy.PrivacySettingsActivity to com.eyefilter.night/com.cootek.tark.privacy.PrivacySettingsActivity#1
11-12 10:34:50.157 W/WindowManager( 1187): EGLdebug Created surface WindowStateAnimator{a703edc com.eyefilter.night/com.cootek.tark.privacy.PrivacySettingsActivity}
11-12 10:34:50.186 D/WindowManager( 1187): finishDrawingWindow: Window{970674f u0 com.eyefilter.night/com.cootek.tark.privacy.PrivacySettingsActivity} mDrawState=DRAW_PENDING
11-12 10:34:50.196 D/WindowManager( 1187): finishDrawingWindow: Window{970674f u0 com.eyefilter.night/com.cootek.tark.privacy.PrivacySettingsActivity} mDrawState=HAS_DRAWN
11-12 10:34:50.216 E/Thermal-daemon(  622): [ap] temp_new :37  temp_old :38
11-12 10:34:50.217 E/Thermal-daemon(  622): Report temperature: [ap] temp :37  report_threshold:1
11-12 10:34:50.502 V/WindowManager( 1187): updateRotationUnchecked: alwaysSendConfiguration=false forceRelayout=false
11-12 10:34:50.503 I/WindowManager( 1187): rotationForOrientationLw(orient=1, last=2); user=2 USER_ROTATION_LOCKED
11-12 10:34:50.503 D/HwPhoneWindowManager( 1187): face_rotation: not enabled,use sensor real
11-12 10:34:50.504 D/HwPhoneWindowManager( 1187): face_rotation:real sensor rotation = -1
11-12 10:34:50.504 D/HwPhoneWindowManager( 1187): face_rotation: rotation = 2
11-12 10:34:50.504 I/WindowManager( 1187): Selected orientation 1, got rotation 2 which has compatible metrics
11-12 10:34:50.526 V/WindowManager( 1187): updateRotationUnchecked: alwaysSendConfiguration=true forceRelayout=false
11-12 10:34:50.526 I/WindowManager( 1187): rotationForOrientationLw(orient=1, last=2); user=0 USER_ROTATION_LOCKED
11-12 10:34:50.528 V/WindowManager( 1187): updateRotationUnchecked: alwaysSendConfiguration=false forceRelayout=false
11-12 10:34:50.533 E/[HwRecSys]AppCache( 3043): getIsRportDirectService is false!
11-12 10:34:50.534 D/WindowManager( 1187): face_rotation: isIntelliServiceEnabled: ro swtich off
11-12 10:34:50.534 D/HwPhoneWindowManager( 1187): face_rotation: not enabled,use sensor real
11-12 10:34:50.534 D/HwPhoneWindowManager( 1187): face_rotation:real sensor rotation = -1
11-12 10:34:50.534 D/HwPhoneWindowManager( 1187): face_rotation: rotation = 2
11-12 10:34:50.534 I/WindowManager( 1187): Selected orientation 1, got rotation 0 which has compatible metrics
11-12 10:34:50.535 I/WindowManager( 1187): Rotation changed to 0 from 2, lastOrientation=1
11-12 10:34:50.536 I/HwAftPolicyService( 1187): call aft hidl set orientation=0
11-12 10:34:50.537 E/TS_Service(  542): hwTsSetAftAlgoOrientation
11-12 10:34:50.537 I/TS_HAL  (  542): ts_set_aft_orientation:called
11-12 10:34:50.537 I/aptouch_daemon, [--aptouch_interface_client--](  542): thp_execute_cmd_parms starting. cmd: aftouch.orientation
11-12 10:34:50.538 I/aptouch_daemon, [--aptouch_interface_client--](  542): thp_get_cs, use vndbinder
11-12 10:34:50.542 I/aptouch_daemon(  552): get_cmd, =====>>find m_cmd=====>>aftouch.orientation
11-12 10:34:50.542 I/aptouch_daemon(  552): get_cmd, =====>>find m_cmd=====>>aftouch.orientation
11-12 10:34:50.543 I/aptouch_daemon(  552): aft_set_config, aft_set_config---2,0
11-12 10:34:50.543 I/aptouch_daemon(  552): thp_cmd_set_aftouch_config, aftouch_set_config: aft_cfg = 2, value = 0
11-12 10:34:50.544 I/aptouch_daemon(  552): excute_long_cmd, ========>>aftouch.orientation excute done!
11-12 10:34:50.547 D/SurfaceFlinger(  547): setSecureScreenRecShotFlag, value = 4, mask = 4
11-12 10:34:50.592 D/Index   ( 2233): Deleting data for locale 'zh_CN_#Hans' took 3 millis
11-12 10:34:50.595 V/SQLiteDatabase( 2233): triggerBuildingIndex(): invalid id, return.
11-12 10:34:50.596 V/SQLiteDatabase( 2233): triggerBuildingIndex(): invalid id, return.
11-12 10:34:50.598 D/Index   ( 2233): Indexing locale 'zh_CN_#Hans' took 6 millis
11-12 10:34:50.605 I/WindowManager( 1187): rotationForOrientationLw(orient=1, last=0); user=0 USER_ROTATION_LOCKED
11-12 10:34:50.605 D/WindowManager( 1187): face_rotation: isIntelliServiceEnabled: ro swtich off
11-12 10:34:50.605 D/HwPhoneWindowManager( 1187): face_rotation: not enabled,use sensor real
11-12 10:34:50.605 D/HwPhoneWindowManager( 1187): face_rotation:real sensor rotation = -1
11-12 10:34:50.605 D/HwPhoneWindowManager( 1187): face_rotation: rotation = 0
11-12 10:34:50.605 I/WindowManager( 1187): Selected orientation 1, got rotation 0 which has compatible metrics
11-12 10:34:50.640 V/WindowManager( 1187): updateRotationUnchecked: alwaysSendConfiguration=false forceRelayout=false
11-12 10:34:50.673 D/WindowManager( 1187): finishDrawingWindow: Window{d61f70a u0 com.eyefilter.night/com.cootek.tark.privacy.PrivacySettingsActivity} mDrawState=DRAW_PENDING
11-12 10:34:50.674 I/WindowManager( 1187): rotationForOrientationLw(orient=1, last=0); user=0 USER_ROTATION_LOCKED
11-12 10:34:50.674 D/WindowManager( 1187): face_rotation: isIntelliServiceEnabled: ro swtich off
11-12 10:34:50.674 D/HwPhoneWindowManager( 1187): face_rotation: not enabled,use sensor real
11-12 10:34:50.674 D/HwPhoneWindowManager( 1187): face_rotation:real sensor rotation = -1
11-12 10:34:50.674 D/HwPhoneWindowManager( 1187): face_rotation: rotation = 0
