11-12 10:23:36.659 I/chatty  ( 1187): uid=1000(system) android.anim expire 13 lines
11-12 10:23:37.647 I/chatty  ( 1187): uid=1000(system) Binder:1187_1E expire 30 lines
11-12 10:23:37.660 I/chatty  ( 1187): uid=1000(system) Binder:1187_13 expire 15 lines
11-12 10:23:37.819 I/chatty  ( 1187): uid=1000 system_server expire 8 lines
11-12 10:23:37.939 I/chatty  ( 1187): uid=1000(system) ConnectivitySer expire 6 lines
11-12 10:23:38.201 I/chatty  ( 1187): uid=1000(system) Binder:1187_15 expire 24 lines
11-12 10:23:39.865 I/chatty  ( 1187): uid=1000(system) android.display expire 1 line
11-12 10:23:39.904 I/chatty  ( 1187): uid=1000(system) Binder:1187_F expire 5 lines
11-12 10:23:39.920 I/chatty  ( 1187): uid=1000(system) Binder:1187_3 expire 14 lines
11-12 10:23:40.034 I/chatty  ( 1187): uid=1000(system) AudioService expire 2 lines
11-12 10:23:40.463 D/ActivityThread(27663): ActivityThread,attachApplication
11-12 10:23:40.503 I/chatty  ( 1187): uid=1000(system) Binder:1187_12 expire 13 lines
11-12 10:23:40.523 V/ActivityThread(27367): ActivityThread,callActivityOnCreate
11-12 10:23:40.556 D/ActivityThread(27367): add activity client record, r= ActivityRecord{145a40a token=android.os.BinderProxy@b2eecfa {com.eyefilter.night/com.eyefilter.night.activity.VisionTestActivity}} token= android.os.BinderProxy@b2eecfa
11-12 10:23:40.591 D/ActivityThread(27367): Remove activity client record, r= ActivityRecord{14d0656 token=android.os.BinderProxy@99ea6c {com.eyefilter.night/com.eyefilter.night.activity.VisionTestActivity}} token= android.os.BinderProxy@99ea6c
11-12 10:23:40.593 I/chatty  ( 1187): uid=1000(system) Binder:1187_3 expire 28 lines
11-12 10:23:40.593 I/chatty  ( 1187): uid=1000(system) Binder:1187_2 expire 19 lines
11-12 10:23:40.597 I/chatty  ( 1187): uid=1000(system) Binder:1187_1E expire 2 lines
11-12 10:23:40.603 I/chatty  ( 1187): uid=1000(system) android.anim expire 22 lines
11-12 10:23:40.613 I/chatty  ( 1187): uid=1000(system) Binder:1187_F expire 21 lines
11-12 10:23:40.870 I/chatty  ( 1187): uid=1000(system) android.ui expire 67 lines
11-12 10:23:40.871 I/chatty  ( 1187): uid=1000 system_server expire 11 lines
11-12 10:23:41.605 I/chatty  ( 1187): uid=1000(system) Binder:1187_1F expire 14 lines
11-12 10:23:41.635 I/chatty  ( 1187): uid=1000(system) Binder:1187_13 expire 5 lines
11-12 10:23:41.984 I/chatty  ( 1187): uid=1000(system) Binder:1187_19 expire 9 lines
11-12 10:23:42.084 I/chatty  ( 1187): uid=1000(system) UEventObserver expire 2 lines
11-12 10:23:42.858 I/chatty  ( 1187): uid=1000(system) InputDispatcher expire 7 lines
11-12 10:23:43.633 I/chatty  ( 1187): uid=1000(system) ConnectivitySer expire 1 line
11-12 10:23:44.737 I/chatty  ( 1187): uid=1000(system) AudioService expire 2 lines
11-12 10:23:44.772 I/chatty  ( 1187): uid=1000(system) Binder:1187_6 expire 25 lines
11-12 10:23:46.243 I/chatty  ( 1187): uid=1000(system) InputDispatcher expire 18 lines
11-12 10:23:46.253 I/chatty  ( 1187): uid=1000(system) Binder:1187_19 expire 30 lines
11-12 10:23:46.867 I/chatty  ( 1187): uid=1000(system) Binder:1187_1F expire 40 lines
11-12 10:23:48.264 I/chatty  ( 1187): uid=1000(system) Binder:1187_12 expire 10 lines
11-12 10:23:48.284 I/chatty  ( 1187): uid=1000(system) Binder:1187_2 expire 14 lines
11-12 10:23:49.712 I/chatty  ( 1187): uid=1000(system) Binder:1187_13 expire 39 lines
11-12 10:23:49.971 I/chatty  ( 1187): uid=1000(system) android.anim expire 16 lines
11-12 10:23:50.451 I/chatty  ( 1187): uid=1000 system_server expire 6 lines
11-12 10:23:50.469 I/chatty  ( 1187): uid=1000(system) android.display expire 2 lines
11-12 10:23:50.482 I/chatty  ( 1187): uid=1000(system) Binder:1187_3 expire 18 lines
11-12 10:23:51.084 I/chatty  ( 1187): uid=1000(system) ConnectivitySer expire 8 lines
11-12 10:23:51.133 D/ActivityThread(27710): ActivityThread,attachApplication
11-12 10:23:52.325 V/ActivityThread(27367): ActivityThread,callActivityOnCreate
11-12 10:23:52.375 D/ActivityThread(27367): add activity client record, r= ActivityRecord{af225fd token=android.os.BinderProxy@fef6feb {com.eyefilter.night/com.eyefilter.night.activity.FatigueTestActivity}} token= android.os.BinderProxy@fef6feb
11-12 10:23:52.396 D/ActivityThread(27367): Remove activity client record, r= ActivityRecord{145a40a token=android.os.BinderProxy@b2eecfa {com.eyefilter.night/com.eyefilter.night.activity.VisionTestActivity}} token= android.os.BinderProxy@b2eecfa
11-12 10:23:54.174 I/chatty  ( 1187): uid=1000(system) Binder:1187_6 expire 11 lines
11-12 10:23:54.267 I/chatty  ( 1187): uid=1000(system) Binder:1187_2 expire 5 lines
11-12 10:23:54.381 I/chatty  ( 1187): uid=1000 system_server expire 5 lines
11-12 10:23:54.398 I/chatty  ( 1187): uid=1000(system) android.ui expire 12 lines
11-12 10:23:54.448 I/chatty  ( 1187): uid=1000(system) android.anim expire 18 lines
11-12 10:23:55.659 I/chatty  ( 1187): uid=1000(system) Binder:1187_12 expire 21 lines
11-12 10:23:55.696 I/chatty  ( 1187): uid=1000(system) Binder:1187_15 expire 10 lines
11-12 10:23:55.895 I/chatty  ( 1187): uid=1000(system) InputDispatcher expire 6 lines
11-12 10:23:57.872 I/chatty  ( 1187): uid=1000(system) Binder:1187_1C expire 43 lines
11-12 10:23:57.901 V/ActivityThread(27367): ActivityThread,callActivityOnCreate
11-12 10:23:57.919 I/chatty  ( 1187): uid=1000(system) Binder:1187_19 expire 47 lines
11-12 10:23:57.929 I/chatty  ( 1187): uid=1000(system) Binder:1187_F expire 20 lines
11-12 10:23:57.939 D/ActivityThread(27367): add activity client record, r= ActivityRecord{fc4d6f1 token=android.os.BinderProxy@a1fb0bb {com.eyefilter.night/com.eyefilter.night.activity.EyeExerciseActivity}} token= android.os.BinderProxy@a1fb0bb
11-12 10:23:58.097 W/SocketListener(  500): sending broadcast to Pid = 1187, Uid = 1000 
11-12 10:23:58.098 I/chatty  ( 1187): uid=1000(system) NetdConnector expire 6 lines
11-12 10:23:58.098 I/chatty  ( 1187): uid=1000(system) android.fg expire 1 line
11-12 10:23:58.101 I/chatty  ( 1187): uid=1000(system) NetworkStats expire 5 lines
11-12 10:24:00.164 D/ActivityThread(27367): Remove activity client record, r= ActivityRecord{fc4d6f1 token=android.os.BinderProxy@a1fb0bb {com.eyefilter.night/com.eyefilter.night.activity.EyeExerciseActivity}} token= android.os.BinderProxy@a1fb0bb
11-12 10:24:00.291 I/chatty  ( 1187): uid=1000(system) watchdog expire 1 line
11-12 10:24:00.443 V/ActivityThread(27367): ActivityThread,callActivityOnCreate
11-12 10:24:00.468 D/ActivityThread(27367): add activity client record, r= ActivityRecord{59eb3fd token=android.os.BinderProxy@a7f5ebf {com.eyefilter.night/com.cootek.colibrow.sharekits.ShareActivity}} token= android.os.BinderProxy@a7f5ebf
11-12 10:24:00.479 E/AndroidRuntime(27367): FATAL EXCEPTION: main
11-12 10:24:00.479 E/AndroidRuntime(27367): Process: com.eyefilter.night, PID: 27367
11-12 10:24:00.479 E/AndroidRuntime(27367): java.lang.RuntimeException: Failure delivering result ResultInfo{who=@android:requestPermissions:, request=1, result=0, data=null} to activity {com.eyefilter.night/com.cootek.colibrow.sharekits.ShareActivity}: java.lang.ArrayIndexOutOfBoundsException: length=0; index=0
11-12 10:24:00.479 E/AndroidRuntime(27367): 	at android.app.ActivityThread.deliverResults(ActivityThread.java:4932)
11-12 10:24:00.479 E/AndroidRuntime(27367): 	at android.app.ActivityThread.handleSendResult(ActivityThread.java:4975)
11-12 10:24:00.479 E/AndroidRuntime(27367): 	at android.app.ActivityThread.-wrap20(Unknown Source:0)
11-12 10:24:00.479 E/AndroidRuntime(27367): 	at android.app.ActivityThread$H.handleMessage(ActivityThread.java:1950)
11-12 10:24:00.479 E/AndroidRuntime(27367): 	at android.os.Handler.dispatchMessage(Handler.java:108)
11-12 10:24:00.479 E/AndroidRuntime(27367): 	at android.os.Looper.loop(Looper.java:166)
11-12 10:24:00.479 E/AndroidRuntime(27367): 	at android.app.ActivityThread.main(ActivityThread.java:7425)
11-12 10:24:00.479 E/AndroidRuntime(27367): 	at java.lang.reflect.Method.invoke(Native Method)
11-12 10:24:00.479 E/AndroidRuntime(27367): 	at com.android.internal.os.Zygote$MethodAndArgsCaller.run(Zygote.java:245)
11-12 10:24:00.479 E/AndroidRuntime(27367): 	at com.android.internal.os.ZygoteInit.main(ZygoteInit.java:921)
11-12 10:24:00.479 E/AndroidRuntime(27367): Caused by: java.lang.ArrayIndexOutOfBoundsException: length=0; index=0
11-12 10:24:00.479 E/AndroidRuntime(27367): 	at com.cootek.colibrow.sharekits.ShareActivity.onRequestPermissionsResult(ShareActivity.java:296)
11-12 10:24:00.479 E/AndroidRuntime(27367): 	at android.app.Activity.dispatchRequestPermissionsResult(Activity.java:7843)
11-12 10:24:00.479 E/AndroidRuntime(27367): 	at android.app.Activity.dispatchActivityResult(Activity.java:7694)
11-12 10:24:00.479 E/AndroidRuntime(27367): 	at android.app.ActivityThread.deliverResults(ActivityThread.java:4928)
11-12 10:24:00.479 E/AndroidRuntime(27367): 	... 9 more
11-12 10:24:00.525 I/chatty  ( 1187): uid=1000(system) ActivityManager expire 1 line
11-12 10:24:00.736 E/FrameworkListener(  500): read() failed (Connection reset by peer)
11-12 10:24:00.759 I/chatty  ( 1187): uid=1000(system) Binder:1187_13 expire 1 line
11-12 10:24:00.759 I/chatty  ( 1187): uid=1000(system) Binder:1187_1B expire 2 lines
11-12 10:24:00.766 I/chatty  ( 1187): uid=1000(system) Binder:1187_18 expire 20 lines
11-12 10:24:00.768 I/chatty  ( 1187): uid=1000(system) Binder:1187_17 expire 4 lines
11-12 10:24:00.771 I/chatty  ( 1187): uid=1000(system) Binder:1187_1B expire 43 lines
11-12 10:24:00.778 I/chatty  ( 1187): uid=1000(system) android.anim expire 29 lines
11-12 10:24:00.796 D/ActivityThread(27771): ActivityThread,attachApplication
11-12 10:24:00.797 I/chatty  ( 1187): uid=1000(system) Binder:1187_6 expire 18 lines
11-12 10:24:00.837 I/chatty  ( 1187): uid=1000(system) android.ui expire 1 line
11-12 10:24:00.841 I/HwNetworkPolicyManager( 1959): getHwUidPolicy uid = 10125 policy = 0
11-12 10:24:01.194 V/ActivityThread(27771): ActivityThread,callActivityOnCreate
11-12 10:24:01.221 I/chatty  ( 1187): uid=1000(system) Binder:1187_15 expire 41 lines
11-12 10:24:01.261 I/chatty  ( 1187): uid=1000 system_server expire 4 lines
11-12 10:24:01.292 I/chatty  ( 1187): uid=1000(system) android.display expire 3 lines
11-12 10:24:01.469 D/ActivityThread(27771): add activity client record, r= ActivityRecord{34c5fce token=android.os.BinderProxy@cd9e38a {com.eyefilter.night/com.eyefilter.night.activity.MainFilterActivity}} token= android.os.BinderProxy@cd9e38a
11-12 10:24:01.710 I/chatty  ( 1187): uid=1000(system) Binder:1187_1C expire 22 lines
11-12 10:24:01.735 D/ActivityThread(27892): ActivityThread,attachApplication
11-12 10:24:01.911 I/chatty  ( 1187): uid=1000(system) ConnectivitySer expire 10 lines
11-12 10:24:01.983 I/chatty  ( 1187): uid=1000(system) Binder:1187_19 expire 23 lines
11-12 10:24:02.275 I/chatty  ( 1187): uid=1000(system) ActivityManager expire 3 lines
11-12 10:24:02.330 V/ActivityThread(27771): ActivityThread,callActivityOnCreate
11-12 10:24:02.373 D/ActivityThread(27771): add activity client record, r= ActivityRecord{621e64f token=android.os.BinderProxy@d7970b6 {com.eyefilter.night/com.eyefilter.night.activity.EyeExerciseActivity}} token= android.os.BinderProxy@d7970b6
11-12 10:24:02.740 I/chatty  ( 1187): uid=1000(system) android.anim expire 13 lines
11-12 10:24:02.781 I/chatty  ( 1187): uid=1000(system) Binder:1187_19 expire 9 lines
11-12 10:24:02.919 I/chatty  ( 1187): uid=1000(system) Binder:1187_1B expire 18 lines
11-12 10:24:03.614 I/chatty  ( 1187): uid=1000(system) Binder:1187_17 expire 33 lines
11-12 10:24:03.955 I/chatty  ( 1187): uid=1000(system) InputDispatcher expire 32 lines
11-12 10:24:05.069 W/SettingsEx(13382): SettingsEx.Systemex.getInt deprecated use Settings.System.getInt instead ;callers=com.android.mediacenter.components.playback.d.b.a$1.run:102 java.util.concurrent.Executors$RunnableAdapter.call:457 java.util.concurrent.FutureTask.run:266 
11-12 10:24:05.487 I/chatty  ( 1187): uid=1000(system) ConnectivitySer expire 1 line
11-12 10:24:06.035 I/chatty  ( 1187): uid=1000 system_server expire 5 lines
11-12 10:24:06.339 I/chatty  ( 1187): uid=1000(system) Binder:1187_18 expire 19 lines
11-12 10:24:06.554 I/chatty  ( 1187): uid=1000(system) Binder:1187_F expire 34 lines
11-12 10:24:06.558 I/chatty  ( 1187): uid=1000(system) Binder:1187_15 expire 19 lines
11-12 10:24:09.494 I/chatty  ( 1187): uid=1000(system) android.ui expire 37 lines
11-12 10:24:12.293 I/chatty  ( 1187): uid=1000(system) UEventObserver expire 2 lines
11-12 10:24:20.340 I/chatty  ( 1187): uid=1000(system) android.ui expire 35 lines
11-12 10:24:20.551 I/chatty  ( 1187): uid=1000(system) InputDispatcher expire 20 lines
11-12 10:24:20.566 I/chatty  ( 1187): uid=1000(system) Binder:1187_F expire 23 lines
11-12 10:24:21.646 I/chatty  ( 1187): uid=1000(system) Binder:1187_18 expire 29 lines
11-12 10:24:22.360 I/chatty  ( 1187): uid=1000(system) Binder:1187_10 expire 8 lines
11-12 10:24:27.980 I/chatty  ( 1187): uid=1000(system) Binder:1187_1B expire 13 lines
11-12 10:24:29.521 I/chatty  ( 1187): uid=1000 system_server expire 1 line
11-12 10:24:29.579 I/chatty  ( 1187): uid=1000(system) Binder:1187_1A expire 19 lines
11-12 10:24:29.596 I/chatty  ( 1187): uid=1000(system) android.anim expire 9 lines
11-12 10:24:30.292 I/chatty  ( 1187): uid=1000(system) watchdog expire 1 line
11-12 10:24:32.936 W/ViewRootImpl[Toast](27771): EGLdebug relayoutWindow Surface isSurface(name=null)  (appName =com.eyefilter.night) ( mSurfaceControllerIsValid =false) (mNativeObject  =0)/@0x23e16d7,viewVisibility is0
11-12 10:24:32.936 I/chatty  ( 1187): uid=1000(system) Binder:1187_F expire 8 lines
11-12 10:24:32.937 I/chatty  ( 1187): uid=1000(system) Binder:1187_18 expire 5 lines
11-12 10:24:32.942 W/ViewRootImpl[Toast](27771): EGLdebug relayoutWindow Surface isSurface(name=null)  (appName =com.eyefilter.night) ( mSurfaceControllerIsValid =true) (mNativeObject  =c2478000)/@0x23e16d7,relayoutResult is7
11-12 10:24:33.307 I/chatty  ( 1187): uid=1000(system) InputDispatcher expire 2 lines
11-12 10:24:33.471 I/chatty  ( 1187): uid=1000(system) ConnectivitySer expire 5 lines
11-12 10:24:33.480 I/chatty  ( 1187): uid=1000(system) Binder:1187_6 expire 13 lines
11-12 10:24:33.509 D/ActivityThread(28130): ActivityThread,attachApplication
11-12 10:24:33.545 I/chatty  ( 1187): uid=1000(system) Binder:1187_8 expire 17 lines
11-12 10:24:33.555 I/chatty  ( 1187): uid=1000(system) Binder:1187_20 expire 15 lines
11-12 10:24:33.730 I/chatty  ( 1187): uid=1000(system) Binder:1187_10 expire 15 lines
11-12 10:24:33.833 I/chatty  ( 1187): uid=1000(system) Binder:1187_6 expire 37 lines
11-12 10:24:33.847 I/chatty  ( 1187): uid=1000(system) Binder:1187_8 expire 6 lines
11-12 10:24:34.846 I/chatty  ( 1187): uid=1000(system) Binder:1187_1A expire 28 lines
11-12 10:24:34.895 V/ActivityThread(27771): ActivityThread,callActivityOnCreate
11-12 10:24:34.916 I/chatty  ( 1187): uid=1000 system_server expire 10 lines
11-12 10:24:34.920 D/ActivityThread(27771): add activity client record, r= ActivityRecord{a36b06c token=android.os.BinderProxy@cef0261 {com.eyefilter.night/com.eyefilter.night.activity.EyeExerciseActivity}} token= android.os.BinderProxy@cef0261
11-12 10:24:34.969 I/chatty  ( 1187): uid=1000(system) android.anim expire 16 lines
11-12 10:24:34.972 D/ActivityThread(27771): Remove activity client record, r= ActivityRecord{621e64f token=android.os.BinderProxy@d7970b6 {com.eyefilter.night/com.eyefilter.night.activity.EyeExerciseActivity}} token= android.os.BinderProxy@d7970b6
11-12 10:24:34.981 I/chatty  ( 1187): uid=1000(system) Binder:1187_B expire 12 lines
11-12 10:24:34.989 I/chatty  ( 1187): uid=1000(system) Binder:1187_18 expire 28 lines
11-12 10:24:35.012 I/chatty  ( 1187): uid=1000(system) android.ui expire 25 lines
11-12 10:24:35.047 I/chatty  ( 1187): uid=1000(system) Binder:1187_1B expire 9 lines
11-12 10:24:35.840 I/chatty  ( 1187): uid=1000(system) InputDispatcher expire 6 lines
11-12 10:24:36.984 I/chatty  ( 1187): uid=1000(system) ConnectivitySer expire 6 lines
11-12 10:24:39.820 I/chatty  ( 1187): uid=1000(system) Binder:1187_11 expire 12 lines
11-12 10:24:39.894 I/chatty  ( 1187): uid=1000(system) Binder:1187_10 expire 30 lines
11-12 10:24:39.904 D/ActivityThread(28177): ActivityThread,attachApplication
11-12 10:24:39.905 I/chatty  ( 1187): uid=1000(system) Binder:1187_6 expire 22 lines
11-12 10:24:39.908 I/chatty  ( 1187): uid=1000(system) Binder:1187_B expire 24 lines
11-12 10:24:39.998 V/ActivityThread(27771): ActivityThread,callActivityOnCreate
11-12 10:24:40.001 I/chatty  ( 1187): uid=1000(system) Binder:1187_1B expire 17 lines
11-12 10:24:40.024 I/chatty  ( 1187): uid=1000(system) Binder:1187_F expire 16 lines
11-12 10:24:40.083 D/ActivityThread(27771): add activity client record, r= ActivityRecord{7e0127b token=android.os.BinderProxy@903388e {com.eyefilter.night/com.eyefilter.night.activity.VisionTestActivity}} token= android.os.BinderProxy@903388e
11-12 10:24:40.109 D/ActivityThread(27771): Remove activity client record, r= ActivityRecord{a36b06c token=android.os.BinderProxy@cef0261 {com.eyefilter.night/com.eyefilter.night.activity.EyeExerciseActivity}} token= android.os.BinderProxy@cef0261
11-12 10:24:40.130 I/chatty  ( 1187): uid=1000(system) android.anim expire 7 lines
11-12 10:24:40.160 I/chatty  ( 1187): uid=1000(system) android.ui expire 43 lines
11-12 10:24:40.566 I/chatty  ( 1187): uid=1000(system) InputDispatcher expire 5 lines
11-12 10:24:41.066 I/chatty  ( 1187): uid=1000 system_server expire 16 lines
11-12 10:24:41.126 I/chatty  ( 1187): uid=1000(system) ActivityManager expire 1 line
11-12 10:24:41.169 D/ActivityThread(28214): ActivityThread,attachApplication
11-12 10:24:41.460 I/chatty  ( 1187): uid=1000(system) Binder:1187_1A expire 17 lines
11-12 10:24:42.212 I/chatty  ( 1187): uid=1000(system) AudioService expire 3 lines
11-12 10:24:42.503 I/chatty  ( 1187): uid=1000(system) UEventObserver expire 2 lines
11-12 10:24:43.056 I/chatty  ( 1187): uid=1000(system) Binder:1187_B expire 34 lines
11-12 10:24:43.063 I/chatty  ( 1187): uid=1000(system) android.ui expire 60 lines
11-12 10:24:43.085 I/chatty  ( 1187): uid=1000(system) ConnectivitySer expire 1 line
11-12 10:24:43.638 I/chatty  ( 1187): uid=1000 system_server expire 15 lines
11-12 10:24:44.146 I/chatty  ( 1187): uid=1000(system) Binder:1187_1A expire 29 lines
11-12 10:24:45.038 I/chatty  ( 1187): uid=1000(system) Binder:1187_1B expire 5 lines
11-12 10:24:45.838 I/chatty  ( 1187): uid=1000(system) Binder:1187_F expire 2 lines
11-12 10:24:45.862 I/chatty  ( 1187): uid=1000(system) Binder:1187_20 expire 25 lines
11-12 10:24:46.944 I/chatty  ( 1187): uid=1000(system) InputDispatcher expire 23 lines
11-12 10:24:48.403 I/chatty  ( 1187): uid=1000(system) Binder:1187_16 expire 9 lines
11-12 10:24:48.434 I/chatty  ( 1187): uid=1000(system) Binder:1187_18 expire 11 lines
11-12 10:24:49.587 I/chatty  ( 1187): uid=1000(system) android.anim expire 5 lines
11-12 10:24:56.336 I/chatty  ( 1187): uid=1000(system) AudioService expire 2 lines
11-12 10:24:59.651 I/chatty  ( 1187): uid=1000(system) Binder:1187_6 expire 6 lines
11-12 10:24:59.726 I/chatty  ( 1187): uid=1000(system) android.display expire 1 line
11-12 10:25:00.292 I/chatty  ( 1187): uid=1000(system) watchdog expire 1 line
11-12 10:25:01.970 I/chatty  ( 1187): uid=1000(system) Binder:1187_16 expire 3 lines
11-12 10:25:01.988 V/ActivityThread(27771): ActivityThread,callActivityOnCreate
11-12 10:25:02.018 D/ActivityThread(27771): add activity client record, r= ActivityRecord{cdc240e token=android.os.BinderProxy@fc4d6f1 {com.eyefilter.night/com.eyefilter.night.activity.EyeExerciseActivity}} token= android.os.BinderProxy@fc4d6f1
11-12 10:25:02.020 I/chatty  ( 1187): uid=1000(system) Binder:1187_6 expire 22 lines
11-12 10:25:02.023 I/chatty  ( 1187): uid=1000(system) Binder:1187_B expire 41 lines
11-12 10:25:02.023 I/chatty  ( 1187): uid=1000(system) Binder:1187_1A expire 17 lines
11-12 10:25:02.029 I/chatty  ( 1187): uid=1000(system) Binder:1187_F expire 31 lines
11-12 10:25:02.049 I/chatty  ( 1187): uid=1000(system) android.anim expire 24 lines
11-12 10:25:02.086 I/chatty  ( 1187): uid=1000(system) Binder:1187_20 expire 6 lines
11-12 10:25:03.379 I/chatty  ( 1187): uid=1000(system) InputDispatcher expire 12 lines
11-12 10:25:09.323 D/ActivityThread(27771): Remove activity client record, r= ActivityRecord{cdc240e token=android.os.BinderProxy@fc4d6f1 {com.eyefilter.night/com.eyefilter.night.activity.EyeExerciseActivity}} token= android.os.BinderProxy@fc4d6f1
11-12 10:25:11.104 I/chatty  ( 1187): uid=1000(system) android.ui expire 20 lines
11-12 10:25:11.106 I/chatty  ( 1187): uid=1000 system_server expire 1 line
11-12 10:25:11.161 I/chatty  ( 1187): uid=1000(system) Binder:1187_11 expire 17 lines
11-12 10:25:11.357 V/ActivityThread(27771): ActivityThread,callActivityOnCreate
11-12 10:25:11.380 D/ActivityThread(27771): add activity client record, r= ActivityRecord{ee060e0 token=android.os.BinderProxy@bf16e68 {com.eyefilter.night/com.eyefilter.night.activity.EyeExerciseActivity}} token= android.os.BinderProxy@bf16e68
11-12 10:25:11.391 I/chatty  ( 1187): uid=1000(system) Binder:1187_1B expire 20 lines
11-12 10:25:11.449 I/chatty  ( 1187): uid=1000(system) Binder:1187_8 expire 16 lines
11-12 10:25:11.723 I/chatty  ( 1187): uid=1000(system) Binder:1187_1B expire 18 lines
11-12 10:25:11.735 I/chatty  ( 1187): uid=1000(system) android.anim expire 15 lines
11-12 10:25:12.339 I/chatty  ( 1187): uid=1000(system) InputDispatcher expire 2 lines
11-12 10:25:12.360 I/chatty  ( 1187): uid=1000(system) Binder:1187_B expire 37 lines
11-12 10:25:12.704 I/chatty  ( 1187): uid=1000(system) UEventObserver expire 2 lines
11-12 10:25:12.736 I/chatty  ( 1187): uid=1000 system_server expire 5 lines
11-12 10:25:13.054 I/chatty  ( 1187): uid=1000(system) Binder:1187_11 expire 25 lines
11-12 10:25:13.201 I/chatty  ( 1187): uid=1000(system) android.ui expire 13 lines
11-12 10:25:13.235 D/ActivityThread(27771): Remove activity client record, r= ActivityRecord{ee060e0 token=android.os.BinderProxy@bf16e68 {com.eyefilter.night/com.eyefilter.night.activity.EyeExerciseActivity}} token= android.os.BinderProxy@bf16e68
11-12 10:25:13.418 I/chatty  ( 1187): uid=1000(system) Binder:1187_6 expire 12 lines
11-12 10:25:13.442 V/ActivityThread(27771): ActivityThread,callActivityOnCreate
11-12 10:25:13.462 D/ActivityThread(27771): add activity client record, r= ActivityRecord{4652c89 token=android.os.BinderProxy@ea7aceb {com.eyefilter.night/com.cootek.colibrow.sharekits.ShareActivity}} token= android.os.BinderProxy@ea7aceb
11-12 10:25:13.466 I/chatty  ( 1187): uid=1000(system) Binder:1187_F expire 20 lines
11-12 10:25:13.467 I/chatty  ( 1187): uid=1000(system) Binder:1187_18 expire 22 lines
11-12 10:25:13.472 E/AndroidRuntime(27771): FATAL EXCEPTION: main
11-12 10:25:13.472 E/AndroidRuntime(27771): Process: com.eyefilter.night, PID: 27771
11-12 10:25:13.472 E/AndroidRuntime(27771): java.lang.RuntimeException: Failure delivering result ResultInfo{who=@android:requestPermissions:, request=1, result=0, data=null} to activity {com.eyefilter.night/com.cootek.colibrow.sharekits.ShareActivity}: java.lang.ArrayIndexOutOfBoundsException: length=0; index=0
11-12 10:25:13.472 E/AndroidRuntime(27771): 	at android.app.ActivityThread.deliverResults(ActivityThread.java:4932)
11-12 10:25:13.472 E/AndroidRuntime(27771): 	at android.app.ActivityThread.handleSendResult(ActivityThread.java:4975)
11-12 10:25:13.472 E/AndroidRuntime(27771): 	at android.app.ActivityThread.-wrap20(Unknown Source:0)
11-12 10:25:13.472 E/AndroidRuntime(27771): 	at android.app.ActivityThread$H.handleMessage(ActivityThread.java:1950)
11-12 10:25:13.472 E/AndroidRuntime(27771): 	at android.os.Handler.dispatchMessage(Handler.java:108)
11-12 10:25:13.472 E/AndroidRuntime(27771): 	at android.os.Looper.loop(Looper.java:166)
11-12 10:25:13.472 E/AndroidRuntime(27771): 	at android.app.ActivityThread.main(ActivityThread.java:7425)
11-12 10:25:13.472 E/AndroidRuntime(27771): 	at java.lang.reflect.Method.invoke(Native Method)
11-12 10:25:13.472 E/AndroidRuntime(27771): 	at com.android.internal.os.Zygote$MethodAndArgsCaller.run(Zygote.java:245)
11-12 10:25:13.472 E/AndroidRuntime(27771): 	at com.android.internal.os.ZygoteInit.main(ZygoteInit.java:921)
11-12 10:25:13.472 E/AndroidRuntime(27771): Caused by: java.lang.ArrayIndexOutOfBoundsException: length=0; index=0
11-12 10:25:13.472 E/AndroidRuntime(27771): 	at com.cootek.colibrow.sharekits.ShareActivity.onRequestPermissionsResult(ShareActivity.java:296)
11-12 10:25:13.472 E/AndroidRuntime(27771): 	at android.app.Activity.dispatchRequestPermissionsResult(Activity.java:7843)
11-12 10:25:13.472 E/AndroidRuntime(27771): 	at android.app.Activity.dispatchActivityResult(Activity.java:7694)
11-12 10:25:13.472 E/AndroidRuntime(27771): 	at android.app.ActivityThread.deliverResults(ActivityThread.java:4928)
11-12 10:25:13.472 E/AndroidRuntime(27771): 	... 9 more
11-12 10:25:13.667 I/chatty  ( 1187): uid=1000(system) android.display expire 9 lines
11-12 10:25:13.707 I/chatty  ( 1187): uid=1000(system) ActivityManager expire 1 line
11-12 10:25:13.740 E/FrameworkListener(  500): read() failed (Connection reset by peer)
11-12 10:25:13.762 I/chatty  ( 1187): uid=1000(system) Binder:1187_5 expire 8 lines
11-12 10:25:13.763 I/chatty  ( 1187): uid=1000(system) ConnectivitySer expire 2 lines
11-12 10:25:13.767 I/chatty  ( 1187): uid=1000(system) Binder:1187_9 expire 4 lines
11-12 10:25:13.793 D/ActivityThread(28282): ActivityThread,attachApplication
11-12 10:25:13.848 I/chatty  ( 1187): uid=1000(system) Binder:1187_15 expire 4 lines
11-12 10:25:13.849 I/HwNetworkPolicyManager( 1959): getHwUidPolicy uid = 10125 policy = 0
11-12 10:25:13.850 I/chatty  ( 1187): uid=1000(system) Binder:1187_4 expire 9 lines
11-12 10:25:13.874 I/chatty  ( 1187): uid=1000(system) Binder:1187_14 expire 6 lines
11-12 10:25:13.931 I/chatty  ( 1187): uid=1000(system) Binder:1187_4 expire 58 lines
11-12 10:25:13.935 I/chatty  ( 1187): uid=1000(system) Binder:1187_15 expire 59 lines
11-12 10:25:13.959 I/chatty  ( 1187): uid=1000(system) Binder:1187_5 expire 19 lines
11-12 10:25:14.070 I/chatty  ( 1187): uid=1000(system) Binder:1187_16 expire 6 lines
11-12 10:25:14.243 V/ActivityThread(28282): ActivityThread,callActivityOnCreate
11-12 10:25:14.264 I/chatty  ( 1187): uid=1000 system_server expire 4 lines
11-12 10:25:14.524 D/ActivityThread(28282): add activity client record, r= ActivityRecord{85e2e2c token=android.os.BinderProxy@d0819f5 {com.eyefilter.night/com.eyefilter.night.activity.MainFilterActivity}} token= android.os.BinderProxy@d0819f5
11-12 10:25:14.666 I/chatty  ( 1187): uid=1000(system) android.anim expire 19 lines
11-12 10:25:14.685 I/chatty  ( 1187): uid=1000(system) Binder:1187_11 expire 25 lines
11-12 10:25:14.715 D/ActivityThread(28412): ActivityThread,attachApplication
11-12 10:25:14.972 I/chatty  ( 1187): uid=1000(system) Binder:1187_E expire 9 lines
11-12 10:25:14.973 I/chatty  ( 1187): uid=1000(system) ConnectivitySer expire 10 lines
11-12 10:25:15.221 V/ActivityThread(28282): ActivityThread,callActivityOnCreate
11-12 10:25:15.258 D/ActivityThread(28282): add activity client record, r= ActivityRecord{449a9a2 token=android.os.BinderProxy@a6060da {com.eyefilter.night/com.eyefilter.night.activity.EyeExerciseActivity}} token= android.os.BinderProxy@a6060da
11-12 10:25:15.295 I/chatty  ( 1187): uid=1000(system) android.display expire 1 line
11-12 10:25:15.403 I/chatty  ( 1187): uid=1000(system) Binder:1187_10 expire 51 lines
11-12 10:25:15.447 V/ActivityThread(28282): ActivityThread,callActivityOnCreate
11-12 10:25:15.459 I/chatty  ( 1187): uid=1000(system) Binder:1187_14 expire 7 lines
11-12 10:25:15.472 I/chatty  ( 1187): uid=1000(system) android.anim expire 35 lines
11-12 10:25:15.473 I/chatty  ( 1187): uid=1000(system) Binder:1187_11 expire 12 lines
11-12 10:25:15.497 D/ActivityThread(28282): add activity client record, r= ActivityRecord{8d02edd token=android.os.BinderProxy@2fe5aea {com.eyefilter.night/com.eyefilter.night.activity.FatigueTestActivity}} token= android.os.BinderProxy@2fe5aea
11-12 10:25:15.501 I/chatty  ( 1187): uid=1000(system) Binder:1187_15 expire 15 lines
11-12 10:25:15.512 I/chatty  ( 1187): uid=1000(system) Binder:1187_4 expire 24 lines
11-12 10:25:15.581 I/chatty  ( 1187): uid=1000 system_server expire 4 lines
11-12 10:25:15.676 I/chatty  ( 1187): uid=1000(system) Binder:1187_E expire 40 lines
11-12 10:25:16.121 I/chatty  ( 1187): uid=1000(system) InputDispatcher expire 16 lines
11-12 10:25:18.470 I/chatty  ( 1187): uid=1000(system) ConnectivitySer expire 1 line
11-12 10:25:19.722 I/chatty  ( 1187): uid=1000(system) Binder:1187_16 expire 1 line
11-12 10:25:19.739 I/chatty  ( 1187): uid=1000(system) Binder:1187_A expire 10 lines
11-12 10:25:20.415 I/chatty  ( 1187): uid=1000(system) Binder:1187_F expire 18 lines
11-12 10:25:20.630 I/chatty  ( 1187): uid=1000(system) android.display expire 1 line
11-12 10:25:20.636 I/chatty  ( 1187): uid=1000(system) Binder:1187_1 expire 5 lines
11-12 10:25:20.661 I/chatty  ( 1187): uid=1000(system) Binder:1187_C expire 1 line
11-12 10:25:20.661 I/chatty  ( 1187): uid=1000(system) Binder:1187_9 expire 14 lines
11-12 10:25:20.940 D/ActivityThread(28282): Remove activity client record, r= ActivityRecord{8d02edd token=android.os.BinderProxy@2fe5aea {com.eyefilter.night/com.eyefilter.night.activity.FatigueTestActivity}} token= android.os.BinderProxy@2fe5aea
11-12 10:25:24.259 I/chatty  ( 1187): uid=1000(system) Binder:1187_E expire 31 lines
11-12 10:25:24.839 I/chatty  ( 1187): uid=1000(system) Binder:1187_11 expire 56 lines
11-12 10:25:24.892 I/chatty  ( 1187): uid=1000(system) InputDispatcher expire 25 lines
11-12 10:25:25.566 I/chatty  ( 1187): uid=1000(system) Binder:1187_A expire 30 lines
11-12 10:25:27.356 I/chatty  ( 1187): uid=1000(system) Binder:1187_1 expire 21 lines
11-12 10:25:30.293 I/chatty  ( 1187): uid=1000(system) watchdog expire 1 line
11-12 10:25:30.568 I/chatty  ( 1187): uid=1000(system) android.anim expire 10 lines
11-12 10:25:30.609 I/chatty  ( 1187): uid=1000(system) ConnectivitySer expire 6 lines
11-12 10:25:30.647 I/chatty  ( 1187): uid=1000(system) Binder:1187_14 expire 22 lines
11-12 10:25:30.648 D/ActivityThread(28581): ActivityThread,attachApplication
11-12 10:25:30.671 I/chatty  ( 1187): uid=1000(system) Binder:1187_C expire 16 lines
11-12 10:25:30.762 V/ActivityThread(28282): ActivityThread,callActivityOnCreate
11-12 10:25:30.783 D/ActivityThread(28282): add activity client record, r= ActivityRecord{3ebca21 token=android.os.BinderProxy@591f42f {com.eyefilter.night/com.eyefilter.night.activity.EyeExerciseActivity}} token= android.os.BinderProxy@591f42f
11-12 10:25:30.806 D/ActivityThread(28282): Remove activity client record, r= ActivityRecord{449a9a2 token=android.os.BinderProxy@a6060da {com.eyefilter.night/com.eyefilter.night.activity.EyeExerciseActivity}} token= android.os.BinderProxy@a6060da
11-12 10:25:33.019 I/chatty  ( 1187): uid=1000(system) Binder:1187_F expire 2 lines
11-12 10:25:34.286 I/chatty  ( 1187): uid=1000(system) android.ui expire 12 lines
11-12 10:25:34.370 I/chatty  ( 1187): uid=1000 system_server expire 2 lines
11-12 10:25:35.707 I/chatty  ( 1187): uid=1000(system) Binder:1187_9 expire 11 lines
11-12 10:25:36.508 I/chatty  ( 1187): uid=1000(system) InputDispatcher expire 21 lines
11-12 10:25:36.715 I/chatty  ( 1187): uid=1000(system) Binder:1187_1 expire 33 lines
11-12 10:25:36.726 I/chatty  ( 1187): uid=1000(system) android.ui expire 82 lines
11-12 10:25:36.727 I/chatty  ( 1187): uid=1000 system_server expire 6 lines
11-12 10:25:36.804 I/chatty  ( 1187): uid=1000(system) Binder:1187_14 expire 11 lines
11-12 10:25:36.832 I/chatty  ( 1187): uid=1000(system) android.anim expire 29 lines
11-12 10:25:37.651 I/chatty  ( 1187): uid=1000(system) Binder:1187_10 expire 3 lines
11-12 10:25:38.984 I/chatty  ( 1187): uid=1000(system) ActivityManager expire 1 line
11-12 10:25:38.989 I/chatty  ( 1187): uid=1000(system) Binder:1187_E expire 26 lines
11-12 10:25:39.093 I/chatty  ( 1187): uid=1000(system) Binder:1187_F expire 2 lines
11-12 10:25:39.198 I/chatty  ( 1187): uid=1000(system) ConnectivitySer expire 1 line
11-12 10:25:42.911 I/chatty  ( 1187): uid=1000(system) UEventObserver expire 2 lines
11-12 10:25:44.768 I/chatty  ( 1187): uid=1000(system) Binder:1187_C expire 10 lines
11-12 10:25:44.770 I/chatty  ( 1187): uid=1000(system) Binder:1187_5 expire 24 lines
11-12 10:25:45.668 W/ContextImpl( 5673): Calling a method in the system process without a qualified user: android.app.ContextImpl.sendBroadcast:1074 android.content.ContextWrapper.sendBroadcast:431 com.huawei.android.pushagent.model.channel.entity.a.b.ml:425 com.huawei.android.pushagent.model.channel.entity.a.b.ly:408 com.huawei.android.pushagent.model.channel.a.oj:156 
11-12 10:25:50.026 I/chatty  ( 1187): uid=1000(system) Binder:1187_C expire 32 lines
11-12 10:25:50.032 I/chatty  ( 1187): uid=1000(system) android.ui expire 98 lines
11-12 10:25:50.034 I/chatty  ( 1187): uid=1000 system_server expire 8 lines
11-12 10:25:50.095 I/chatty  ( 1187): uid=1000(system) Binder:1187_10 expire 11 lines
11-12 10:25:50.117 I/chatty  ( 1187): uid=1000(system) Binder:1187_9 expire 2 lines
11-12 10:25:50.144 I/chatty  ( 1187): uid=1000(system) android.anim expire 8 lines
11-12 10:25:50.272 I/chatty  ( 1187): uid=1000(system) InputDispatcher expire 30 lines
11-12 10:25:51.849 I/chatty  ( 1187): uid=1000(system) Binder:1187_1 expire 18 lines
11-12 10:25:56.999 I/chatty  ( 1187): uid=1000(system) UEventObserver expire 2 lines
11-12 10:25:57.048 I/chatty  ( 1187): uid=1000(system) batterystats-sy expire 1 line
11-12 10:26:00.294 I/chatty  ( 1187): uid=1000(system) watchdog expire 1 line
11-12 10:26:03.985 I/chatty  ( 1187): uid=1000(system) Binder:1187_C expire 14 lines
11-12 10:26:03.996 I/chatty  ( 1187): uid=1000(system) android.ui expire 52 lines
11-12 10:26:03.998 I/chatty  ( 1187): uid=1000(system) Binder:1187_5 expire 44 lines
11-12 10:26:05.077 I/chatty  ( 1187): uid=1000(system) InputDispatcher expire 9 lines
11-12 10:26:06.563 I/chatty  ( 1187): uid=1000(system) android.anim expire 5 lines
11-12 10:26:06.596 I/chatty  ( 1187): uid=1000(system) Binder:1187_9 expire 19 lines
11-12 10:26:06.597 I/chatty  ( 1187): uid=1000(system) ConnectivitySer expire 5 lines
11-12 10:26:06.630 D/ActivityThread(28661): ActivityThread,attachApplication
11-12 10:26:06.676 I/chatty  ( 1187): uid=1000(system) Binder:1187_10 expire 5 lines
11-12 10:26:06.686 I/chatty  ( 1187): uid=1000(system) Binder:1187_1 expire 17 lines
11-12 10:26:06.703 I/chatty  ( 1187): uid=1000(system) Binder:1187_14 expire 6 lines
11-12 10:26:06.822 I/chatty  ( 1187): uid=1000 system_server expire 2 lines
11-12 10:26:06.827 I/chatty  ( 1187): uid=1000(system) AudioService expire 3 lines
11-12 10:26:06.848 I/chatty  ( 1187): uid=1000(system) Binder:1187_F expire 26 lines
11-12 10:26:07.964 V/ActivityThread(28282): ActivityThread,callActivityOnCreate
11-12 10:26:08.045 D/ActivityThread(28282): add activity client record, r= ActivityRecord{3c6da75 token=android.os.BinderProxy@28160a8 {com.eyefilter.night/com.eyefilter.night.activity.VisionTestActivity}} token= android.os.BinderProxy@28160a8
11-12 10:26:08.067 D/ActivityThread(28282): Remove activity client record, r= ActivityRecord{3ebca21 token=android.os.BinderProxy@591f42f {com.eyefilter.night/com.eyefilter.night.activity.EyeExerciseActivity}} token= android.os.BinderProxy@591f42f
11-12 10:26:08.700 I/chatty  ( 1187): uid=1000(system) Binder:1187_E expire 12 lines
11-12 10:26:08.787 I/chatty  ( 1187): uid=1000(system) android.ui expire 80 lines
11-12 10:26:08.972 I/chatty  ( 1187): uid=1000(system) Binder:1187_9 expire 22 lines
11-12 10:26:09.674 I/chatty  ( 1187): uid=1000 system_server expire 5 lines
11-12 10:26:09.745 I/chatty  ( 1187): uid=1000(system) ConnectivitySer expire 1 line
11-12 10:26:09.768 I/chatty  ( 1187): uid=1000(system) Binder:1187_A expire 6 lines
11-12 10:26:09.780 I/chatty  ( 1187): uid=1000(system) Binder:1187_1 expire 2 lines
11-12 10:26:10.202 I/chatty  ( 1187): uid=1000(system) android.anim expire 9 lines
11-12 10:26:10.564 I/chatty  ( 1187): uid=1000(system) Binder:1187_14 expire 19 lines
11-12 10:26:10.968 I/chatty  ( 1187): uid=1000(system) InputDispatcher expire 20 lines
11-12 10:26:11.827 I/chatty  ( 1187): uid=1000(system) ActivityManager expire 2 lines
11-12 10:26:13.120 I/chatty  ( 1187): uid=1000(system) UEventObserver expire 2 lines
11-12 10:26:14.084 I/chatty  ( 1187): uid=1000(system) Binder:1187_5 expire 25 lines
11-12 10:26:14.619 I/chatty  ( 1187): uid=1000(system) Binder:1187_16 expire 13 lines
11-12 10:26:28.128 W/SocketListener(  500): sending broadcast to Pid = 1187, Uid = 1000 
11-12 10:26:28.130 I/chatty  ( 1187): uid=1000(system) NetdConnector expire 2 lines
11-12 10:26:28.132 I/chatty  ( 1187): uid=1000(system) android.fg expire 1 line
11-12 10:26:28.138 I/chatty  ( 1187): uid=1000(system) Binder:1187_14 expire 1 line
11-12 10:26:28.143 I/chatty  ( 1187): uid=1000(system) batterystats-sy expire 1 line
11-12 10:26:28.454 I/chatty  ( 1187): uid=1000(system) Binder:1187_9 expire 2 lines
11-12 10:26:29.055 I/chatty  ( 1187): uid=1000(system) Binder:1187_16 expire 19 lines
11-12 10:26:29.072 I/chatty  ( 1187): uid=1000(system) Binder:1187_5 expire 42 lines
11-12 10:26:29.087 I/chatty  ( 1187): uid=1000(system) InputDispatcher expire 8 lines
11-12 10:26:29.110 I/chatty  ( 1187): uid=1000(system) Binder:1187_1 expire 2 lines
11-12 10:26:29.113 I/chatty  ( 1187): uid=1000(system) Binder:1187_9 expire 15 lines
11-12 10:26:29.183 W/SocketListener(  500): sending broadcast to Pid = 1187, Uid = 1000 
11-12 10:26:29.184 I/chatty  ( 1187): uid=1000(system) NetdConnector expire 2 lines
11-12 10:26:29.186 I/chatty  ( 1187): uid=1000(system) android.fg expire 1 line
11-12 10:26:29.786 I/chatty  ( 1187): uid=1000(system) Binder:1187_A expire 19 lines
11-12 10:26:29.974 I/chatty  ( 1187): uid=1000(system) android.anim expire 9 lines
11-12 10:26:29.985 I/chatty  ( 1187): uid=1000(system) android.display expire 1 line
11-12 10:26:29.990 I/chatty  ( 1187): uid=1000(system) Binder:1187_F expire 23 lines
11-12 10:26:29.994 I/chatty  ( 1187): uid=1000 system_server expire 3 lines
11-12 10:26:30.011 I/chatty  ( 1187): uid=1000(system) ConnectivitySer expire 6 lines
11-12 10:26:30.056 D/ActivityThread(28716): ActivityThread,attachApplication
11-12 10:26:30.072 I/chatty  ( 1187): uid=1000(system) Binder:1187_14 expire 36 lines
11-12 10:26:30.295 I/chatty  ( 1187): uid=1000(system) watchdog expire 1 line
11-12 10:26:30.409 V/ActivityThread(28282): ActivityThread,callActivityOnCreate
11-12 10:26:30.449 D/ActivityThread(28282): add activity client record, r= ActivityRecord{8e18890 token=android.os.BinderProxy@fb38e0b {com.eyefilter.night/com.eyefilter.night.activity.AstigmatismTestActivity}} token= android.os.BinderProxy@fb38e0b
11-12 10:26:30.471 D/ActivityThread(28282): Remove activity client record, r= ActivityRecord{3c6da75 token=android.os.BinderProxy@28160a8 {com.eyefilter.night/com.eyefilter.night.activity.VisionTestActivity}} token= android.os.BinderProxy@28160a8
11-12 10:26:31.635 I/chatty  ( 1187): uid=1000(system) android.ui expire 90 lines
11-12 10:26:34.125 I/chatty  ( 1187): uid=1000(system) Binder:1187_14 expire 20 lines
11-12 10:26:34.646 I/chatty  ( 1187): uid=1000(system) Binder:1187_5 expire 24 lines
11-12 10:26:34.865 I/chatty  ( 1187): uid=1000(system) InputDispatcher expire 26 lines
11-12 10:26:35.045 I/chatty  ( 1187): uid=1000(system) Binder:1187_16 expire 24 lines
11-12 10:26:35.254 I/chatty  ( 1187): uid=1000(system) Binder:1187_15 expire 13 lines
11-12 10:26:35.328 I/chatty  ( 1187): uid=1000 system_server expire 3 lines
11-12 10:26:35.854 I/chatty  ( 1187): uid=1000(system) android.anim expire 9 lines
11-12 10:26:36.132 I/chatty  ( 1187): uid=1000(system) Binder:1187_E expire 10 lines
11-12 10:26:36.540 I/chatty  ( 1187): uid=1000(system) Binder:1187_1A expire 27 lines
11-12 10:26:43.333 I/chatty  ( 1187): uid=1000(system) UEventObserver expire 2 lines
11-12 10:26:49.092 I/chatty  ( 1187): uid=1000(system) Binder:1187_5 expire 18 lines
11-12 10:26:49.115 I/chatty  ( 1187): uid=1000(system) Binder:1187_E expire 47 lines
11-12 10:26:49.130 I/chatty  ( 1187): uid=1000(system) Binder:1187_14 expire 41 lines
11-12 10:26:49.133 I/chatty  ( 1187): uid=1000(system) Binder:1187_15 expire 22 lines
11-12 10:26:49.147 I/chatty  ( 1187): uid=1000(system) InputDispatcher expire 16 lines
11-12 10:26:49.147 I/chatty  ( 1187): uid=1000(system) android.anim expire 21 lines
11-12 10:26:49.154 W/ViewRootImpl[MainFilterActivity](28282): Dropping event due to no window focus: KeyEvent { action=ACTION_DOWN, keyCode=KEYCODE_DPAD_DOWN, scanCode=0, metaState=0, flags=0x8, hwFlags=0x1f1e, repeatCount=0, eventTime=4152981, downTime=4152981, deviceId=-1, source=0x101 }
11-12 10:26:49.157 I/chatty  ( 1187): uid=1000(system) android.display expire 1 line
11-12 10:26:49.162 W/ViewRootImpl[MainFilterActivity](28282): Cancelling event due to no window focus: KeyEvent { action=ACTION_UP, keyCode=KEYCODE_DPAD_DOWN, scanCode=0, metaState=0, flags=0x28, hwFlags=0x1f1e, repeatCount=0, eventTime=4152991, downTime=4152991, deviceId=-1, source=0x101 }
11-12 10:26:49.162 I/chatty  (28282): uid=10125(u0_a125) com.eyefilter.night identical 1 line
11-12 10:26:49.162 W/ViewRootImpl[MainFilterActivity](28282): Cancelling event due to no window focus: KeyEvent { action=ACTION_UP, keyCode=KEYCODE_DPAD_DOWN, scanCode=0, metaState=0, flags=0x28, hwFlags=0x1f1e, repeatCount=0, eventTime=4152991, downTime=4152991, deviceId=-1, source=0x101 }
11-12 10:26:49.163 I/chatty  ( 1187): uid=1000 system_server expire 6 lines
11-12 10:26:49.183 I/chatty  ( 1187): uid=1000(system) Binder:1187_16 expire 8 lines
11-12 10:26:49.197 I/chatty  ( 1187): uid=1000(system) ConnectivitySer expire 6 lines
11-12 10:26:49.230 I/chatty  ( 1187): uid=1000(system) Binder:1187_1A expire 8 lines
11-12 10:26:49.237 D/ActivityThread(28770): ActivityThread,attachApplication
11-12 10:26:49.309 I/chatty  ( 1187): uid=1000(system) Binder:1187_4 expire 6 lines
11-12 10:26:49.414 V/ActivityThread(28282): ActivityThread,callActivityOnCreate
11-12 10:26:49.462 D/ActivityThread(28282): add activity client record, r= ActivityRecord{87f0fce token=android.os.BinderProxy@a6647e6 {com.eyefilter.night/com.eyefilter.night.activity.VisionTestActivity}} token= android.os.BinderProxy@a6647e6
11-12 10:26:49.489 D/ActivityThread(28282): Remove activity client record, r= ActivityRecord{8e18890 token=android.os.BinderProxy@fb38e0b {com.eyefilter.night/com.eyefilter.night.activity.AstigmatismTestActivity}} token= android.os.BinderProxy@fb38e0b
11-12 10:26:50.609 I/chatty  ( 1187): uid=1000(system) android.ui expire 13 lines
11-12 10:26:54.396 I/chatty  ( 1187): uid=1000(system) Binder:1187_A expire 15 lines
11-12 10:26:56.032 I/chatty  ( 1187): uid=1000(system) Binder:1187_15 expire 31 lines
11-12 10:26:56.112 I/chatty  ( 1187): uid=1000(system) android.anim expire 5 lines
11-12 10:26:56.136 I/chatty  ( 1187): uid=1000(system) Binder:1187_5 expire 4 lines
11-12 10:26:56.148 I/chatty  ( 1187): uid=1000(system) Binder:1187_E expire 25 lines
11-12 10:26:56.153 I/chatty  ( 1187): uid=1000(system) Binder:1187_14 expire 25 lines
11-12 10:26:56.153 I/chatty  ( 1187): uid=1000(system) ConnectivitySer expire 11 lines
11-12 10:26:56.201 D/ActivityThread(28823): ActivityThread,attachApplication
11-12 10:26:56.223 I/chatty  ( 1187): uid=1000(system) Binder:1187_1A expire 2 lines
11-12 10:26:56.228 V/ActivityThread(28282): ActivityThread,callActivityOnCreate
11-12 10:26:56.239 I/chatty  ( 1187): uid=1000(system) Binder:1187_16 expire 1 line
11-12 10:26:56.258 D/ActivityThread(28282): add activity client record, r= ActivityRecord{a7e6e80 token=android.os.BinderProxy@1c2f9ab {com.eyefilter.night/com.eyefilter.night.activity.EyeExerciseActivity}} token= android.os.BinderProxy@1c2f9ab
11-12 10:26:56.263 I/chatty  ( 1187): uid=1000(system) Binder:1187_10 expire 16 lines
11-12 10:26:56.285 D/ActivityThread(28282): Remove activity client record, r= ActivityRecord{87f0fce token=android.os.BinderProxy@a6647e6 {com.eyefilter.night/com.eyefilter.night.activity.VisionTestActivity}} token= android.os.BinderProxy@a6647e6
11-12 10:26:56.345 I/chatty  ( 1187): uid=1000(system) Binder:1187_1 expire 17 lines
11-12 10:26:56.357 I/chatty  ( 1187): uid=1000(system) Binder:1187_2 expire 22 lines
11-12 10:26:56.361 I/chatty  ( 1187): uid=1000(system) Binder:1187_F expire 11 lines
11-12 10:26:57.847 I/chatty  ( 1187): uid=1000(system) InputDispatcher expire 10 lines
11-12 10:26:59.427 I/chatty  ( 1187): uid=1000(system) Binder:1187_9 expire 3 lines
11-12 10:26:59.828 I/chatty  ( 1187): uid=1000(system) Binder:1187_4 expire 2 lines
11-12 10:26:59.930 I/chatty  ( 1187): uid=1000 system_server expire 5 lines
11-12 10:27:00.296 I/chatty  ( 1187): uid=1000(system) watchdog expire 1 line
11-12 10:27:02.277 D/ActivityThread(28860): ActivityThread,attachApplication
11-12 10:27:07.087 I/chatty  ( 1187): uid=1000(system) android.ui expire 49 lines
11-12 10:27:07.146 I/chatty  ( 1187): uid=1000(system) Binder:1187_1 expire 14 lines
11-12 10:27:07.156 I/chatty  ( 1187): uid=1000(system) Binder:1187_E expire 34 lines
11-12 10:27:07.185 I/chatty  ( 1187): uid=1000(system) android.anim expire 17 lines
11-12 10:27:08.652 I/chatty  ( 1187): uid=1000(system) Binder:1187_4 expire 46 lines
11-12 10:27:09.563 I/chatty  ( 1187): uid=1000(system) Binder:1187_2 expire 10 lines
11-12 10:27:09.662 I/chatty  ( 1187): uid=1000(system) Binder:1187_10 expire 27 lines
11-12 10:27:09.727 I/chatty  ( 1187): uid=1000(system) InputDispatcher expire 6 lines
11-12 10:27:09.790 I/chatty  ( 1187): uid=1000(system) Binder:1187_14 expire 19 lines
11-12 10:27:09.983 V/ActivityThread(28282): ActivityThread,callActivityOnCreate
11-12 10:27:10.051 D/ActivityThread(28282): add activity client record, r= ActivityRecord{9979ac0 token=android.os.BinderProxy@47cd8c9 {com.eyefilter.night/com.eyefilter.night.activity.AstigmatismTestActivity}} token= android.os.BinderProxy@47cd8c9
11-12 10:27:10.075 D/ActivityThread(28282): Remove activity client record, r= ActivityRecord{a7e6e80 token=android.os.BinderProxy@1c2f9ab {com.eyefilter.night/com.eyefilter.night.activity.EyeExerciseActivity}} token= android.os.BinderProxy@1c2f9ab
11-12 10:27:10.594 I/chatty  ( 1187): uid=1000 system_server expire 6 lines
11-12 10:27:12.568 I/chatty  ( 1187): uid=1000(system) Binder:1187_1 expire 35 lines
11-12 10:27:12.572 I/chatty  ( 1187): uid=1000(system) android.anim expire 13 lines
11-12 10:27:12.574 I/chatty  ( 1187): uid=1000(system) Binder:1187_14 expire 29 lines
11-12 10:27:12.583 I/chatty  ( 1187): uid=1000(system) android.display expire 1 line
11-12 10:27:12.589 I/chatty  ( 1187): uid=1000(system) Binder:1187_4 expire 28 lines
11-12 10:27:12.604 I/chatty  ( 1187): uid=1000(system) Binder:1187_10 expire 16 lines
11-12 10:27:12.701 V/ActivityThread(28282): ActivityThread,callActivityOnCreate
11-12 10:27:12.707 I/chatty  ( 1187): uid=1000(system) Binder:1187_2 expire 37 lines
11-12 10:27:12.738 D/ActivityThread(28282): add activity client record, r= ActivityRecord{9d7c5d6 token=android.os.BinderProxy@5c92684 {com.eyefilter.night/com.eyefilter.night.activity.AstigmatismTestActivity}} token= android.os.BinderProxy@5c92684
11-12 10:27:12.750 I/chatty  ( 1187): uid=1000(system) Binder:1187_C expire 13 lines
11-12 10:27:12.762 D/ActivityThread(28282): Remove activity client record, r= ActivityRecord{9979ac0 token=android.os.BinderProxy@47cd8c9 {com.eyefilter.night/com.eyefilter.night.activity.AstigmatismTestActivity}} token= android.os.BinderProxy@47cd8c9
11-12 10:27:12.828 I/chatty  ( 1187): uid=1000(system) ConnectivitySer expire 6 lines
11-12 10:27:13.542 I/chatty  ( 1187): uid=1000(system) UEventObserver expire 2 lines
11-12 10:27:14.618 I/chatty  ( 1187): uid=1000(system) Binder:1187_F expire 3 lines
11-12 10:27:14.658 I/chatty  ( 1187): uid=1000(system) Binder:1187_E expire 21 lines
11-12 10:27:14.700 D/ActivityThread(28922): ActivityThread,attachApplication
11-12 10:27:14.774 I/chatty  ( 1187): uid=1000(system) Binder:1187_9 expire 10 lines
11-12 10:27:14.788 V/ActivityThread(28282): ActivityThread,callActivityOnCreate
11-12 10:27:14.818 D/ActivityThread(28282): add activity client record, r= ActivityRecord{9e92a27 token=android.os.BinderProxy@d4636b0 {com.eyefilter.night/com.eyefilter.night.activity.EyeExerciseActivity}} token= android.os.BinderProxy@d4636b0
11-12 10:27:14.844 D/ActivityThread(28282): Remove activity client record, r= ActivityRecord{9d7c5d6 token=android.os.BinderProxy@5c92684 {com.eyefilter.night/com.eyefilter.night.activity.AstigmatismTestActivity}} token= android.os.BinderProxy@5c92684
11-12 10:27:14.897 I/chatty  ( 1187): uid=1000(system) Binder:1187_14 expire 3 lines
11-12 10:27:14.909 I/chatty  ( 1187): uid=1000(system) Binder:1187_10 expire 8 lines
11-12 10:27:14.914 I/chatty  ( 1187): uid=1000(system) Binder:1187_2 expire 36 lines
11-12 10:27:15.121 W/SocketListener(  500): sending broadcast to Pid = 1187, Uid = 1000 
11-12 10:27:15.122 I/chatty  ( 1187): uid=1000(system) NetdConnector expire 2 lines
11-12 10:27:15.123 I/chatty  ( 1187): uid=1000(system) android.fg expire 3 lines
11-12 10:27:15.182 I/chatty  ( 1187): uid=1000(system) android.anim expire 13 lines
11-12 10:27:15.218 I/chatty  ( 1187): uid=1000(system) Binder:1187_4 expire 23 lines
11-12 10:27:16.197 I/chatty  ( 1187): uid=1000(system) InputDispatcher expire 18 lines
11-12 10:27:16.440 I/chatty  ( 1187): uid=1000(system) Binder:1187_E expire 10 lines
11-12 10:27:16.748 I/chatty  ( 1187): uid=1000(system) Binder:1187_F expire 2 lines
11-12 10:27:16.785 I/chatty  ( 1187): uid=1000(system) Binder:1187_1 expire 4 lines
11-12 10:27:17.543 I/chatty  ( 1187): uid=1000(system) android.ui expire 13 lines
11-12 10:27:17.545 I/chatty  ( 1187): uid=1000 system_server expire 3 lines
