11-12 10:33:46.685 I/dsp_maxim_ctl(  522): maxim_get_prop: get multi mic function enable succ, multi_mic_enable = 1
11-12 10:33:46.685 I/audio_hw_primary(  522): select_devices--
11-12 10:33:47.300 D/KeyEvent( 6125): obtain, mHwFlags=0
11-12 10:33:47.314 D/KeyEvent( 6125): obtain, mHwFlags=0
11-12 10:33:47.320 I/chatty  ( 1187): uid=1000(system) AudioService expire 2 lines
11-12 10:33:47.322 I/vol.Events( 2017): writeEvent active_stream_changed STREAM_RING
11-12 10:33:47.322 V/AudioManager( 2017): forceVolumeControlStream   streamType: 2
11-12 10:33:47.324 I/vol.Events( 2017): writeEvent key STREAM_RING 10
11-12 10:33:47.325 D/vol.VolumeDialog( 2017): rescheduleTimeout 3000 com.android.systemui.volume.VolumeDialog.onStateChangedH:752
11-12 10:33:47.327 D/vol.VolumeDialog( 2017): rescheduleTimeout 3000 com.android.systemui.volume.VolumeDialog.showH:532
11-12 10:33:47.332 D/OpenGLRenderer( 2017):   HWUI Binary is  enabled
11-12 10:33:47.332 D/HwCust  ( 2017): Create obj success use class android.view.HwCustRenderThreadMonitorImpl
11-12 10:33:47.338 I/vol.Events( 2017): writeEvent show_dialog volume_changed keyguard=false
11-12 10:33:47.338 D/OpenGLRenderer( 2017):   HWUI Binary is  enabled
11-12 10:33:47.350 I/PressGestureDetector( 2017): HiTouch restricted: Sub windows restricted.
11-12 10:33:47.385 D/mali_winsys( 2017): EGLint new_window_surface(egl_winsys_display *, void *, EGLSurface, EGLConfig, egl_winsys_surface **, egl_color_buffer_format *, EGLBoolean) returns 0x3000
11-12 10:33:47.517 I/EventCenter( 2017): ContentChange for slot: 1
11-12 10:33:47.519 I/chatty  ( 1187): uid=1000(system) android.ui expire 57 lines
11-12 10:33:47.521 E/[HwRecSys]AppCache( 3043): getIsRportDirectService is false!
11-12 10:33:47.522 D/StatusBarIconController( 2017): setIconVisibility icon is null or visibility not change visibility=false
11-12 10:33:47.526 I/EventCenter( 2017): ContentChange for slot: 1
11-12 10:33:47.539 I/chatty  (  542): uid=1000(system) /vendor/bin/hw/vendor.huawei.hardware.tp@1.0-service expire 10 lines
11-12 10:33:47.541 I/EventCenter( 2017): ContentChange for slot: 1
11-12 10:33:47.542 I/aptouch_daemon(  552): get_cmd, =====>>find m_cmd=====>>aftouch.orientation
11-12 10:33:47.542 D/StatusBarIconController( 2017): setIconVisibility icon is null or visibility not change visibility=false
11-12 10:33:47.542 I/aptouch_daemon(  552): get_cmd, =====>>find m_cmd=====>>aftouch.orientation
11-12 10:33:47.542 I/aptouch_daemon(  552): aft_set_config, aft_set_config---2,2
11-12 10:33:47.542 I/aptouch_daemon(  552): thp_cmd_set_aftouch_config, aftouch_set_config: aft_cfg = 2, value = 2
11-12 10:33:47.542 E/[HwRecSys]AppCache( 3043): getIsRportDirectService is false!
11-12 10:33:47.544 I/aptouch_daemon(  552): excute_long_cmd, ========>>aftouch.orientation excute done!
11-12 10:33:47.560 I/chatty  ( 1187): uid=1000(system) InputReader expire 16 lines
11-12 10:33:47.567 W/libEGL  ( 2017): EGLNativeWindowType 0x7bcb435010 disconnect failed
11-12 10:33:47.568 D/mali_winsys( 2017): EGLint new_window_surface(egl_winsys_display *, void *, EGLSurface, EGLConfig, egl_winsys_surface **, egl_color_buffer_format *, EGLBoolean) returns 0x3000
11-12 10:33:47.571 I/chatty  ( 2233): uid=1000(system) com.android.settings expire 8 lines
11-12 10:33:47.579 W/libEGL  ( 2017): EGLNativeWindowType 0x7bd5e68010 disconnect failed
11-12 10:33:47.580 D/mali_winsys( 2017): EGLint new_window_surface(egl_winsys_display *, void *, EGLSurface, EGLConfig, egl_winsys_surface **, egl_color_buffer_format *, EGLBoolean) returns 0x3000
11-12 10:33:47.581 I/aptouch_daemon(  552): get_cmd, =====>>find m_cmd=====>>aftouch.orientation
11-12 10:33:47.581 I/aptouch_daemon(  552): get_cmd, =====>>find m_cmd=====>>aftouch.orientation
11-12 10:33:47.581 I/aptouch_daemon(  552): aft_set_config, aft_set_config---2,0
11-12 10:33:47.581 I/aptouch_daemon(  552): thp_cmd_set_aftouch_config, aftouch_set_config: aft_cfg = 2, value = 0
11-12 10:33:47.583 I/aptouch_daemon(  552): excute_long_cmd, ========>>aftouch.orientation excute done!
11-12 10:33:47.593 W/libEGL  ( 2017): EGLNativeWindowType 0x7be251a010 disconnect failed
11-12 10:33:47.594 D/mali_winsys( 2017): EGLint new_window_surface(egl_winsys_display *, void *, EGLSurface, EGLConfig, egl_winsys_surface **, egl_color_buffer_format *, EGLBoolean) returns 0x3000
11-12 10:33:47.597 I/chatty  ( 2233): uid=1000(system) com.android.settings expire 4 lines
11-12 10:33:47.613 I/Pged-IPgedBinderService(  627): ****action is 2, pid num is 2***
11-12 10:33:47.613 I/Pged-Freezer(  627): thawPids
11-12 10:33:47.617 W/libEGL  ( 2017): EGLNativeWindowType 0x7be251a010 disconnect failed
11-12 10:33:47.617 D/mali_winsys( 2017): EGLint new_window_surface(egl_winsys_display *, void *, EGLSurface, EGLConfig, egl_winsys_surface **, egl_color_buffer_format *, EGLBoolean) returns 0x3000
11-12 10:33:47.623 W/libEGL  ( 2017): EGLNativeWindowType 0x7bd5e68010 disconnect failed
11-12 10:33:47.623 D/mali_winsys( 2017): EGLint new_window_surface(egl_winsys_display *, void *, EGLSurface, EGLConfig, egl_winsys_surface **, egl_color_buffer_format *, EGLBoolean) returns 0x3000
11-12 10:33:47.629 W/libEGL  ( 2017): EGLNativeWindowType 0x7bcb435010 disconnect failed
11-12 10:33:47.630 D/mali_winsys( 2017): EGLint new_window_surface(egl_winsys_display *, void *, EGLSurface, EGLConfig, egl_winsys_surface **, egl_color_buffer_format *, EGLBoolean) returns 0x3000
11-12 10:33:47.647 I/chatty  ( 1187): uid=1000(system) HWExtMotionServ expire 12 lines
11-12 10:33:47.777 D/vol.VolumeDialog( 2017): rescheduleTimeout 3000 com.android.systemui.volume.VolumeDialog$CustomDialog.dispatchTouchEvent:1247
11-12 10:33:47.784 W/libEGL  ( 2017): EGLNativeWindowType 0x7bcb435010 disconnect failed
11-12 10:33:47.791 I/vol.Events( 2017): writeEvent dismiss_dialog touch_outside
11-12 10:33:47.791 W/InputEventReceiver( 2017): Attempted to finish an input event but the input event receiver has already been disposed.
11-12 10:33:47.791 I/vol.Events( 2017): writeEvent active_stream_changed UNKNOWN_STREAM_-1
11-12 10:33:47.791 V/AudioManager( 2017): forceVolumeControlStream   streamType: -1
11-12 10:33:47.794 D/vol.VolumeDialog( 2017): rescheduleTimeout 3000 com.android.systemui.volume.VolumeDialog.onStateChangedH:752
11-12 10:33:48.044 D/WeatherHelper( 2017): City info empty
11-12 10:33:48.143 D/WeatherHelper( 2017): City info empty
11-12 10:33:48.143 D/DateTimeView( 2017): Change to single clock mode!
11-12 10:33:48.146 D/WeatherHelper( 2017): City info empty
11-12 10:33:48.147 D/WeatherHelper( 2017): City info empty
11-12 10:33:48.147 D/DateTimeView( 2017): Change to single clock mode!
11-12 10:33:48.150 D/WeatherHelper( 2017): City info empty
11-12 10:33:48.637 D/KeyEvent( 6125): obtain, mHwFlags=0
11-12 10:33:48.638 I/chatty  ( 6125): uid=10054(u0_a54) com.baidu.input_huawei identical 19 lines
11-12 10:33:48.638 D/KeyEvent( 6125): obtain, mHwFlags=0
11-12 10:33:48.681 I/wangchen( 6125): SysInfo.getSysParam: orientation=1||config d=3.0,w=1080,h=1808||metrics d=3.0,w=1080,h=1808||sdk=26,bar_h=72
11-12 10:33:48.681 I/KeymapLoader( 6125): w=1080 h=1808 ori=true appScale=3.3 s1=3.0
11-12 10:33:48.682 D/KeyEvent( 6125): obtain, mHwFlags=0
11-12 10:33:48.683 D/KeyEvent( 6125): obtain, mHwFlags=0
11-12 10:33:48.702 D/KeyEvent( 6125): obtain, mHwFlags=0
11-12 10:33:48.706 D/KeyEvent( 6125): obtain, mHwFlags=0
11-12 10:33:48.725 I/chatty  ( 1187): uid=1000(system) Binder:1187_E expire 35 lines
11-12 10:33:48.736 I/wangchen( 6125): SysInfo.getSysParam: orientation=1||config d=3.0,w=1080,h=1808||metrics d=3.0,w=1080,h=1808||sdk=26,bar_h=72
11-12 10:33:48.736 I/KeymapLoader( 6125): w=1080 h=1808 ori=true appScale=3.3 s1=3.0
11-12 10:33:48.896 I/EventCenter( 2017): ContentChange for slot: 1
11-12 10:33:48.901 I/EventCenter( 2017): ContentChange for slot: 1
11-12 10:33:48.904 E/[HwRecSys]AppCache( 3043): getIsRportDirectService is false!
11-12 10:33:48.910 D/StatusBarIconController( 2017): setIconVisibility icon is null or visibility not change visibility=false
11-12 10:33:49.353 D/KeyEvent( 6125): obtain, mHwFlags=0
11-12 10:33:49.363 D/KeyEvent( 6125): obtain, mHwFlags=0
11-12 10:33:49.405 D/WeatherHelper( 2017): City info empty
11-12 10:33:49.507 D/WeatherHelper( 2017): City info empty
11-12 10:33:49.511 D/DateTimeView( 2017): Change to single clock mode!
11-12 10:33:49.514 D/WeatherHelper( 2017): City info empty
11-12 10:33:49.516 D/WeatherHelper( 2017): City info empty
11-12 10:33:49.517 D/DateTimeView( 2017): Change to single clock mode!
11-12 10:33:49.523 D/WeatherHelper( 2017): City info empty
11-12 10:33:49.576 D/KeyEvent( 6125): obtain, mHwFlags=0
11-12 10:33:49.582 D/KeyEvent( 6125): obtain, mHwFlags=0
11-12 10:33:49.822 I/chatty  ( 2153): uid=1000(system) Binder:2153_1 expire 11 lines
11-12 10:33:49.845 V/ActivityThread(31233): ActivityThread,callActivityOnCreate
11-12 10:33:49.858 V/SQLiteDatabase(10573): triggerBuildingIndex(): invalid id, return.
11-12 10:33:49.872 I/chatty  ( 1187): uid=1000(system) Binder:1187_11 expire 39 lines
11-12 10:33:49.876 D/WorkSource( 3002): Insert in WorkSource{} @ 0 uid 10019 name com.google.android.gms
11-12 10:33:49.879 D/ActivityThread(31233): add activity client record, r= ActivityRecord{9f3d948 token=android.os.BinderProxy@adf3ba6 {com.eyefilter.night/com.eyefilter.night.activity.GuideActivity}} token= android.os.BinderProxy@adf3ba6
11-12 10:33:49.892 W/libc    (  500): Set property "hw.wifipro.dns_fail_count" to "203"
11-12 10:33:49.901 V/SQLiteDatabase(10573): triggerBuildingIndex(): invalid id, return.
11-12 10:33:49.906 I/chatty  ( 1187): uid=1000(system) Binder:1187_20 expire 25 lines
11-12 10:33:49.907 I/chatty  ( 1187): uid=1000(system) Binder:1187_11 expire 55 lines
11-12 10:33:49.915 D/WorkSource( 3002): Insert in WorkSource{} @ 0 uid 10019 name com.google.android.gms
11-12 10:33:49.917 I/wangchen( 6125): SysInfo.getSysParam: orientation=1||config d=3.0,w=1080,h=1808||metrics d=3.0,w=1080,h=1808||sdk=26,bar_h=72
11-12 10:33:49.917 I/KeymapLoader( 6125): w=1080 h=1808 ori=true appScale=3.3 s1=3.0
11-12 10:33:49.922 V/SQLiteDatabase(10573): triggerBuildingIndex(): invalid id, return.
11-12 10:33:49.933 D/WorkSource( 3002): Insert in WorkSource{} @ 0 uid 10019 name com.google.android.gms
11-12 10:33:49.940 D/HwRecentsLockUtils( 2017): Search
11-12 10:33:49.940 I/chatty  ( 1881): uid=1000(system) Binder:1881_6 expire 10 lines
11-12 10:33:49.951 I/chatty  ( 1187): uid=1000(system) android.anim expire 10 lines
11-12 10:33:49.965 I/chatty  ( 2153): uid=1000(system) core expire 12 lines
11-12 10:33:50.012 W/libc    (  500): Set property "hw.wifipro.dns_fail_count" to "204"
11-12 10:33:50.014 I/chatty  ( 1187): uid=1000(system) Binder:1187_E expire 12 lines
11-12 10:33:50.305 D/HwRecentsLockUtils( 2017): Search
11-12 10:33:50.316 W//system/bin/hwservicemanager(  423): Cannot open /odm/manifest.xml
11-12 10:33:50.317 I/wangchen( 6125): SysInfo.getSysParam: orientation=1||config d=3.0,w=1080,h=1808||metrics d=3.0,w=1080,h=1808||sdk=26,bar_h=72
11-12 10:33:50.317 I/KeymapLoader( 6125): w=1080 h=1808 ori=true appScale=3.3 s1=3.0
11-12 10:33:50.343 V/SQLiteDatabase(10573): triggerBuildingIndex(): invalid id, return.
11-12 10:33:50.355 D/WorkSource( 3002): Insert in WorkSource{} @ 0 uid 10019 name com.google.android.gms
11-12 10:33:50.363 V/SQLiteDatabase(10573): triggerBuildingIndex(): invalid id, return.
11-12 10:33:50.373 D/WorkSource( 3002): Insert in WorkSource{} @ 0 uid 10019 name com.google.android.gms
11-12 10:33:50.807 I/chatty  ( 1187): uid=1000(system) InputDispatcher expire 8 lines
11-12 10:33:50.808 D/KeyEvent( 6125): obtain, mHwFlags=0
11-12 10:33:50.813 D/KeyEvent( 6125): obtain, mHwFlags=0
11-12 10:33:50.890 V/SQLiteDatabase(10573): triggerBuildingIndex(): invalid id, return.
11-12 10:33:50.926 D/WorkSource( 3002): Insert in WorkSource{} @ 0 uid 10019 name com.google.android.gms
11-12 10:33:51.283 V/SQLiteDatabase(10573): triggerBuildingIndex(): invalid id, return.
11-12 10:33:51.288 W/ViewRootImpl[Toast](31233): EGLdebug relayoutWindow Surface isSurface(name=null)  (appName =com.eyefilter.night) ( mSurfaceControllerIsValid =false) (mNativeObject  =0)/@0xcb0f44c,viewVisibility is0
11-12 10:33:51.291 I/chatty  ( 1187): uid=1000(system) Binder:1187_1A expire 27 lines
11-12 10:33:51.293 W/ViewRootImpl[Toast](31233): EGLdebug relayoutWindow Surface isSurface(name=null)  (appName =com.eyefilter.night) ( mSurfaceControllerIsValid =true) (mNativeObject  =c9907800)/@0xcb0f44c,relayoutResult is7
11-12 10:33:51.296 D/WorkSource( 3002): Insert in WorkSource{} @ 0 uid 10019 name com.google.android.gms
11-12 10:33:51.313 V/SQLiteDatabase(10573): triggerBuildingIndex(): invalid id, return.
11-12 10:33:51.324 D/WorkSource( 3002): Insert in WorkSource{} @ 0 uid 10019 name com.google.android.gms
11-12 10:33:51.444 D/KeyEvent( 6125): obtain, mHwFlags=0
11-12 10:33:51.460 D/KeyEvent( 6125): obtain, mHwFlags=0
11-12 10:33:51.462 I/wangchen( 6125): SysInfo.getSysParam: orientation=1||config d=3.0,w=1080,h=1808||metrics d=3.0,w=1080,h=1808||sdk=26,bar_h=72
11-12 10:33:51.462 I/KeymapLoader( 6125): w=1080 h=1808 ori=true appScale=3.3 s1=3.0
11-12 10:33:51.702 V/ActivityThread(31233): ActivityThread,callActivityOnCreate
11-12 10:33:51.706 V/SQLiteDatabase(10573): triggerBuildingIndex(): invalid id, return.
11-12 10:33:51.722 D/WorkSource( 3002): Insert in WorkSource{} @ 0 uid 10019 name com.google.android.gms
11-12 10:33:51.756 V/SQLiteDatabase(10573): triggerBuildingIndex(): invalid id, return.
11-12 10:33:51.771 D/WorkSource( 3002): Insert in WorkSource{} @ 0 uid 10019 name com.google.android.gms
11-12 10:33:51.774 I/chatty  (31233): uid=10125(u0_a125) com.eyefilter.night expire 2 lines
11-12 10:33:51.796 D/HwRecentsLockUtils( 2017): Search
11-12 10:33:51.799 D/ActivityThread(31233): add activity client record, r= ActivityRecord{9ad12b8 token=android.os.BinderProxy@4ffd257 {com.eyefilter.night/com.eyefilter.night.activity.VisionTestActivity}} token= android.os.BinderProxy@4ffd257
11-12 10:33:51.823 D/ActivityThread(31233): Remove activity client record, r= ActivityRecord{e89322e token=android.os.BinderProxy@8fb082a {com.eyefilter.night/com.eyefilter.night.activity.AliasWelcomeActivity}} token= android.os.BinderProxy@8fb082a
11-12 10:33:51.831 V/SQLiteDatabase(10573): triggerBuildingIndex(): invalid id, return.
11-12 10:33:51.839 D/ActivityThread(31233): Remove activity client record, r= ActivityRecord{9f3d948 token=android.os.BinderProxy@adf3ba6 {com.eyefilter.night/com.eyefilter.night.activity.GuideActivity}} token= android.os.BinderProxy@adf3ba6
11-12 10:33:51.842 I/chatty  ( 1187): uid=1000(system) Binder:1187_1B expire 28 lines
11-12 10:33:51.848 I/chatty  (31233): uid=10125(u0_a125) com.eyefilter.night expire 46 lines
11-12 10:33:51.851 I/wangchen( 6125): SysInfo.getSysParam: orientation=1||config d=3.0,w=1080,h=1808||metrics d=3.0,w=1080,h=1808||sdk=26,bar_h=72
11-12 10:33:51.851 I/KeymapLoader( 6125): w=1080 h=1808 ori=true appScale=3.3 s1=3.0
11-12 10:33:51.852 D/WorkSource( 3002): Insert in WorkSource{} @ 0 uid 10019 name com.google.android.gms
11-12 10:33:51.869 I/EventCenter( 2017): ContentChange for slot: 1
11-12 10:33:51.873 I/EventCenter( 2017): ContentChange for slot: 1
11-12 10:33:51.874 E/[HwRecSys]AppCache( 3043): getIsRportDirectService is false!
11-12 10:33:51.874 D/StatusBarIconController( 2017): setIconVisibility icon is null or visibility not change visibility=false
11-12 10:33:51.875 I/chatty  ( 1187): uid=1000(system) android.ui expire 72 lines
11-12 10:33:52.379 D/WeatherHelper( 2017): City info empty
11-12 10:33:52.476 D/WeatherHelper( 2017): City info empty
11-12 10:33:52.477 D/DateTimeView( 2017): Change to single clock mode!
11-12 10:33:52.482 D/WeatherHelper( 2017): City info empty
11-12 10:33:52.484 D/WeatherHelper( 2017): City info empty
11-12 10:33:52.485 D/DateTimeView( 2017): Change to single clock mode!
11-12 10:33:52.485 I/chatty  ( 1187): uid=1000(system) Binder:1187_1B expire 12 lines
11-12 10:33:52.490 D/WeatherHelper( 2017): City info empty
11-12 10:33:52.490 I/EventCenter( 2017): ContentChange for slot: 1
11-12 10:33:52.490 I/EventCenter( 2017): ContentChange for slot: 1
11-12 10:33:52.492 E/[HwRecSys]AppCache( 3043): getIsRportDirectService is false!
11-12 10:33:52.494 D/StatusBarIconController( 2017): setIconVisibility icon is null or visibility not change visibility=false
11-12 10:33:52.498 I/EventCenter( 2017): ContentChange for slot: 1
11-12 10:33:52.500 E/[HwRecSys]AppCache( 3043): getIsRportDirectService is false!
11-12 10:33:52.502 D/StatusBarIconController( 2017): setIconVisibility icon is null or visibility not change visibility=false
11-12 10:33:52.563 I/chatty  ( 1187): uid=1000 system_server expire 16 lines
11-12 10:33:52.564 I/chatty  ( 1187): uid=1000 system_server expire 8 lines
11-12 10:33:52.568 E/CloudAlbum[8.1.2.307]( 7123): [ReceiverManager] not log on ignore
11-12 10:33:52.569 D/KeyguardUpdateMonitor( 2017): received broadcast android.intent.action.BATTERY_CHANGED
11-12 10:33:52.569 W/KeyguardUpdateMonitor( 2017): ACTION_BATTERY_CHANGED AMP: 1400000; Volt: 4686000
11-12 10:33:52.570 V/KeyguardUpdateMonitor( 2017): RefreshBatteryInfo isBatteryLow: 92
11-12 10:33:52.570 W/KeyguardUpdateMonitor( 2017): ChargingSpeed  Wattage: 6560400 ST: 5000000 --> 7500000
11-12 10:33:52.570 I/KgBattery( 2017): BatteryInfo updated:  2lPc1
11-12 10:33:52.570 W/AppHandler( 2017): sendMessage with obj100
11-12 10:33:52.570 D/KeyguardUpdateMonitor( 2017): handleBatteryUpdate
11-12 10:33:52.570 V/KeyguardUpdateMonitor( 2017): RefreshBatteryInfo isBatteryLow: 92
11-12 10:33:52.572 W/HwKeyguardBottomArea( 2017): updateBatteryInfo : false  true
11-12 10:33:52.572 W/HwLockScreenPanel( 2017): Handle message: 100
11-12 10:33:52.572 W/HwKeyguardBottomArea( 2017): updateBatteryInfo : false  true
11-12 10:33:52.572 W/HwLockScreenPanel( 2017): refreshBatteryInfo: null
11-12 10:33:52.572 W/KgBattery( 2017): getCharge info with type: text
11-12 10:33:52.707 W/libc    (  500): Set property "hw.wifipro.dns_fail_count" to "205"
11-12 10:33:52.941 I/Pged-IPgedBinderService(  627): ****action is 1, pid num is 2***
11-12 10:33:52.941 I/Pged-Freezer(  627): freezePids
11-12 10:33:52.941 I/Pged-Freezer(  627): Freeze process: 9372
11-12 10:33:52.998 D/WeatherHelper( 2017): City info empty
11-12 10:33:53.098 D/WeatherHelper( 2017): City info empty
11-12 10:33:53.098 D/DateTimeView( 2017): Change to single clock mode!
11-12 10:33:53.099 D/WeatherHelper( 2017): City info empty
11-12 10:33:53.099 D/WeatherHelper( 2017): City info empty
11-12 10:33:53.099 D/DateTimeView( 2017): Change to single clock mode!
11-12 10:33:53.100 D/WeatherHelper( 2017): City info empty
11-12 10:33:53.269 I/chatty  (31233): uid=10125(u0_a125) com.eyefilter.night expire 12 lines
11-12 10:33:53.568 D/KeyEvent( 6125): obtain, mHwFlags=0
11-12 10:33:53.570 D/KeyEvent( 6125): obtain, mHwFlags=0
11-12 10:33:53.574 I/wangchen( 6125): SysInfo.getSysParam: orientation=1||config d=3.0,w=1080,h=1808||metrics d=3.0,w=1080,h=1808||sdk=26,bar_h=72
11-12 10:33:53.575 I/KeymapLoader( 6125): w=1080 h=1808 ori=true appScale=3.3 s1=3.0
11-12 10:33:53.984 I/EventCenter( 2017): ContentChange for slot: 1
11-12 10:33:53.987 E/[HwRecSys]AppCache( 3043): getIsRportDirectService is false!
11-12 10:33:53.991 D/StatusBarIconController( 2017): setIconVisibility icon is null or visibility not change visibility=false
11-12 10:33:54.330 I/chatty  (11562): uid=10125(u0_a125) Timer-0 expire 28 lines
11-12 10:33:54.423 D/KeyEvent( 6125): obtain, mHwFlags=0
11-12 10:33:54.430 D/KeyEvent( 6125): obtain, mHwFlags=0
11-12 10:33:54.445 I/Pged-IPgedBinderService(  627): ****action is 2, pid num is 2***
11-12 10:33:54.445 I/Pged-Freezer(  627): thawPids
11-12 10:33:54.490 D/WeatherHelper( 2017): City info empty
11-12 10:33:54.587 D/WeatherHelper( 2017): City info empty
11-12 10:33:54.589 D/DateTimeView( 2017): Change to single clock mode!
11-12 10:33:54.594 D/WeatherHelper( 2017): City info empty
11-12 10:33:54.595 D/WeatherHelper( 2017): City info empty
11-12 10:33:54.596 D/DateTimeView( 2017): Change to single clock mode!
11-12 10:33:54.601 D/WeatherHelper( 2017): City info empty
11-12 10:33:54.688 W/libc    ( 6180): Set property "ril.hw_modem0.rssi" to "-89"
11-12 10:33:54.699 W/libc    ( 2168): Set property "gsm.rssi.sim1" to "-89"
11-12 10:33:54.718 I/HwMobileSignalController(0)( 2017): subId:0 phoneType:1 networktype:13 targetClass:3 masterLevel:5 slaveLevel:-1
11-12 10:33:54.846 I/chatty  ( 1187): uid=1000(system) Binder:1187_11 expire 19 lines
11-12 10:33:54.848 I/EventCenter( 2017): ContentChange for slot: 1
11-12 10:33:54.854 I/chatty  ( 1187): uid=1000(system) android.ui expire 46 lines
11-12 10:33:55.060 E/Input   ( 2017): getAxisValue(): y-38.0--1808.0--1770.0
11-12 10:33:55.062 E/Input   ( 2017): getAxisValue(): y-38.0--1808.0--1770.0
11-12 10:33:55.062 E/Input   ( 2017): getAxisValue(): y-38.0--1808.0--1770.0
11-12 10:33:55.066 W/HwKeyguardDragHelper( 2017): HwKyguardDragHelper onInterceptTouchEvent: 0
11-12 10:33:55.071 I/PanelView( 2017): isFullyCollapsed():true,mTracking:false,mClosing:false
11-12 10:33:55.073 D/ReporterUtil( 2017):  e id:39 type:{expand:true}
11-12 10:33:55.074 E/BDLog   ( 2124): BD.FilterImpl:com.android.systemui 39 times= 100 over threshold
11-12 10:33:55.074 E/BDLog   ( 2124): BD.FilterImpl:com.android.systemui39 is illLegal
11-12 10:33:55.152 E/Thermal-daemon(  622): [pa_0] temp_new :31  temp_old :32
11-12 10:33:55.154 E/Thermal-daemon(  622): Report temperature: [pa_0] temp :31  report_threshold:1
11-12 10:33:55.156 E/Thermal-daemon(  622): [ap] temp_new :38  temp_old :40
11-12 10:33:55.159 E/Thermal-daemon(  622): Report temperature: [ap] temp :38  report_threshold:1
11-12 10:33:55.159 I/chatty  ( 2153): uid=1000(system) thermal-core-th expire 10 lines
11-12 10:33:55.355 D/WeatherHelper( 2017): City info empty
11-12 10:33:55.452 D/WeatherHelper( 2017): City info empty
11-12 10:33:55.453 D/DateTimeView( 2017): Change to single clock mode!
11-12 10:33:55.458 D/WeatherHelper( 2017): City info empty
11-12 10:33:55.460 D/WeatherHelper( 2017): City info empty
11-12 10:33:55.461 D/DateTimeView( 2017): Change to single clock mode!
11-12 10:33:55.466 D/WeatherHelper( 2017): City info empty
11-12 10:33:55.479 I/chatty  ( 1187): uid=1000(system) InputDispatcher expire 36 lines
11-12 10:33:55.481 D/KeyEvent( 6125): obtain, mHwFlags=0
11-12 10:33:55.491 D/KeyEvent( 6125): obtain, mHwFlags=0
11-12 10:33:55.699 D/KeyEvent( 6125): obtain, mHwFlags=0
11-12 10:33:55.709 D/KeyEvent( 6125): obtain, mHwFlags=0
11-12 10:33:55.713 I/chatty  ( 1187): uid=1000(system) Binder:1187_20 expire 15 lines
11-12 10:33:55.720 I/wangchen( 6125): SysInfo.getSysParam: orientation=1||config d=3.0,w=1080,h=1808||metrics d=3.0,w=1080,h=1808||sdk=26,bar_h=72
11-12 10:33:55.720 I/KeymapLoader( 6125): w=1080 h=1808 ori=true appScale=3.3 s1=3.0
11-12 10:33:55.972 W/libc    ( 6180): Set property "ril.hw_modem0.rssi" to "-89"
11-12 10:33:56.364 D/KeyEvent( 6125): obtain, mHwFlags=0
11-12 10:33:56.369 D/KeyEvent( 6125): obtain, mHwFlags=0
11-12 10:33:56.577 I/chatty  ( 1187): uid=1000(system) Binder:1187_1B expire 4 lines
11-12 10:33:56.796 D/KeyEvent( 6125): obtain, mHwFlags=0
11-12 10:33:56.797 D/KeyEvent( 6125): obtain, mHwFlags=0
11-12 10:33:56.815 I/wangchen( 6125): SysInfo.getSysParam: orientation=1||config d=3.0,w=1080,h=1808||metrics d=3.0,w=1080,h=1808||sdk=26,bar_h=72
11-12 10:33:56.815 I/KeymapLoader( 6125): w=1080 h=1808 ori=true appScale=3.3 s1=3.0
11-12 10:33:57.100 W/libc    (  500): Set property "hw.wifipro.dns_fail_count" to "206"
11-12 10:33:57.877 D/KeyEvent( 6125): obtain, mHwFlags=0
11-12 10:33:57.878 I/chatty  ( 1187): uid=1000(system) android.ui expire 65 lines
11-12 10:33:57.878 D/KeyEvent( 6125): obtain, mHwFlags=0
11-12 10:33:57.879 I/chatty  ( 1187): uid=1000(system) InputDispatcher expire 77 lines
11-12 10:33:58.082 D/KeyEvent( 6125): obtain, mHwFlags=0
11-12 10:33:58.084 D/KeyEvent( 6125): obtain, mHwFlags=0
11-12 10:33:58.289 D/KeyEvent( 6125): obtain, mHwFlags=0
11-12 10:33:58.292 D/KeyEvent( 6125): obtain, mHwFlags=0
11-12 10:33:58.501 D/KeyEvent( 6125): obtain, mHwFlags=0
11-12 10:33:58.506 D/KeyEvent( 6125): obtain, mHwFlags=0
11-12 10:33:58.517 I/wangchen( 6125): SysInfo.getSysParam: orientation=1||config d=3.0,w=1080,h=1808||metrics d=3.0,w=1080,h=1808||sdk=26,bar_h=72
11-12 10:33:58.517 I/KeymapLoader( 6125): w=1080 h=1808 ori=true appScale=3.3 s1=3.0
11-12 10:33:59.584 D/KeyEvent( 6125): obtain, mHwFlags=0
11-12 10:33:59.590 D/KeyEvent( 6125): obtain, mHwFlags=0
11-12 10:34:00.021 W/HwKeyguardDragHelper( 2017): AnimationBlocked
11-12 10:34:00.024 E/DateView( 2017): DateView,mCurrentTime: 1541990040024
11-12 10:34:00.024 I/chatty  (  514): uid=1000(system) allocator@2.0-s expire 10 lines
11-12 10:34:00.028 I/EventCenter( 2017): EventCenter Get :android.intent.action.TIME_TICK
11-12 10:34:00.039 W/HwKeyguardDragHelper( 2017): AnimationBlocked
11-12 10:34:00.047 D/WeatherHelper( 2017): City info empty
11-12 10:34:00.049 W/ResourceType( 2017): No known package when getting value for resource number 0xffffffff
11-12 10:34:00.049 E/DateLunarView( 2017): mDateString is: 1112
11-12 10:34:00.053 D/WeatherHelper( 2017): City info empty
11-12 10:34:00.055 W/ResourceType( 2017): No known package when getting value for resource number 0xffffffff
11-12 10:34:00.056 E/DateLunarView( 2017): mDateString is: 1112
11-12 10:34:00.056 D/KeyguardUpdateMonitor( 2017): received broadcast android.intent.action.TIME_TICK
11-12 10:34:00.056 D/KeyguardUpdateMonitor( 2017): handleTimeUpdate
11-12 10:34:00.057 I/KeyguardStatusView( 2017): Runnable for refresh
11-12 10:34:00.062 D/WeatherHelper( 2017): City info empty
11-12 10:34:00.072 I/HwLauncher( 3336): Model  onReceive intent=Intent { act=android.intent.action.TIME_TICK flg=0x50200014 hwFlg=0x900 (has extras) }
11-12 10:34:00.072 I/HwLauncher( 3336): Model  onReceive user=UserHandle{0}
11-12 10:34:00.116 I/Step_LSC( 4971): 80001355|processHandleBroadcastAction action:android.intent.action.TIME_TICK
11-12 10:34:00.118 I/[HwRecSys]TimerController( 3043): onMinuteChange requestWeather
11-12 10:34:00.136 W/HwKeyguardDragHelper( 2017): AnimationBlocked
11-12 10:34:00.138 D/WeatherHelper( 2017): City info empty
11-12 10:34:00.138 D/DateTimeView( 2017): Change to single clock mode!
11-12 10:34:00.141 D/WeatherHelper( 2017): City info empty
11-12 10:34:00.141 D/WeatherHelper( 2017): City info empty
11-12 10:34:00.142 D/DateTimeView( 2017): Change to single clock mode!
11-12 10:34:00.144 D/WeatherHelper( 2017): City info empty
11-12 10:34:00.163 E/Thermal-daemon(  622): [ap] temp_new :37  temp_old :38
11-12 10:34:00.166 E/Thermal-daemon(  622): Report temperature: [ap] temp :37  report_threshold:1
11-12 10:34:00.320 I/chatty  ( 1187): uid=1000(system) watchdog expire 1 line
11-12 10:34:00.715 I/chatty  ( 1187): uid=1000(system) android.display expire 10 lines
11-12 10:34:00.723 I/HwMobileSignalController(0)( 2017): subId:0 phoneType:1 networktype:13 targetClass:3 masterLevel:5 slaveLevel:-1
11-12 10:34:01.084 I/chatty  ( 1187): uid=1000(system) Binder:1187_E expire 35 lines
11-12 10:34:01.102 E/[HwRecSys]AppCache( 3043): getIsRportDirectService is false!
11-12 10:34:01.104 I/EventCenter( 2017): ContentChange for slot: 1
11-12 10:34:01.108 D/StatusBarIconController( 2017): setIconVisibility icon is null or visibility not change visibility=false
11-12 10:34:01.243 I/chatty  ( 1187): uid=1000(system) HWExtMotionServ expire 12 lines
11-12 10:34:01.551 D/KeyEvent( 6125): obtain, mHwFlags=0
11-12 10:34:01.561 D/KeyEvent( 6125): obtain, mHwFlags=0
11-12 10:34:01.578 I/wangchen( 6125): SysInfo.getSysParam: orientation=1||config d=3.0,w=1080,h=1808||metrics d=3.0,w=1080,h=1808||sdk=26,bar_h=72
11-12 10:34:01.578 I/KeymapLoader( 6125): w=1080 h=1808 ori=true appScale=3.3 s1=3.0
11-12 10:34:01.609 D/WeatherHelper( 2017): City info empty
11-12 10:34:01.613 I/chatty  ( 2017): uid=10027(u0_a27) com.android.systemui identical 10 lines
11-12 10:34:01.990 V/SQLiteDatabase(10573): triggerBuildingIndex(): invalid id, return.
11-12 10:34:02.058 D/WorkSource( 3002): Insert in WorkSource{} @ 0 uid 10019 name com.google.android.gms
11-12 10:34:02.059 I/chatty  ( 1187): uid=1000(system) Binder:1187_1A expire 2 lines
11-12 10:34:02.148 W/libc    (  500): Set property "hw.wifipro.dns_fail_count" to "207"
11-12 10:34:02.151 I/chatty  ( 1187): uid=1000(system) Binder:1187_1A expire 16 lines
11-12 10:34:02.153 I/chatty  (31233): uid=10125(u0_a125) com.eyefilter.night expire 11 lines
11-12 10:34:02.863 I/chatty  ( 2153): uid=1000(system) Binder:2153_A expire 11 lines
11-12 10:34:02.864 I/Pged-IPgedBinderService(  627): ****action is 1, pid num is 2***
11-12 10:34:02.864 I/Pged-Freezer(  627): freezePids
11-12 10:34:02.864 I/Pged-Freezer(  627): Freeze process: 9372
11-12 10:34:03.477 I/chatty  (12345): uid=2000(shell) com.android.commands.monkey expire 128 lines
11-12 10:34:03.564 V/SQLiteDatabase(10573): triggerBuildingIndex(): invalid id, return.
11-12 10:34:03.609 D/WorkSource( 3002): Insert in WorkSource{} @ 0 uid 10019 name com.google.android.gms
11-12 10:34:03.633 V/SQLiteDatabase(10573): triggerBuildingIndex(): invalid id, return.
11-12 10:34:03.667 D/WorkSource( 3002): Insert in WorkSource{} @ 0 uid 10019 name com.google.android.gms
11-12 10:34:03.746 I/chatty  (31233): uid=10125(u0_a125) com.eyefilter.night expire 10 lines
11-12 10:34:04.368 I/Pged-IPgedBinderService(  627): ****action is 2, pid num is 2***
11-12 10:34:04.369 I/Pged-Freezer(  627): thawPids
11-12 10:34:05.169 E/Thermal-daemon(  622): [ap] temp_new :36  temp_old :37
11-12 10:34:05.171 E/Thermal-daemon(  622): Report temperature: [ap] temp :36  report_threshold:1
11-12 10:34:05.461 D/KeyEvent( 6125): obtain, mHwFlags=0
11-12 10:34:05.466 D/KeyEvent( 6125): obtain, mHwFlags=0
11-12 10:34:05.537 I/chatty  ( 1187): uid=1000(system) Binder:1187_8 expire 4 lines
11-12 10:34:06.127 I/chatty  (31233): uid=10125(u0_a125) com.eyefilter.night expire 100 lines
11-12 10:34:06.132 I/wangchen( 6125): SysInfo.getSysParam: orientation=1||config d=3.0,w=1080,h=1808||metrics d=3.0,w=1080,h=1808||sdk=26,bar_h=72
11-12 10:34:06.132 I/KeymapLoader( 6125): w=1080 h=1808 ori=true appScale=3.3 s1=3.0
11-12 10:34:06.309 D/KeyEvent( 6125): obtain, mHwFlags=0
11-12 10:34:06.309 I/chatty  ( 6125): uid=10054(u0_a54) com.baidu.input_huawei identical 48 lines
11-12 10:34:06.310 D/KeyEvent( 6125): obtain, mHwFlags=0
11-12 10:34:06.310 I/chatty  ( 1187): uid=1000(system) Binder:1187_E expire 12 lines
11-12 10:34:06.332 I/wangchen( 6125): SysInfo.getSysParam: orientation=1||config d=3.0,w=1080,h=1808||metrics d=3.0,w=1080,h=1808||sdk=26,bar_h=72
11-12 10:34:06.332 I/KeymapLoader( 6125): w=1080 h=1808 ori=true appScale=3.3 s1=3.0
11-12 10:34:06.332 D/KeyEvent( 6125): obtain, mHwFlags=0
11-12 10:34:06.332 I/chatty  (11562): uid=10125(u0_a125) Timer-0 expire 28 lines
11-12 10:34:06.332 D/KeyEvent( 6125): obtain, mHwFlags=0
11-12 10:34:06.332 D/KeyEvent( 6125): obtain, mHwFlags=0
11-12 10:34:06.332 D/KeyEvent( 6125): obtain, mHwFlags=0
11-12 10:34:06.333 D/KeyEvent( 6125): obtain, mHwFlags=0
11-12 10:34:06.337 D/KeyEvent( 6125): obtain, mHwFlags=0
11-12 10:34:06.375 I/chatty  ( 1187): uid=1000(system) android.anim expire 12 lines
11-12 10:34:06.430 V/SQLiteDatabase(10573): triggerBuildingIndex(): invalid id, return.
11-12 10:34:06.470 D/WorkSource( 3002): Insert in WorkSource{} @ 0 uid 10019 name com.google.android.gms
11-12 10:34:06.482 V/SQLiteDatabase(10573): triggerBuildingIndex(): invalid id, return.
11-12 10:34:06.499 I/chatty  ( 1187): uid=1000(system) Binder:1187_20 expire 48 lines
11-12 10:34:06.517 D/WorkSource( 3002): Insert in WorkSource{} @ 0 uid 10019 name com.google.android.gms
11-12 10:34:06.603 W/libc    (  500): Set property "hw.wifipro.dns_fail_count" to "208"
11-12 10:34:06.604 W/libc    (  500): Set property "hw.wifipro.dns_fail_count" to "209"
11-12 10:34:07.626 D/KeyEvent( 6125): obtain, mHwFlags=0
11-12 10:34:07.634 D/KeyEvent( 6125): obtain, mHwFlags=0
11-12 10:34:07.842 I/chatty  ( 1187): uid=1000(system) Binder:1187_17 expire 15 lines
11-12 10:34:08.059 D/KeyEvent( 6125): obtain, mHwFlags=0
11-12 10:34:08.060 D/KeyEvent( 6125): obtain, mHwFlags=0
11-12 10:34:08.897 D/KeyEvent( 6125): obtain, mHwFlags=0
11-12 10:34:08.902 D/KeyEvent( 6125): obtain, mHwFlags=0
11-12 10:34:09.974 D/KeyEvent( 6125): obtain, mHwFlags=0
11-12 10:34:09.974 D/KeyEvent( 6125): obtain, mHwFlags=0
11-12 10:34:09.982 D/KeyEvent( 6125): obtain, mHwFlags=0
11-12 10:34:09.982 D/KeyEvent( 6125): obtain, mHwFlags=0
11-12 10:34:09.993 D/KeyEvent( 6125): obtain, mHwFlags=0
11-12 10:34:09.993 D/KeyEvent( 6125): obtain, mHwFlags=0
11-12 10:34:10.427 I/chatty  ( 1187): uid=1000(system) Binder:1187_14 expire 28 lines
11-12 10:34:10.460 W/libc    (  500): Set property "hw.wifipro.dns_fail_count" to "210"
11-12 10:34:10.462 I/chatty  (31233): uid=10125(u0_a125) com.eyefilter.night expire 59 lines
11-12 10:34:10.465 V/SQLiteDatabase(10573): triggerBuildingIndex(): invalid id, return.
11-12 10:34:10.474 I/chatty  ( 1187): uid=1000(system) Binder:1187_14 expire 19 lines
11-12 10:34:10.481 D/WorkSource( 3002): Insert in WorkSource{} @ 0 uid 10019 name com.google.android.gms
11-12 10:34:10.484 I/wangchen( 6125): SysInfo.getSysParam: orientation=1||config d=3.0,w=1080,h=1808||metrics d=3.0,w=1080,h=1808||sdk=26,bar_h=72
11-12 10:34:10.484 I/KeymapLoader( 6125): w=1080 h=1808 ori=true appScale=3.3 s1=3.0
11-12 10:34:10.487 I/chatty  (  514): uid=1000(system) allocator@2.0-s expire 43 lines
11-12 10:34:10.493 V/SQLiteDatabase(10573): triggerBuildingIndex(): invalid id, return.
11-12 10:34:10.504 D/WorkSource( 3002): Insert in WorkSource{} @ 0 uid 10019 name com.google.android.gms
11-12 10:34:10.520 V/SQLiteDatabase(10573): triggerBuildingIndex(): invalid id, return.
11-12 10:34:10.531 D/WorkSource( 3002): Insert in WorkSource{} @ 0 uid 10019 name com.google.android.gms
11-12 10:34:10.537 V/SQLiteDatabase(10573): triggerBuildingIndex(): invalid id, return.
11-12 10:34:10.538 I/chatty  ( 2017): uid=10027(u0_a27) Binder:2017_1 expire 11 lines
11-12 10:34:10.549 D/WorkSource( 3002): Insert in WorkSource{} @ 0 uid 10019 name com.google.android.gms
11-12 10:34:10.612 I/chatty  ( 2153): uid=1000(system) core expire 34 lines
11-12 10:34:10.614 I/Pged-IPgedBinderService(  627): ****action is 1, pid num is 2***
11-12 10:34:10.614 I/Pged-Freezer(  627): freezePids
11-12 10:34:10.614 I/Pged-Freezer(  627): Freeze process: 9372
11-12 10:34:10.647 W/libc    (  500): Set property "hw.wifipro.dns_fail_count" to "211"
11-12 10:34:10.818 D/KeyEvent( 6125): obtain, mHwFlags=0
11-12 10:34:10.820 D/KeyEvent( 6125): obtain, mHwFlags=0
11-12 10:34:10.834 I/wangchen( 6125): SysInfo.getSysParam: orientation=1||config d=3.0,w=1080,h=1808||metrics d=3.0,w=1080,h=1808||sdk=26,bar_h=72
11-12 10:34:10.834 I/KeymapLoader( 6125): w=1080 h=1808 ori=true appScale=3.3 s1=3.0
11-12 10:34:10.994 V/SQLiteDatabase(10573): triggerBuildingIndex(): invalid id, return.
11-12 10:34:11.005 D/WorkSource( 3002): Insert in WorkSource{} @ 0 uid 10019 name com.google.android.gms
11-12 10:34:11.023 D/KeyEvent( 6125): obtain, mHwFlags=0
11-12 10:34:11.025 D/KeyEvent( 6125): obtain, mHwFlags=0
11-12 10:34:11.233 E/[HwRecSys]AppCache( 3043): getIsRportDirectService is false!
11-12 10:34:11.689 V/ActivityThread(31233): ActivityThread,callActivityOnCreate
11-12 10:34:11.694 V/SQLiteDatabase(10573): triggerBuildingIndex(): invalid id, return.
11-12 10:34:11.704 I/chatty  ( 1187): uid=1000(system) Binder:1187_20 expire 6 lines
11-12 10:34:11.712 D/WorkSource( 3002): Insert in WorkSource{} @ 0 uid 10019 name com.google.android.gms
11-12 10:34:11.719 V/SQLiteDatabase(10573): triggerBuildingIndex(): invalid id, return.
11-12 10:34:11.729 D/ActivityThread(31233): add activity client record, r= ActivityRecord{a4e14a8 token=android.os.BinderProxy@68f7294 {com.eyefilter.night/com.eyefilter.night.activity.AstigmatismTestActivity}} token= android.os.BinderProxy@68f7294
11-12 10:34:11.734 D/WorkSource( 3002): Insert in WorkSource{} @ 0 uid 10019 name com.google.android.gms
11-12 10:34:11.740 I/chatty  (31233): uid=10125(u0_a125) com.eyefilter.night expire 52 lines
11-12 10:34:11.751 D/ActivityThread(31233): Remove activity client record, r= ActivityRecord{9ad12b8 token=android.os.BinderProxy@4ffd257 {com.eyefilter.night/com.eyefilter.night.activity.VisionTestActivity}} token= android.os.BinderProxy@4ffd257
11-12 10:34:11.752 I/chatty  ( 1187): uid=1000(system) Binder:1187_11 expire 21 lines
11-12 10:34:11.759 V/SQLiteDatabase(10573): triggerBuildingIndex(): invalid id, return.
11-12 10:34:11.762 I/wangchen( 6125): SysInfo.getSysParam: orientation=1||config d=3.0,w=1080,h=1808||metrics d=3.0,w=1080,h=1808||sdk=26,bar_h=72
11-12 10:34:11.762 I/KeymapLoader( 6125): w=1080 h=1808 ori=true appScale=3.3 s1=3.0
11-12 10:34:11.766 I/chatty  ( 1187): uid=1000(system) android.anim expire 15 lines
11-12 10:34:11.770 I/chatty  ( 1187): uid=1000(system) Binder:1187_11 expire 23 lines
11-12 10:34:11.775 D/WorkSource( 3002): Insert in WorkSource{} @ 0 uid 10019 name com.google.android.gms
11-12 10:34:11.784 I/chatty  ( 2017): uid=10027(u0_a27) Binder:2017_C expire 8 lines
11-12 10:34:11.788 I/chatty  (31233): uid=10125(u0_a125) com.eyefilter.night expire 15 lines
11-12 10:34:11.836 I/chatty  ( 2017): uid=10027(u0_a27) com.android.systemui expire 67 lines
11-12 10:34:12.058 I/chatty  (  542): uid=1000(system) /vendor/bin/hw/vendor.huawei.hardware.tp@1.0-service expire 14 lines
11-12 10:34:12.058 I/aptouch_daemon(  552): get_cmd, =====>>find m_cmd=====>>aftouch.orientation
11-12 10:34:12.058 I/aptouch_daemon(  552): get_cmd, =====>>find m_cmd=====>>aftouch.orientation
11-12 10:34:12.058 I/aptouch_daemon(  552): aft_set_config, aft_set_config---2,2
11-12 10:34:12.058 I/aptouch_daemon(  552): thp_cmd_set_aftouch_config, aftouch_set_config: aft_cfg = 2, value = 2
11-12 10:34:12.059 I/aptouch_daemon(  552): excute_long_cmd, ========>>aftouch.orientation excute done!
11-12 10:34:12.059 I/chatty  (  547): uid=1000(system) Binder:547_1 expire 3 lines
11-12 10:34:12.068 I/chatty  ( 1187): uid=1000(system) android.ui expire 91 lines
11-12 10:34:12.081 I/chatty  ( 2233): uid=1000(system) com.android.settings expire 6 lines
11-12 10:34:12.082 I/chatty  ( 1187): uid=1000(system) InputDispatcher expire 100 lines
11-12 10:34:12.106 I/chatty  ( 1187): uid=1000(system) Binder:1187_14 expire 33 lines
11-12 10:34:12.116 I/Pged-IPgedBinderService(  627): ****action is 2, pid num is 2***
11-12 10:34:12.116 I/Pged-Freezer(  627): thawPids
11-12 10:34:12.348 I/chatty  ( 1187): uid=1000(system) android.anim expire 30 lines
11-12 10:34:12.732 W/libc    (  500): Set property "hw.wifipro.dns_fail_count" to "212"
11-12 10:34:12.906 D/KeyEvent( 6125): obtain, mHwFlags=0
11-12 10:34:12.907 D/KeyEvent( 6125): obtain, mHwFlags=0
11-12 10:34:12.951 I/chatty  ( 1187): uid=1000(system) Binder:1187_8 expire 2 lines
11-12 10:34:12.955 I/wangchen( 6125): SysInfo.getSysParam: orientation=1||config d=3.0,w=1080,h=1808||metrics d=3.0,w=1080,h=1808||sdk=26,bar_h=72
11-12 10:34:12.956 I/KeymapLoader( 6125): w=1080 h=1808 ori=true appScale=3.3 s1=3.0
11-12 10:34:12.956 D/KeyEvent( 6125): obtain, mHwFlags=0
11-12 10:34:12.956 D/KeyEvent( 6125): obtain, mHwFlags=0
11-12 10:34:13.045 V/SQLiteDatabase(10573): triggerBuildingIndex(): invalid id, return.
11-12 10:34:13.064 I/chatty  ( 1187): uid=1000(system) Binder:1187_A expire 38 lines
11-12 10:34:13.080 D/WorkSource( 3002): Insert in WorkSource{} @ 0 uid 10019 name com.google.android.gms
11-12 10:34:13.080 I/chatty  ( 1187): uid=1000(system) Binder:1187_11 expire 1 line
11-12 10:34:13.105 V/SQLiteDatabase(10573): triggerBuildingIndex(): invalid id, return.
11-12 10:34:13.135 I/chatty  ( 1187): uid=1000(system) Binder:1187_17 expire 1 line
11-12 10:34:13.141 I/chatty  ( 1187): uid=1000(system) Binder:1187_17 expire 1 line
11-12 10:34:13.145 D/WorkSource( 3002): Insert in WorkSource{} @ 0 uid 10019 name com.google.android.gms
11-12 10:34:13.166 V/SQLiteDatabase(10573): triggerBuildingIndex(): invalid id, return.
11-12 10:34:13.174 I/chatty  ( 1187): uid=1000(system) Binder:1187_20 expire 17 lines
11-12 10:34:13.175 W/libc    (  500): Set property "hw.wifipro.dns_fail_count" to "213"
11-12 10:34:13.176 I/chatty  ( 1187): uid=1000(system) Binder:1187_A expire 20 lines
11-12 10:34:13.179 I/chatty  (31233): uid=10125(u0_a125) com.eyefilter.night expire 1 line
11-12 10:34:13.182 D/WorkSource( 3002): Insert in WorkSource{} @ 0 uid 10019 name com.google.android.gms
11-12 10:34:13.558 I/chatty  ( 1187): uid=1000(system) Binder:1187_3 expire 9 lines
11-12 10:34:13.578 I/chatty  ( 1187): uid=1000(system) android.ui expire 81 lines
11-12 10:34:13.586 E/[HwRecSys]AppCache( 3043): getIsRportDirectService is false!
11-12 10:34:13.587 I/chatty  ( 1187): uid=1000 system_server expire 9 lines
11-12 10:34:13.592 I/aptouch_daemon(  552): get_cmd, =====>>find m_cmd=====>>aftouch.orientation
11-12 10:34:13.592 I/aptouch_daemon(  552): get_cmd, =====>>find m_cmd=====>>aftouch.orientation
11-12 10:34:13.592 I/aptouch_daemon(  552): aft_set_config, aft_set_config---2,0
11-12 10:34:13.592 I/aptouch_daemon(  552): thp_cmd_set_aftouch_config, aftouch_set_config: aft_cfg = 2, value = 0
11-12 10:34:13.593 I/aptouch_daemon(  552): excute_long_cmd, ========>>aftouch.orientation excute done!
11-12 10:34:13.777 I/chatty  ( 1187): uid=1000(system) AudioService expire 12 lines
11-12 10:34:14.121 V/SQLiteDatabase(10573): triggerBuildingIndex(): invalid id, return.
11-12 10:34:14.168 D/WorkSource( 3002): Insert in WorkSource{} @ 0 uid 10019 name com.google.android.gms
11-12 10:34:14.188 V/SQLiteDatabase(10573): triggerBuildingIndex(): invalid id, return.
11-12 10:34:14.226 D/WorkSource( 3002): Insert in WorkSource{} @ 0 uid 10019 name com.google.android.gms
11-12 10:34:14.679 E/BDLog   ( 2124): BD.FilterImpl:com.android.systemui 39 times= 100 over threshold
11-12 10:34:14.679 E/BDLog   ( 2124): BD.FilterImpl:com.android.systemui39 is illLegal
11-12 10:34:14.876 I/chatty  ( 1187): uid=1000(system) InputDispatcher expire 13 lines
11-12 10:34:14.877 D/KeyEvent( 6125): obtain, mHwFlags=0
11-12 10:34:14.882 D/KeyEvent( 6125): obtain, mHwFlags=0
11-12 10:34:15.092 D/KeyEvent( 6125): obtain, mHwFlags=0
11-12 10:34:15.098 D/KeyEvent( 6125): obtain, mHwFlags=0
11-12 10:34:15.108 I/wangchen( 6125): SysInfo.getSysParam: orientation=1||config d=3.0,w=1080,h=1808||metrics d=3.0,w=1080,h=1808||sdk=26,bar_h=72
11-12 10:34:15.109 I/KeymapLoader( 6125): w=1080 h=1808 ori=true appScale=3.3 s1=3.0
11-12 10:34:15.177 E/Thermal-daemon(  622): [ap] temp_new :37  temp_old :36
11-12 10:34:15.178 I/chatty  ( 2153): uid=1000(system) Binder:2153_A expire 12 lines
11-12 10:34:15.180 E/Thermal-daemon(  622): Report temperature: [ap] temp :37  report_threshold:1
11-12 10:34:15.768 D/KeyEvent( 6125): obtain, mHwFlags=0
11-12 10:34:15.778 D/KeyEvent( 6125): obtain, mHwFlags=0
11-12 10:34:16.456 I/chatty  ( 1187): uid=1000(system) UEventObserver expire 2 lines
11-12 10:34:16.490 E/CloudAlbum[8.1.2.307]( 7123): [ReceiverManager] not log on ignore
11-12 10:34:16.848 D/KeyEvent( 6125): obtain, mHwFlags=0
11-12 10:34:16.857 D/KeyEvent( 6125): obtain, mHwFlags=0
11-12 10:34:17.073 D/KeyEvent( 6125): obtain, mHwFlags=0
11-12 10:34:17.074 D/KeyEvent( 6125): obtain, mHwFlags=0
11-12 10:34:17.103 I/wangchen( 6125): SysInfo.getSysParam: orientation=1||config d=3.0,w=1080,h=1808||metrics d=3.0,w=1080,h=1808||sdk=26,bar_h=72
11-12 10:34:17.103 I/KeymapLoader( 6125): w=1080 h=1808 ori=true appScale=3.3 s1=3.0
11-12 10:34:17.106 D/KeyEvent( 6125): obtain, mHwFlags=0
11-12 10:34:17.119 D/KeyEvent( 6125): obtain, mHwFlags=0
11-12 10:34:17.460 D/KeyEvent( 6125): obtain, mHwFlags=0
11-12 10:34:17.470 I/chatty  ( 1187): uid=1000(system) AudioService expire 2 lines
11-12 10:34:17.473 D/KeyEvent( 6125): obtain, mHwFlags=0
11-12 10:34:17.680 D/LogUtil_LogConfig( 4971): obtainSavePath(): path = 1
11-12 10:34:17.682 D/LogUtil_LogConfig( 4971): getLogFile(): logFilePath = /data/data/com.huawei.health/files/com.huawei.health/com.huawei.health_DaemonService/
11-12 10:34:17.683 D/LogUtil_LogConfig( 4971): obtainSavePath(): path = 1
11-12 10:34:17.683 D/LogUtil_LogConfig( 4971): acquireMaxLogFileLengthContainsOffset describe: com.huawei.health:DaemonService result:5242880
11-12 10:34:17.691 D/LogUtil_LogConfig( 4971): obtainSavePath(): path = 1
11-12 10:34:17.694 D/LogUtil_LogConfig( 4971): getLogFileRoot(): logFilePath = /data/data/com.huawei.health/files/com.huawei.health/com.huawei.health_DaemonService/
11-12 10:34:18.333 I/chatty  (11562): uid=10125(u0_a125) Timer-0 expire 21 lines
11-12 10:34:18.432 W/libc    (  500): Set property "hw.wifipro.dns_fail_count" to "214"
11-12 10:34:18.434 I/chatty  (31233): uid=10125(u0_a125) com.eyefilter.night expire 59 lines
11-12 10:34:18.437 V/SQLiteDatabase(10573): triggerBuildingIndex(): invalid id, return.
11-12 10:34:18.452 I/chatty  (31233): uid=10125(u0_a125) com.eyefilter.night expire 91 lines
11-12 10:34:18.455 D/WorkSource( 3002): Insert in WorkSource{} @ 0 uid 10019 name com.google.android.gms
11-12 10:34:18.463 I/wangchen( 6125): SysInfo.getSysParam: orientation=1||config d=3.0,w=1080,h=1808||metrics d=3.0,w=1080,h=1808||sdk=26,bar_h=72
11-12 10:34:18.463 I/KeymapLoader( 6125): w=1080 h=1808 ori=true appScale=3.3 s1=3.0
11-12 10:34:18.474 V/SQLiteDatabase(10573): triggerBuildingIndex(): invalid id, return.
11-12 10:34:18.488 D/WorkSource( 3002): Insert in WorkSource{} @ 0 uid 10019 name com.google.android.gms
11-12 10:34:18.499 V/SQLiteDatabase(10573): triggerBuildingIndex(): invalid id, return.
11-12 10:34:18.500 I/chatty  ( 1881): uid=1000(system) Binder:1881_6 expire 8 lines
11-12 10:34:18.514 D/WorkSource( 3002): Insert in WorkSource{} @ 0 uid 10019 name com.google.android.gms
11-12 10:34:18.516 V/SQLiteDatabase(10573): triggerBuildingIndex(): invalid id, return.
11-12 10:34:18.527 D/WorkSource( 3002): Insert in WorkSource{} @ 0 uid 10019 name com.google.android.gms
11-12 10:34:18.552 I/chatty  (12345): uid=2000(shell) com.android.commands.monkey expire 102 lines
11-12 10:34:18.606 V/SQLiteDatabase(10573): triggerBuildingIndex(): invalid id, return.
11-12 10:34:18.620 D/WorkSource( 3002): Insert in WorkSource{} @ 0 uid 10019 name com.google.android.gms
11-12 10:34:18.634 V/SQLiteDatabase(10573): triggerBuildingIndex(): invalid id, return.
11-12 10:34:18.639 W/libc    (  500): Set property "hw.wifipro.dns_fail_count" to "215"
11-12 10:34:18.641 W/libc    (  500): Set property "hw.wifipro.dns_fail_count" to "216"
11-12 10:34:18.650 D/WorkSource( 3002): Insert in WorkSource{} @ 0 uid 10019 name com.google.android.gms
11-12 10:34:18.661 V/SQLiteDatabase(10573): triggerBuildingIndex(): invalid id, return.
11-12 10:34:18.676 D/WorkSource( 3002): Insert in WorkSource{} @ 0 uid 10019 name com.google.android.gms
11-12 10:34:18.686 V/SQLiteDatabase(10573): triggerBuildingIndex(): invalid id, return.
11-12 10:34:18.697 D/WorkSource( 3002): Insert in WorkSource{} @ 0 uid 10019 name com.google.android.gms
11-12 10:34:18.709 V/SQLiteDatabase(10573): triggerBuildingIndex(): invalid id, return.
11-12 10:34:18.721 D/WorkSource( 3002): Insert in WorkSource{} @ 0 uid 10019 name com.google.android.gms
11-12 10:34:18.732 V/SQLiteDatabase(10573): triggerBuildingIndex(): invalid id, return.
11-12 10:34:18.751 D/WorkSource( 3002): Insert in WorkSource{} @ 0 uid 10019 name com.google.android.gms
11-12 10:34:18.760 E/BDLog   ( 2124): BD.FilterImpl:com.android.systemui 39 times= 100 over threshold
11-12 10:34:18.760 E/BDLog   ( 2124): BD.FilterImpl:com.android.systemui39 is illLegal
11-12 10:34:18.859 I/chatty  (31233): uid=10125(u0_a125) com.eyefilter.night expire 16 lines
11-12 10:34:18.954 V/SQLiteDatabase(10573): triggerBuildingIndex(): invalid id, return.
11-12 10:34:18.966 E/[HwRecSys]AppCache( 3043): getIsRportDirectService is false!
11-12 10:34:18.967 I/aptouch_daemon(  552): get_cmd, =====>>find m_cmd=====>>aftouch.orientation
11-12 10:34:18.967 I/aptouch_daemon(  552): get_cmd, =====>>find m_cmd=====>>aftouch.orientation
11-12 10:34:18.967 I/aptouch_daemon(  552): aft_set_config, aft_set_config---2,2
11-12 10:34:18.967 I/aptouch_daemon(  552): thp_cmd_set_aftouch_config, aftouch_set_config: aft_cfg = 2, value = 2
11-12 10:34:18.968 I/aptouch_daemon(  552): excute_long_cmd, ========>>aftouch.orientation excute done!
11-12 10:34:18.968 I/chatty  (  547): uid=1000(system) Binder:547_2 expire 1 line
11-12 10:34:18.974 D/WorkSource( 3002): Insert in WorkSource{} @ 0 uid 10019 name com.google.android.gms
11-12 10:34:18.987 I/chatty  ( 2233): uid=1000(system) com.android.settings expire 4 lines
11-12 10:34:19.016 I/chatty  ( 1187): uid=1000(system) Binder:1187_1A expire 9 lines
11-12 10:34:19.385 I/aptouch_daemon(  552): get_cmd, =====>>find m_cmd=====>>aftouch.orientation
11-12 10:34:19.385 I/aptouch_daemon(  552): get_cmd, =====>>find m_cmd=====>>aftouch.orientation
11-12 10:34:19.385 I/aptouch_daemon(  552): aft_set_config, aft_set_config---2,0
11-12 10:34:19.385 I/aptouch_daemon(  552): thp_cmd_set_aftouch_config, aftouch_set_config: aft_cfg = 2, value = 0
11-12 10:34:19.385 E/[HwRecSys]AppCache( 3043): getIsRportDirectService is false!
11-12 10:34:19.386 I/aptouch_daemon(  552): excute_long_cmd, ========>>aftouch.orientation excute done!
11-12 10:34:19.428 V/SQLiteDatabase( 2233): triggerBuildingIndex(): invalid id, return.
11-12 10:34:19.429 D/Index   ( 2233): Indexing locale 'zh_CN_#Hans' took 6 millis
11-12 10:34:19.444 I/chatty  ( 1187): uid=1000(system) Binder:1187_F expire 63 lines
11-12 10:34:20.183 E/Thermal-daemon(  622): [ap] temp_new :38  temp_old :37
11-12 10:34:20.184 E/Thermal-daemon(  622): Report temperature: [ap] temp :38  report_threshold:1
11-12 10:34:20.283 I/Pged-IPgedBinderService(  627): ****action is 1, pid num is 2***
11-12 10:34:20.283 I/Pged-Freezer(  627): freezePids
