11-12 10:34:20.283 I/Pged-Freezer(  627): Freeze process: 9372
11-12 10:34:20.486 D/KeyEvent( 6125): obtain, mHwFlags=0
11-12 10:34:20.487 D/KeyEvent( 6125): obtain, mHwFlags=0
11-12 10:34:20.490 I/chatty  ( 1187): uid=1000(system) Binder:1187_1A expire 29 lines
11-12 10:34:20.495 I/wangchen( 6125): SysInfo.getSysParam: orientation=1||config d=3.0,w=1080,h=1808||metrics d=3.0,w=1080,h=1808||sdk=26,bar_h=72
11-12 10:34:20.495 I/KeymapLoader( 6125): w=1080 h=1808 ori=true appScale=3.3 s1=3.0
11-12 10:34:20.979 V/SQLiteDatabase(10573): triggerBuildingIndex(): invalid id, return.
11-12 10:34:21.017 I/chatty  ( 1187): uid=1000(system) Binder:1187_F expire 45 lines
11-12 10:34:21.030 D/WorkSource( 3002): Insert in WorkSource{} @ 0 uid 10019 name com.google.android.gms
11-12 10:34:21.055 V/SQLiteDatabase(10573): triggerBuildingIndex(): invalid id, return.
11-12 10:34:21.115 D/WorkSource( 3002): Insert in WorkSource{} @ 0 uid 10019 name com.google.android.gms
11-12 10:34:21.240 I/zygote64( 3002): Background concurrent copying GC freed 320160(8MB) AllocSpace objects, 0(0B) LOS objects, 49% free, 6MB/13MB, paused 2.635ms total 120.972ms
11-12 10:34:21.259 W/libc    (  500): Set property "hw.wifipro.dns_fail_count" to "217"
11-12 10:34:21.260 V/SQLiteDatabase(10573): triggerBuildingIndex(): invalid id, return.
11-12 10:34:21.262 I/chatty  (31233): uid=10125(u0_a125) com.eyefilter.night expire 15 lines
11-12 10:34:21.304 D/WorkSource( 3002): Insert in WorkSource{} @ 0 uid 10019 name com.google.android.gms
11-12 10:34:21.768 I/chatty  ( 1187): uid=1000(system) InputDispatcher expire 20 lines
11-12 10:34:21.788 I/Pged-IPgedBinderService(  627): ****action is 2, pid num is 2***
11-12 10:34:21.788 I/Pged-Freezer(  627): thawPids
11-12 10:34:21.915 D/KeyEvent( 6125): obtain, mHwFlags=0
11-12 10:34:21.920 I/chatty  ( 1187): uid=1000 system_server expire 8 lines
11-12 10:34:21.923 I/chatty  ( 1187): uid=1000(system) AudioService expire 4 lines
11-12 10:34:21.927 D/KeyEvent( 6125): obtain, mHwFlags=0
11-12 10:34:21.936 I/chatty  ( 2017): uid=10027(u0_a27) com.android.systemui expire 18 lines
11-12 10:34:21.953 I/chatty  ( 1187): uid=1000(system) Binder:1187_20 expire 17 lines
11-12 10:34:22.007 I/chatty  (  514): uid=1000(system) allocator@2.0-s expire 30 lines
11-12 10:34:22.334 I/chatty  (31233): uid=10125(u0_a125) com.eyefilter.night expire 25 lines
11-12 10:34:22.356 V/SQLiteDatabase(10573): triggerBuildingIndex(): invalid id, return.
11-12 10:34:22.365 I/chatty  (  547): uid=1000(system) /system/bin/surfaceflinger expire 6 lines
11-12 10:34:22.430 D/WorkSource( 3002): Insert in WorkSource{} @ 0 uid 10019 name com.google.android.gms
11-12 10:34:22.543 V/SQLiteDatabase(10573): triggerBuildingIndex(): invalid id, return.
11-12 10:34:22.564 V/SQLiteDatabase(10573): triggerBuildingIndex(): invalid id, return.
11-12 10:34:22.572 D/WorkSource( 3002): Insert in WorkSource{} @ 0 uid 10019 name com.google.android.gms
11-12 10:34:22.576 I/chatty  ( 1187): uid=1000(system) Binder:1187_3 expire 15 lines
11-12 10:34:22.577 I/chatty  ( 1187): uid=1000(system) Binder:1187_14 expire 10 lines
11-12 10:34:22.585 V/SQLiteDatabase(10573): triggerBuildingIndex(): invalid id, return.
11-12 10:34:22.589 D/WorkSource( 3002): Insert in WorkSource{} @ 0 uid 10019 name com.google.android.gms
11-12 10:34:22.610 D/WorkSource( 3002): Insert in WorkSource{} @ 0 uid 10019 name com.google.android.gms
11-12 10:34:22.611 I/chatty  ( 1187): uid=1000(system) Binder:1187_14 expire 23 lines
11-12 10:34:22.860 V/SQLiteDatabase(10573): triggerBuildingIndex(): invalid id, return.
11-12 10:34:22.869 I/chatty  ( 1187): uid=1000(system) Binder:1187_20 expire 15 lines
11-12 10:34:22.873 D/WorkSource( 3002): Insert in WorkSource{} @ 0 uid 10019 name com.google.android.gms
11-12 10:34:23.021 I/chatty  (31233): uid=10125(u0_a125) com.eyefilter.night expire 3 lines
11-12 10:34:23.032 I/wangchen( 6125): SysInfo.getSysParam: orientation=1||config d=3.0,w=1080,h=1808||metrics d=3.0,w=1080,h=1808||sdk=26,bar_h=72
11-12 10:34:23.032 I/KeymapLoader( 6125): w=1080 h=1808 ori=true appScale=3.3 s1=3.0
11-12 10:34:23.049 V/SQLiteDatabase(10573): triggerBuildingIndex(): invalid id, return.
11-12 10:34:23.059 D/WorkSource( 3002): Insert in WorkSource{} @ 0 uid 10019 name com.google.android.gms
11-12 10:34:23.062 V/SQLiteDatabase(10573): triggerBuildingIndex(): invalid id, return.
11-12 10:34:23.073 D/WorkSource( 3002): Insert in WorkSource{} @ 0 uid 10019 name com.google.android.gms
11-12 10:34:23.223 I/chatty  ( 1187): uid=1000(system) android.anim expire 20 lines
11-12 10:34:23.251 V/SQLiteDatabase(10573): triggerBuildingIndex(): invalid id, return.
11-12 10:34:23.263 D/WorkSource( 3002): Insert in WorkSource{} @ 0 uid 10019 name com.google.android.gms
11-12 10:34:23.274 V/SQLiteDatabase(10573): triggerBuildingIndex(): invalid id, return.
11-12 10:34:23.285 D/WorkSource( 3002): Insert in WorkSource{} @ 0 uid 10019 name com.google.android.gms
11-12 10:34:23.291 V/SQLiteDatabase(10573): triggerBuildingIndex(): invalid id, return.
11-12 10:34:23.302 D/WorkSource( 3002): Insert in WorkSource{} @ 0 uid 10019 name com.google.android.gms
11-12 10:34:23.400 W/libc    (  500): Set property "hw.wifipro.dns_fail_count" to "218"
11-12 10:34:23.401 W/libc    (  500): Set property "hw.wifipro.dns_fail_count" to "219"
11-12 10:34:23.605 I/chatty  ( 1187): uid=1000(system) InputDispatcher expire 35 lines
11-12 10:34:23.606 D/KeyEvent( 6125): obtain, mHwFlags=0
11-12 10:34:23.608 D/KeyEvent( 6125): obtain, mHwFlags=0
11-12 10:34:23.620 I/wangchen( 6125): SysInfo.getSysParam: orientation=1||config d=3.0,w=1080,h=1808||metrics d=3.0,w=1080,h=1808||sdk=26,bar_h=72
11-12 10:34:23.620 I/KeymapLoader( 6125): w=1080 h=1808 ori=true appScale=3.3 s1=3.0
11-12 10:34:23.812 D/KeyEvent( 6125): obtain, mHwFlags=0
11-12 10:34:23.814 D/KeyEvent( 6125): obtain, mHwFlags=0
11-12 10:34:24.017 D/KeyEvent( 6125): obtain, mHwFlags=0
11-12 10:34:24.020 D/KeyEvent( 6125): obtain, mHwFlags=0
11-12 10:34:24.257 V/SQLiteDatabase(10573): triggerBuildingIndex(): invalid id, return.
11-12 10:34:24.272 D/WorkSource( 3002): Insert in WorkSource{} @ 0 uid 10019 name com.google.android.gms
11-12 10:34:24.278 V/SQLiteDatabase(10573): triggerBuildingIndex(): invalid id, return.
11-12 10:34:24.297 D/WorkSource( 3002): Insert in WorkSource{} @ 0 uid 10019 name com.google.android.gms
11-12 10:34:24.303 V/SQLiteDatabase(10573): triggerBuildingIndex(): invalid id, return.
11-12 10:34:24.316 D/WorkSource( 3002): Insert in WorkSource{} @ 0 uid 10019 name com.google.android.gms
11-12 10:34:24.483 V/SQLiteDatabase(10573): triggerBuildingIndex(): invalid id, return.
11-12 10:34:24.497 D/WorkSource( 3002): Insert in WorkSource{} @ 0 uid 10019 name com.google.android.gms
11-12 10:34:25.098 I/chatty  ( 2153): uid=1000(system) Binder:2153_1 expire 13 lines
11-12 10:34:25.134 V/SQLiteDatabase(10573): triggerBuildingIndex(): invalid id, return.
11-12 10:34:25.151 D/WorkSource( 3002): Insert in WorkSource{} @ 0 uid 10019 name com.google.android.gms
11-12 10:34:25.187 E/Thermal-daemon(  622): [ap] temp_new :39  temp_old :38
11-12 10:34:25.188 E/Thermal-daemon(  622): Report temperature: [ap] temp :39  report_threshold:1
11-12 10:34:25.254 I/chatty  ( 2153): uid=1000(system) core expire 13 lines
11-12 10:34:26.303 E/Input   (31233): getAxisValue(): y-216.1--472.0--255.9
11-12 10:34:26.303 E/Input   (31233): getAxisValue(): y-214.5--472.0--257.5
11-12 10:34:26.714 D/KeyEvent(31233): obtain, mHwFlags=0
11-12 10:34:26.714 I/zygote  (31233): Deoptimizing boolean android.support.v7.app.AppCompatDelegateImplV9.dispatchKeyEvent(android.view.KeyEvent) due to JIT inline cache
11-12 10:34:26.718 D/KeyEvent(31233): obtain, mHwFlags=0
11-12 10:34:26.724 V/AudioManager(31233): playSoundEffect   effectType: 0
11-12 10:34:27.151 E/Input   (31233): getAxisValue(): y-813.2--831.0--17.8
11-12 10:34:27.152 E/Input   (31233): getAxisValue(): y-809.3--831.0--21.7
11-12 10:34:27.156 V/AudioManager(31233): playSoundEffect   effectType: 0
11-12 10:34:27.165 I/Pged-IPgedBinderService(  627): ****action is 1, pid num is 2***
11-12 10:34:27.165 I/Pged-Freezer(  627): freezePids
11-12 10:34:27.165 I/Pged-Freezer(  627): Freeze process: 9372
11-12 10:34:27.165 W/libEGL  (31233): EGLNativeWindowType 0xbdbf9008 disconnect failed
11-12 10:34:27.165 I/chatty  ( 2153): uid=1000(system) fast_hibernatio expire 10 lines
11-12 10:34:27.178 W/InputMethodManager(31233): startInputReason = 1
11-12 10:34:27.181 I/wangchen( 6125): SysInfo.getSysParam: orientation=1||config d=3.0,w=1080,h=1808||metrics d=3.0,w=1080,h=1808||sdk=26,bar_h=72
11-12 10:34:27.181 I/KeymapLoader( 6125): w=1080 h=1808 ori=true appScale=3.3 s1=3.0
11-12 10:34:27.190 V/SQLiteDatabase(10573): triggerBuildingIndex(): invalid id, return.
11-12 10:34:27.200 I/chatty  ( 1187): uid=1000(system) Binder:1187_3 expire 12 lines
11-12 10:34:27.204 D/WorkSource( 3002): Insert in WorkSource{} @ 0 uid 10019 name com.google.android.gms
11-12 10:34:27.218 V/SQLiteDatabase(10573): triggerBuildingIndex(): invalid id, return.
11-12 10:34:27.229 D/WorkSource( 3002): Insert in WorkSource{} @ 0 uid 10019 name com.google.android.gms
11-12 10:34:27.335 W/System.err(11562): android.os.DeadObjectException
11-12 10:34:27.335 W/System.err(11562): 	at android.os.BinderProxy.transactNative(Native Method)
11-12 10:34:27.335 W/System.err(11562): 	at android.os.BinderProxy.transact(Binder.java:751)
11-12 10:34:27.335 W/System.err(11562): 	at com.cootek.business.IProcessMain$Stub$Proxy.pollingAction(IProcessMain.java:78)
11-12 10:34:27.335 W/System.err(11562): 	at com.cootek.business.daemon.BBasePollingService$1.run(BBasePollingService.java:44)
11-12 10:34:27.335 W/System.err(11562): 	at java.util.TimerThread.mainLoop(Timer.java:555)
11-12 10:34:27.335 W/System.err(11562): 	at java.util.TimerThread.run(Timer.java:505)
11-12 10:34:27.365 W/libc    (  500): Set property "hw.wifipro.dns_fail_count" to "220"
11-12 10:34:27.367 W/libc    (  500): Set property "hw.wifipro.dns_fail_count" to "221"
11-12 10:34:27.367 I/AppsFlyer_4.8.11(31233): reached cache limit, not caching request
11-12 10:34:27.368 V/AudioManager(31233): playSoundEffect   effectType: 0
11-12 10:34:27.369 I/AppsFlyer_4.8.11(31233): reached cache limit, not caching request
11-12 10:34:27.385 D/ManufacturerUtil(31233): Manufactory: huawei
11-12 10:34:27.391 D/HwRTBlurUtils(31233): check blur style for HwPhoneWindow, themeResId : 0x7f0f017b, context : android.view.ContextThemeWrapper@8c23749, Nhwext : 0, get Blur : disable with , null
11-12 10:34:27.391 D/HwRTBlurUtils(31233): check blur style for HwPhoneWindow, themeResId : 0x7f0f017b, context : android.view.ContextThemeWrapper@8c23749, Nhwext : 0, get Blur : disable with , null
11-12 10:34:27.393 D/CubicBezierInterpolator(31233): CubicBezierInterpolator  mControlPoint1x = 0.23, mControlPoint1y = 0.06, mControlPoint2x = 0.09, mControlPoint2y = 0.97
11-12 10:34:27.393 D/CubicBezierInterpolator(31233): CubicBezierInterpolator  mControlPoint1x = 0.6, mControlPoint1y = 0.9, mControlPoint2x = 0.8, mControlPoint2y = 1.0
11-12 10:34:27.393 D/CubicBezierInterpolator(31233): CubicBezierInterpolator  mControlPoint1x = 0.23, mControlPoint1y = 0.06, mControlPoint2x = 0.09, mControlPoint2y = 0.97
11-12 10:34:27.393 D/CubicBezierInterpolator(31233): CubicBezierInterpolator  mControlPoint1x = 0.6, mControlPoint1y = 0.9, mControlPoint2x = 0.8, mControlPoint2y = 1.0
11-12 10:34:27.395 D/CubicBezierInterpolator(31233): CubicBezierInterpolator  mControlPoint1x = 0.23, mControlPoint1y = 0.06, mControlPoint2x = 0.09, mControlPoint2y = 0.97
11-12 10:34:27.395 D/CubicBezierInterpolator(31233): CubicBezierInterpolator  mControlPoint1x = 0.6, mControlPoint1y = 0.9, mControlPoint2x = 0.8, mControlPoint2y = 1.0
11-12 10:34:27.395 D/CubicBezierInterpolator(31233): CubicBezierInterpolator  mControlPoint1x = 0.23, mControlPoint1y = 0.06, mControlPoint2x = 0.09, mControlPoint2y = 0.97
11-12 10:34:27.395 D/CubicBezierInterpolator(31233): CubicBezierInterpolator  mControlPoint1x = 0.6, mControlPoint1y = 0.9, mControlPoint2x = 0.8, mControlPoint2y = 1.0
11-12 10:34:27.399 D/OpenGLRenderer(31233):   HWUI Binary is  enabled
11-12 10:34:27.403 I/PressGestureDetector(31233): enabledInPad = false,isPcCastMode = false
11-12 10:34:27.412 V/SQLiteDatabase(10573): triggerBuildingIndex(): invalid id, return.
11-12 10:34:27.413 D/mali_winsys(31233): EGLint new_window_surface(egl_winsys_display *, void *, EGLSurface, EGLConfig, egl_winsys_surface **, egl_color_buffer_format *, EGLBoolean) returns 0x3000
11-12 10:34:27.413 D/OpenGLRenderer(31233):   HWUI Binary is  enabled
11-12 10:34:27.423 D/WorkSource( 3002): Insert in WorkSource{} @ 0 uid 10019 name com.google.android.gms
11-12 10:34:27.578 I/AppsFlyer_4.8.11(31233): reached cache limit, not caching request
11-12 10:34:28.362 I/chatty  ( 1187): uid=1000(system) ActivityManager expire 1 line
11-12 10:34:28.399 E/Input   (31233): getAxisValue(): y-226.0--472.0--246.0
11-12 10:34:28.399 E/Input   (31233): getAxisValue(): y-226.0--472.0--246.0
11-12 10:34:28.402 E/Input   (31233): getAxisValue(): y-285.9--472.0--186.1
11-12 10:34:28.402 E/Input   (31233): getAxisValue(): y-286.5--472.0--185.5
11-12 10:34:28.407 D/ActivityThread(31233): Remove activity client record, r= ActivityRecord{a4e14a8 token=android.os.BinderProxy@68f7294 {com.eyefilter.night/com.eyefilter.night.activity.AstigmatismTestActivity}} token= android.os.BinderProxy@68f7294
11-12 10:34:28.605 E/Input   (31233): getAxisValue(): y-830.8--831.0--0.2
11-12 10:34:28.620 V/AudioManager(31233): playSoundEffect   effectType: 0
11-12 10:34:28.655 V/SQLiteDatabase(10573): triggerBuildingIndex(): invalid id, return.
11-12 10:34:28.665 D/WorkSource( 3002): Insert in WorkSource{} @ 0 uid 10019 name com.google.android.gms
11-12 10:34:28.666 I/Pged-IPgedBinderService(  627): ****action is 2, pid num is 2***
11-12 10:34:28.666 I/Pged-Freezer(  627): thawPids
11-12 10:34:28.829 I/AppsFlyer_4.8.11(31233): reached cache limit, not caching request
11-12 10:34:29.011 E/Input   (31233): getAxisValue(): y-118.0--472.0--354.0
11-12 10:34:29.011 E/Input   (31233): getAxisValue(): y-118.0--472.0--354.0
11-12 10:34:29.012 E/Input   (31233): getAxisValue(): y-115.4--472.0--356.6
11-12 10:34:29.229 V/AudioManager(31233): playSoundEffect   effectType: 0
11-12 10:34:29.238 W/libEGL  (31233): EGLNativeWindowType 0xbb8d1808 disconnect failed
11-12 10:34:29.238 D/OpenGLRenderer(31233): endAllActiveAnimators on 0xbb8c6c80 (RippleDrawable) with handle 0xbef7eb90
11-12 10:34:29.250 V/InputMethodManager(31233): Reporting focus gain, without startInput
11-12 10:34:29.258 V/SQLiteDatabase(10573): triggerBuildingIndex(): invalid id, return.
11-12 10:34:29.269 D/WorkSource( 3002): Insert in WorkSource{} @ 0 uid 10019 name com.google.android.gms
11-12 10:34:29.281 V/SQLiteDatabase(10573): triggerBuildingIndex(): invalid id, return.
11-12 10:34:29.292 D/WorkSource( 3002): Insert in WorkSource{} @ 0 uid 10019 name com.google.android.gms
11-12 10:34:29.425 V/AudioManager(31233): playSoundEffect   effectType: 0
11-12 10:34:29.444 D/ManufacturerUtil(31233): Manufactory: huawei
11-12 10:34:29.447 W/libc    (  500): Set property "hw.wifipro.dns_fail_count" to "222"
11-12 10:34:29.449 W/libc    (  500): Set property "hw.wifipro.dns_fail_count" to "223"
11-12 10:34:29.451 D/HwRTBlurUtils(31233): check blur style for HwPhoneWindow, themeResId : 0x7f0f017b, context : android.view.ContextThemeWrapper@295867e, Nhwext : 0, get Blur : disable with , null
11-12 10:34:29.451 D/HwRTBlurUtils(31233): check blur style for HwPhoneWindow, themeResId : 0x7f0f017b, context : android.view.ContextThemeWrapper@295867e, Nhwext : 0, get Blur : disable with , null
11-12 10:34:29.451 I/AppsFlyer_4.8.11(31233): reached cache limit, not caching request
11-12 10:34:29.451 I/AppsFlyer_4.8.11(31233): reached cache limit, not caching request
11-12 10:34:29.455 D/CubicBezierInterpolator(31233): CubicBezierInterpolator  mControlPoint1x = 0.23, mControlPoint1y = 0.06, mControlPoint2x = 0.09, mControlPoint2y = 0.97
11-12 10:34:29.455 D/CubicBezierInterpolator(31233): CubicBezierInterpolator  mControlPoint1x = 0.6, mControlPoint1y = 0.9, mControlPoint2x = 0.8, mControlPoint2y = 1.0
11-12 10:34:29.455 D/CubicBezierInterpolator(31233): CubicBezierInterpolator  mControlPoint1x = 0.23, mControlPoint1y = 0.06, mControlPoint2x = 0.09, mControlPoint2y = 0.97
11-12 10:34:29.455 D/CubicBezierInterpolator(31233): CubicBezierInterpolator  mControlPoint1x = 0.6, mControlPoint1y = 0.9, mControlPoint2x = 0.8, mControlPoint2y = 1.0
11-12 10:34:29.459 D/CubicBezierInterpolator(31233): CubicBezierInterpolator  mControlPoint1x = 0.23, mControlPoint1y = 0.06, mControlPoint2x = 0.09, mControlPoint2y = 0.97
11-12 10:34:29.459 D/CubicBezierInterpolator(31233): CubicBezierInterpolator  mControlPoint1x = 0.6, mControlPoint1y = 0.9, mControlPoint2x = 0.8, mControlPoint2y = 1.0
11-12 10:34:29.459 D/CubicBezierInterpolator(31233): CubicBezierInterpolator  mControlPoint1x = 0.23, mControlPoint1y = 0.06, mControlPoint2x = 0.09, mControlPoint2y = 0.97
11-12 10:34:29.459 D/CubicBezierInterpolator(31233): CubicBezierInterpolator  mControlPoint1x = 0.6, mControlPoint1y = 0.9, mControlPoint2x = 0.8, mControlPoint2y = 1.0
11-12 10:34:29.464 D/OpenGLRenderer(31233):   HWUI Binary is  enabled
11-12 10:34:29.468 I/PressGestureDetector(31233): enabledInPad = false,isPcCastMode = false
11-12 10:34:29.480 D/mali_winsys(31233): EGLint new_window_surface(egl_winsys_display *, void *, EGLSurface, EGLConfig, egl_winsys_surface **, egl_color_buffer_format *, EGLBoolean) returns 0x3000
11-12 10:34:29.480 D/OpenGLRenderer(31233):   HWUI Binary is  enabled
11-12 10:34:29.481 V/SQLiteDatabase(10573): triggerBuildingIndex(): invalid id, return.
11-12 10:34:29.493 D/WorkSource( 3002): Insert in WorkSource{} @ 0 uid 10019 name com.google.android.gms
11-12 10:34:29.623 E/Input   (31233): getAxisValue(): y-468.0--472.0--4.0
11-12 10:34:29.623 E/Input   (31233): getAxisValue(): y-468.0--472.0--4.0
11-12 10:34:29.633 I/AppsFlyer_4.8.11(31233): reached cache limit, not caching request
11-12 10:34:30.057 E/Input   (31233): getAxisValue(): y-74.0--472.0--398.0
11-12 10:34:30.057 E/Input   (31233): getAxisValue(): y-74.0--472.0--398.0
11-12 10:34:30.057 E/Input   (31233): getAxisValue(): y-74.7--472.0--397.3
11-12 10:34:30.188 E/Thermal-daemon(  622): [battery] temp_new :31  temp_old :30
11-12 10:34:30.188 E/Thermal-daemon(  622): Report temperature: [battery] temp :31  report_threshold:1
11-12 10:34:30.321 I/chatty  ( 1187): uid=1000(system) watchdog expire 1 line
11-12 10:34:30.335 W/System.err(11562): android.os.DeadObjectException
11-12 10:34:30.335 W/System.err(11562): 	at android.os.BinderProxy.transactNative(Native Method)
11-12 10:34:30.336 W/System.err(11562): 	at android.os.BinderProxy.transact(Binder.java:751)
11-12 10:34:30.336 W/System.err(11562): 	at com.cootek.business.IProcessMain$Stub$Proxy.pollingAction(IProcessMain.java:78)
11-12 10:34:30.336 W/System.err(11562): 	at com.cootek.business.daemon.BBasePollingService$1.run(BBasePollingService.java:44)
11-12 10:34:30.336 W/System.err(11562): 	at java.util.TimerThread.mainLoop(Timer.java:555)
11-12 10:34:30.336 W/System.err(11562): 	at java.util.TimerThread.run(Timer.java:505)
11-12 10:34:30.464 D/KeyEvent(31233): obtain, mHwFlags=0
11-12 10:34:30.466 D/KeyEvent(31233): obtain, mHwFlags=0
11-12 10:34:30.668 I/chatty  (12345): uid=2000(shell) com.android.commands.monkey expire 89 lines
11-12 10:34:30.669 E/Input   (31233): getAxisValue(): y-200.0--472.0--272.0
11-12 10:34:30.670 E/Input   (31233): getAxisValue(): y-200.0--472.0--272.0
11-12 10:34:30.672 E/Input   (31233): getAxisValue(): y-196.4--472.0--275.6
11-12 10:34:30.672 E/Input   (31233): getAxisValue(): y-195.7--472.0--276.3
11-12 10:34:30.898 V/AudioManager(31233): playSoundEffect   effectType: 0
11-12 10:34:30.946 V/SQLiteDatabase(10573): triggerBuildingIndex(): invalid id, return.
11-12 10:34:30.958 D/WorkSource( 3002): Insert in WorkSource{} @ 0 uid 10019 name com.google.android.gms
11-12 10:34:31.090 E/Input   (31233): getAxisValue(): y-435.0--472.0--37.0
11-12 10:34:31.090 E/Input   (31233): getAxisValue(): y-435.0--472.0--37.0
11-12 10:34:31.092 E/Input   (31233): getAxisValue(): y-433.0--472.0--39.0
11-12 10:34:31.100 I/AppsFlyer_4.8.11(31233): reached cache limit, not caching request
11-12 10:34:32.118 E/Input   (31233): getAxisValue(): y-268.0--472.0--204.0
11-12 10:34:32.118 E/Input   (31233): getAxisValue(): y-268.0--472.0--204.0
11-12 10:34:32.118 E/Input   (31233): getAxisValue(): y-260.2--472.0--211.8
11-12 10:34:32.322 E/Input   (31233): getAxisValue(): y-443.0--472.0--29.0
11-12 10:34:32.322 E/Input   (31233): getAxisValue(): y-443.0--472.0--29.0
11-12 10:34:32.324 E/Input   (31233): getAxisValue(): y-457.6--472.0--14.4
11-12 10:34:32.528 E/[HwRecSys]AppCache( 3043): getIsRportDirectService is false!
11-12 10:34:32.529 I/chatty  ( 1187): uid=1000(system) android.ui expire 33 lines
11-12 10:34:32.742 E/Input   (31233): getAxisValue(): x-21.0--27.0--6.0
11-12 10:34:32.743 E/Input   (31233): getAxisValue(): x-21.0--27.0--6.0
11-12 10:34:32.746 E/Input   (31233): getAxisValue(): x-11.8--27.0--15.2
11-12 10:34:33.319 D/KeyEvent(31233): obtain, mHwFlags=0
11-12 10:34:33.322 I/chatty  ( 1187): uid=1000(system) Binder:1187_F expire 24 lines
11-12 10:34:33.325 I/chatty  ( 1187): uid=1000 system_server expire 15 lines
11-12 10:34:33.327 I/chatty  ( 2017): uid=10027(u0_a27) VolumeDialogCon expire 10 lines
11-12 10:34:33.331 D/KeyEvent(31233): obtain, mHwFlags=0
11-12 10:34:33.335 W/System.err(11562): android.os.DeadObjectException
11-12 10:34:33.335 W/System.err(11562): 	at android.os.BinderProxy.transactNative(Native Method)
11-12 10:34:33.335 W/System.err(11562): 	at android.os.BinderProxy.transact(Binder.java:751)
11-12 10:34:33.335 W/System.err(11562): 	at com.cootek.business.IProcessMain$Stub$Proxy.pollingAction(IProcessMain.java:78)
11-12 10:34:33.335 W/System.err(11562): 	at com.cootek.business.daemon.BBasePollingService$1.run(BBasePollingService.java:44)
11-12 10:34:33.335 W/System.err(11562): 	at java.util.TimerThread.mainLoop(Timer.java:555)
11-12 10:34:33.335 W/System.err(11562): 	at java.util.TimerThread.run(Timer.java:505)
11-12 10:34:33.337 I/chatty  ( 2017): uid=10027(u0_a27) com.android.systemui expire 29 lines
11-12 10:34:33.342 I/chatty  ( 2017): uid=10027(u0_a27) RenderThread expire 16 lines
11-12 10:34:33.420 I/chatty  (  514): uid=1000(system) allocator@2.0-s expire 31 lines
11-12 10:34:33.544 V/AudioManager(31233): playSoundEffect   effectType: 0
11-12 10:34:33.559 W/libEGL  (31233): EGLNativeWindowType 0xc0057808 disconnect failed
11-12 10:34:33.560 I/Pged-IPgedBinderService(  627): ****action is 1, pid num is 2***
11-12 10:34:33.560 I/Pged-Freezer(  627): freezePids
11-12 10:34:33.560 I/Pged-Freezer(  627): Freeze process: 9372
11-12 10:34:33.578 V/InputMethodManager(31233): Reporting focus gain, without startInput
11-12 10:34:33.597 V/SQLiteDatabase(10573): triggerBuildingIndex(): invalid id, return.
11-12 10:34:33.613 D/WorkSource( 3002): Insert in WorkSource{} @ 0 uid 10019 name com.google.android.gms
11-12 10:34:33.613 V/SQLiteDatabase(10573): triggerBuildingIndex(): invalid id, return.
11-12 10:34:33.626 D/WorkSource( 3002): Insert in WorkSource{} @ 0 uid 10019 name com.google.android.gms
11-12 10:34:33.736 I/chatty  ( 1187): uid=1000(system) Binder:1187_14 expire 10 lines
11-12 10:34:33.737 I/chatty  ( 1187): uid=1000(system) InputDispatcher expire 128 lines
11-12 10:34:33.740 I/chatty  ( 1187): uid=1000(system) android.ui expire 118 lines
11-12 10:34:33.740 D/KeyEvent(31233): obtain, mHwFlags=10
11-12 10:34:33.741 D/KeyEvent( 6125): obtain, mHwFlags=0
11-12 10:34:33.743 D/KeyEvent(31233): obtain, mHwFlags=10
11-12 10:34:33.743 D/KeyEvent( 6125): obtain, mHwFlags=0
11-12 10:34:33.751 W/libc    (  500): Set property "hw.wifipro.dns_fail_count" to "224"
11-12 10:34:33.753 I/AppsFlyer_4.8.11(31233): reached cache limit, not caching request
11-12 10:34:33.763 I/AppsFlyer_4.8.11(31233): reached cache limit, not caching request
11-12 10:34:33.945 I/chatty  ( 2017): uid=10027(u0_a27) KG_Background_H expire 12 lines
11-12 10:34:34.790 V/AudioManager(31233): playSoundEffect   effectType: 0
11-12 10:34:34.819 V/SQLiteDatabase(10573): triggerBuildingIndex(): invalid id, return.
11-12 10:34:34.825 I/chatty  ( 1187): uid=1000(system) Binder:1187_1B expire 15 lines
11-12 10:34:34.830 D/WorkSource( 3002): Insert in WorkSource{} @ 0 uid 10019 name com.google.android.gms
11-12 10:34:34.830 I/chatty  ( 1187): uid=1000(system) Binder:1187_1B expire 3 lines
11-12 10:34:34.983 I/AppsFlyer_4.8.11(31233): reached cache limit, not caching request
11-12 10:34:35.063 I/Pged-IPgedBinderService(  627): ****action is 2, pid num is 2***
11-12 10:34:35.063 I/Pged-Freezer(  627): thawPids
11-12 10:34:35.598 D/HwPhoneWindowManager( 1187): face_rotation: not enabled,use sensor real
11-12 10:34:35.598 D/HwPhoneWindowManager( 1187): face_rotation:real sensor rotation = -1
11-12 10:34:35.598 D/HwPhoneWindowManager( 1187): face_rotation: rotation = 0
11-12 10:34:35.598 I/WindowManager( 1187): Selected orientation 1, got rotation 2 which has compatible metrics
11-12 10:34:35.598 I/WindowManager( 1187): Rotation changed to 2 from 0, lastOrientation=1
11-12 10:34:35.599 I/HwAftPolicyService( 1187): call aft hidl set orientation=2
11-12 10:34:35.600 I/chatty  (  542): uid=1000(system) /vendor/bin/hw/vendor.huawei.hardware.tp@1.0-service expire 3 lines
11-12 10:34:35.600 I/aptouch_daemon, [--aptouch_interface_client--](  542): thp_get_cs, use vndbinder
11-12 10:34:35.601 I/aptouch_daemon(  552): get_cmd, =====>>find m_cmd=====>>aftouch.orientation
11-12 10:34:35.601 I/aptouch_daemon(  552): get_cmd, =====>>find m_cmd=====>>aftouch.orientation
11-12 10:34:35.601 I/aptouch_daemon(  552): aft_set_config, aft_set_config---2,2
11-12 10:34:35.601 I/aptouch_daemon(  552): thp_cmd_set_aftouch_config, aftouch_set_config: aft_cfg = 2, value = 2
11-12 10:34:35.602 I/aptouch_daemon(  552): excute_long_cmd, ========>>aftouch.orientation excute done!
11-12 10:34:35.629 I/chatty  ( 1187): uid=1000(system) InputReader expire 10 lines
11-12 10:34:35.643 D/Index   ( 2233): Deleting data for locale 'zh_CN_#Hans' took 4 millis
11-12 10:34:35.643 V/WindowManager( 1187): updateRotationUnchecked: alwaysSendConfiguration=false forceRelayout=false
11-12 10:34:35.643 I/WindowManager( 1187): rotationForOrientationLw(orient=1, last=2); user=2 USER_ROTATION_LOCKED
11-12 10:34:35.643 D/HwPhoneWindowManager( 1187): face_rotation: not enabled,use sensor real
11-12 10:34:35.643 D/HwPhoneWindowManager( 1187): face_rotation:real sensor rotation = -1
11-12 10:34:35.643 D/HwPhoneWindowManager( 1187): face_rotation: rotation = 2
11-12 10:34:35.643 I/WindowManager( 1187): Selected orientation 1, got rotation 2 which has compatible metrics
11-12 10:34:35.645 D/WindowManager( 1187): finishDrawingWindow: Window{98a2e69 u0 NavigationBar} mDrawState=DRAW_PENDING
11-12 10:34:35.646 V/SQLiteDatabase( 2233): triggerBuildingIndex(): invalid id, return.
11-12 10:34:35.649 V/SQLiteDatabase( 2233): triggerBuildingIndex(): invalid id, return.
11-12 10:34:35.651 W/libEGL  (31233): EGLNativeWindowType 0xc7e44808 disconnect failed
11-12 10:34:35.652 D/mali_winsys(31233): EGLint new_window_surface(egl_winsys_display *, void *, EGLSurface, EGLConfig, egl_winsys_surface **, egl_color_buffer_format *, EGLBoolean) returns 0x3000
11-12 10:34:35.653 D/Index   ( 2233): Indexing locale 'zh_CN_#Hans' took 10 millis
11-12 10:34:35.658 D/WindowManager( 1187): finishDrawingWindow: Window{46f62be u0 com.eyefilter.night/com.eyefilter.night.activity.MainFilterActivity} mDrawState=DRAW_PENDING
11-12 10:34:35.671 D/WindowManager( 1187): finishDrawingWindow: Window{aa37a9f u0 StatusBar} mDrawState=DRAW_PENDING
11-12 10:34:35.683 I/WindowManager( 1187): orientation change is complete, call stopFreezingDisplayLocked
11-12 10:34:35.683 I/WindowManager( 1187): Screen frozen for +85ms due to Window{aa37a9f u0 StatusBar}
11-12 10:34:35.683 I/chatty  ( 1187): uid=1000(system) android.anim expire 11 lines
11-12 10:34:35.811 V/AudioManager(31233): playSoundEffect   effectType: 0
11-12 10:34:35.855 D/ManufacturerUtil(31233): Manufactory: huawei
11-12 10:34:35.865 D/HwRTBlurUtils(31233): check blur style for HwPhoneWindow, themeResId : 0x7f0f017b, context : android.view.ContextThemeWrapper@e5d5d81, Nhwext : 0, get Blur : disable with , null
11-12 10:34:35.866 D/HwRTBlurUtils(31233): check blur style for HwPhoneWindow, themeResId : 0x7f0f017b, context : android.view.ContextThemeWrapper@e5d5d81, Nhwext : 0, get Blur : disable with , null
11-12 10:34:35.871 D/CubicBezierInterpolator(31233): CubicBezierInterpolator  mControlPoint1x = 0.23, mControlPoint1y = 0.06, mControlPoint2x = 0.09, mControlPoint2y = 0.97
11-12 10:34:35.872 D/CubicBezierInterpolator(31233): CubicBezierInterpolator  mControlPoint1x = 0.6, mControlPoint1y = 0.9, mControlPoint2x = 0.8, mControlPoint2y = 1.0
11-12 10:34:35.872 D/CubicBezierInterpolator(31233): CubicBezierInterpolator  mControlPoint1x = 0.23, mControlPoint1y = 0.06, mControlPoint2x = 0.09, mControlPoint2y = 0.97
11-12 10:34:35.872 D/CubicBezierInterpolator(31233): CubicBezierInterpolator  mControlPoint1x = 0.6, mControlPoint1y = 0.9, mControlPoint2x = 0.8, mControlPoint2y = 1.0
11-12 10:34:35.879 D/CubicBezierInterpolator(31233): CubicBezierInterpolator  mControlPoint1x = 0.23, mControlPoint1y = 0.06, mControlPoint2x = 0.09, mControlPoint2y = 0.97
11-12 10:34:35.879 D/CubicBezierInterpolator(31233): CubicBezierInterpolator  mControlPoint1x = 0.6, mControlPoint1y = 0.9, mControlPoint2x = 0.8, mControlPoint2y = 1.0
11-12 10:34:35.880 D/CubicBezierInterpolator(31233): CubicBezierInterpolator  mControlPoint1x = 0.23, mControlPoint1y = 0.06, mControlPoint2x = 0.09, mControlPoint2y = 0.97
11-12 10:34:35.880 D/CubicBezierInterpolator(31233): CubicBezierInterpolator  mControlPoint1x = 0.6, mControlPoint1y = 0.9, mControlPoint2x = 0.8, mControlPoint2y = 1.0
11-12 10:34:35.890 D/OpenGLRenderer(31233):   HWUI Binary is  enabled
11-12 10:34:35.892 V/WindowManager( 1187): Adding Window{4399d45 u0 com.eyefilter.night/com.eyefilter.night.activity.MainFilterActivity} to AppWindowToken{a39ce6 token=Token{441af41 ActivityRecord{a3b7628 u0 com.eyefilter.night/.activity.MainFilterActivity t48}}}
11-12 10:34:35.894 V/WindowManager( 1187): addWindow: New client android.os.BinderProxy@76e09bc: window=Window{4399d45 u0 com.eyefilter.night/com.eyefilter.night.activity.MainFilterActivity} Callers=com.android.server.wm.HwWindowManagerService.addWindow:574 com.android.server.wm.Session.addToDisplay:199 android.view.IWindowSession$Stub.onTransact:124 com.android.server.wm.Session.onTransact:161 android.os.Binder.execTransact:675 
11-12 10:34:35.897 I/PressGestureDetector(31233): enabledInPad = false,isPcCastMode = false
11-12 10:34:35.919 W/WindowManager( 1187): EGLdebug Created surface WindowStateAnimator{2d12c9a com.eyefilter.night/com.eyefilter.night.activity.MainFilterActivity}
11-12 10:34:35.929 D/mali_winsys(31233): EGLint new_window_surface(egl_winsys_display *, void *, EGLSurface, EGLConfig, egl_winsys_surface **, egl_color_buffer_format *, EGLBoolean) returns 0x3000
11-12 10:34:35.929 D/OpenGLRenderer(31233):   HWUI Binary is  enabled
11-12 10:34:35.942 V/SQLiteDatabase(10573): triggerBuildingIndex(): invalid id, return.
11-12 10:34:35.948 D/WindowManager( 1187): finishDrawingWindow: Window{4399d45 u0 com.eyefilter.night/com.eyefilter.night.activity.MainFilterActivity} mDrawState=DRAW_PENDING
11-12 10:34:35.954 I/WindowManager( 1187): rotationForOrientationLw(orient=1, last=2); user=2 USER_ROTATION_LOCKED
11-12 10:34:35.954 D/HwPhoneWindowManager( 1187): face_rotation: not enabled,use sensor real
11-12 10:34:35.954 D/HwPhoneWindowManager( 1187): face_rotation:real sensor rotation = -1
11-12 10:34:35.954 D/HwPhoneWindowManager( 1187): face_rotation: rotation = 2
11-12 10:34:35.954 I/WindowManager( 1187): Selected orientation 1, got rotation 2 which has compatible metrics
11-12 10:34:35.958 V/BroadcastQueue( 1187): Finished with ordered broadcast BroadcastRecord{7c319cb u0 com.google.android.gms.gcm.ACTION_SCHEDULE}
11-12 10:34:35.963 I/chatty  ( 1187): uid=1000(system) Binder:1187_1A expire 13 lines
11-12 10:34:35.964 D/WindowManager( 1187): finishDrawingWindow: Window{4399d45 u0 com.eyefilter.night/com.eyefilter.night.activity.MainFilterActivity} mDrawState=HAS_DRAWN
11-12 10:34:35.970 D/WorkSource( 3002): Insert in WorkSource{} @ 0 uid 10019 name com.google.android.gms
11-12 10:34:35.971 W/HwAlarmManagerService( 1187): isContainsAppUidInWorksource-->happend NameNotFoundException
11-12 10:34:36.004 E/Input   (31233): getAxisValue(): y-373.0--472.0--99.0
11-12 10:34:36.004 I/chatty  (31233): uid=10125(u0_a125) com.eyefilter.night identical 161 lines
11-12 10:34:36.132 W/libc    (  500): Set property "hw.wifipro.dns_fail_count" to "225"
11-12 10:34:36.337 I/chatty  (11562): uid=10125(u0_a125) Timer-0 expire 42 lines
11-12 10:34:36.424 D/HwGameAssistantController( 1187): Keycontrol mode is 2 for user 0
11-12 10:34:36.433 D/HwGameAssistantController( 1187): Keycontrol mode is 2 for user 0
11-12 10:34:36.707 I/ActivityManager( 1187): START u0 {act=android.intent.action.MAIN cat=[android.intent.category.LAUNCHER] flg=0x10000000 pkg=com.huawei.systemmanager cmp=com.huawei.systemmanager/.mainscreen.MainScreenActivity} from uid 10125
11-12 10:34:36.718 I/chatty  ( 2153): uid=1000(system) Binder:2153_1 expire 12 lines
11-12 10:34:36.748 V/SQLiteDatabase(10573): triggerBuildingIndex(): invalid id, return.
11-12 10:34:36.756 V/BroadcastQueue( 1187): Finished with ordered broadcast BroadcastRecord{81b2ffd u0 com.google.android.gms.gcm.ACTION_SCHEDULE}
11-12 10:34:36.762 D/WorkSource( 3002): Insert in WorkSource{} @ 0 uid 10019 name com.google.android.gms
11-12 10:34:36.762 W/HwAlarmManagerService( 1187): isContainsAppUidInWorksource-->happend NameNotFoundException
11-12 10:34:36.876 I/chatty  ( 2153): uid=1000(system) core expire 35 lines
11-12 10:34:37.092 V/WindowManager( 1187): updateRotationUnchecked: alwaysSendConfiguration=false forceRelayout=false
11-12 10:34:37.092 I/WindowManager( 1187): rotationForOrientationLw(orient=1, last=2); user=2 USER_ROTATION_LOCKED
11-12 10:34:37.092 D/HwPhoneWindowManager( 1187): face_rotation: not enabled,use sensor real
11-12 10:34:37.092 D/HwPhoneWindowManager( 1187): face_rotation:real sensor rotation = -1
11-12 10:34:37.092 D/HwPhoneWindowManager( 1187): face_rotation: rotation = 2
11-12 10:34:37.092 I/WindowManager( 1187): Selected orientation 1, got rotation 2 which has compatible metrics
11-12 10:34:37.511 I/ActivityManager( 1187): START u0 {act=android.intent.action.MAIN cat=[android.intent.category.LAUNCHER] flg=0x10000000 cmp=com.huawei.systemmanager/.optimize.process.ProtectActivity} from uid 10125
11-12 10:34:37.523 V/WindowManager( 1187): removeIfPossible: Window{4399d45 u0 com.eyefilter.night/com.eyefilter.night.activity.MainFilterActivity} callers=com.android.server.wm.WindowState.removeIfPossible:1914 com.android.server.wm.WindowManagerService.removeWindow:2031 com.android.server.wm.Session.remove:218 android.view.IWindowSession$Stub.onTransact:242 com.android.server.wm.Session.onTransact:161 
11-12 10:34:37.524 V/WindowManager( 1187): Not removing Window{4399d45 u0 com.eyefilter.night/com.eyefilter.night.activity.MainFilterActivity EXITING} due to exit animation 
11-12 10:34:37.549 V/SQLiteDatabase(10573): triggerBuildingIndex(): invalid id, return.
11-12 10:34:37.558 V/BroadcastQueue( 1187): Finished with ordered broadcast BroadcastRecord{64bc49f u0 com.google.android.gms.gcm.ACTION_SCHEDULE}
11-12 10:34:37.564 D/WorkSource( 3002): Insert in WorkSource{} @ 0 uid 10019 name com.google.android.gms
11-12 10:34:37.564 W/HwAlarmManagerService( 1187): isContainsAppUidInWorksource-->happend NameNotFoundException
11-12 10:34:37.577 V/SQLiteDatabase(10573): triggerBuildingIndex(): invalid id, return.
11-12 10:34:37.583 V/BroadcastQueue( 1187): Finished with ordered broadcast BroadcastRecord{9df04a u0 com.google.android.gms.gcm.ACTION_SCHEDULE}
11-12 10:34:37.588 D/WorkSource( 3002): Insert in WorkSource{} @ 0 uid 10019 name com.google.android.gms
11-12 10:34:37.588 W/HwAlarmManagerService( 1187): isContainsAppUidInWorksource-->happend NameNotFoundException
11-12 10:34:37.737 V/WindowManager( 1187): Exit animation finished in Window{4399d45 u0 com.eyefilter.night/com.eyefilter.night.activity.MainFilterActivity EXITING}: remove=true
11-12 10:34:37.737 E/WindowManager( 1187): win=Window{4399d45 u0 com.eyefilter.night/com.eyefilter.night.activity.MainFilterActivity EXITING} destroySurfaces: appStopped=false win.mWindowRemovalAllowed=true win.mRemoveOnExit=true
11-12 10:34:37.738 I/WindowManager( 1187): Destroying surface Surface(name=com.eyefilter.night/com.eyefilter.night.activity.MainFilterActivity) called by com.android.server.wm.WindowStateAnimator.destroySurface:2072 com.android.server.wm.WindowStateAnimator.destroySurfaceLocked:884 com.android.server.wm.HwWindowStateAnimator.destroySurfaceLocked:1006 com.android.server.wm.WindowState.destroyOrSaveSurfaceUnchecked:2998 com.android.server.wm.WindowState.destroySurface:2951 com.android.server.wm.AppWindowToken.destroySurfaces:664 com.android.server.wm.AppWindowToken.destroySurfaces:648 com.android.server.wm.WindowState.onExitAnimationDone:4424 
11-12 10:34:37.738 V/WindowManager( 1187): postWindowRemoveCleanupLocked: Window{4399d45 u0 com.eyefilter.night/com.eyefilter.night.activity.MainFilterActivity}
11-12 10:34:37.738 V/WindowManager( 1187): Removing Window{4399d45 u0 com.eyefilter.night/com.eyefilter.night.activity.MainFilterActivity} from AppWindowToken{a39ce6 token=Token{441af41 ActivityRecord{a3b7628 u0 com.eyefilter.night/.activity.MainFilterActivity t48}}}
11-12 10:34:38.118 D/HwGameAssistantController( 1187): Keycontrol mode is 2 for user 0
11-12 10:34:38.119 D/KeyEvent( 6125): obtain, mHwFlags=0
11-12 10:34:38.120 D/HwGameAssistantController( 1187): Keycontrol mode is 2 for user 0
11-12 10:34:38.123 D/KeyEvent( 6125): obtain, mHwFlags=0
11-12 10:34:38.348 I/chatty  ( 2017): uid=10027(u0_a27) Binder:2017_5 expire 2 lines
11-12 10:34:38.350 I/chatty  ( 2017): uid=10027(u0_a27) com.android.systemui expire 2 lines
11-12 10:34:38.351 D/NuPlayerDriver(  619): stop(0xe991d230)
11-12 10:34:38.351 D/NuPlayerDriver(  619): notifyListener_l(0xe991d230), (8, 0, 0, -1), loop setting(0, 0)
11-12 10:34:38.351 I/MediaPlayer( 2017): [HSM] stayAwake false uid: 10027, pid: 2017
11-12 10:34:38.352 W/MediaProcessHandler( 1881): remove target not exist, maybe the UI process: uid: 10027, pid: 2017
11-12 10:34:38.352 I/MediaProcessHandler( 1881): executedCallBack opType: 1 mMediaStatusObservers.size=0
11-12 10:34:38.352 I/FloatNotificationManager( 2017): removeNotification: key =0|com.eyefilter.night|4321|null|10125;mKey=null
11-12 10:34:38.352 W/MessageQueue( 2017): Handler (android.media.MediaPlayer$EventHandler) {4f1d473} sending message to a Handler on a dead thread
11-12 10:34:38.352 W/MessageQueue( 2017): java.lang.IllegalStateException: Handler (android.media.MediaPlayer$EventHandler) {4f1d473} sending message to a Handler on a dead thread
11-12 10:34:38.352 W/MessageQueue( 2017): 	at android.os.MessageQueue.enqueueMessage(MessageQueue.java:639)
11-12 10:34:38.352 W/MessageQueue( 2017): 	at android.os.Handler.enqueueMessage(Handler.java:680)
11-12 10:34:38.352 W/MessageQueue( 2017): 	at android.os.Handler.sendMessageAtTime(Handler.java:649)
11-12 10:34:38.352 W/MessageQueue( 2017): 	at android.os.Handler.sendMessageDelayed(Handler.java:619)
11-12 10:34:38.352 W/MessageQueue( 2017): 	at android.os.Handler.sendMessage(Handler.java:544)
11-12 10:34:38.352 W/MessageQueue( 2017): 	at android.media.MediaPlayer.postEventFromNative(MediaPlayer.java:3536)
11-12 10:34:38.352 V/MediaPlayer( 2017): resetDrmState:  mDrmInfo=null mDrmProvisioningThread=null mPrepareDrmInProgress=false mActiveDrmScheme=false
11-12 10:34:38.352 V/MediaPlayer( 2017): cleanDrmObj: mDrmObj=null mDrmSessionId=null
11-12 10:34:38.352 I/PhoneStatusBar( 2017): updateNotificationShade: total=2, active=2
11-12 10:34:38.352 W/PhoneStatusBar( 2017): updateNotificationShade hasFaceDT: false; Detected:false
11-12 10:34:38.352 D/NuPlayerDriver(  619): reset(0xe991d230) at state 8
11-12 10:34:38.352 D/NuPlayer(  619): NuPlayer::resetAsync()
11-12 10:34:38.352 V/GenericSource(  619): GenericSource::disconnect begin
11-12 10:34:38.352 V/GenericSource(  619): GenericSource::disconnect end
11-12 10:34:38.352 D/NuPlayer(  619): NuPlayer::resetAsync() post kWhatReset
11-12 10:34:38.353 V/NuPlayer(  619): kWhatReset
11-12 10:34:38.353 V/NuPlayer(  619): performDecoderFlush audio=2, video=2
11-12 10:34:38.353 V/NuPlayer(  619): [audio] flushDecoder needShutdown=1
11-12 10:34:38.353 V/NuPlayer(  619): postponing action mFlushingAudio=2, mFlushingVideo=0
11-12 10:34:38.353 V/NuPlayer(  619): renderer audio flush completed.
11-12 10:34:38.353 V/NuPlayer(  619): decoder audio flush completed
11-12 10:34:38.353 V/NuPlayer(  619): initiating audio decoder shutdown
11-12 10:34:38.353 W/ACodec  (  619): forcing OMX state to Idle when received shutdown in ExecutingState
11-12 10:34:38.354 W/SimpleSoftOMXComponent(  625): onChangeState mState= 3, mTargetState = 3, state = 2
11-12 10:34:38.354 W/SimpleSoftOMXComponent(  625): onChangeState mState= 2, mTargetState = 2, state = 1
11-12 10:34:38.354 W/SimpleSoftOMXComponent(  625): checkTransitions port buf count is not zero
11-12 10:34:38.354 W/SimpleSoftOMXComponent(  625): checkTransitions port buf count is not zero
11-12 10:34:38.354 W/SimpleSoftOMXComponent(  625): checkTransitions port buf count is not zero
11-12 10:34:38.354 W/SimpleSoftOMXComponent(  625): checkTransitions port buf count is not zero
11-12 10:34:38.354 W/SimpleSoftOMXComponent(  625): checkTransitions port buf count is not zero
11-12 10:34:38.355 W/SimpleSoftOMXComponent(  625): checkTransitions port buf count is not zero
11-12 10:34:38.355 W/SimpleSoftOMXComponent(  625): checkTransitions port buf count is not zero
11-12 10:34:38.355 W/SimpleSoftOMXComponent(  625): checkTransitions port buf count is not zero
11-12 10:34:38.355 W/SimpleSoftOMXComponent(  625): checkTransitions mState = 2, mTargetState = 1
11-12 10:34:38.358 V/NuPlayer(  619): audio shutdown completed
11-12 10:34:38.358 V/NuPlayer(  619): both audio and video are flushed now.
11-12 10:34:38.358 D/NuPlayer(  619): closeAudioSink
11-12 10:34:38.358 V/SQLiteDatabase(10573): triggerBuildingIndex(): invalid id, return.
11-12 10:34:38.358 D/AudioFlinger(  607): event 163 
11-12 10:34:38.358 I/AudioMixer(  607): Pid:607 deleteTrackName(1)
11-12 10:34:38.359 V/APM_AudioPolicyManager(  607): releaseOutput() 13
11-12 10:34:38.359 D/NuPlayer(  619): performReset
11-12 10:34:38.359 I/NuPlayerRenderer(  619): This video has played 0 frames
11-12 10:34:38.359 V/GenericSource(  619): ~GenericSource
11-12 10:34:38.359 V/GenericSource(  619): resetDataSource
11-12 10:34:38.359 D/NuPlayerDriver(  619): notifyResetComplete(0xe991d230)
11-12 10:34:38.360 I/MediaPlayerNative( 2017): Pid:2017 MediaPlayer destructor
11-12 10:34:38.360 D/AudioFlinger(  607): event 163 
11-12 10:34:38.360 W/HwKeyguardDragHelper( 2017): AnimationBlocked
11-12 10:34:38.360 I/RingtonePlayer( 2017): releaseWakeLock.
11-12 10:34:38.368 V/BroadcastQueue( 1187): Finished with ordered broadcast BroadcastRecord{6b83733 u0 com.google.android.gms.gcm.ACTION_SCHEDULE}
11-12 10:34:38.373 D/WorkSource( 3002): Insert in WorkSource{} @ 0 uid 10019 name com.google.android.gms
11-12 10:34:38.373 W/HwAlarmManagerService( 1187): isContainsAppUidInWorksource-->happend NameNotFoundException
11-12 10:34:38.539 W/libc    (  500): Set property "hw.wifipro.dns_fail_count" to "226"
11-12 10:34:38.545 D/KeyEvent( 6125): obtain, mHwFlags=0
11-12 10:34:38.545 I/chatty  ( 6125): uid=10054(u0_a54) com.baidu.input_huawei identical 12 lines
11-12 10:34:38.545 D/KeyEvent( 6125): obtain, mHwFlags=0
11-12 10:34:38.560 D/HwInputMethodManagerService( 1187): ------------startInput--------------
11-12 10:34:38.560 D/HwInputMethodManagerService( 1187): hideSecSoftInput = false
11-12 10:34:38.562 I/wangchen( 6125): SysInfo.getSysParam: orientation=1||config d=3.0,w=1080,h=1808||metrics d=3.0,w=1080,h=1808||sdk=26,bar_h=72
11-12 10:34:38.563 I/KeymapLoader( 6125): w=1080 h=1808 ori=true appScale=3.3 s1=3.0
11-12 10:34:38.566 V/SQLiteDatabase(10573): triggerBuildingIndex(): invalid id, return.
11-12 10:34:38.573 V/BroadcastQueue( 1187): Finished with ordered broadcast BroadcastRecord{8bafffa u0 com.google.android.gms.gcm.ACTION_SCHEDULE}
11-12 10:34:38.578 D/WorkSource( 3002): Insert in WorkSource{} @ 0 uid 10019 name com.google.android.gms
11-12 10:34:38.578 W/HwAlarmManagerService( 1187): isContainsAppUidInWorksource-->happend NameNotFoundException
11-12 10:34:38.767 V/SQLiteDatabase(10573): triggerBuildingIndex(): invalid id, return.
11-12 10:34:38.775 V/BroadcastQueue( 1187): Finished with ordered broadcast BroadcastRecord{5d80cb4 u0 com.google.android.gms.gcm.ACTION_SCHEDULE}
11-12 10:34:38.781 D/WorkSource( 3002): Insert in WorkSource{} @ 0 uid 10019 name com.google.android.gms
11-12 10:34:38.781 W/HwAlarmManagerService( 1187): isContainsAppUidInWorksource-->happend NameNotFoundException
11-12 10:34:38.975 I/chatty  ( 1187): uid=1000(system) ActivityManager expire 4 lines
11-12 10:34:38.977 V/HwNotificationManagerService( 1187): isHwSoundAllow pkg=com.eyefilter.night, channelId=BlueFilter_Update, userId=0, cfg=3
11-12 10:34:38.977 V/SQLiteDatabase(10573): triggerBuildingIndex(): invalid id, return.
11-12 10:34:38.977 I/RingtonePlayer( 2017): playAsync(uri=content://settings/system/notification_sound, user=UserHandle{0})
11-12 10:34:38.978 I/RingtonePlayer( 2017): acquireWakeLock. held : false
11-12 10:34:38.979 D/AudioFlinger(  607): event 162 
11-12 10:34:38.981 D/AudioFlinger(  607): event 162 
11-12 10:34:38.982 W/MediaStore( 2017): IllegalArgumentException when getDataColumn
11-12 10:34:38.983 I/MediaPlayerNative( 2017): setDataSource(150, 0, 576460752303423487)
11-12 10:34:38.983 D/HwCust  ( 2017): Create obj success use class com.android.systemui.statusbar.notification.HwCustNotificationInflaterImpl
11-12 10:34:38.983 I/MediaPlayerService(  619): MediaPlayerService::Client::setDataSource local file://?FileDescriptor=23&Offset=0&Length=21315&Path=/data/system_de/0/ringtones
11-12 10:34:38.983 D/NuPlayer(  619): hw fadein is disabled!
11-12 10:34:38.983 D/NuPlayerDriver(  619): NuPlayerDriver(0xe991d1c0) created, clientPid(2017)
11-12 10:34:38.984 D/NuPlayer(  619): hw fadein is disabled!
11-12 10:34:38.984 I/FakeShadowView( 2017): radius18
11-12 10:34:38.985 W//system/bin/hwservicemanager(  423): Cannot open /odm/manifest.xml
11-12 10:34:38.987 V/GenericSource(  619): GenericSource
11-12 10:34:38.987 V/NuPlayer(  619): kWhatSetAudioSink
11-12 10:34:38.987 V/GenericSource(  619): BufferingMonitor::getDefaultBufferingSettings{initialMode(1), rebufferingMode(3), initialMarks(5000 ms, -1 KB), rebufferingMarks(2000, 15000)ms, (40, 200)KB}
11-12 10:34:38.987 V/GenericSource(  619): resetDataSource
11-12 10:34:38.988 V/NuPlayer(  619): setDataSourceAsync fd 23/0/21315 source: 0xe9948300
11-12 10:34:38.988 V/GenericSource(  619): setDataSource 23/0/21315
11-12 10:34:38.988 V/GenericSource(  619): resetDataSource
11-12 10:34:38.988 V/NuPlayer(  619): kWhatSetDataSource
11-12 10:34:38.988 V/NuPlayer(  619): kWhatGetDefaultBufferingSettings
11-12 10:34:38.988 V/GenericSource(  619): BufferingMonitor::getDefaultBufferingSettings{initialMode(1), rebufferingMode(3), initialMarks(5000 ms, -1 KB), rebufferingMarks(2000, 15000)ms, (40, 200)KB}
11-12 10:34:38.989 V/BroadcastQueue( 1187): Finished with ordered broadcast BroadcastRecord{5d35baa u0 com.google.android.gms.gcm.ACTION_SCHEDULE}
11-12 10:34:38.989 V/NuPlayer(  619): prepareAsync
11-12 10:34:38.990 V/NuPlayer(  619): onMessageReceived kWhatPrepare
11-12 10:34:38.990 V/GenericSource(  619): prepareAsync: (looper: 0)
11-12 10:34:38.990 V/GenericSource(  619): onPrepareAsync: mDataSource: 0
11-12 10:34:38.991 W/HwPhoneLayoutInflater( 2017): onCreateView : ClassNotFoundException, In this case we want to let the base class take a crack at it
11-12 10:34:38.992 W/HwPhoneLayoutInflater( 2017): onCreateView : ClassNotFoundException, In this case we want to let the base class take a crack at it
11-12 10:34:38.993 W/ResourceType( 2017): Failure getting entry for 0x01040255 (t=3 e=597) (error -75)
11-12 10:34:38.996 W/HwPhoneLayoutInflater( 2017): onCreateView : ClassNotFoundException, In this case we want to let the base class take a crack at it
11-12 10:34:38.996 W/HwPhoneLayoutInflater( 2017): onCreateView : ClassNotFoundException, In this case we want to let the base class take a crack at it
11-12 10:34:38.997 D/WorkSource( 3002): Insert in WorkSource{} @ 0 uid 10019 name com.google.android.gms
11-12 10:34:38.997 W/HwAlarmManagerService( 1187): isContainsAppUidInWorksource-->happend NameNotFoundException
11-12 10:34:38.998 W/HwPhoneLayoutInflater( 2017): onCreateView : ClassNotFoundException, In this case we want to let the base class take a crack at it
11-12 10:34:38.998 W/HwPhoneLayoutInflater( 2017): onCreateView : ClassNotFoundException, In this case we want to let the base class take a crack at it
11-12 10:34:38.998 W/ResourceType( 2017): Failure getting entry for 0x01040255 (t=3 e=597) (error -75)
11-12 10:34:38.998 D/GenericSource(  619): FileSource remote
11-12 10:34:38.999 V/GenericSource(  619): IDataSource(FileSource): 0xe990c8c0 24 0 21315
11-12 10:34:39.000 I/MediaExtractor(  619): Create (null)
11-12 10:34:39.001 V/HwExtendedExtractor(  616): HwExtendedExtractor::Sniff   in...
11-12 10:34:39.001 V/HwExtendedExtractor(  616): HwExtendedExtractor::Sniff   out...
