11-19 16:44:12.075 D/WorkSource(15561): Insert in WorkSource{} @ 0 uid 10019 name com.google.android.gms
11-19 16:44:12.077 D/HwCust  (22290): Create obj success use class android.app.HwCustActivityImpl
11-19 16:44:12.077 D/HwCust  (22290): Create obj success use class android.app.HwCustHwWallpaperManagerImpl
11-19 16:44:12.078 V/ActivityThread(22290): ActivityThread,callActivityOnCreate
11-19 16:44:12.078 V/SQLiteDatabase(15636): triggerBuildingIndex(): invalid id, return.
11-19 16:44:12.081 D/HwRTBlurUtils(22290): check blur style for HwPhoneWindow, themeResId : 0x7f0f00c4, context : cn.cootek.colibrow.incomingcall.activity.CallDetailActivity@98210d0, Nhwext : 0, get Blur : disable with , null
11-19 16:44:12.081 D/HwRTBlurUtils(22290): check blur style for HwPhoneWindow, themeResId : 0x7f0f00c4, context : cn.cootek.colibrow.incomingcall.activity.CallDetailActivity@98210d0, Nhwext : 0, get Blur : disable with , null
11-19 16:44:12.096 E/NetworkScheduler(15561): Invalid component specified.
11-19 16:44:12.099 D/WorkSource(15561): Insert in WorkSource{} @ 0 uid 10019 name com.google.android.gms
11-19 16:44:12.104 D/ActivityThread(22290): add activity client record, r= ActivityRecord{37328e7 token=android.os.BinderProxy@8873893 {com.color.phone.flash.caller.screen/cn.cootek.colibrow.incomingcall.activity.CallDetailActivity}} token= android.os.BinderProxy@8873893
11-19 16:44:12.108 D/OpenGLRenderer(22290):   HWUI Binary is  enabled
11-19 16:44:12.119 I/PressGestureDetector(22290): enabledInPad = false,isPcCastMode = false
11-19 16:44:12.121 V/SQLiteDatabase(15636): triggerBuildingIndex(): invalid id, return.
11-19 16:44:12.127 I/CommandQueue( 1610): updateBarBgColor
11-19 16:44:12.127 D/CommandQueue( 1610): CommandQueue, setBarBackgroundColor
11-19 16:44:12.128 D/TintManager( 1610): statusBarIconTint=#99FFFFFF,navigationBarIconTint=#FF000000
11-19 16:44:12.133 D/mali_winsys(22290): EGLint new_window_surface(egl_winsys_display *, void *, EGLSurface, EGLConfig, egl_winsys_surface **, egl_color_buffer_format *, EGLBoolean) returns 0x3000
11-19 16:44:12.134 E/NetworkScheduler(15561): Invalid component specified.
11-19 16:44:12.135 D/OpenGLRenderer(22290):   HWUI Binary is  enabled
11-19 16:44:12.145 D/WorkSource(15561): Insert in WorkSource{} @ 0 uid 10019 name com.google.android.gms
11-19 16:44:12.147 W/InputMethodManager(22290): startInputReason = 1
11-19 16:44:12.154 D/BarTransitions.HwPhoneStatusBarView( 1610): MODE_TRANSPARENT -> MODE_TRANSLUCENT animate=false
11-19 16:44:12.154 D/BarTransitions.HwPhoneStatusBarView( 1610): applyModeBackground oldMode=MODE_TRANSPARENT newMode=MODE_TRANSLUCENT animate=false
11-19 16:44:12.154 I/wangchen( 5537): SysInfo.getSysParam: orientation=1||config d=3.0,w=1080,h=1808||metrics d=3.0,w=1080,h=1808||sdk=26,bar_h=72
11-19 16:44:12.154 I/KeymapLoader( 5537): w=1080 h=1808 ori=true appScale=3.3 s1=3.0
11-19 16:44:12.154 D/BarTransitions.HwNavigationBarView( 1610): MODE_TRANSPARENT -> MODE_TRANSLUCENT animate=false
11-19 16:44:12.154 D/BarTransitions.HwNavigationBarView( 1610): applyModeBackground oldMode=MODE_TRANSPARENT newMode=MODE_TRANSLUCENT animate=false
11-19 16:44:12.168 D/HwRecentsLockUtils( 1610): Search
11-19 16:44:12.168 E/HsmCoreServiceImpl( 1761): onTransact in code is: 103
11-19 16:44:12.168 I/MediaProcessHandler( 1761): playingUids: 
11-19 16:44:12.170 I/AppManager( 1776): dependence has been existed:22290 -> 15636
11-19 16:44:12.172 W/SystemServicesProxy( 1610): getThumbnail taskId 151getTaskSnapshot new null
11-19 16:44:12.176 W/libEGL  (22290): EGLNativeWindowType 0x7a3b3e7010 disconnect failed
11-19 16:44:12.205 I/Monkey  (23863): :Sending Touch (ACTION_DOWN): 0:(635.0,750.0)
11-19 16:44:12.210 I/Monkey  (23863): :Sending Touch (ACTION_UP): 0:(741.8814,754.8795)
11-19 16:44:12.222 V/AudioManager(22290): playSoundEffect   effectType: 0
11-19 16:44:12.412 I/Monkey  (23863): :Sending Touch (ACTION_DOWN): 0:(629.0,1769.0)
11-19 16:44:12.415 I/Monkey  (23863): :Sending Touch (ACTION_UP): 0:(650.42505,1752.2836)
11-19 16:44:12.436 V/AudioManager(22290): playSoundEffect   effectType: 0
11-19 16:44:12.616 E/Input   (23863): getAxisValue(): x--1.0-0.0--1.0
11-19 16:44:12.616 E/Input   (23863): getAxisValue(): y--1.0-0.0--1.0
11-19 16:44:12.616 I/Monkey  (23863): :Sending Trackball (ACTION_MOVE): 0:(-1.0,-1.0)
11-19 16:44:12.618 E/WifiHAL (  562): enter wifi_get_link_stats
11-19 16:44:12.623 E/wificond(  635): Failed to get NL80211_STA_INFO_CNAHLOAD
11-19 16:44:12.633 I/Monkey  (23863): :Sending Trackball (ACTION_UP): 0:(0.0,0.0)
11-19 16:44:12.638 E/Input   (22290): getAxisValue(): y--2.0-0.0--2.0
11-19 16:44:12.638 E/Input   (22290): getAxisValue(): x--2.0-0.0--2.0
11-19 16:44:12.639 D/KeyEvent( 5537): obtain, mHwFlags=0
11-19 16:44:12.640 D/KeyEvent( 5537): obtain, mHwFlags=0
11-19 16:44:12.642 V/AudioManager(22290): playSoundEffect   effectType: 2
11-19 16:44:12.643 D/KeyEvent( 5537): obtain, mHwFlags=0
11-19 16:44:12.651 V/AudioManager(22290): playSoundEffect   effectType: 0
11-19 16:44:12.671 D/HwRTBlurUtils(22290): check blur style for HwToast-Toast, themeResId : 0x0103013f, context : com.color.phone.flash.caller.screen.app.MainApplication@7e0b44, Nhwext : 6, get Blur : disable with , android.graphics.drawable.NinePatchDrawable@382e324
11-19 16:44:12.692 W/InputMethodManager(22290): startInputReason = 4
11-19 16:44:12.699 I/wangchen( 5537): SysInfo.getSysParam: orientation=1||config d=3.0,w=1080,h=1808||metrics d=3.0,w=1080,h=1808||sdk=26,bar_h=72
11-19 16:44:12.699 I/KeymapLoader( 5537): w=1080 h=1808 ori=true appScale=3.3 s1=3.0
11-19 16:44:12.711 E/IncomingCallSettings(22290):  url = ime.cdn.service.cootek.com
11-19 16:44:12.743 V/SQLiteDatabase(15636): triggerBuildingIndex(): invalid id, return.
11-19 16:44:12.759 E/IncomingCallSettings(22290):  url = ime.cdn.service.cootek.com
11-19 16:44:12.786 E/NetworkScheduler(15561): Invalid component specified.
11-19 16:44:12.806 D/WorkSource(15561): Insert in WorkSource{} @ 0 uid 10019 name com.google.android.gms
11-19 16:44:12.819 V/SQLiteDatabase(15636): triggerBuildingIndex(): invalid id, return.
11-19 16:44:12.835 I/AppManager( 1776): dependence has been existed:22290 -> 15636
11-19 16:44:12.835 I/Monkey  (23863): :Sending rotation degree=2, persist=true
11-19 16:44:12.841 I/EventCenter( 1610): ContentChange for slot: 1
11-19 16:44:12.841 I/EventCenter( 1610): ContentChange for slot: 1
11-19 16:44:12.858 D/StatusBarIconController( 1610): setIconVisibility icon is null or visibility not change visibility=false
11-19 16:44:12.866 E/[HwRecSys]AppCache( 2782): getIsRportDirectService is false!
11-19 16:44:12.867 I/AppManager( 1776): dependence has been existed:22290 -> 15636
11-19 16:44:12.875 E/TS_Service(  561): hwTsSetAftAlgoOrientation
11-19 16:44:12.876 I/TS_HAL  (  561): ts_set_aft_orientation:called
11-19 16:44:12.876 I/aptouch_daemon, [--aptouch_interface_client--](  561): thp_execute_cmd_parms starting. cmd: aftouch.orientation
11-19 16:44:12.876 I/aptouch_daemon, [--aptouch_interface_client--](  561): thp_get_cs, use vndbinder
11-19 16:44:12.878 I/aptouch_daemon(  572): get_cmd, =====>>find m_cmd=====>>aftouch.orientation
11-19 16:44:12.878 I/aptouch_daemon(  572): get_cmd, =====>>find m_cmd=====>>aftouch.orientation
11-19 16:44:12.878 I/aptouch_daemon(  572): aft_set_config, aft_set_config---2,2
11-19 16:44:12.878 I/aptouch_daemon(  572): thp_cmd_set_aftouch_config, aftouch_set_config: aft_cfg = 2, value = 2
11-19 16:44:12.881 I/aptouch_daemon(  572): excute_long_cmd, ========>>aftouch.orientation excute done!
11-19 16:44:12.883 D/SurfaceFlinger(  567): setSecureScreenRecShotFlag, value = 4, mask = 4
11-19 16:44:12.918 E/NetworkScheduler(15561): Invalid component specified.
11-19 16:44:12.941 D/Index   ( 1633): Deleting data for locale 'zh_CN_#Hans' took 5 millis
11-19 16:44:12.944 D/WorkSource(15561): Insert in WorkSource{} @ 0 uid 10019 name com.google.android.gms
11-19 16:44:12.946 V/SQLiteDatabase( 1633): triggerBuildingIndex(): invalid id, return.
11-19 16:44:12.947 V/SQLiteDatabase( 1633): triggerBuildingIndex(): invalid id, return.
11-19 16:44:12.948 W/libEGL  ( 1610): EGLNativeWindowType 0x7a4f44c010 disconnect failed
11-19 16:44:12.949 D/mali_winsys( 1610): EGLint new_window_surface(egl_winsys_display *, void *, EGLSurface, EGLConfig, egl_winsys_surface **, egl_color_buffer_format *, EGLBoolean) returns 0x3000
11-19 16:44:12.950 D/Index   ( 1633): Indexing locale 'zh_CN_#Hans' took 7 millis
11-19 16:44:12.957 W/libEGL  (22290): EGLNativeWindowType 0x7a5b9ff010 disconnect failed
11-19 16:44:12.957 D/mali_winsys(22290): EGLint new_window_surface(egl_winsys_display *, void *, EGLSurface, EGLConfig, egl_winsys_surface **, egl_color_buffer_format *, EGLBoolean) returns 0x3000
11-19 16:44:12.961 W/libEGL  ( 1610): EGLNativeWindowType 0x7a6a963010 disconnect failed
11-19 16:44:12.962 D/mali_winsys( 1610): EGLint new_window_surface(egl_winsys_display *, void *, EGLSurface, EGLConfig, egl_winsys_surface **, egl_color_buffer_format *, EGLBoolean) returns 0x3000
11-19 16:44:12.968 W/ViewRootImpl[Toast](22290): EGLdebug relayoutWindow Surface isSurface(name=null)  (appName =com.color.phone.flash.caller.screen) ( mSurfaceControllerIsValid =true) (mNativeObject  =7a56fd1000)/@0x22ab72b,viewVisibility is0
11-19 16:44:12.975 W/ViewRootImpl[Toast](22290): EGLdebug relayoutWindow Surface isSurface(name=null)  (appName =com.color.phone.flash.caller.screen) ( mSurfaceControllerIsValid =true) (mNativeObject  =7a56fd1000)/@0x22ab72b,relayoutResult is2
11-19 16:44:12.975 W/libEGL  (22290): EGLNativeWindowType 0x7a56fd1010 disconnect failed
11-19 16:44:12.976 D/mali_winsys(22290): EGLint new_window_surface(egl_winsys_display *, void *, EGLSurface, EGLConfig, egl_winsys_surface **, egl_color_buffer_format *, EGLBoolean) returns 0x3000
11-19 16:44:13.055 I/Monkey  (23863): :Sending Touch (ACTION_DOWN): 0:(762.0,547.0)
11-19 16:44:13.065 I/Monkey  (23863): :Sending Touch (ACTION_UP): 0:(709.34906,625.12164)
11-19 16:44:13.068 I/PressGestureDetector(22290): ACTION_POINTER_DOWN.
11-19 16:44:13.069 W/Settings(22290): Setting device_provisioned has moved from android.provider.Settings.Secure to android.provider.Settings.Global.
11-19 16:44:13.069 V/PressGestureDetector(22290): User setup is finished.
11-19 16:44:13.069 V/PressGestureDetector(22290): Gesture doesn't match, stop text boom.
11-19 16:44:13.083 V/AudioManager(22290): playSoundEffect   effectType: 0
11-19 16:44:13.226 E/wificond(  635): Failed to get NL80211_STA_INFO_CNAHLOAD
11-19 16:44:13.230 E/wificond(  635): Failed to get NL80211_STA_INFO_CNAHLOAD
11-19 16:44:13.234 I/chatty  ( 1165): uid=1000 system_server expire 51 lines
11-19 16:44:13.267 I/Monkey  (23863): :Sending Touch (ACTION_DOWN): 0:(80.0,284.0)
11-19 16:44:13.269 I/Monkey  (23863): :Sending Touch (ACTION_UP): 0:(77.766914,285.63278)
11-19 16:44:13.291 V/AudioManager(22290): playSoundEffect   effectType: 0
11-19 16:44:13.343 D/WeatherHelper( 1610): City info empty
11-19 16:44:13.345 D/WeatherHelper( 1610): City info empty
11-19 16:44:13.379 I/AppManager( 1776): dependence has been existed:22290 -> 15636
11-19 16:44:13.443 D/WeatherHelper( 1610): City info empty
11-19 16:44:13.444 D/DateTimeView( 1610): Change to single clock mode!
11-19 16:44:13.447 D/WeatherHelper( 1610): City info empty
11-19 16:44:13.451 D/WeatherHelper( 1610): City info empty
11-19 16:44:13.454 D/DateTimeView( 1610): Change to single clock mode!
11-19 16:44:13.457 D/WeatherHelper( 1610): City info empty
11-19 16:44:13.476 I/Monkey  (23863): :Sending Touch (ACTION_DOWN): 0:(69.0,969.0)
11-19 16:44:13.492 I/Monkey  (23863): :Sending Touch (ACTION_UP): 0:(69.09118,955.80286)
11-19 16:44:13.499 I/Monkey  (23863):     //[calendar_time:2018-11-19 16:44:13.499  system_uptime:88569657]
11-19 16:44:13.499 I/Monkey  (23863):     // Sending event #53700
11-19 16:44:13.533 V/AudioManager(22290): playSoundEffect   effectType: 0
11-19 16:44:13.702 I/Monkey  (23863):     //[calendar_time:2018-11-19 16:44:13.702  system_uptime:88569861]
11-19 16:44:13.703 I/Monkey  (23863):     // Sending event #53700
11-19 16:44:13.706 I/Monkey  (23863): :Sending Touch (ACTION_DOWN): 0:(783.0,1119.0)
11-19 16:44:13.712 I/Monkey  (23863): :Sending Touch (ACTION_UP): 0:(775.16327,1106.1078)
11-19 16:44:13.743 V/AudioManager(22290): playSoundEffect   effectType: 0
11-19 16:44:13.805 I/chatty  ( 1165): uid=1000(system) WiFiArpStateMac expire 6 lines
11-19 16:44:13.883 W/WindowManager( 1165): removeWindowToken: Attempted to remove non-existing token: android.os.Binder@35bbdb6
11-19 16:44:13.888 I/ash     ( 1776): view remove pid:22290 uid:10127
11-19 16:44:13.895 W/libEGL  (22290): EGLNativeWindowType 0x7a56fd1010 disconnect failed
11-19 16:44:13.897 V/WindowManager( 1165): removeIfPossible: Window{6492910 u0 Toast EXITING} callers=com.android.server.wm.WindowState.removeIfPossible:1914 com.android.server.wm.WindowManagerService.removeWindow:2031 com.android.server.wm.Session.remove:218 android.view.IWindowSession$Stub.onTransact:242 com.android.server.wm.Session.onTransact:161 
11-19 16:44:13.897 V/WindowManager( 1165): Not removing Window{6492910 u0 Toast EXITING} due to exit animation 
11-19 16:44:13.920 I/Monkey  (23863): :Sending Touch (ACTION_DOWN): 0:(18.0,1112.0)
11-19 16:44:13.924 I/ash     ( 1776): view add pid:22290 uid:10127
11-19 16:44:13.929 D/OpenGLRenderer(22290):   HWUI Binary is  enabled
11-19 16:44:13.936 V/WindowManager( 1165): Adding Window{cb60c2a u0 Toast} to WindowToken{3b42a1b android.os.Binder@b93c1ab}
11-19 16:44:13.938 V/WindowManager( 1165): addWindow: New client android.os.BinderProxy@3cf0115: window=Window{cb60c2a u0 Toast} Callers=com.android.server.wm.HwWindowManagerService.addWindow:574 com.android.server.wm.Session.addToDisplay:199 android.view.IWindowSession$Stub.onTransact:124 com.android.server.wm.Session.onTransact:161 android.os.Binder.execTransact:675 
11-19 16:44:13.955 I/Monkey  (23863): :Sending Touch (ACTION_UP): 0:(25.29597,1105.4336)
11-19 16:44:13.970 W/ViewRootImpl[Toast](22290): EGLdebug relayoutWindow Surface isSurface(name=null)  (appName =com.color.phone.flash.caller.screen) ( mSurfaceControllerIsValid =false) (mNativeObject  =0)/@0xf56c384,viewVisibility is0
11-19 16:44:13.981 D/SurfaceFlinger(  567): duplicate layer name: changing Toast to Toast#1
11-19 16:44:13.983 W/WindowManager( 1165): EGLdebug Created surface WindowStateAnimator{46c57b8 Toast}
11-19 16:44:13.985 W/WindowManager( 1165): EGLdebug surface name is Toastsurface is Surface(name=null)  (appName =null) ( mSurfaceControllerIsValid =true) (mNativeObject  =7a6aa38000)/@0x52b9991
11-19 16:44:13.994 W/ViewRootImpl[Toast](22290): EGLdebug relayoutWindow Surface isSurface(name=null)  (appName =com.color.phone.flash.caller.screen) ( mSurfaceControllerIsValid =true) (mNativeObject  =7a56fd1000)/@0xf56c384,relayoutResult is7
11-19 16:44:13.994 W/ViewRootImpl[Toast](22290): EGLdebug Surface isSurface(name=null)  (appName =com.color.phone.flash.caller.screen) ( mSurfaceControllerIsValid =true) (mNativeObject  =7a56fd1000)/@0xf56c384
11-19 16:44:13.998 D/mali_winsys(22290): EGLint new_window_surface(egl_winsys_display *, void *, EGLSurface, EGLConfig, egl_winsys_surface **, egl_color_buffer_format *, EGLBoolean) returns 0x3000
11-19 16:44:13.998 I/chatty  (  531): uid=1000(system) allocator@2.0-s expire 84 lines
11-19 16:44:14.036 D/WindowManager( 1165): finishDrawingWindow: Window{cb60c2a u0 Toast} mDrawState=DRAW_PENDING
11-19 16:44:14.039 D/OpenGLRenderer(22290):   HWUI Binary is  enabled
11-19 16:44:14.039 V/AudioManager(22290): playSoundEffect   effectType: 0
11-19 16:44:14.081 D/WindowManager( 1165): finishDrawingWindow: Window{cb60c2a u0 Toast} mDrawState=HAS_DRAWN
11-19 16:44:14.159 I/Monkey  (23863): :Switch: #Intent;action=android.intent.action.MAIN;category=android.intent.category.LAUNCHER;launchFlags=0x10200000;component=com.color.phone.flash.caller.screen/.activity.AliasLaunchActivity;end
11-19 16:44:14.168 I/ActivityManager( 1165): START u0 {act=android.intent.action.MAIN cat=[android.intent.category.LAUNCHER] flg=0x10200000 cmp=com.color.phone.flash.caller.screen/.activity.AliasLaunchActivity} from uid 2000
11-19 16:44:14.175 I/Monkey  (23863):     // Allowing start of Intent { act=android.intent.action.MAIN cat=[android.intent.category.LAUNCHER] cmp=com.color.phone.flash.caller.screen/.activity.AliasLaunchActivity } in package com.color.phone.flash.caller.screen
11-19 16:44:14.177 I/ActivityManager( 1165): ActivityRecord info: ActivityInfo{c237d2d com.color.phone.flash.caller.screen.activity.AliasLaunchActivity}
11-19 16:44:14.182 I/PGServer( 1776): android calls fast hibernateApps
11-19 16:44:14.182 I/AppFastHibernation( 1776): fast hibernate duration: 1500 reason: start activity
11-19 16:44:14.183 V/WindowManager( 1165): addAppToken: AppWindowToken{f6b3764 token=Token{ce14cf7 ActivityRecord{380c0f6 u0 com.color.phone.flash.caller.screen/.activity.AliasLaunchActivity t139}}} controller={TaskWindowContainerController taskId=139} at 2147483647
11-19 16:44:14.183 I/Pged-IPgedBinderService(  641): ****action is 1, pid num is 2***
11-19 16:44:14.183 I/Pged-Freezer(  641): freezePids
11-19 16:44:14.183 I/Pged-Freezer(  641): Freeze process: 18689
11-19 16:44:14.183 D/PgedBinderAdapter( 1776): frz ok, pid: [18689]
11-19 16:44:14.199 V/WindowManager( 1165): No longer Stopped: AppWindowToken{f6b3764 token=Token{ce14cf7 ActivityRecord{380c0f6 u0 com.color.phone.flash.caller.screen/.activity.AliasLaunchActivity t139}}}
11-19 16:44:14.200 V/WindowManager( 1165): No longer Stopped: AppWindowToken{f6b3764 token=Token{ce14cf7 ActivityRecord{380c0f6 u0 com.color.phone.flash.caller.screen/.activity.AliasLaunchActivity t139}}}
11-19 16:44:14.205 V/WindowManager( 1165): Checking 1 opening apps (frozen=false timeout=false)...
11-19 16:44:14.205 V/WindowManager( 1165): Check opening app=AppWindowToken{f6b3764 token=Token{ce14cf7 ActivityRecord{380c0f6 u0 com.color.phone.flash.caller.screen/.activity.AliasLaunchActivity t139}}}: allDrawn=false startingDisplayed=false startingMoved=false isRelaunching()=false
11-19 16:44:14.212 D/HwCust  (22290): Create obj success use class android.app.HwCustActivityImpl
11-19 16:44:14.212 D/HwCust  (22290): Create obj success use class android.app.HwCustHwWallpaperManagerImpl
11-19 16:44:14.213 V/ActivityThread(22290): ActivityThread,callActivityOnCreate
11-19 16:44:14.215 W/B-BASE  (22290): FirebaseToken->dEtKIsVpx80:APA91bECmVLQbvaEDGig1xeTA42tBZh9R7_wYfbx5cH9wlJW5aBegRUS8BUDfXU9Fy6jr9uKg7m9QFxBLnrK7c3RfmvoScx79Sn6rpejUbwc2HdFNShZZ7ggSm-dztpKzCWmMhcLCtMR
11-19 16:44:14.226 D/HwRTBlurUtils(22290): check blur style for HwPhoneWindow, themeResId : 0x7f0f00c4, context : com.color.phone.flash.caller.screen.activity.FlashLightMainActivity@8390fa, Nhwext : 0, get Blur : disable with , null
11-19 16:44:14.226 D/HwRTBlurUtils(22290): check blur style for HwPhoneWindow, themeResId : 0x7f0f00c4, context : com.color.phone.flash.caller.screen.activity.FlashLightMainActivity@8390fa, Nhwext : 0, get Blur : disable with , null
11-19 16:44:14.227 D/ActivityThread(22290): add activity client record, r= ActivityRecord{b6262d9 token=android.os.BinderProxy@71f5725 {com.color.phone.flash.caller.screen/com.color.phone.flash.caller.screen.activity.AliasLaunchActivity}} token= android.os.BinderProxy@71f5725
11-19 16:44:14.231 D/OpenGLRenderer(22290):   HWUI Binary is  enabled
11-19 16:44:14.232 V/SQLiteDatabase(15636): triggerBuildingIndex(): invalid id, return.
11-19 16:44:14.233 V/WindowManager( 1165): Adding Window{3aee9c9 u0 com.color.phone.flash.caller.screen/com.color.phone.flash.caller.screen.activity.AliasLaunchActivity} to AppWindowToken{f6b3764 token=Token{ce14cf7 ActivityRecord{380c0f6 u0 com.color.phone.flash.caller.screen/.activity.AliasLaunchActivity t139}}}
11-19 16:44:14.234 V/WindowManager( 1165): addWindow: New client android.os.BinderProxy@15665d0: window=Window{3aee9c9 u0 com.color.phone.flash.caller.screen/com.color.phone.flash.caller.screen.activity.AliasLaunchActivity} Callers=com.android.server.wm.HwWindowManagerService.addWindow:574 com.android.server.wm.Session.addToDisplay:199 android.view.IWindowSession$Stub.onTransact:124 com.android.server.wm.Session.onTransact:161 android.os.Binder.execTransact:675 
11-19 16:44:14.239 V/BroadcastQueue( 1165): Finished with ordered broadcast BroadcastRecord{72af8ce u0 com.google.android.gms.gcm.ACTION_SCHEDULE}
11-19 16:44:14.244 V/BroadcastQueue( 1165): Finished with ordered broadcast BroadcastRecord{26ee3ef u0 com.google.android.gms.gcm.ACTION_SCHEDULE}
11-19 16:44:14.245 E/NetworkScheduler(15561): Invalid component specified.
11-19 16:44:14.247 I/PressGestureDetector(22290): enabledInPad = false,isPcCastMode = false
11-19 16:44:14.251 D/WorkSource(15561): Insert in WorkSource{} @ 0 uid 10019 name com.google.android.gms
11-19 16:44:14.251 W/HwAlarmManagerService( 1165): isContainsAppUidInWorksource-->happend NameNotFoundException
11-19 16:44:14.252 V/WindowManager( 1165): Checking 1 opening apps (frozen=false timeout=false)...
11-19 16:44:14.252 V/WindowManager( 1165): Check opening app=AppWindowToken{f6b3764 token=Token{ce14cf7 ActivityRecord{380c0f6 u0 com.color.phone.flash.caller.screen/.activity.AliasLaunchActivity t139}}}: allDrawn=false startingDisplayed=false startingMoved=false isRelaunching()=false
11-19 16:44:14.253 V/SQLiteDatabase(15636): triggerBuildingIndex(): invalid id, return.
11-19 16:44:14.254 W/WindowManager( 1165): EGLdebug Created surface WindowStateAnimator{a81d3da com.color.phone.flash.caller.screen/com.color.phone.flash.caller.screen.activity.AliasLaunchActivity}
11-19 16:44:14.259 V/WindowManager( 1165): Checking 1 opening apps (frozen=false timeout=false)...
11-19 16:44:14.260 V/WindowManager( 1165): Check opening app=AppWindowToken{f6b3764 token=Token{ce14cf7 ActivityRecord{380c0f6 u0 com.color.phone.flash.caller.screen/.activity.AliasLaunchActivity t139}}}: allDrawn=false startingDisplayed=false startingMoved=false isRelaunching()=false
11-19 16:44:14.262 D/mali_winsys(22290): EGLint new_window_surface(egl_winsys_display *, void *, EGLSurface, EGLConfig, egl_winsys_surface **, egl_color_buffer_format *, EGLBoolean) returns 0x3000
11-19 16:44:14.263 D/OpenGLRenderer(22290):   HWUI Binary is  enabled
11-19 16:44:14.263 V/BroadcastQueue( 1165): Finished with ordered broadcast BroadcastRecord{c6fd00b u0 com.google.android.gms.gcm.ACTION_SCHEDULE}
11-19 16:44:14.265 V/WindowManager( 1165): notifyAppStopped: AppWindowToken{80ddae8 token=Token{389fc0b ActivityRecord{a392fda u0 com.color.phone.flash.caller.screen/.activity.FlashLightHomeActivity t139}}}
11-19 16:44:14.265 E/WindowManager( 1165): win=Window{696fb6 u0 com.color.phone.flash.caller.screen/com.color.phone.flash.caller.screen.activity.FlashLightHomeActivity} destroySurfaces: appStopped=true win.mWindowRemovalAllowed=false win.mRemoveOnExit=false
11-19 16:44:14.265 I/WindowManager( 1165): Destroying surface Surface(name=com.color.phone.flash.caller.screen/com.color.phone.flash.caller.screen.activity.FlashLightHomeActivity) called by com.android.server.wm.WindowStateAnimator.destroySurface:2072 com.android.server.wm.WindowStateAnimator.destroySurfaceLocked:884 com.android.server.wm.HwWindowStateAnimator.destroySurfaceLocked:1006 com.android.server.wm.WindowState.destroyOrSaveSurfaceUnchecked:2998 com.android.server.wm.WindowState.destroySurface:2951 com.android.server.wm.AppWindowToken.destroySurfaces:664 com.android.server.wm.AppWindowToken.destroySurfaces:648 com.android.server.wm.AppWindowToken.notifyAppStopped:692 
11-19 16:44:14.266 V/BroadcastQueue( 1165): Finished with ordered broadcast BroadcastRecord{811ee8 u0 com.google.android.gms.gcm.ACTION_SCHEDULE}
11-19 16:44:14.267 E/NetworkScheduler(15561): Invalid component specified.
11-19 16:44:14.270 V/SQLiteDatabase(15636): triggerBuildingIndex(): invalid id, return.
11-19 16:44:14.272 D/WorkSource(15561): Insert in WorkSource{} @ 0 uid 10019 name com.google.android.gms
11-19 16:44:14.272 D/WindowManager( 1165): finishDrawingWindow: Window{3aee9c9 u0 com.color.phone.flash.caller.screen/com.color.phone.flash.caller.screen.activity.AliasLaunchActivity} mDrawState=DRAW_PENDING
11-19 16:44:14.272 W/InputMethodManager(22290): startInputReason = 1
11-19 16:44:14.273 W/HwAlarmManagerService( 1165): isContainsAppUidInWorksource-->happend NameNotFoundException
11-19 16:44:14.274 V/WindowManager( 1165): Checking 1 opening apps (frozen=false timeout=false)...
11-19 16:44:14.274 V/WindowManager( 1165): Check opening app=AppWindowToken{f6b3764 token=Token{ce14cf7 ActivityRecord{380c0f6 u0 com.color.phone.flash.caller.screen/.activity.AliasLaunchActivity t139}}}: allDrawn=true startingDisplayed=false startingMoved=false isRelaunching()=false
11-19 16:44:14.274 I/chatty  ( 1165): uid=1000(system) android.anim expire 16 lines
11-19 16:44:14.278 D/BarTransitions.HwPhoneStatusBarView( 1610): MODE_TRANSLUCENT -> MODE_TRANSPARENT animate=false
11-19 16:44:14.278 D/BarTransitions.HwPhoneStatusBarView( 1610): applyModeBackground oldMode=MODE_TRANSLUCENT newMode=MODE_TRANSPARENT animate=false
11-19 16:44:14.280 V/BroadcastQueue( 1165): Finished with ordered broadcast BroadcastRecord{8970432 u0 com.google.android.gms.gcm.ACTION_SCHEDULE}
11-19 16:44:14.282 I/chatty  ( 1165): uid=1000(system) android.display expire 5 lines
11-19 16:44:14.284 V/BroadcastQueue( 1165): Finished with ordered broadcast BroadcastRecord{c403583 u0 com.google.android.gms.gcm.ACTION_SCHEDULE}
11-19 16:44:14.286 E/NetworkScheduler(15561): Invalid component specified.
11-19 16:44:14.287 I/wangchen( 5537): SysInfo.getSysParam: orientation=1||config d=3.0,w=1080,h=1808||metrics d=3.0,w=1080,h=1808||sdk=26,bar_h=72
11-19 16:44:14.287 I/KeymapLoader( 5537): w=1080 h=1808 ori=true appScale=3.3 s1=3.0
11-19 16:44:14.289 D/BarTransitions.HwNavigationBarView( 1610): MODE_TRANSLUCENT -> MODE_TRANSPARENT animate=false
11-19 16:44:14.289 D/BarTransitions.HwNavigationBarView( 1610): applyModeBackground oldMode=MODE_TRANSLUCENT newMode=MODE_TRANSPARENT animate=false
11-19 16:44:14.292 D/WorkSource(15561): Insert in WorkSource{} @ 0 uid 10019 name com.google.android.gms
11-19 16:44:14.292 W/HwAlarmManagerService( 1165): isContainsAppUidInWorksource-->happend NameNotFoundException
11-19 16:44:14.301 D/WindowManager( 1165): finishDrawingWindow: Window{3aee9c9 u0 com.color.phone.flash.caller.screen/com.color.phone.flash.caller.screen.activity.AliasLaunchActivity} mDrawState=HAS_DRAWN
11-19 16:44:14.305 D/HwRecentsLockUtils( 1610): Search
11-19 16:44:14.305 E/HsmCoreServiceImpl( 1761): onTransact in code is: 103
11-19 16:44:14.305 I/MediaProcessHandler( 1761): playingUids: 
11-19 16:44:14.305 D/ActivityManager( 1165): Skipping intent:flg=0x10800000 cmp=com.color.phone.flash.caller.screen/com.mobutils.android.mediation.impl.admob.AdmobAdActivityBase
11-19 16:44:14.305 D/ActivityManager( 1165): Skipping, home or recents stack task: TaskRecord{776fd0 #1 A=com.huawei.android.launcher U=0 StackId=0 sz=1}
11-19 16:44:14.306 D/ActivityManager( 1165): Skipping intent:act=android.content.pm.action.CONFIRM_PERMISSIONS flg=0x10808000 pkg=com.android.packageinstaller cmp=com.android.packageinstaller/.InstallStart
11-19 16:44:14.306 D/ActivityManager( 1165): Skipping intent:flg=0x10800000 cmp=com.android.systemui/.usb.HwUsbDebuggingActivity
11-19 16:44:14.306 D/ActivityManager( 1165): Skipping intent:flg=0x70840000 cmp=com.android.stk/.StkDialogActivity
11-19 16:44:14.306 D/ActivityManager( 1165): Skipping intent:flg=0x10804000 cmp=com.android.systemui/.recents.RecentsActivity bnds=[48,1131][1032,2387]
11-19 16:44:14.306 D/ActivityManager( 1165): Skipping intent:act=android.content.pm.action.CONFIRM_PERMISSIONS flg=0x10808000 cmp=com.android.packageinstaller/.InstallStart
11-19 16:44:14.307 W/libEGL  (22290): EGLNativeWindowType 0x7a5b9ff010 disconnect failed
11-19 16:44:14.312 W/SystemServicesProxy( 1610): getThumbnail taskId 151getTaskSnapshot new null
11-19 16:44:14.381 I/AppManager( 1776): dependence has been existed:22290 -> 15636
11-19 16:44:14.392 I/Monkey  (23863): :Sending Touch (ACTION_DOWN): 0:(783.0,274.0)
11-19 16:44:14.393 I/Monkey  (23863): :Sending Touch (ACTION_UP): 0:(767.05865,277.0164)
11-19 16:44:14.393 I/WindowManager( 1165): notifyAccessibilityButtonVisibilityChanged visible:true
11-19 16:44:14.405 V/WindowManager( 1165): Exit animation finished in Window{6492910 u0 Toast EXITING}: remove=true
11-19 16:44:14.408 I/WindowManager( 1165): Destroying surface Surface(name=Toast) called by com.android.server.wm.WindowStateAnimator.destroySurface:2072 com.android.server.wm.WindowStateAnimator.destroySurfaceLocked:884 com.android.server.wm.HwWindowStateAnimator.destroySurfaceLocked:1006 com.android.server.wm.WindowState.destroyOrSaveSurfaceUnchecked:2998 com.android.server.wm.RootWindowContainer.performSurfacePlacement:812 com.android.server.wm.WindowSurfacePlacer.performSurfacePlacementLoop:224 com.android.server.wm.WindowSurfacePlacer.performSurfacePlacement:166 com.android.server.wm.WindowSurfacePlacer.performSurfacePlacement:156 
11-19 16:44:14.408 V/WindowManager( 1165): postWindowRemoveCleanupLocked: Window{6492910 u0 Toast}
11-19 16:44:14.408 V/WindowManager( 1165): Removing Window{6492910 u0 Toast} from WindowToken{a098c09 android.os.Binder@35bbdb6}
11-19 16:44:14.425 I/PresentationSystem(22290): not needQuiet
11-19 16:44:14.586 V/WindowManager( 1165): Exit animation finished in Window{c89431f u0 com.color.phone.flash.caller.screen/cn.cootek.colibrow.incomingcall.activity.CallDetailActivity EXITING}: remove=false
11-19 16:44:14.594 I/Monkey  (23863): :Switch: #Intent;action=android.intent.action.MAIN;category=android.intent.category.LAUNCHER;launchFlags=0x10200000;component=com.color.phone.flash.caller.screen/.activity.AliasLaunchActivity;end
11-19 16:44:14.598 I/ActivityManager( 1165): START u0 {act=android.intent.action.MAIN cat=[android.intent.category.LAUNCHER] flg=0x10200000 cmp=com.color.phone.flash.caller.screen/.activity.AliasLaunchActivity} from uid 2000
11-19 16:44:14.599 I/Monkey  (23863):     // Allowing start of Intent { act=android.intent.action.MAIN cat=[android.intent.category.LAUNCHER] cmp=com.color.phone.flash.caller.screen/.activity.AliasLaunchActivity } in package com.color.phone.flash.caller.screen
11-19 16:44:14.601 I/ActivityManager( 1165): ActivityRecord info: ActivityInfo{c237d2d com.color.phone.flash.caller.screen.activity.AliasLaunchActivity}
11-19 16:44:14.608 V/WindowManager( 1165): notifyAppStopped: AppWindowToken{5fc7d1a token=Token{3b5dfc5 ActivityRecord{2ffc63c u0 com.color.phone.flash.caller.screen/cn.cootek.colibrow.incomingcall.activity.CallDetailActivity t139}}}
11-19 16:44:14.609 E/WindowManager( 1165): win=Window{c89431f u0 com.color.phone.flash.caller.screen/cn.cootek.colibrow.incomingcall.activity.CallDetailActivity} destroySurfaces: appStopped=true win.mWindowRemovalAllowed=false win.mRemoveOnExit=false
11-19 16:44:14.609 I/WindowManager( 1165): Destroying surface Surface(name=com.color.phone.flash.caller.screen/cn.cootek.colibrow.incomingcall.activity.CallDetailActivity) called by com.android.server.wm.WindowStateAnimator.destroySurface:2072 com.android.server.wm.WindowStateAnimator.destroySurfaceLocked:884 com.android.server.wm.HwWindowStateAnimator.destroySurfaceLocked:1006 com.android.server.wm.WindowState.destroyOrSaveSurfaceUnchecked:2998 com.android.server.wm.WindowState.destroySurface:2951 com.android.server.wm.AppWindowToken.destroySurfaces:664 com.android.server.wm.AppWindowToken.destroySurfaces:648 com.android.server.wm.AppWindowToken.notifyAppStopped:692 
11-19 16:44:14.805 I/Monkey  (23863): :Sending Touch (ACTION_DOWN): 0:(772.0,62.0)
11-19 16:44:14.808 I/Monkey  (23863): :Sending Touch (ACTION_UP): 0:(778.54095,58.96731)
11-19 16:44:15.010 I/Monkey  (23863): :Sending Touch (ACTION_DOWN): 0:(843.0,1076.0)
11-19 16:44:15.012 I/Monkey  (23863): :Sending Touch (ACTION_UP): 0:(840.3688,1072.7052)
11-19 16:44:15.191 E/TaskPersister( 1165): File error accessing recents directory (directory doesn't exist?).
11-19 16:44:15.215 I/Monkey  (23863): :Sending Touch (ACTION_DOWN): 0:(1064.0,363.0)
11-19 16:44:15.218 I/Monkey  (23863): :Sending Touch (ACTION_UP): 0:(1063.3074,361.14362)
11-19 16:44:15.429 I/chatty  ( 1165): uid=1000(system) InputDispatcher expire 55 lines
11-19 16:44:15.430 D/HwGameAssistantController( 1165): Keycontrol mode is 2 for user 0
11-19 16:44:15.572 I/chatty  ( 1165): uid=1000(system) InputDispatcher identical 1 line
11-19 16:44:15.573 I/chatty  ( 1165): uid=1000(system) android.ui expire 25 lines
11-19 16:44:15.585 D/HwGameAssistantController( 1165): Keycontrol mode is 2 for user 0
11-19 16:44:15.587 D/KeyEvent(22290): obtain, mHwFlags=0
11-19 16:44:15.588 D/KeyEvent( 5537): obtain, mHwFlags=0
11-19 16:44:15.603 D/KeyEvent(22290): obtain, mHwFlags=0
11-19 16:44:15.604 D/KeyEvent( 5537): obtain, mHwFlags=0
11-19 16:44:15.605 I/HwAudioService( 1165): isAdjustVolumeEnable,mEnableAdjustVolume:true
11-19 16:44:15.606 I/HwAudioService( 1165): isAdjustVolumeEnable,mEnableAdjustVolume:true
11-19 16:44:15.607 E/HwAudioService( 1165): setLVMMode abort
11-19 16:44:15.608 I/vol.Events( 1610): writeEvent active_stream_changed STREAM_RING
11-19 16:44:15.608 V/AudioManager( 1610): forceVolumeControlStream   streamType: 2
11-19 16:44:15.611 I/HwAudioService( 1165): isAdjustVolumeEnable,mEnableAdjustVolume:true
11-19 16:44:15.611 I/vol.Events( 1610): writeEvent key STREAM_RING 10
11-19 16:44:15.614 D/vol.VolumeDialog( 1610): rescheduleTimeout 3000 com.android.systemui.volume.VolumeDialog.onStateChangedH:752
11-19 16:44:15.616 D/vol.VolumeDialog( 1610): rescheduleTimeout 3000 com.android.systemui.volume.VolumeDialog.showH:532
11-19 16:44:15.617 I/HwAudioService( 1165): isAdjustVolumeEnable,mEnableAdjustVolume:true
11-19 16:44:15.618 E/HwAudioService( 1165): setLVMMode abort
11-19 16:44:15.624 D/OpenGLRenderer( 1610):   HWUI Binary is  enabled
11-19 16:44:15.625 D/HwCust  ( 1610): Create obj success use class android.view.HwCustRenderThreadMonitorImpl
11-19 16:44:15.629 E/WifiHAL (  562): enter wifi_get_link_stats
11-19 16:44:15.630 V/WindowManager( 1165): Adding Window{97e37c4 u0 VolumeDialog} to WindowToken{553a6ad android.os.BinderProxy@d1892d7}
11-19 16:44:15.632 V/WindowManager( 1165): addWindow: New client android.os.BinderProxy@d1892d7: window=Window{97e37c4 u0 VolumeDialog} Callers=com.android.server.wm.HwWindowManagerService.addWindow:574 com.android.server.wm.Session.addToDisplay:199 android.view.IWindowSession$Stub.onTransact:124 com.android.server.wm.Session.onTransact:161 android.os.Binder.execTransact:675 
11-19 16:44:15.635 I/vol.Events( 1610): writeEvent show_dialog volume_changed keyguard=false
11-19 16:44:15.635 D/OpenGLRenderer( 1610):   HWUI Binary is  enabled
11-19 16:44:15.641 I/PressGestureDetector( 1610): HiTouch restricted: Sub windows restricted.
11-19 16:44:15.642 E/wificond(  635): Failed to get NL80211_STA_INFO_CNAHLOAD
11-19 16:44:15.643 I/chatty  ( 1165): uid=1000(system) WifiStateMachin expire 5 lines
11-19 16:44:15.643 I/chatty  ( 1165): uid=1000(system) HwWifiCHRStateM expire 9 lines
11-19 16:44:15.664 I/WindowManager( 1165): notifyAccessibilityButtonVisibilityChanged visible:false
11-19 16:44:15.671 W/WindowManager( 1165): EGLdebug Created surface WindowStateAnimator{834dde2 VolumeDialog}
11-19 16:44:15.688 D/mali_winsys( 1610): EGLint new_window_surface(egl_winsys_display *, void *, EGLSurface, EGLConfig, egl_winsys_surface **, egl_color_buffer_format *, EGLBoolean) returns 0x3000
11-19 16:44:15.688 I/Pged-IPgedBinderService(  641): ****action is 2, pid num is 2***
11-19 16:44:15.689 I/Pged-Freezer(  641): thawPids
11-19 16:44:15.691 D/PgedBinderAdapter( 1776): unfrz ok, pid: [18689]
11-19 16:44:15.702 D/WindowManager( 1165): finishDrawingWindow: Window{97e37c4 u0 VolumeDialog} mDrawState=DRAW_PENDING
11-19 16:44:15.807 I/Monkey  (23863): :Sending Touch (ACTION_DOWN): 0:(820.0,1722.0)
11-19 16:44:15.809 D/vol.VolumeDialog( 1610): rescheduleTimeout 3000 com.android.systemui.volume.VolumeDialog$CustomDialog.dispatchTouchEvent:1247
11-19 16:44:15.814 I/WindowManager( 1165): notifyAccessibilityButtonVisibilityChanged visible:true
11-19 16:44:15.816 I/Monkey  (23863): :Sending Touch (ACTION_UP): 0:(885.42993,1759.3859)
11-19 16:44:15.818 W/libEGL  ( 1610): EGLNativeWindowType 0x7a4f318010 disconnect failed
11-19 16:44:15.820 V/WindowManager( 1165): removeIfPossible: Window{97e37c4 u0 VolumeDialog} callers=com.android.server.wm.WindowState.removeIfPossible:1914 com.android.server.wm.WindowManagerService.removeWindow:2031 com.android.server.wm.Session.remove:218 android.view.IWindowSession$Stub.onTransact:242 com.android.server.wm.Session.onTransact:161 
11-19 16:44:15.821 I/WindowManager( 1165): Destroying surface Surface(name=VolumeDialog) called by com.android.server.wm.WindowStateAnimator.destroySurface:2072 com.android.server.wm.WindowStateAnimator.destroySurfaceLocked:884 com.android.server.wm.HwWindowStateAnimator.destroySurfaceLocked:1006 com.android.server.wm.WindowState.removeImmediately:1899 com.android.server.wm.WindowState.removeIfPossible:2051 com.android.server.wm.WindowState.removeIfPossible:1914 com.android.server.wm.WindowManagerService.removeWindow:2031 com.android.server.wm.Session.remove:218 
11-19 16:44:15.822 V/WindowManager( 1165): postWindowRemoveCleanupLocked: Window{97e37c4 u0 VolumeDialog}
11-19 16:44:15.823 V/WindowManager( 1165): Removing Window{97e37c4 u0 VolumeDialog} from WindowToken{553a6ad android.os.BinderProxy@d1892d7}
11-19 16:44:15.829 I/vol.Events( 1610): writeEvent dismiss_dialog touch_outside
11-19 16:44:15.829 W/InputEventReceiver( 1610): Attempted to finish an input event but the input event receiver has already been disposed.
11-19 16:44:15.830 I/vol.Events( 1610): writeEvent active_stream_changed UNKNOWN_STREAM_-1
11-19 16:44:15.830 V/AudioManager( 1610): forceVolumeControlStream   streamType: -1
11-19 16:44:15.832 D/vol.VolumeDialog( 1610): rescheduleTimeout 3000 com.android.systemui.volume.VolumeDialog.onStateChangedH:752
11-19 16:44:15.891 V/WindowManager( 1165): removeIfPossible: Window{cb60c2a u0 Toast} callers=com.android.server.wm.WindowState.removeIfPossible:1914 com.android.server.wm.WindowToken.removeAllWindowsIfPossible:139 com.android.server.wm.WindowManagerService$LocalService.removeWindowToken:8362 com.android.server.notification.NotificationManagerService.cancelToastLocked:4775 com.android.server.notification.NotificationManagerService.handleTimeout:4804 
11-19 16:44:15.893 W/libEGL  (22290): EGLNativeWindowType 0x7a56fd1010 disconnect failed
11-19 16:44:15.893 V/WindowManager( 1165): Not removing Window{cb60c2a u0 Toast EXITING} due to exit animation 
11-19 16:44:15.893 I/ash     ( 1776): view remove pid:22290 uid:10127
11-19 16:44:15.897 W/WindowManager( 1165): removeWindowToken: Attempted to remove non-existing token: android.os.Binder@b93c1ab
11-19 16:44:15.898 V/WindowManager( 1165): removeIfPossible: Window{cb60c2a u0 Toast EXITING} callers=com.android.server.wm.WindowState.removeIfPossible:1914 com.android.server.wm.WindowManagerService.removeWindow:2031 com.android.server.wm.Session.remove:218 android.view.IWindowSession$Stub.onTransact:242 com.android.server.wm.Session.onTransact:161 
11-19 16:44:15.898 V/WindowManager( 1165): Not removing Window{cb60c2a u0 Toast EXITING} due to exit animation 
11-19 16:44:15.905 D/OpenGLRenderer(22290):   HWUI Binary is  enabled
11-19 16:44:15.906 I/ash     ( 1776): view add pid:22290 uid:10127
11-19 16:44:15.908 V/WindowManager( 1165): Adding Window{c090c30 u0 Toast} to WindowToken{eb100a9 android.os.Binder@73d54e0}
11-19 16:44:15.909 V/WindowManager( 1165): addWindow: New client android.os.BinderProxy@8e98573: window=Window{c090c30 u0 Toast} Callers=com.android.server.wm.HwWindowManagerService.addWindow:574 com.android.server.wm.Session.addToDisplay:199 android.view.IWindowSession$Stub.onTransact:124 com.android.server.wm.Session.onTransact:161 android.os.Binder.execTransact:675 
11-19 16:44:15.917 W/ViewRootImpl[Toast](22290): EGLdebug relayoutWindow Surface isSurface(name=null)  (appName =com.color.phone.flash.caller.screen) ( mSurfaceControllerIsValid =false) (mNativeObject  =0)/@0x498a698,viewVisibility is0
11-19 16:44:15.925 W/WindowManager( 1165): EGLdebug Created surface WindowStateAnimator{b46f62e Toast}
11-19 16:44:15.926 W/WindowManager( 1165): EGLdebug surface name is Toastsurface is Surface(name=null)  (appName =null) ( mSurfaceControllerIsValid =true) (mNativeObject  =7a564da000)/@0x1cd05cf
11-19 16:44:15.932 W/ViewRootImpl[Toast](22290): EGLdebug relayoutWindow Surface isSurface(name=null)  (appName =com.color.phone.flash.caller.screen) ( mSurfaceControllerIsValid =true) (mNativeObject  =7a56fd1000)/@0x498a698,relayoutResult is7
11-19 16:44:15.933 W/ViewRootImpl[Toast](22290): EGLdebug Surface isSurface(name=null)  (appName =com.color.phone.flash.caller.screen) ( mSurfaceControllerIsValid =true) (mNativeObject  =7a56fd1000)/@0x498a698
11-19 16:44:15.938 D/mali_winsys(22290): EGLint new_window_surface(egl_winsys_display *, void *, EGLSurface, EGLConfig, egl_winsys_surface **, egl_color_buffer_format *, EGLBoolean) returns 0x3000
11-19 16:44:15.938 D/OpenGLRenderer(22290):   HWUI Binary is  enabled
11-19 16:44:15.954 D/WindowManager( 1165): finishDrawingWindow: Window{c090c30 u0 Toast} mDrawState=DRAW_PENDING
11-19 16:44:15.963 D/WindowManager( 1165): finishDrawingWindow: Window{c090c30 u0 Toast} mDrawState=HAS_DRAWN
11-19 16:44:15.980 E/Thermal-daemon(  634): [ap] temp_new :46  temp_old :45
11-19 16:44:15.981 I/ThermalService( 1776): Receive temperature change, type: 0, temp: 46 from thermald
11-19 16:44:15.981 D/HwThermalStateManager( 1776): Thermal type: 0 cur_temperature:46
11-19 16:44:15.981 E/Thermal-daemon(  634): Report temperature: [ap] temp :46  report_threshold:1
11-19 16:44:16.022 I/Monkey  (23863): :Sending Touch (ACTION_DOWN): 0:(499.0,756.0)
11-19 16:44:16.025 I/Monkey  (23863): :Sending Touch (ACTION_UP): 0:(495.27094,778.4036)
11-19 16:44:16.229 I/Monkey  (23863): :Switch: #Intent;action=android.intent.action.MAIN;category=android.intent.category.LAUNCHER;launchFlags=0x10200000;component=com.color.phone.flash.caller.screen/.activity.AliasLaunchActivity;end
11-19 16:44:16.235 I/ActivityManager( 1165): START u0 {act=android.intent.action.MAIN cat=[android.intent.category.LAUNCHER] flg=0x10200000 cmp=com.color.phone.flash.caller.screen/.activity.AliasLaunchActivity} from uid 2000
11-19 16:44:16.237 I/Monkey  (23863):     // Allowing start of Intent { act=android.intent.action.MAIN cat=[android.intent.category.LAUNCHER] cmp=com.color.phone.flash.caller.screen/.activity.AliasLaunchActivity } in package com.color.phone.flash.caller.screen
11-19 16:44:16.239 I/ActivityManager( 1165): ActivityRecord info: ActivityInfo{c237d2d com.color.phone.flash.caller.screen.activity.AliasLaunchActivity}
11-19 16:44:16.244 I/PGServer( 1776): android calls fast hibernateApps
11-19 16:44:16.244 I/AppFastHibernation( 1776): fast hibernate duration: 1500 reason: start activity
11-19 16:44:16.244 I/AppFastHibernation( 1776): fast hibernate now, drop this request
11-19 16:44:16.247 I/ActivityManager( 1165): START u0 {flg=0x10000000 cmp=com.color.phone.flash.caller.screen/.activity.FlashLightHomeActivity} from uid 10127
11-19 16:44:16.248 I/Monkey  (23863):     // Allowing start of Intent { cmp=com.color.phone.flash.caller.screen/.activity.FlashLightHomeActivity } in package com.color.phone.flash.caller.screen
11-19 16:44:16.248 I/ActivityManager( 1165): ActivityRecord info: ActivityInfo{47ea585 com.color.phone.flash.caller.screen.activity.FlashLightHomeActivity}
11-19 16:44:16.252 D/ActivityManager( 1165): allPausedActivitiesComplete: r=ActivityRecord{380c0f6 u0 com.color.phone.flash.caller.screen/.activity.AliasLaunchActivity t139 f} state=PAUSING
11-19 16:44:16.256 I/Monkey  (23863):     // activityResuming(com.color.phone.flash.caller.screen)
11-19 16:44:16.257 W/ActivityManager( 1165): Duplicate finish request for ActivityRecord{380c0f6 u0 com.color.phone.flash.caller.screen/.activity.AliasLaunchActivity t139 f}
11-19 16:44:16.284 D/ActivityThread(22290): Remove activity client record, r= ActivityRecord{37328e7 token=android.os.BinderProxy@8873893 {com.color.phone.flash.caller.screen/cn.cootek.colibrow.incomingcall.activity.CallDetailActivity}} token= android.os.BinderProxy@8873893
11-19 16:44:16.284 V/WindowManager( 1165): removeIfPossible: Window{c89431f u0 com.color.phone.flash.caller.screen/cn.cootek.colibrow.incomingcall.activity.CallDetailActivity} callers=com.android.server.wm.WindowState.removeIfPossible:1914 com.android.server.wm.WindowManagerService.removeWindow:2031 com.android.server.wm.Session.remove:218 android.view.IWindowSession$Stub.onTransact:242 com.android.server.wm.Session.onTransact:161 
11-19 16:44:16.285 V/WindowManager( 1165): postWindowRemoveCleanupLocked: Window{c89431f u0 com.color.phone.flash.caller.screen/cn.cootek.colibrow.incomingcall.activity.CallDetailActivity}
11-19 16:44:16.285 V/WindowManager( 1165): Removing Window{c89431f u0 com.color.phone.flash.caller.screen/cn.cootek.colibrow.incomingcall.activity.CallDetailActivity} from AppWindowToken{5fc7d1a token=Token{3b5dfc5 ActivityRecord{2ffc63c u0 com.color.phone.flash.caller.screen/cn.cootek.colibrow.incomingcall.activity.CallDetailActivity t139}}}
11-19 16:44:16.290 W/libc    (  499): Set property "hw.wifi.dns_stat" to "915,617,1252,1,16929"
11-19 16:44:16.290 V/WindowManager( 1165): removeAppToken: AppWindowToken{5fc7d1a token=Token{3b5dfc5 ActivityRecord{2ffc63c u0 com.color.phone.flash.caller.screen/cn.cootek.colibrow.incomingcall.activity.CallDetailActivity t139}}} delayed=true Callers=com.android.server.wm.DisplayContent.removeAppToken:994 com.android.server.wm.AppWindowContainerController.removeContainer:355 com.android.server.am.ActivityRecord.removeWindowContainer:1041 com.android.server.am.ActivityStack.removeActivityFromHistoryLocked:4486 
11-19 16:44:16.291 D/ActivityManager( 1165): allPausedActivitiesComplete: r=ActivityRecord{380c0f6 u0 com.color.phone.flash.caller.screen/.activity.AliasLaunchActivity t139 f} state=PAUSING
11-19 16:44:16.294 V/WindowManager( 1165): No longer Stopped: AppWindowToken{80ddae8 token=Token{389fc0b ActivityRecord{a392fda u0 com.color.phone.flash.caller.screen/.activity.FlashLightHomeActivity t139}}}
11-19 16:44:16.296 V/WindowManager( 1165): notifyAppResumed: wasStopped=true AppWindowToken{80ddae8 token=Token{389fc0b ActivityRecord{a392fda u0 com.color.phone.flash.caller.screen/.activity.FlashLightHomeActivity t139}}}
11-19 16:44:16.297 V/SQLiteDatabase(15636): triggerBuildingIndex(): invalid id, return.
11-19 16:44:16.303 V/WindowManager( 1165): Checking 1 opening apps (frozen=false timeout=false)...
11-19 16:44:16.303 V/WindowManager( 1165): Check opening app=AppWindowToken{80ddae8 token=Token{389fc0b ActivityRecord{a392fda u0 com.color.phone.flash.caller.screen/.activity.FlashLightHomeActivity t139}}}: allDrawn=false startingDisplayed=false startingMoved=false isRelaunching()=false
11-19 16:44:16.310 V/BroadcastQueue( 1165): Finished with ordered broadcast BroadcastRecord{1563148 u0 com.google.android.gms.gcm.ACTION_SCHEDULE}
11-19 16:44:16.313 V/WindowManager( 1165): Checking 1 opening apps (frozen=false timeout=false)...
11-19 16:44:16.313 V/WindowManager( 1165): Check opening app=AppWindowToken{80ddae8 token=Token{389fc0b ActivityRecord{a392fda u0 com.color.phone.flash.caller.screen/.activity.FlashLightHomeActivity t139}}}: allDrawn=false startingDisplayed=false startingMoved=false isRelaunching()=false
11-19 16:44:16.314 V/BroadcastQueue( 1165): Finished with ordered broadcast BroadcastRecord{a671be1 u0 com.google.android.gms.gcm.ACTION_SCHEDULE}
11-19 16:44:16.314 E/NetworkScheduler(15561): Invalid component specified.
11-19 16:44:16.326 D/WorkSource(15561): Insert in WorkSource{} @ 0 uid 10019 name com.google.android.gms
11-19 16:44:16.326 W/HwAlarmManagerService( 1165): isContainsAppUidInWorksource-->happend NameNotFoundException
11-19 16:44:16.330 W/WindowManager( 1165): EGLdebug Created surface WindowStateAnimator{966058f com.color.phone.flash.caller.screen/com.color.phone.flash.caller.screen.activity.FlashLightHomeActivity}
11-19 16:44:16.331 V/HwPhoneWindowManager( 1165): updateSystemUiColorLw window=Window{696fb6 u0 com.color.phone.flash.caller.screen/com.color.phone.flash.caller.screen.activity.FlashLightHomeActivity},EmuiStyle=0,StatusBarColor=0xff1c1d21,NavigationBarColor=0xff000000, mLastIsEmuiLightStyle=-1, mForceNotchStatusBar=false
11-19 16:44:16.333 I/CommandQueue( 1610): updateBarBgColor
11-19 16:44:16.333 V/WindowManager( 1165): Checking 1 opening apps (frozen=false timeout=false)...
11-19 16:44:16.333 V/WindowManager( 1165): Check opening app=AppWindowToken{80ddae8 token=Token{389fc0b ActivityRecord{a392fda u0 com.color.phone.flash.caller.screen/.activity.FlashLightHomeActivity t139}}}: allDrawn=false startingDisplayed=false startingMoved=false isRelaunching()=false
11-19 16:44:16.333 D/CommandQueue( 1610): CommandQueue, setBarBackgroundColor
11-19 16:44:16.333 D/TintManager( 1610): statusBarIconTint=#99FFFFFF,navigationBarIconTint=#FF000000
11-19 16:44:16.338 D/mali_winsys(22290): EGLint new_window_surface(egl_winsys_display *, void *, EGLSurface, EGLConfig, egl_winsys_surface **, egl_color_buffer_format *, EGLBoolean) returns 0x3000
11-19 16:44:16.339 V/SQLiteDatabase(15636): triggerBuildingIndex(): invalid id, return.
11-19 16:44:16.349 D/WindowManager( 1165): finishDrawingWindow: Window{696fb6 u0 com.color.phone.flash.caller.screen/com.color.phone.flash.caller.screen.activity.FlashLightHomeActivity} mDrawState=DRAW_PENDING
11-19 16:44:16.350 W/InputMethodManager(22290): startInputReason = 1
11-19 16:44:16.350 V/WindowManager( 1165): Checking 1 opening apps (frozen=false timeout=false)...
