11-19 16:41:30.934 I/chatty  ( 1165): uid=1000(system) android.anim expire 18 lines
11-19 16:41:30.968 I/chatty  ( 1165): uid=1000(system) Binder:1165_F expire 7 lines
11-19 16:41:30.997 I/CommandQueue( 1610): updateBarBgColor
11-19 16:41:30.997 D/CommandQueue( 1610): CommandQueue, setBarBackgroundColor
11-19 16:41:31.009 I/chatty  ( 1165): uid=1000(system) Binder:1165_1A expire 34 lines
11-19 16:41:31.009 I/chatty  ( 1165): uid=1000(system) Binder:1165_7 expire 27 lines
11-19 16:41:31.019 V/ActivityThread(22290): Handle window ActivityRecord{3d0f3e7 token=android.os.BinderProxy@3388917 {com.color.phone.flash.caller.screen/cootek.matrix.flashlight.activity.NotiReminderGuideActivity}} visibility: true
11-19 16:41:31.022 V/ActivityThread(22290): ActivityThread,callActivityOnCreate
11-19 16:41:31.030 D/ActivityThread(22290): add activity client record, r= ActivityRecord{606552b token=android.os.BinderProxy@c0c46e {com.color.phone.flash.caller.screen/com.gz.gb.gbpermisson.PermissionActivity}} token= android.os.BinderProxy@c0c46e
11-19 16:41:31.049 I/CommandQueue( 1610): updateBarBgColor
11-19 16:41:31.049 D/CommandQueue( 1610): CommandQueue, setBarBackgroundColor
11-19 16:41:31.393 I/chatty  ( 1165): uid=1000(system) android.display expire 2 lines
11-19 16:41:31.603 D/ActivityThread(22290): Remove activity client record, r= ActivityRecord{606552b token=android.os.BinderProxy@c0c46e {com.color.phone.flash.caller.screen/com.gz.gb.gbpermisson.PermissionActivity}} token= android.os.BinderProxy@c0c46e
11-19 16:41:31.603 I/chatty  ( 1165): uid=1000(system) Binder:1165_16 expire 17 lines
11-19 16:41:32.138 I/CommandQueue( 1610): updateBarBgColor
11-19 16:41:32.138 D/CommandQueue( 1610): CommandQueue, setBarBackgroundColor
11-19 16:41:32.181 V/ActivityThread(22290): ActivityThread,callActivityOnCreate
11-19 16:41:32.192 D/ActivityThread(22290): add activity client record, r= ActivityRecord{d7444a8 token=android.os.BinderProxy@530924 {com.color.phone.flash.caller.screen/com.color.phone.flash.caller.screen.activity.AliasLaunchActivity}} token= android.os.BinderProxy@530924
11-19 16:41:32.226 I/CommandQueue( 1610): updateBarBgColor
11-19 16:41:32.226 D/CommandQueue( 1610): CommandQueue, setBarBackgroundColor
11-19 16:41:32.227 I/chatty  ( 1165): uid=1000 system_server expire 5 lines
11-19 16:41:32.454 W/ViewRootImpl[Toast](22290): EGLdebug relayoutWindow Surface isSurface(name=null)  (appName =com.color.phone.flash.caller.screen) ( mSurfaceControllerIsValid =false) (mNativeObject  =0)/@0xbeae51c,viewVisibility is0
11-19 16:41:32.459 W/ViewRootImpl[Toast](22290): EGLdebug relayoutWindow Surface isSurface(name=null)  (appName =com.color.phone.flash.caller.screen) ( mSurfaceControllerIsValid =true) (mNativeObject  =7a413b9000)/@0xbeae51c,relayoutResult is6
11-19 16:41:32.790 E/wificond(  635): Failed to get NL80211_STA_INFO_CNAHLOAD
11-19 16:41:32.935 I/chatty  ( 1165): uid=1000(system) LazyTaskWriterT expire 1 line
11-19 16:41:32.986 I/chatty  ( 1165): uid=1000(system) android.anim expire 4 lines
11-19 16:41:33.065 E/wificond(  635): Failed to get NL80211_STA_INFO_CNAHLOAD
11-19 16:41:33.074 E/wificond(  635): Failed to get NL80211_STA_INFO_CNAHLOAD
11-19 16:41:33.081 I/chatty  ( 1165): uid=1000(system) Binder:1165_7 expire 5 lines
11-19 16:41:33.673 I/chatty  ( 1165): uid=1000 system_server expire 2 lines
11-19 16:41:33.716 I/chatty  ( 1165): uid=1000(system) Binder:1165_16 expire 2 lines
11-19 16:41:33.725 I/chatty  ( 1165): uid=1000(system) Binder:1165_7 expire 1 line
11-19 16:41:33.878 I/chatty  ( 1165): uid=1000(system) Binder:1165_16 expire 9 lines
11-19 16:41:34.184 I/chatty  ( 1165): uid=1000(system) Binder:1165_7 expire 5 lines
11-19 16:41:34.193 I/chatty  ( 1165): uid=1000(system) Binder:1165_1A expire 8 lines
11-19 16:41:34.220 I/chatty  ( 1165): uid=1000(system) Binder:1165_10 expire 48 lines
11-19 16:41:34.221 I/CommandQueue( 1610): updateBarBgColor
11-19 16:41:34.221 D/CommandQueue( 1610): CommandQueue, setBarBackgroundColor
11-19 16:41:34.236 I/chatty  ( 1165): uid=1000(system) Binder:1165_F expire 36 lines
11-19 16:41:34.249 I/chatty  ( 1165): uid=1000(system) android.anim expire 16 lines
11-19 16:41:34.271 D/ActivityThread(22290): Remove activity client record, r= ActivityRecord{d7444a8 token=android.os.BinderProxy@530924 {com.color.phone.flash.caller.screen/com.color.phone.flash.caller.screen.activity.AliasLaunchActivity}} token= android.os.BinderProxy@530924
11-19 16:41:34.336 V/ActivityThread(22290): ActivityThread,callActivityOnCreate
11-19 16:41:34.365 D/ActivityThread(22290): add activity client record, r= ActivityRecord{c54846b token=android.os.BinderProxy@68d1e0a {com.color.phone.flash.caller.screen/cn.cootek.colibrow.incomingcall.activity.CallDetailActivity}} token= android.os.BinderProxy@68d1e0a
11-19 16:41:34.383 I/CommandQueue( 1610): updateBarBgColor
11-19 16:41:34.384 D/CommandQueue( 1610): CommandQueue, setBarBackgroundColor
11-19 16:41:34.393 I/chatty  ( 1165): uid=1000(system) ActivityManager expire 1 line
11-19 16:41:34.449 I/chatty  ( 1165): uid=1000 system_server expire 11 lines
11-19 16:41:34.483 W/ViewRootImpl[Toast](22290): EGLdebug relayoutWindow Surface isSurface(name=null)  (appName =com.color.phone.flash.caller.screen) ( mSurfaceControllerIsValid =false) (mNativeObject  =0)/@0x2d6f3c5,viewVisibility is0
11-19 16:41:34.494 W/ViewRootImpl[Toast](22290): EGLdebug relayoutWindow Surface isSurface(name=null)  (appName =com.color.phone.flash.caller.screen) ( mSurfaceControllerIsValid =true) (mNativeObject  =7a413b9000)/@0x2d6f3c5,relayoutResult is7
11-19 16:41:35.834 E/wificond(  635): Failed to get NL80211_STA_INFO_CNAHLOAD
11-19 16:41:36.266 I/chatty  ( 1165): uid=1000(system) InputDispatcher expire 2 lines
11-19 16:41:36.612 W/ViewRootImpl[Toast](22290): EGLdebug relayoutWindow Surface isSurface(name=null)  (appName =com.color.phone.flash.caller.screen) ( mSurfaceControllerIsValid =false) (mNativeObject  =0)/@0x551b030,viewVisibility is0
11-19 16:41:36.643 W/ViewRootImpl[Toast](22290): EGLdebug relayoutWindow Surface isSurface(name=null)  (appName =com.color.phone.flash.caller.screen) ( mSurfaceControllerIsValid =true) (mNativeObject  =7a56d72000)/@0x551b030,relayoutResult is7
11-19 16:41:36.849 V/ActivityThread(22290): ActivityThread,callActivityOnCreate
11-19 16:41:36.863 D/ActivityThread(22290): add activity client record, r= ActivityRecord{b6c17b6 token=android.os.BinderProxy@d836106 {com.color.phone.flash.caller.screen/com.color.phone.flash.caller.screen.activity.AliasLaunchActivity}} token= android.os.BinderProxy@d836106
11-19 16:41:36.867 I/chatty  ( 1165): uid=1000(system) Binder:1165_B expire 18 lines
11-19 16:41:37.785 I/chatty  ( 1165): uid=1000(system) LazyTaskWriterT expire 1 line
11-19 16:41:38.123 I/chatty  ( 1165): uid=1000(system) Binder:1165_1 expire 4 lines
11-19 16:41:38.488 I/chatty  ( 1165): uid=1000 system_server expire 1 line
11-19 16:41:38.488 I/chatty  ( 1165): uid=1000(system) Binder:1165_B expire 2 lines
11-19 16:41:38.496 I/chatty  ( 1165): uid=1000(system) Binder:1165_10 expire 2 lines
11-19 16:41:38.506 I/chatty  ( 1165): uid=1000 system_server expire 1 line
11-19 16:41:38.512 W/ViewRootImpl[Toast](22290): EGLdebug relayoutWindow Surface isSurface(name=null)  (appName =com.color.phone.flash.caller.screen) ( mSurfaceControllerIsValid =false) (mNativeObject  =0)/@0x8673ab,viewVisibility is0
11-19 16:41:38.518 I/chatty  ( 1165): uid=1000(system) Binder:1165_10 expire 132 lines
11-19 16:41:38.523 W/ViewRootImpl[Toast](22290): EGLdebug relayoutWindow Surface isSurface(name=null)  (appName =com.color.phone.flash.caller.screen) ( mSurfaceControllerIsValid =true) (mNativeObject  =7a56d72000)/@0x8673ab,relayoutResult is7
11-19 16:41:38.851 E/wificond(  635): Failed to get NL80211_STA_INFO_CNAHLOAD
11-19 16:41:38.878 D/ActivityThread(22290): Remove activity client record, r= ActivityRecord{c54846b token=android.os.BinderProxy@68d1e0a {com.color.phone.flash.caller.screen/cn.cootek.colibrow.incomingcall.activity.CallDetailActivity}} token= android.os.BinderProxy@68d1e0a
11-19 16:41:38.880 I/chatty  ( 1165): uid=1000(system) Binder:1165_1 expire 49 lines
11-19 16:41:38.916 I/CommandQueue( 1610): updateBarBgColor
11-19 16:41:38.916 D/CommandQueue( 1610): CommandQueue, setBarBackgroundColor
11-19 16:41:38.937 I/chatty  ( 1165): uid=1000(system) Binder:1165_B expire 44 lines
11-19 16:41:38.940 I/chatty  ( 1165): uid=1000(system) android.anim expire 59 lines
11-19 16:41:38.967 D/ActivityThread(22290): Remove activity client record, r= ActivityRecord{b6c17b6 token=android.os.BinderProxy@d836106 {com.color.phone.flash.caller.screen/com.color.phone.flash.caller.screen.activity.AliasLaunchActivity}} token= android.os.BinderProxy@d836106
11-19 16:41:39.181 V/ActivityThread(22290): ActivityThread,callActivityOnCreate
11-19 16:41:39.190 I/chatty  ( 1165): uid=1000(system) Binder:1165_F expire 15 lines
11-19 16:41:39.216 D/ActivityThread(22290): add activity client record, r= ActivityRecord{fd3ff98 token=android.os.BinderProxy@dd15d26 {com.color.phone.flash.caller.screen/cn.cootek.colibrow.incomingcall.activity.CallDetailActivity}} token= android.os.BinderProxy@dd15d26
11-19 16:41:39.239 I/CommandQueue( 1610): updateBarBgColor
11-19 16:41:39.239 D/CommandQueue( 1610): CommandQueue, setBarBackgroundColor
11-19 16:41:39.584 I/chatty  ( 1165): uid=1000 system_server expire 33 lines
11-19 16:41:39.938 I/chatty  ( 1165): uid=1000(system) InputDispatcher expire 20 lines
11-19 16:41:40.660 W/ViewRootImpl[Toast](22290): EGLdebug relayoutWindow Surface isSurface(name=null)  (appName =com.color.phone.flash.caller.screen) ( mSurfaceControllerIsValid =false) (mNativeObject  =0)/@0x6a17d6c,viewVisibility is0
11-19 16:41:40.694 W/ViewRootImpl[Toast](22290): EGLdebug relayoutWindow Surface isSurface(name=null)  (appName =com.color.phone.flash.caller.screen) ( mSurfaceControllerIsValid =true) (mNativeObject  =7a6e3bc000)/@0x6a17d6c,relayoutResult is7
11-19 16:41:41.081 E/wificond(  635): Failed to get NL80211_STA_INFO_CNAHLOAD
11-19 16:41:41.091 E/wificond(  635): Failed to get NL80211_STA_INFO_CNAHLOAD
11-19 16:41:41.422 V/ActivityThread(22290): ActivityThread,callActivityOnCreate
11-19 16:41:41.436 D/ActivityThread(22290): add activity client record, r= ActivityRecord{185b4c9 token=android.os.BinderProxy@9e2bc15 {com.color.phone.flash.caller.screen/com.color.phone.flash.caller.screen.activity.AliasLaunchActivity}} token= android.os.BinderProxy@9e2bc15
11-19 16:41:41.492 I/chatty  ( 1165): uid=1000(system) Binder:1165_1A expire 123 lines
11-19 16:41:41.863 E/wificond(  635): Failed to get NL80211_STA_INFO_CNAHLOAD
11-19 16:41:42.390 I/chatty  ( 1165): uid=1000(system) LazyTaskWriterT expire 10 lines
11-19 16:41:42.573 W/ViewRootImpl[Toast](22290): EGLdebug relayoutWindow Surface isSurface(name=null)  (appName =com.color.phone.flash.caller.screen) ( mSurfaceControllerIsValid =false) (mNativeObject  =0)/@0x20a848,viewVisibility is0
11-19 16:41:42.587 W/ViewRootImpl[Toast](22290): EGLdebug relayoutWindow Surface isSurface(name=null)  (appName =com.color.phone.flash.caller.screen) ( mSurfaceControllerIsValid =true) (mNativeObject  =7a6e3bc000)/@0x20a848,relayoutResult is7
11-19 16:41:43.462 D/ActivityThread(22290): Remove activity client record, r= ActivityRecord{fd3ff98 token=android.os.BinderProxy@dd15d26 {com.color.phone.flash.caller.screen/cn.cootek.colibrow.incomingcall.activity.CallDetailActivity}} token= android.os.BinderProxy@dd15d26
11-19 16:41:43.499 I/CommandQueue( 1610): updateBarBgColor
11-19 16:41:43.499 D/CommandQueue( 1610): CommandQueue, setBarBackgroundColor
11-19 16:41:43.553 D/ActivityThread(22290): Remove activity client record, r= ActivityRecord{185b4c9 token=android.os.BinderProxy@9e2bc15 {com.color.phone.flash.caller.screen/com.color.phone.flash.caller.screen.activity.AliasLaunchActivity}} token= android.os.BinderProxy@9e2bc15
11-19 16:41:44.206 V/ActivityThread(22290): ActivityThread,callActivityOnCreate
11-19 16:41:44.216 D/ActivityThread(22290): add activity client record, r= ActivityRecord{79bfff0 token=android.os.BinderProxy@6bebb3e {com.color.phone.flash.caller.screen/com.color.phone.flash.caller.screen.activity.AliasLaunchActivity}} token= android.os.BinderProxy@6bebb3e
11-19 16:41:44.237 I/CommandQueue( 1610): updateBarBgColor
11-19 16:41:44.237 D/CommandQueue( 1610): CommandQueue, setBarBackgroundColor
11-19 16:41:44.566 W/ViewRootImpl[Toast](22290): EGLdebug relayoutWindow Surface isSurface(name=null)  (appName =com.color.phone.flash.caller.screen) ( mSurfaceControllerIsValid =false) (mNativeObject  =0)/@0xed70f95,viewVisibility is0
11-19 16:41:44.576 W/ViewRootImpl[Toast](22290): EGLdebug relayoutWindow Surface isSurface(name=null)  (appName =com.color.phone.flash.caller.screen) ( mSurfaceControllerIsValid =true) (mNativeObject  =7a6e3bc000)/@0xed70f95,relayoutResult is6
11-19 16:41:44.875 E/wificond(  635): Failed to get NL80211_STA_INFO_CNAHLOAD
11-19 16:41:46.253 I/CommandQueue( 1610): updateBarBgColor
11-19 16:41:46.253 D/CommandQueue( 1610): CommandQueue, setBarBackgroundColor
11-19 16:41:46.297 D/ActivityThread(22290): Remove activity client record, r= ActivityRecord{79bfff0 token=android.os.BinderProxy@6bebb3e {com.color.phone.flash.caller.screen/com.color.phone.flash.caller.screen.activity.AliasLaunchActivity}} token= android.os.BinderProxy@6bebb3e
11-19 16:41:46.341 I/chatty  ( 1165): uid=1000(system) Binder:1165_D expire 21 lines
11-19 16:41:46.342 V/ActivityThread(22290): ActivityThread,callActivityOnCreate
11-19 16:41:46.371 D/ActivityThread(22290): add activity client record, r= ActivityRecord{2b2b5d1 token=android.os.BinderProxy@1557186 {com.color.phone.flash.caller.screen/cn.cootek.colibrow.incomingcall.activity.CallDetailActivity}} token= android.os.BinderProxy@1557186
11-19 16:41:46.385 I/CommandQueue( 1610): updateBarBgColor
11-19 16:41:46.385 D/CommandQueue( 1610): CommandQueue, setBarBackgroundColor
11-19 16:41:46.573 W/ViewRootImpl[Toast](22290): EGLdebug relayoutWindow Surface isSurface(name=null)  (appName =com.color.phone.flash.caller.screen) ( mSurfaceControllerIsValid =false) (mNativeObject  =0)/@0xd4b1996,viewVisibility is0
11-19 16:41:46.585 W/ViewRootImpl[Toast](22290): EGLdebug relayoutWindow Surface isSurface(name=null)  (appName =com.color.phone.flash.caller.screen) ( mSurfaceControllerIsValid =true) (mNativeObject  =7a6e3bc000)/@0xd4b1996,relayoutResult is7
11-19 16:41:47.889 E/wificond(  635): Failed to get NL80211_STA_INFO_CNAHLOAD
11-19 16:41:48.435 I/chatty  ( 1165): uid=1000(system) android.ui expire 30 lines
11-19 16:41:48.506 W/ViewRootImpl[Toast](22290): EGLdebug relayoutWindow Surface isSurface(name=null)  (appName =com.color.phone.flash.caller.screen) ( mSurfaceControllerIsValid =true) (mNativeObject  =7a6e3bc000)/@0xd4b1996,viewVisibility is0
11-19 16:41:48.517 W/ViewRootImpl[Toast](22290): EGLdebug relayoutWindow Surface isSurface(name=null)  (appName =com.color.phone.flash.caller.screen) ( mSurfaceControllerIsValid =true) (mNativeObject  =7a6e3bc000)/@0xd4b1996,relayoutResult is3
11-19 16:41:48.611 W/ViewRootImpl[Toast](22290): EGLdebug relayoutWindow Surface isSurface(name=null)  (appName =com.color.phone.flash.caller.screen) ( mSurfaceControllerIsValid =false) (mNativeObject  =0)/@0x5d7b8df,viewVisibility is0
11-19 16:41:48.631 W/ViewRootImpl[Toast](22290): EGLdebug relayoutWindow Surface isSurface(name=null)  (appName =com.color.phone.flash.caller.screen) ( mSurfaceControllerIsValid =true) (mNativeObject  =7a6e3bc000)/@0x5d7b8df,relayoutResult is7
11-19 16:41:49.050 I/chatty  ( 1165): uid=1000(system) UEventObserver expire 10 lines
11-19 16:41:49.109 E/wificond(  635): Failed to get NL80211_STA_INFO_CNAHLOAD
11-19 16:41:49.120 E/wificond(  635): Failed to get NL80211_STA_INFO_CNAHLOAD
11-19 16:41:49.381 V/ActivityThread(22290): ActivityThread,callActivityOnCreate
11-19 16:41:49.400 D/ActivityThread(22290): add activity client record, r= ActivityRecord{b4dfd92 token=android.os.BinderProxy@70df773 {com.color.phone.flash.caller.screen/com.color.phone.flash.caller.screen.activity.AliasLaunchActivity}} token= android.os.BinderProxy@70df773
11-19 16:41:49.416 I/chatty  ( 1165): uid=1000(system) Binder:1165_F expire 18 lines
11-19 16:41:49.427 I/chatty  ( 1165): uid=1000(system) Binder:1165_B expire 97 lines
11-19 16:41:50.625 W/ViewRootImpl[Toast](22290): EGLdebug relayoutWindow Surface isSurface(name=null)  (appName =com.color.phone.flash.caller.screen) ( mSurfaceControllerIsValid =false) (mNativeObject  =0)/@0x3fd36a2,viewVisibility is0
11-19 16:41:50.648 W/ViewRootImpl[Toast](22290): EGLdebug relayoutWindow Surface isSurface(name=null)  (appName =com.color.phone.flash.caller.screen) ( mSurfaceControllerIsValid =true) (mNativeObject  =7a6e3bc000)/@0x3fd36a2,relayoutResult is6
11-19 16:41:50.904 E/wificond(  635): Failed to get NL80211_STA_INFO_CNAHLOAD
11-19 16:41:51.423 D/ActivityThread(22290): Remove activity client record, r= ActivityRecord{2b2b5d1 token=android.os.BinderProxy@1557186 {com.color.phone.flash.caller.screen/cn.cootek.colibrow.incomingcall.activity.CallDetailActivity}} token= android.os.BinderProxy@1557186
11-19 16:41:51.458 I/chatty  ( 1165): uid=1000(system) Binder:1165_1 expire 17 lines
11-19 16:41:51.460 I/CommandQueue( 1610): updateBarBgColor
11-19 16:41:51.460 D/CommandQueue( 1610): CommandQueue, setBarBackgroundColor
11-19 16:41:51.515 D/ActivityThread(22290): Remove activity client record, r= ActivityRecord{b4dfd92 token=android.os.BinderProxy@70df773 {com.color.phone.flash.caller.screen/com.color.phone.flash.caller.screen.activity.AliasLaunchActivity}} token= android.os.BinderProxy@70df773
11-19 16:41:51.590 I/chatty  ( 1165): uid=1000(system) Binder:1165_1A expire 77 lines
11-19 16:41:51.611 V/ActivityThread(22290): ActivityThread,callActivityOnCreate
11-19 16:41:51.629 D/ActivityThread(22290): add activity client record, r= ActivityRecord{8bf5c57 token=android.os.BinderProxy@3e6b703 {com.color.phone.flash.caller.screen/cn.cootek.colibrow.incomingcall.activity.CallDetailActivity}} token= android.os.BinderProxy@3e6b703
11-19 16:41:51.647 I/chatty  ( 1165): uid=1000(system) Binder:1165_10 expire 43 lines
11-19 16:41:51.650 I/CommandQueue( 1610): updateBarBgColor
11-19 16:41:51.650 D/CommandQueue( 1610): CommandQueue, setBarBackgroundColor
11-19 16:41:51.670 I/chatty  ( 1165): uid=1000(system) android.anim expire 34 lines
11-19 16:41:51.764 I/chatty  ( 1165): uid=1000(system) InputDispatcher expire 14 lines
11-19 16:41:52.612 I/chatty  ( 1165): uid=1000 system_server expire 26 lines
11-19 16:41:52.786 W/ViewRootImpl[Toast](22290): EGLdebug relayoutWindow Surface isSurface(name=null)  (appName =com.color.phone.flash.caller.screen) ( mSurfaceControllerIsValid =false) (mNativeObject  =0)/@0xfd63422,viewVisibility is0
11-19 16:41:52.810 W/ViewRootImpl[Toast](22290): EGLdebug relayoutWindow Surface isSurface(name=null)  (appName =com.color.phone.flash.caller.screen) ( mSurfaceControllerIsValid =true) (mNativeObject  =7a83759000)/@0xfd63422,relayoutResult is6
11-19 16:41:53.861 I/chatty  ( 1165): uid=1000(system) watchdog expire 4 lines
11-19 16:41:53.930 E/wificond(  635): Failed to get NL80211_STA_INFO_CNAHLOAD
11-19 16:41:55.777 I/chatty  ( 1165): uid=1000(system) Binder:1165_5 expire 83 lines
11-19 16:41:55.827 I/chatty  ( 1165): uid=1000(system) ActivityManager expire 5 lines
11-19 16:41:56.086 I/CommandQueue( 1610): updateBarBgColor
11-19 16:41:56.086 D/CommandQueue( 1610): CommandQueue, setBarBackgroundColor
11-19 16:41:56.168 W/ViewRootImpl[Toast](22290): EGLdebug relayoutWindow Surface isSurface(name=null)  (appName =com.color.phone.flash.caller.screen) ( mSurfaceControllerIsValid =false) (mNativeObject  =0)/@0x35ed34e,viewVisibility is0
11-19 16:41:56.174 W/ViewRootImpl[Toast](22290): EGLdebug relayoutWindow Surface isSurface(name=null)  (appName =com.color.phone.flash.caller.screen) ( mSurfaceControllerIsValid =true) (mNativeObject  =7a83759000)/@0x35ed34e,relayoutResult is7
11-19 16:41:56.193 D/ActivityThread(22290): Remove activity client record, r= ActivityRecord{8bf5c57 token=android.os.BinderProxy@3e6b703 {com.color.phone.flash.caller.screen/cn.cootek.colibrow.incomingcall.activity.CallDetailActivity}} token= android.os.BinderProxy@3e6b703
11-19 16:41:56.281 V/ActivityThread(22290): ActivityThread,callActivityOnCreate
11-19 16:41:56.299 D/ActivityThread(22290): add activity client record, r= ActivityRecord{3df806b token=android.os.BinderProxy@c0618f1 {com.color.phone.flash.caller.screen/cn.cootek.colibrow.incomingcall.activity.CallDetailActivity}} token= android.os.BinderProxy@c0618f1
11-19 16:41:56.321 I/CommandQueue( 1610): updateBarBgColor
11-19 16:41:56.321 D/CommandQueue( 1610): CommandQueue, setBarBackgroundColor
11-19 16:41:56.368 I/chatty  ( 1165): uid=1000(system) Binder:1165_7 expire 26 lines
11-19 16:41:56.496 W/ContextImpl( 5298): Calling a method in the system process without a qualified user: android.app.ContextImpl.sendBroadcast:1074 android.content.ContextWrapper.sendBroadcast:431 com.huawei.android.pushagent.model.channel.entity.a.b.ml:425 com.huawei.android.pushagent.model.channel.entity.a.b.ly:408 com.huawei.android.pushagent.model.channel.a.oj:156 
11-19 16:41:56.716 W/ContextImpl( 5298): Calling a method in the system process without a qualified user: android.app.ContextImpl.sendBroadcast:1074 android.content.ContextWrapper.sendBroadcast:431 com.huawei.android.pushagent.model.channel.entity.a.b.ml:425 com.huawei.android.pushagent.model.channel.entity.a.b.ly:405 com.huawei.android.pushagent.model.channel.entity.a.mq:55 
11-19 16:41:56.952 E/wificond(  635): Failed to get NL80211_STA_INFO_CNAHLOAD
11-19 16:41:57.090 I/chatty  (  635): uid=1010(wifi) /system/bin/wificond identical 3 lines
11-19 16:41:57.094 E/wificond(  635): Failed to get NL80211_STA_INFO_CNAHLOAD
11-19 16:41:57.312 V/ActivityThread(22290): ActivityThread,callActivityOnCreate
11-19 16:41:57.325 D/ActivityThread(22290): add activity client record, r= ActivityRecord{fba717 token=android.os.BinderProxy@6cdf27d {com.color.phone.flash.caller.screen/com.color.phone.flash.caller.screen.activity.AliasLaunchActivity}} token= android.os.BinderProxy@6cdf27d
11-19 16:41:58.218 W/ViewRootImpl[Toast](22290): EGLdebug relayoutWindow Surface isSurface(name=null)  (appName =com.color.phone.flash.caller.screen) ( mSurfaceControllerIsValid =false) (mNativeObject  =0)/@0x86ee682,viewVisibility is0
11-19 16:41:58.246 W/ViewRootImpl[Toast](22290): EGLdebug relayoutWindow Surface isSurface(name=null)  (appName =com.color.phone.flash.caller.screen) ( mSurfaceControllerIsValid =true) (mNativeObject  =7a83759000)/@0x86ee682,relayoutResult is7
11-19 16:41:59.351 D/ActivityThread(22290): Remove activity client record, r= ActivityRecord{3df806b token=android.os.BinderProxy@c0618f1 {com.color.phone.flash.caller.screen/cn.cootek.colibrow.incomingcall.activity.CallDetailActivity}} token= android.os.BinderProxy@c0618f1
11-19 16:41:59.380 I/CommandQueue( 1610): updateBarBgColor
11-19 16:41:59.380 D/CommandQueue( 1610): CommandQueue, setBarBackgroundColor
11-19 16:41:59.439 D/ActivityThread(22290): Remove activity client record, r= ActivityRecord{fba717 token=android.os.BinderProxy@6cdf27d {com.color.phone.flash.caller.screen/com.color.phone.flash.caller.screen.activity.AliasLaunchActivity}} token= android.os.BinderProxy@6cdf27d
11-19 16:41:59.498 V/ActivityThread(22290): ActivityThread,callActivityOnCreate
11-19 16:41:59.516 D/ActivityThread(22290): add activity client record, r= ActivityRecord{70536de token=android.os.BinderProxy@c75373a {com.color.phone.flash.caller.screen/cn.cootek.colibrow.incomingcall.activity.CallDetailActivity}} token= android.os.BinderProxy@c75373a
11-19 16:41:59.535 I/CommandQueue( 1610): updateBarBgColor
11-19 16:41:59.535 D/CommandQueue( 1610): CommandQueue, setBarBackgroundColor
11-19 16:41:59.969 E/wificond(  635): Failed to get NL80211_STA_INFO_CNAHLOAD
11-19 16:42:00.258 W/ViewRootImpl[Toast](22290): EGLdebug relayoutWindow Surface isSurface(name=null)  (appName =com.color.phone.flash.caller.screen) ( mSurfaceControllerIsValid =false) (mNativeObject  =0)/@0xaabc98f,viewVisibility is0
11-19 16:42:00.283 W/ViewRootImpl[Toast](22290): EGLdebug relayoutWindow Surface isSurface(name=null)  (appName =com.color.phone.flash.caller.screen) ( mSurfaceControllerIsValid =true) (mNativeObject  =7a83759000)/@0xaabc98f,relayoutResult is7
11-19 16:42:00.580 V/ActivityThread(22290): ActivityThread,callActivityOnCreate
11-19 16:42:00.594 D/ActivityThread(22290): add activity client record, r= ActivityRecord{4d1d138 token=android.os.BinderProxy@1894ab4 {com.color.phone.flash.caller.screen/com.color.phone.flash.caller.screen.activity.AliasLaunchActivity}} token= android.os.BinderProxy@1894ab4
11-19 16:42:02.587 I/chatty  ( 1165): uid=1000(system) Binder:1165_D expire 146 lines
11-19 16:42:02.607 D/ActivityThread(22290): Remove activity client record, r= ActivityRecord{70536de token=android.os.BinderProxy@c75373a {com.color.phone.flash.caller.screen/cn.cootek.colibrow.incomingcall.activity.CallDetailActivity}} token= android.os.BinderProxy@c75373a
11-19 16:42:02.612 I/chatty  ( 1165): uid=1000(system) Binder:1165_1A expire 85 lines
11-19 16:42:02.644 I/CommandQueue( 1610): updateBarBgColor
11-19 16:42:02.644 D/CommandQueue( 1610): CommandQueue, setBarBackgroundColor
11-19 16:42:02.658 I/chatty  ( 1165): uid=1000(system) Binder:1165_10 expire 73 lines
11-19 16:42:02.666 I/chatty  ( 1165): uid=1000(system) Binder:1165_B expire 100 lines
11-19 16:42:02.701 I/CommandQueue( 1610): updateBarBgColor
11-19 16:42:02.701 D/CommandQueue( 1610): CommandQueue, setBarBackgroundColor
11-19 16:42:02.711 I/chatty  ( 1165): uid=1000(system) android.anim expire 88 lines
11-19 16:42:02.714 V/ActivityThread(22290): ActivityThread,callActivityOnCreate
11-19 16:42:02.725 D/ActivityThread(22290): add activity client record, r= ActivityRecord{3bf0c10 token=android.os.BinderProxy@a38150c {com.color.phone.flash.caller.screen/com.color.phone.flash.caller.screen.activity.AliasLaunchActivity}} token= android.os.BinderProxy@a38150c
11-19 16:42:02.979 E/wificond(  635): Failed to get NL80211_STA_INFO_CNAHLOAD
11-19 16:42:03.083 I/chatty  ( 1165): uid=1000(system) InputDispatcher expire 33 lines
11-19 16:42:03.104 D/ActivityThread(22290): Remove activity client record, r= ActivityRecord{4d1d138 token=android.os.BinderProxy@1894ab4 {com.color.phone.flash.caller.screen/com.color.phone.flash.caller.screen.activity.AliasLaunchActivity}} token= android.os.BinderProxy@1894ab4
11-19 16:42:03.235 I/chatty  ( 1165): uid=1000 system_server expire 50 lines
11-19 16:42:03.236 I/chatty  ( 1165): uid=1000(system) AudioService expire 10 lines
11-19 16:42:03.460 I/chatty  ( 1165): uid=1000(system) android.ui expire 149 lines
11-19 16:42:03.552 W/ViewRootImpl[Toast](22290): EGLdebug relayoutWindow Surface isSurface(name=null)  (appName =com.color.phone.flash.caller.screen) ( mSurfaceControllerIsValid =true) (mNativeObject  =7a83759000)/@0xaabc98f,viewVisibility is0
11-19 16:42:03.560 W/ViewRootImpl[Toast](22290): EGLdebug relayoutWindow Surface isSurface(name=null)  (appName =com.color.phone.flash.caller.screen) ( mSurfaceControllerIsValid =true) (mNativeObject  =7a83759000)/@0xaabc98f,relayoutResult is3
11-19 16:42:03.595 W/ViewRootImpl[Toast](22290): EGLdebug relayoutWindow Surface isSurface(name=null)  (appName =com.color.phone.flash.caller.screen) ( mSurfaceControllerIsValid =true) (mNativeObject  =7a83759000)/@0xaabc98f,viewVisibility is0
11-19 16:42:03.600 W/ViewRootImpl[Toast](22290): EGLdebug relayoutWindow Surface isSurface(name=null)  (appName =com.color.phone.flash.caller.screen) ( mSurfaceControllerIsValid =true) (mNativeObject  =7a83759000)/@0xaabc98f,relayoutResult is1
11-19 16:42:03.741 W/ViewRootImpl[Toast](22290): EGLdebug relayoutWindow Surface isSurface(name=null)  (appName =com.color.phone.flash.caller.screen) ( mSurfaceControllerIsValid =false) (mNativeObject  =0)/@0xc0fadcc,viewVisibility is0
11-19 16:42:03.759 W/ViewRootImpl[Toast](22290): EGLdebug relayoutWindow Surface isSurface(name=null)  (appName =com.color.phone.flash.caller.screen) ( mSurfaceControllerIsValid =true) (mNativeObject  =7a83759000)/@0xc0fadcc,relayoutResult is7
11-19 16:42:04.781 I/CommandQueue( 1610): updateBarBgColor
11-19 16:42:04.781 D/CommandQueue( 1610): CommandQueue, setBarBackgroundColor
11-19 16:42:04.860 D/ActivityThread(22290): Remove activity client record, r= ActivityRecord{3bf0c10 token=android.os.BinderProxy@a38150c {com.color.phone.flash.caller.screen/com.color.phone.flash.caller.screen.activity.AliasLaunchActivity}} token= android.os.BinderProxy@a38150c
11-19 16:42:05.094 E/wificond(  635): Failed to get NL80211_STA_INFO_CNAHLOAD
11-19 16:42:05.097 E/wificond(  635): Failed to get NL80211_STA_INFO_CNAHLOAD
11-19 16:42:05.753 V/ActivityThread(22290): ActivityThread,callActivityOnCreate
11-19 16:42:05.778 D/ActivityThread(22290): add activity client record, r= ActivityRecord{f5aff78 token=android.os.BinderProxy@8df22e1 {com.color.phone.flash.caller.screen/cn.cootek.colibrow.incomingcall.activity.CallDetailActivity}} token= android.os.BinderProxy@8df22e1
11-19 16:42:05.814 I/CommandQueue( 1610): updateBarBgColor
11-19 16:42:05.814 D/CommandQueue( 1610): CommandQueue, setBarBackgroundColor
11-19 16:42:05.839 W/ViewRootImpl[Toast](22290): EGLdebug relayoutWindow Surface isSurface(name=null)  (appName =com.color.phone.flash.caller.screen) ( mSurfaceControllerIsValid =false) (mNativeObject  =0)/@0x4ee6ecb,viewVisibility is0
11-19 16:42:05.846 W/ViewRootImpl[Toast](22290): EGLdebug relayoutWindow Surface isSurface(name=null)  (appName =com.color.phone.flash.caller.screen) ( mSurfaceControllerIsValid =true) (mNativeObject  =7a38bb3000)/@0x4ee6ecb,relayoutResult is7
11-19 16:42:05.991 E/wificond(  635): Failed to get NL80211_STA_INFO_CNAHLOAD
11-19 16:42:07.006 V/ActivityThread(22290): ActivityThread,callActivityOnCreate
11-19 16:42:07.018 D/ActivityThread(22290): add activity client record, r= ActivityRecord{d6318a1 token=android.os.BinderProxy@92a8d97 {com.color.phone.flash.caller.screen/com.color.phone.flash.caller.screen.activity.AliasLaunchActivity}} token= android.os.BinderProxy@92a8d97
11-19 16:42:07.057 I/chatty  ( 1165): uid=1000(system) Binder:1165_5 expire 85 lines
11-19 16:42:07.815 W/ViewRootImpl[Toast](22290): EGLdebug relayoutWindow Surface isSurface(name=null)  (appName =com.color.phone.flash.caller.screen) ( mSurfaceControllerIsValid =false) (mNativeObject  =0)/@0x1443614,viewVisibility is0
11-19 16:42:07.874 W/ViewRootImpl[Toast](22290): EGLdebug relayoutWindow Surface isSurface(name=null)  (appName =com.color.phone.flash.caller.screen) ( mSurfaceControllerIsValid =true) (mNativeObject  =7a38bb3000)/@0x1443614,relayoutResult is7
11-19 16:42:07.925 W/ViewRootImpl[Toast](22290): EGLdebug relayoutWindow Surface isSurface(name=null)  (appName =com.color.phone.flash.caller.screen) ( mSurfaceControllerIsValid =true) (mNativeObject  =7a38bb3000)/@0x1443614,viewVisibility is0
11-19 16:42:07.930 W/ViewRootImpl[Toast](22290): EGLdebug relayoutWindow Surface isSurface(name=null)  (appName =com.color.phone.flash.caller.screen) ( mSurfaceControllerIsValid =true) (mNativeObject  =7a38bb3000)/@0x1443614,relayoutResult is3
11-19 16:42:07.968 W/ViewRootImpl[Toast](22290): EGLdebug relayoutWindow Surface isSurface(name=null)  (appName =com.color.phone.flash.caller.screen) ( mSurfaceControllerIsValid =true) (mNativeObject  =7a38bb3000)/@0x1443614,viewVisibility is0
11-19 16:42:07.974 W/ViewRootImpl[Toast](22290): EGLdebug relayoutWindow Surface isSurface(name=null)  (appName =com.color.phone.flash.caller.screen) ( mSurfaceControllerIsValid =true) (mNativeObject  =7a38bb3000)/@0x1443614,relayoutResult is1
11-19 16:42:09.003 E/wificond(  635): Failed to get NL80211_STA_INFO_CNAHLOAD
11-19 16:42:09.022 D/ActivityThread(22290): Remove activity client record, r= ActivityRecord{f5aff78 token=android.os.BinderProxy@8df22e1 {com.color.phone.flash.caller.screen/cn.cootek.colibrow.incomingcall.activity.CallDetailActivity}} token= android.os.BinderProxy@8df22e1
11-19 16:42:09.055 I/CommandQueue( 1610): updateBarBgColor
11-19 16:42:09.055 D/CommandQueue( 1610): CommandQueue, setBarBackgroundColor
11-19 16:42:09.113 D/ActivityThread(22290): Remove activity client record, r= ActivityRecord{d6318a1 token=android.os.BinderProxy@92a8d97 {com.color.phone.flash.caller.screen/com.color.phone.flash.caller.screen.activity.AliasLaunchActivity}} token= android.os.BinderProxy@92a8d97
11-19 16:42:09.221 V/ActivityThread(22290): ActivityThread,callActivityOnCreate
11-19 16:42:09.234 D/ActivityThread(22290): add activity client record, r= ActivityRecord{47fd40e token=android.os.BinderProxy@8eb7555 {com.color.phone.flash.caller.screen/com.color.phone.flash.caller.screen.activity.AliasLaunchActivity}} token= android.os.BinderProxy@8eb7555
11-19 16:42:09.251 I/CommandQueue( 1610): updateBarBgColor
11-19 16:42:09.252 D/CommandQueue( 1610): CommandQueue, setBarBackgroundColor
11-19 16:42:11.107 I/chatty  ( 1165): uid=1000(system) batterystats-sy expire 4 lines
11-19 16:42:11.281 I/CommandQueue( 1610): updateBarBgColor
11-19 16:42:11.281 D/CommandQueue( 1610): CommandQueue, setBarBackgroundColor
11-19 16:42:11.292 I/chatty  ( 1165): uid=1000(system) android.display expire 10 lines
11-19 16:42:11.331 W/ViewRootImpl[Toast](22290): EGLdebug relayoutWindow Surface isSurface(name=null)  (appName =com.color.phone.flash.caller.screen) ( mSurfaceControllerIsValid =false) (mNativeObject  =0)/@0xecc121e,viewVisibility is0
11-19 16:42:11.338 W/ViewRootImpl[Toast](22290): EGLdebug relayoutWindow Surface isSurface(name=null)  (appName =com.color.phone.flash.caller.screen) ( mSurfaceControllerIsValid =true) (mNativeObject  =7a443eb000)/@0xecc121e,relayoutResult is7
11-19 16:42:11.376 D/ActivityThread(22290): Remove activity client record, r= ActivityRecord{47fd40e token=android.os.BinderProxy@8eb7555 {com.color.phone.flash.caller.screen/com.color.phone.flash.caller.screen.activity.AliasLaunchActivity}} token= android.os.BinderProxy@8eb7555
11-19 16:42:12.028 E/wificond(  635): Failed to get NL80211_STA_INFO_CNAHLOAD
11-19 16:42:12.310 V/ActivityThread(22290): ActivityThread,callActivityOnCreate
11-19 16:42:12.328 D/ActivityThread(22290): add activity client record, r= ActivityRecord{8a2544a token=android.os.BinderProxy@8cadcb {com.color.phone.flash.caller.screen/cn.cootek.colibrow.incomingcall.activity.CallDetailActivity}} token= android.os.BinderProxy@8cadcb
11-19 16:42:12.344 I/CommandQueue( 1610): updateBarBgColor
11-19 16:42:12.344 D/CommandQueue( 1610): CommandQueue, setBarBackgroundColor
11-19 16:42:12.637 V/ActivityThread(22290): ActivityThread,callActivityOnCreate
11-19 16:42:12.649 D/ActivityThread(22290): add activity client record, r= ActivityRecord{f98979b token=android.os.BinderProxy@ee86fa1 {com.color.phone.flash.caller.screen/com.color.phone.flash.caller.screen.activity.AliasLaunchActivity}} token= android.os.BinderProxy@ee86fa1
11-19 16:42:13.104 E/wificond(  635): Failed to get NL80211_STA_INFO_CNAHLOAD
11-19 16:42:13.107 E/wificond(  635): Failed to get NL80211_STA_INFO_CNAHLOAD
11-19 16:42:13.304 I/chatty  ( 1165): uid=1000(system) Binder:1165_7 expire 32 lines
11-19 16:42:13.315 W/ViewRootImpl[Toast](22290): EGLdebug relayoutWindow Surface isSurface(name=null)  (appName =com.color.phone.flash.caller.screen) ( mSurfaceControllerIsValid =false) (mNativeObject  =0)/@0xb1a0f44,viewVisibility is0
11-19 16:42:13.332 W/ViewRootImpl[Toast](22290): EGLdebug relayoutWindow Surface isSurface(name=null)  (appName =com.color.phone.flash.caller.screen) ( mSurfaceControllerIsValid =true) (mNativeObject  =7a443eb000)/@0xb1a0f44,relayoutResult is7
11-19 16:42:13.746 I/chatty  ( 1165): uid=1000(system) Binder:1165_B expire 17 lines
11-19 16:42:14.676 D/ActivityThread(22290): Remove activity client record, r= ActivityRecord{8a2544a token=android.os.BinderProxy@8cadcb {com.color.phone.flash.caller.screen/cn.cootek.colibrow.incomingcall.activity.CallDetailActivity}} token= android.os.BinderProxy@8cadcb
11-19 16:42:14.709 I/CommandQueue( 1610): updateBarBgColor
11-19 16:42:14.709 D/CommandQueue( 1610): CommandQueue, setBarBackgroundColor
11-19 16:42:14.765 D/ActivityThread(22290): Remove activity client record, r= ActivityRecord{f98979b token=android.os.BinderProxy@ee86fa1 {com.color.phone.flash.caller.screen/com.color.phone.flash.caller.screen.activity.AliasLaunchActivity}} token= android.os.BinderProxy@ee86fa1
11-19 16:42:14.976 I/CommandQueue( 1610): updateBarBgColor
11-19 16:42:14.976 D/CommandQueue( 1610): CommandQueue, setBarBackgroundColor
11-19 16:42:15.001 I/chatty  ( 1165): uid=1000(system) Binder:1165_D expire 88 lines
11-19 16:42:15.002 V/ActivityThread(22290): Handle window ActivityRecord{3d0f3e7 token=android.os.BinderProxy@3388917 {com.color.phone.flash.caller.screen/cootek.matrix.flashlight.activity.NotiReminderGuideActivity}} visibility: true
11-19 16:42:15.003 V/ActivityThread(22290): ActivityThread,callActivityOnCreate
11-19 16:42:15.007 D/ActivityThread(22290): add activity client record, r= ActivityRecord{19bb870 token=android.os.BinderProxy@6187417 {com.color.phone.flash.caller.screen/com.gz.gb.gbpermisson.PermissionActivity}} token= android.os.BinderProxy@6187417
11-19 16:42:15.025 I/CommandQueue( 1610): updateBarBgColor
11-19 16:42:15.025 D/CommandQueue( 1610): CommandQueue, setBarBackgroundColor
11-19 16:42:15.042 E/wificond(  635): Failed to get NL80211_STA_INFO_CNAHLOAD
11-19 16:42:15.347 W/ViewRootImpl[Toast](22290): EGLdebug relayoutWindow Surface isSurface(name=null)  (appName =com.color.phone.flash.caller.screen) ( mSurfaceControllerIsValid =false) (mNativeObject  =0)/@0x22c2ed0,viewVisibility is0
11-19 16:42:15.377 W/ViewRootImpl[Toast](22290): EGLdebug relayoutWindow Surface isSurface(name=null)  (appName =com.color.phone.flash.caller.screen) ( mSurfaceControllerIsValid =true) (mNativeObject  =7a443eb000)/@0x22c2ed0,relayoutResult is7
11-19 16:42:16.300 E//system/bin/storaged(  633): open file /data/storaged/storaged.txt failed!2
11-19 16:42:16.300 E//system/bin/storaged(  633): write(append)  diskstat data failed!ts:1542616936,read bytes:131002368, write bytes: 2715402240
11-19 16:42:16.306 E//system/bin/storaged(  633): curr_io_stats:  size: 89
11-19 16:42:16.309 E//system/bin/storaged(  633): open file /data/storaged/storaged.txt failed!2
11-19 16:42:16.310 E//system/bin/storaged(  633): write(append)  uid data failed!
11-19 16:42:16.310 E//system/bin/storaged(  633): pid_info get_pids failed
11-19 16:42:17.031 I/chatty  ( 1165): uid=1000(system) android.ui expire 15 lines
11-19 16:42:17.336 I/chatty  ( 1165): uid=1000 system_server expire 41 lines
11-19 16:42:17.424 W/ViewRootImpl[Toast](22290): EGLdebug relayoutWindow Surface isSurface(name=null)  (appName =com.color.phone.flash.caller.screen) ( mSurfaceControllerIsValid =false) (mNativeObject  =0)/@0x14aa971,viewVisibility is0
11-19 16:42:17.453 W/ViewRootImpl[Toast](22290): EGLdebug relayoutWindow Surface isSurface(name=null)  (appName =com.color.phone.flash.caller.screen) ( mSurfaceControllerIsValid =true) (mNativeObject  =7a443eb000)/@0x14aa971,relayoutResult is7
11-19 16:42:17.489 I/chatty  ( 1165): uid=1000(system) InputDispatcher expire 18 lines
11-19 16:42:17.596 D/ActivityThread(22290): Remove activity client record, r= ActivityRecord{19bb870 token=android.os.BinderProxy@6187417 {com.color.phone.flash.caller.screen/com.gz.gb.gbpermisson.PermissionActivity}} token= android.os.BinderProxy@6187417
11-19 16:42:17.883 I/chatty  ( 1165): uid=1000(system) android.anim expire 66 lines
11-19 16:42:18.037 I/chatty  ( 1165): uid=1000(system) Binder:1165_1A expire 94 lines
11-19 16:42:18.054 E/wificond(  635): Failed to get NL80211_STA_INFO_CNAHLOAD
11-19 16:42:18.756 I/CommandQueue( 1610): updateBarBgColor
11-19 16:42:18.756 D/CommandQueue( 1610): CommandQueue, setBarBackgroundColor
11-19 16:42:18.768 I/chatty  ( 1165): uid=1000(system) Binder:1165_5 expire 64 lines
11-19 16:42:18.789 V/ActivityThread(22290): ActivityThread,callActivityOnCreate
11-19 16:42:18.798 D/ActivityThread(22290): add activity client record, r= ActivityRecord{2206b97 token=android.os.BinderProxy@c486afd {com.color.phone.flash.caller.screen/com.color.phone.flash.caller.screen.activity.AliasLaunchActivity}} token= android.os.BinderProxy@c486afd
11-19 16:42:18.834 I/CommandQueue( 1610): updateBarBgColor
11-19 16:42:18.834 D/CommandQueue( 1610): CommandQueue, setBarBackgroundColor
11-19 16:42:19.380 W/ViewRootImpl[Toast](22290): EGLdebug relayoutWindow Surface isSurface(name=null)  (appName =com.color.phone.flash.caller.screen) ( mSurfaceControllerIsValid =false) (mNativeObject  =0)/@0x6ffdaaa,viewVisibility is0
11-19 16:42:19.385 W/ViewRootImpl[Toast](22290): EGLdebug relayoutWindow Surface isSurface(name=null)  (appName =com.color.phone.flash.caller.screen) ( mSurfaceControllerIsValid =true) (mNativeObject  =7a443eb000)/@0x6ffdaaa,relayoutResult is7
11-19 16:42:20.863 I/CommandQueue( 1610): updateBarBgColor
11-19 16:42:20.863 D/CommandQueue( 1610): CommandQueue, setBarBackgroundColor
11-19 16:42:20.915 D/ActivityThread(22290): Remove activity client record, r= ActivityRecord{2206b97 token=android.os.BinderProxy@c486afd {com.color.phone.flash.caller.screen/com.color.phone.flash.caller.screen.activity.AliasLaunchActivity}} token= android.os.BinderProxy@c486afd
11-19 16:42:21.062 E/wificond(  635): Failed to get NL80211_STA_INFO_CNAHLOAD
11-19 16:42:21.110 E/wificond(  635): Failed to get NL80211_STA_INFO_CNAHLOAD
11-19 16:42:21.412 W/ViewRootImpl[Toast](22290): EGLdebug relayoutWindow Surface isSurface(name=null)  (appName =com.color.phone.flash.caller.screen) ( mSurfaceControllerIsValid =false) (mNativeObject  =0)/@0x2727447,viewVisibility is0
11-19 16:42:21.428 W/ViewRootImpl[Toast](22290): EGLdebug relayoutWindow Surface isSurface(name=null)  (appName =com.color.phone.flash.caller.screen) ( mSurfaceControllerIsValid =true) (mNativeObject  =7a443eb000)/@0x2727447,relayoutResult is7
11-19 16:42:21.516 V/ActivityThread(22290): ActivityThread,callActivityOnCreate
11-19 16:42:21.527 D/ActivityThread(22290): add activity client record, r= ActivityRecord{3276510 token=android.os.BinderProxy@64fad5e {com.color.phone.flash.caller.screen/com.color.phone.flash.caller.screen.activity.AliasLaunchActivity}} token= android.os.BinderProxy@64fad5e
11-19 16:42:21.544 I/CommandQueue( 1610): updateBarBgColor
11-19 16:42:21.545 D/CommandQueue( 1610): CommandQueue, setBarBackgroundColor
11-19 16:42:21.839 I/chatty  ( 1165): uid=1000(system) StatisticsCHRMs expire 4 lines
11-19 16:42:23.488 W/ViewRootImpl[Toast](22290): EGLdebug relayoutWindow Surface isSurface(name=null)  (appName =com.color.phone.flash.caller.screen) ( mSurfaceControllerIsValid =false) (mNativeObject  =0)/@0x3a86304,viewVisibility is0
11-19 16:42:23.512 W/ViewRootImpl[Toast](22290): EGLdebug relayoutWindow Surface isSurface(name=null)  (appName =com.color.phone.flash.caller.screen) ( mSurfaceControllerIsValid =true) (mNativeObject  =7a443eb000)/@0x3a86304,relayoutResult is7
11-19 16:42:23.613 I/CommandQueue( 1610): updateBarBgColor
11-19 16:42:23.613 D/CommandQueue( 1610): CommandQueue, setBarBackgroundColor
11-19 16:42:23.616 I/chatty  ( 1165): uid=1000(system) Binder:1165_7 expire 45 lines
11-19 16:42:23.660 D/ActivityThread(22290): Remove activity client record, r= ActivityRecord{3276510 token=android.os.BinderProxy@64fad5e {com.color.phone.flash.caller.screen/com.color.phone.flash.caller.screen.activity.AliasLaunchActivity}} token= android.os.BinderProxy@64fad5e
11-19 16:42:23.738 V/ActivityThread(22290): ActivityThread,callActivityOnCreate
11-19 16:42:23.748 D/ActivityThread(22290): add activity client record, r= ActivityRecord{c8e1501 token=android.os.BinderProxy@dd209cd {com.color.phone.flash.caller.screen/com.color.phone.flash.caller.screen.activity.AliasLaunchActivity}} token= android.os.BinderProxy@dd209cd
11-19 16:42:23.760 I/CommandQueue( 1610): updateBarBgColor
11-19 16:42:23.760 D/CommandQueue( 1610): CommandQueue, setBarBackgroundColor
11-19 16:42:24.075 E/wificond(  635): Failed to get NL80211_STA_INFO_CNAHLOAD
11-19 16:42:25.522 W/ViewRootImpl[Toast](22290): EGLdebug relayoutWindow Surface isSurface(name=null)  (appName =com.color.phone.flash.caller.screen) ( mSurfaceControllerIsValid =false) (mNativeObject  =0)/@0xd6c611d,viewVisibility is0
11-19 16:42:25.549 W/ViewRootImpl[Toast](22290): EGLdebug relayoutWindow Surface isSurface(name=null)  (appName =com.color.phone.flash.caller.screen) ( mSurfaceControllerIsValid =true) (mNativeObject  =7a443eb000)/@0xd6c611d,relayoutResult is7
11-19 16:42:25.782 I/CommandQueue( 1610): updateBarBgColor
11-19 16:42:25.782 D/CommandQueue( 1610): CommandQueue, setBarBackgroundColor
11-19 16:42:25.822 D/ActivityThread(22290): Remove activity client record, r= ActivityRecord{c8e1501 token=android.os.BinderProxy@dd209cd {com.color.phone.flash.caller.screen/com.color.phone.flash.caller.screen.activity.AliasLaunchActivity}} token= android.os.BinderProxy@dd209cd
11-19 16:42:25.857 I/chatty  ( 1165): uid=1000(system) Binder:1165_10 expire 108 lines
11-19 16:42:25.858 I/CommandQueue( 1610): updateBarBgColor
11-19 16:42:25.858 D/CommandQueue( 1610): CommandQueue, setBarBackgroundColor
11-19 16:42:26.504 V/ActivityThread(22290): ActivityThread,callActivityOnCreate
11-19 16:42:26.516 D/ActivityThread(22290): add activity client record, r= ActivityRecord{b461a5f token=android.os.BinderProxy@bcb1d5a {com.color.phone.flash.caller.screen/com.color.phone.flash.caller.screen.activity.AliasLaunchActivity}} token= android.os.BinderProxy@bcb1d5a
11-19 16:42:26.538 I/CommandQueue( 1610): updateBarBgColor
11-19 16:42:26.538 D/CommandQueue( 1610): CommandQueue, setBarBackgroundColor
11-19 16:42:27.088 E/wificond(  635): Failed to get NL80211_STA_INFO_CNAHLOAD
11-19 16:42:27.101 I/chatty  ( 1165): uid=1000(system) android.ui expire 108 lines
11-19 16:42:27.452 I/chatty  ( 1165): uid=1000(system) Binder:1165_D expire 97 lines
11-19 16:42:27.472 W/ViewRootImpl[Toast](22290): EGLdebug relayoutWindow Surface isSurface(name=null)  (appName =com.color.phone.flash.caller.screen) ( mSurfaceControllerIsValid =false) (mNativeObject  =0)/@0x927c1f8,viewVisibility is0
11-19 16:42:27.479 W/ViewRootImpl[Toast](22290): EGLdebug relayoutWindow Surface isSurface(name=null)  (appName =com.color.phone.flash.caller.screen) ( mSurfaceControllerIsValid =true) (mNativeObject  =7a443eb000)/@0x927c1f8,relayoutResult is6
11-19 16:42:27.999 W/ViewRootImpl[Toast](22290): EGLdebug relayoutWindow Surface isSurface(name=null)  (appName =com.color.phone.flash.caller.screen) ( mSurfaceControllerIsValid =true) (mNativeObject  =7a443eb000)/@0x927c1f8,viewVisibility is0
11-19 16:42:28.002 W/ViewRootImpl[Toast](22290): EGLdebug relayoutWindow Surface isSurface(name=null)  (appName =com.color.phone.flash.caller.screen) ( mSurfaceControllerIsValid =true) (mNativeObject  =7a443eb000)/@0x927c1f8,relayoutResult is2
11-19 16:42:28.559 I/CommandQueue( 1610): updateBarBgColor
11-19 16:42:28.559 D/CommandQueue( 1610): CommandQueue, setBarBackgroundColor
11-19 16:42:28.617 D/ActivityThread(22290): Remove activity client record, r= ActivityRecord{b461a5f token=android.os.BinderProxy@bcb1d5a {com.color.phone.flash.caller.screen/com.color.phone.flash.caller.screen.activity.AliasLaunchActivity}} token= android.os.BinderProxy@bcb1d5a
11-19 16:42:28.621 I/chatty  ( 1165): uid=1000(system) Binder:1165_B expire 18 lines
11-19 16:42:28.875 V/ActivityThread(22290): ActivityThread,callActivityOnCreate
11-19 16:42:28.906 D/ActivityThread(22290): add activity client record, r= ActivityRecord{6223b0b token=android.os.BinderProxy@ec26b8 {com.color.phone.flash.caller.screen/cn.cootek.colibrow.incomingcall.activity.CallDetailActivity}} token= android.os.BinderProxy@ec26b8
11-19 16:42:28.923 I/CommandQueue( 1610): updateBarBgColor
11-19 16:42:28.923 D/CommandQueue( 1610): CommandQueue, setBarBackgroundColor
11-19 16:42:29.119 E/wificond(  635): Failed to get NL80211_STA_INFO_CNAHLOAD
11-19 16:42:29.122 E/wificond(  635): Failed to get NL80211_STA_INFO_CNAHLOAD
11-19 16:42:29.426 I/chatty  ( 1165): uid=1000 system_server expire 45 lines
11-19 16:42:29.482 I/chatty  ( 1165): uid=1000(system) Binder:1165_1A expire 32 lines
11-19 16:42:29.486 I/chatty  ( 1165): uid=1000(system) Binder:1165_1 expire 68 lines
11-19 16:42:29.510 I/chatty  ( 1165): uid=1000(system) android.anim expire 56 lines
11-19 16:42:29.531 W/ViewRootImpl[Toast](22290): EGLdebug relayoutWindow Surface isSurface(name=null)  (appName =com.color.phone.flash.caller.screen) ( mSurfaceControllerIsValid =false) (mNativeObject  =0)/@0x61840cf,viewVisibility is0
11-19 16:42:29.542 W/ViewRootImpl[Toast](22290): EGLdebug relayoutWindow Surface isSurface(name=null)  (appName =com.color.phone.flash.caller.screen) ( mSurfaceControllerIsValid =true) (mNativeObject  =7a443eb000)/@0x61840cf,relayoutResult is7
11-19 16:42:30.122 E/wificond(  635): Failed to get NL80211_STA_INFO_CNAHLOAD
11-19 16:42:30.765 I/chatty  ( 1165): uid=1000(system) InputDispatcher expire 24 lines
11-19 16:42:31.673 W/ViewRootImpl[Toast](22290): EGLdebug relayoutWindow Surface isSurface(name=null)  (appName =com.color.phone.flash.caller.screen) ( mSurfaceControllerIsValid =false) (mNativeObject  =0)/@0xe01190,viewVisibility is0
11-19 16:42:31.709 W/ViewRootImpl[Toast](22290): EGLdebug relayoutWindow Surface isSurface(name=null)  (appName =com.color.phone.flash.caller.screen) ( mSurfaceControllerIsValid =true) (mNativeObject  =7a5bf69000)/@0xe01190,relayoutResult is7
11-19 16:42:32.149 I/chatty  ( 1165): uid=1000(system) LazyTaskWriterT expire 11 lines
11-19 16:42:33.156 E/wificond(  635): Failed to get NL80211_STA_INFO_CNAHLOAD
