11-19 16:42:54.249 E/WifiHAL (  562): enter wifi_get_link_stats
11-19 16:42:54.263 E/wificond(  635): Failed to get NL80211_STA_INFO_CNAHLOAD
11-19 16:42:54.535 I/chatty  ( 1165): uid=1000(system) Binder:1165_3 expire 13 lines
11-19 16:42:54.560 D/KeyEvent( 5537): obtain, mHwFlags=0
11-19 16:42:54.609 D/KeyEvent( 5537): obtain, mHwFlags=0
11-19 16:42:55.032 D/KeyEvent( 5537): obtain, mHwFlags=0
11-19 16:42:55.032 I/chatty  ( 5537): uid=10054(u0_a54) com.baidu.input_huawei identical 16 lines
11-19 16:42:55.033 D/KeyEvent( 5537): obtain, mHwFlags=0
11-19 16:42:55.063 D/KeyEvent( 5537): obtain, mHwFlags=0
11-19 16:42:55.066 D/KeyEvent( 5537): obtain, mHwFlags=0
11-19 16:42:55.102 I/wangchen( 5537): SysInfo.getSysParam: orientation=1||config d=3.0,w=1080,h=1808||metrics d=3.0,w=1080,h=1808||sdk=26,bar_h=72
11-19 16:42:55.102 I/KeymapLoader( 5537): w=1080 h=1808 ori=true appScale=3.3 s1=3.0
11-19 16:42:55.105 D/KeyEvent( 5537): obtain, mHwFlags=0
11-19 16:42:55.105 D/KeyEvent( 5537): obtain, mHwFlags=0
11-19 16:42:55.893 E/Thermal-daemon(  634): [ap] temp_new :45  temp_old :46
11-19 16:42:55.894 I/chatty  ( 1776): uid=1000(system) Binder:1776_7 expire 13 lines
11-19 16:42:55.895 E/Thermal-daemon(  634): Report temperature: [ap] temp :45  report_threshold:1
11-19 16:42:55.962 D/KeyEvent( 5537): obtain, mHwFlags=0
11-19 16:42:56.014 D/KeyEvent( 5537): obtain, mHwFlags=0
11-19 16:42:56.869 I/Pged-IPgedBinderService(  641): ****action is 1, pid num is 2***
11-19 16:42:56.869 I/Pged-Freezer(  641): freezePids
11-19 16:42:56.869 I/Pged-Freezer(  641): Freeze process: 18689
11-19 16:42:56.896 V/ActivityThread(22290): ActivityThread,callActivityOnCreate
11-19 16:42:56.911 D/ActivityThread(22290): add activity client record, r= ActivityRecord{8831f01 token=android.os.BinderProxy@16d2f7 {com.color.phone.flash.caller.screen/com.color.phone.flash.caller.screen.activity.AliasLaunchActivity}} token= android.os.BinderProxy@16d2f7
11-19 16:42:56.916 V/SQLiteDatabase(15636): triggerBuildingIndex(): invalid id, return.
11-19 16:42:56.930 E/NetworkScheduler(15561): Invalid component specified.
11-19 16:42:56.935 V/SQLiteDatabase(15636): triggerBuildingIndex(): invalid id, return.
11-19 16:42:56.944 D/WorkSource(15561): Insert in WorkSource{} @ 0 uid 10019 name com.google.android.gms
11-19 16:42:56.946 E/NetworkScheduler(15561): Invalid component specified.
11-19 16:42:56.949 I/chatty  ( 1165): uid=1000(system) android.anim expire 21 lines
11-19 16:42:56.955 D/WorkSource(15561): Insert in WorkSource{} @ 0 uid 10019 name com.google.android.gms
11-19 16:42:56.955 V/SQLiteDatabase(15636): triggerBuildingIndex(): invalid id, return.
11-19 16:42:56.956 I/chatty  ( 1165): uid=1000(system) android.display expire 10 lines
11-19 16:42:56.958 I/wangchen( 5537): SysInfo.getSysParam: orientation=1||config d=3.0,w=1080,h=1808||metrics d=3.0,w=1080,h=1808||sdk=26,bar_h=72
11-19 16:42:56.958 I/KeymapLoader( 5537): w=1080 h=1808 ori=true appScale=3.3 s1=3.0
11-19 16:42:56.970 E/NetworkScheduler(15561): Invalid component specified.
11-19 16:42:56.975 D/WorkSource(15561): Insert in WorkSource{} @ 0 uid 10019 name com.google.android.gms
11-19 16:42:56.986 E/HsmCoreServiceImpl( 1761): onTransact in code is: 103
11-19 16:42:56.986 I/MediaProcessHandler( 1761): playingUids: 
11-19 16:42:57.271 E/WifiHAL (  562): enter wifi_get_link_stats
11-19 16:42:57.280 E/wificond(  635): Failed to get NL80211_STA_INFO_CNAHLOAD
11-19 16:42:57.281 I/chatty  ( 1165): uid=1000(system) HwWifiCHRStateM expire 15 lines
11-19 16:42:57.300 W/ViewRootImpl[Toast](22290): EGLdebug relayoutWindow Surface isSurface(name=null)  (appName =com.color.phone.flash.caller.screen) ( mSurfaceControllerIsValid =false) (mNativeObject  =0)/@0xefb64de,viewVisibility is0
11-19 16:42:57.306 W/ViewRootImpl[Toast](22290): EGLdebug relayoutWindow Surface isSurface(name=null)  (appName =com.color.phone.flash.caller.screen) ( mSurfaceControllerIsValid =true) (mNativeObject  =7a45c2d000)/@0xefb64de,relayoutResult is7
11-19 16:42:58.020 I/chatty  (22290): uid=10127(u0_a127) queued-work-loo expire 1 line
11-19 16:42:58.126 I/chatty  ( 1165): uid=1000(system) InputDispatcher expire 85 lines
11-19 16:42:58.141 D/KeyEvent( 5537): obtain, mHwFlags=0
11-19 16:42:58.141 D/KeyEvent( 5537): obtain, mHwFlags=0
11-19 16:42:58.141 D/KeyEvent( 5537): obtain, mHwFlags=0
11-19 16:42:58.141 I/chatty  ( 1165): uid=1000(system) android.ui expire 77 lines
11-19 16:42:58.141 D/KeyEvent( 5537): obtain, mHwFlags=0
11-19 16:42:58.141 D/KeyEvent( 5537): obtain, mHwFlags=0
11-19 16:42:58.141 D/KeyEvent( 5537): obtain, mHwFlags=0
11-19 16:42:58.143 D/KeyEvent( 5537): obtain, mHwFlags=0
11-19 16:42:58.372 I/Pged-IPgedBinderService(  641): ****action is 2, pid num is 2***
11-19 16:42:58.372 I/Pged-Freezer(  641): thawPids
11-19 16:42:58.790 D/KeyEvent( 5537): obtain, mHwFlags=0
11-19 16:42:58.806 D/KeyEvent( 5537): obtain, mHwFlags=0
11-19 16:42:58.908 I/chatty  (23863): uid=2000(shell) com.android.commands.monkey expire 3 lines
11-19 16:42:58.931 D/ActivityThread(22290): Remove activity client record, r= ActivityRecord{74d109b token=android.os.BinderProxy@e1dd0a1 {com.color.phone.flash.caller.screen/cn.cootek.colibrow.incomingcall.activity.CallDetailActivity}} token= android.os.BinderProxy@e1dd0a1
11-19 16:42:58.936 W/libc    (  499): Set property "hw.wifi.dns_stat" to "892,599,1252,1,16834"
11-19 16:42:58.964 I/CommandQueue( 1610): updateBarBgColor
11-19 16:42:58.964 D/CommandQueue( 1610): CommandQueue, setBarBackgroundColor
11-19 16:42:58.967 V/SQLiteDatabase(15636): triggerBuildingIndex(): invalid id, return.
11-19 16:42:58.976 I/wangchen( 5537): SysInfo.getSysParam: orientation=1||config d=3.0,w=1080,h=1808||metrics d=3.0,w=1080,h=1808||sdk=26,bar_h=72
11-19 16:42:58.976 I/KeymapLoader( 5537): w=1080 h=1808 ori=true appScale=3.3 s1=3.0
11-19 16:42:58.978 E/NetworkScheduler(15561): Invalid component specified.
11-19 16:42:58.984 D/WorkSource(15561): Insert in WorkSource{} @ 0 uid 10019 name com.google.android.gms
11-19 16:42:58.985 V/SQLiteDatabase(15636): triggerBuildingIndex(): invalid id, return.
11-19 16:42:58.995 I/chatty  (23863): uid=2000(shell) com.android.commands.monkey expire 24 lines
11-19 16:42:58.995 I/chatty  (22290): uid=10127(u0_a127) com.color.phone.flash.caller.screen expire 96 lines
11-19 16:42:58.996 I/chatty  ( 1165): uid=1000(system) Binder:1165_16 expire 184 lines
11-19 16:42:58.999 E/NetworkScheduler(15561): Invalid component specified.
11-19 16:42:59.008 D/WorkSource(15561): Insert in WorkSource{} @ 0 uid 10019 name com.google.android.gms
11-19 16:42:59.042 V/SQLiteDatabase(15636): triggerBuildingIndex(): invalid id, return.
11-19 16:42:59.044 E/HsmCoreServiceImpl( 1761): onTransact in code is: 103
11-19 16:42:59.044 I/MediaProcessHandler( 1761): playingUids: 
11-19 16:42:59.059 E/NetworkScheduler(15561): Invalid component specified.
11-19 16:42:59.060 D/WorkSource(15561): Insert in WorkSource{} @ 0 uid 10019 name com.google.android.gms
11-19 16:42:59.065 V/ActivityThread(22290): ActivityThread,callActivityOnCreate
11-19 16:42:59.069 V/SQLiteDatabase(15636): triggerBuildingIndex(): invalid id, return.
11-19 16:42:59.083 E/NetworkScheduler(15561): Invalid component specified.
11-19 16:42:59.091 D/ActivityThread(22290): add activity client record, r= ActivityRecord{95a97aa token=android.os.BinderProxy@3e81eee {com.color.phone.flash.caller.screen/cn.cootek.colibrow.incomingcall.activity.CallDetailActivity}} token= android.os.BinderProxy@3e81eee
11-19 16:42:59.092 D/WorkSource(15561): Insert in WorkSource{} @ 0 uid 10019 name com.google.android.gms
11-19 16:42:59.105 I/CommandQueue( 1610): updateBarBgColor
11-19 16:42:59.105 D/CommandQueue( 1610): CommandQueue, setBarBackgroundColor
11-19 16:42:59.106 I/chatty  ( 1165): uid=1000(system) Binder:1165_16 expire 15 lines
11-19 16:42:59.110 V/SQLiteDatabase(15636): triggerBuildingIndex(): invalid id, return.
11-19 16:42:59.116 D/ActivityThread(22290): Remove activity client record, r= ActivityRecord{8831f01 token=android.os.BinderProxy@16d2f7 {com.color.phone.flash.caller.screen/com.color.phone.flash.caller.screen.activity.AliasLaunchActivity}} token= android.os.BinderProxy@16d2f7
11-19 16:42:59.123 E/NetworkScheduler(15561): Invalid component specified.
11-19 16:42:59.127 D/WorkSource(15561): Insert in WorkSource{} @ 0 uid 10019 name com.google.android.gms
11-19 16:42:59.140 I/wangchen( 5537): SysInfo.getSysParam: orientation=1||config d=3.0,w=1080,h=1808||metrics d=3.0,w=1080,h=1808||sdk=26,bar_h=72
11-19 16:42:59.140 I/KeymapLoader( 5537): w=1080 h=1808 ori=true appScale=3.3 s1=3.0
11-19 16:42:59.153 E/HsmCoreServiceImpl( 1761): onTransact in code is: 103
11-19 16:42:59.153 I/MediaProcessHandler( 1761): playingUids: 
11-19 16:42:59.324 W/ViewRootImpl[Toast](22290): EGLdebug relayoutWindow Surface isSurface(name=null)  (appName =com.color.phone.flash.caller.screen) ( mSurfaceControllerIsValid =false) (mNativeObject  =0)/@0x79d75d6,viewVisibility is0
11-19 16:42:59.326 D/SurfaceFlinger(  567): duplicate layer name: changing Toast to Toast#1
11-19 16:42:59.330 W/ViewRootImpl[Toast](22290): EGLdebug relayoutWindow Surface isSurface(name=null)  (appName =com.color.phone.flash.caller.screen) ( mSurfaceControllerIsValid =true) (mNativeObject  =7a45c2d000)/@0x79d75d6,relayoutResult is7
11-19 16:42:59.405 I/chatty  ( 1165): uid=1000(system) InputDispatcher expire 16 lines
11-19 16:42:59.406 D/KeyEvent( 5537): obtain, mHwFlags=0
11-19 16:42:59.407 D/KeyEvent( 5537): obtain, mHwFlags=0
11-19 16:42:59.423 I/wangchen( 5537): SysInfo.getSysParam: orientation=1||config d=3.0,w=1080,h=1808||metrics d=3.0,w=1080,h=1808||sdk=26,bar_h=72
11-19 16:42:59.423 I/KeymapLoader( 5537): w=1080 h=1808 ori=true appScale=3.3 s1=3.0
11-19 16:42:59.665 V/ActivityThread(22290): ActivityThread,callActivityOnCreate
11-19 16:42:59.678 D/ActivityThread(22290): add activity client record, r= ActivityRecord{ec833f8 token=android.os.BinderProxy@8dd0086 {com.color.phone.flash.caller.screen/com.color.phone.flash.caller.screen.activity.AliasLaunchActivity}} token= android.os.BinderProxy@8dd0086
11-19 16:42:59.698 V/SQLiteDatabase(15636): triggerBuildingIndex(): invalid id, return.
11-19 16:42:59.711 E/NetworkScheduler(15561): Invalid component specified.
11-19 16:42:59.716 D/WorkSource(15561): Insert in WorkSource{} @ 0 uid 10019 name com.google.android.gms
11-19 16:42:59.722 V/SQLiteDatabase(15636): triggerBuildingIndex(): invalid id, return.
11-19 16:42:59.731 I/wangchen( 5537): SysInfo.getSysParam: orientation=1||config d=3.0,w=1080,h=1808||metrics d=3.0,w=1080,h=1808||sdk=26,bar_h=72
11-19 16:42:59.731 I/KeymapLoader( 5537): w=1080 h=1808 ori=true appScale=3.3 s1=3.0
11-19 16:42:59.734 E/NetworkScheduler(15561): Invalid component specified.
11-19 16:42:59.743 D/WorkSource(15561): Insert in WorkSource{} @ 0 uid 10019 name com.google.android.gms
11-19 16:42:59.756 I/chatty  ( 1610): uid=10027(u0_a27) Binder:1610_3 expire 5 lines
11-19 16:42:59.756 E/HsmCoreServiceImpl( 1761): onTransact in code is: 103
11-19 16:42:59.756 I/MediaProcessHandler( 1761): playingUids: 
11-19 16:43:00.002 I/chatty  ( 1610): uid=10027(u0_a27) com.android.systemui expire 53 lines
11-19 16:43:00.018 I/HwLauncher( 1813): Model  onReceive intent=Intent { act=android.intent.action.TIME_TICK flg=0x50200014 hwFlg=0x900 (has extras) }
11-19 16:43:00.018 I/HwLauncher( 1813): Model  onReceive user=UserHandle{0}
11-19 16:43:00.022 I/chatty  ( 1610): uid=10027(u0_a27) KG_Background_H expire 8 lines
11-19 16:43:00.035 I/[HwRecSys]TimerController( 2782): onMinuteChange requestWeather
11-19 16:43:00.286 E/WifiHAL (  562): enter wifi_get_link_stats
11-19 16:43:00.293 E/wificond(  635): Failed to get NL80211_STA_INFO_CNAHLOAD
11-19 16:43:00.468 D/KeyEvent( 5537): obtain, mHwFlags=0
11-19 16:43:00.481 D/KeyEvent( 5537): obtain, mHwFlags=0
11-19 16:43:00.896 E/Thermal-daemon(  634): [battery] temp_new :35  temp_old :36
11-19 16:43:00.898 E/Thermal-daemon(  634): Report temperature: [battery] temp :35  report_threshold:1
11-19 16:43:01.155 E/wificond(  635): Failed to get NL80211_STA_INFO_CNAHLOAD
11-19 16:43:01.157 E/wificond(  635): Failed to get NL80211_STA_INFO_CNAHLOAD
11-19 16:43:01.159 I/chatty  ( 1165): uid=1000(system) HuaweiWifiWatch expire 36 lines
11-19 16:43:01.160 I/chatty  ( 1165): uid=1000(system) wifipro_uid_tcp expire 10 lines
11-19 16:43:01.181 V/SQLiteDatabase(15636): triggerBuildingIndex(): invalid id, return.
11-19 16:43:01.189 I/chatty  ( 1165): uid=1000(system) Binder:1165_18 expire 87 lines
11-19 16:43:01.196 E/NetworkScheduler(15561): Invalid component specified.
11-19 16:43:01.199 D/WorkSource(15561): Insert in WorkSource{} @ 0 uid 10019 name com.google.android.gms
11-19 16:43:01.292 I/chatty  ( 1776): uid=1000(system) actions handler expire 12 lines
11-19 16:43:01.309 I/chatty  ( 1165): uid=1000 system_server expire 38 lines
11-19 16:43:01.314 W/ViewRootImpl[Toast](22290): EGLdebug relayoutWindow Surface isSurface(name=null)  (appName =com.color.phone.flash.caller.screen) ( mSurfaceControllerIsValid =false) (mNativeObject  =0)/@0x67e470f,viewVisibility is0
11-19 16:43:01.320 W/ViewRootImpl[Toast](22290): EGLdebug relayoutWindow Surface isSurface(name=null)  (appName =com.color.phone.flash.caller.screen) ( mSurfaceControllerIsValid =true) (mNativeObject  =7a45c2d000)/@0x67e470f,relayoutResult is7
11-19 16:43:01.358 I/chatty  ( 1165): uid=1000(system) Binder:1165_18 expire 22 lines
11-19 16:43:01.363 D/KeyEvent( 5537): obtain, mHwFlags=0
11-19 16:43:01.364 D/KeyEvent( 5537): obtain, mHwFlags=0
11-19 16:43:01.672 I/chatty  (23863): uid=2000(shell) com.android.commands.monkey expire 2 lines
11-19 16:43:01.693 D/ActivityThread(22290): Remove activity client record, r= ActivityRecord{95a97aa token=android.os.BinderProxy@3e81eee {com.color.phone.flash.caller.screen/cn.cootek.colibrow.incomingcall.activity.CallDetailActivity}} token= android.os.BinderProxy@3e81eee
11-19 16:43:01.698 W/libc    (  499): Set property "hw.wifi.dns_stat" to "893,600,1252,1,16834"
11-19 16:43:01.729 I/CommandQueue( 1610): updateBarBgColor
11-19 16:43:01.729 D/CommandQueue( 1610): CommandQueue, setBarBackgroundColor
11-19 16:43:01.734 V/SQLiteDatabase(15636): triggerBuildingIndex(): invalid id, return.
11-19 16:43:01.742 I/wangchen( 5537): SysInfo.getSysParam: orientation=1||config d=3.0,w=1080,h=1808||metrics d=3.0,w=1080,h=1808||sdk=26,bar_h=72
11-19 16:43:01.742 I/KeymapLoader( 5537): w=1080 h=1808 ori=true appScale=3.3 s1=3.0
11-19 16:43:01.746 E/NetworkScheduler(15561): Invalid component specified.
11-19 16:43:01.751 D/WorkSource(15561): Insert in WorkSource{} @ 0 uid 10019 name com.google.android.gms
11-19 16:43:01.751 I/chatty  ( 1165): uid=1000(system) Binder:1165_1A expire 23 lines
11-19 16:43:01.776 D/KeyEvent( 5537): obtain, mHwFlags=0
11-19 16:43:01.779 D/ActivityThread(22290): Remove activity client record, r= ActivityRecord{ec833f8 token=android.os.BinderProxy@8dd0086 {com.color.phone.flash.caller.screen/com.color.phone.flash.caller.screen.activity.AliasLaunchActivity}} token= android.os.BinderProxy@8dd0086
11-19 16:43:01.782 D/KeyEvent( 5537): obtain, mHwFlags=0
11-19 16:43:01.805 E/HsmCoreServiceImpl( 1761): onTransact in code is: 103
11-19 16:43:01.805 I/MediaProcessHandler( 1761): playingUids: 
11-19 16:43:01.979 I/chatty  ( 1165): uid=1000(system) Binder:1165_1A expire 15 lines
11-19 16:43:01.981 D/KeyEvent( 5537): obtain, mHwFlags=0
11-19 16:43:01.990 D/KeyEvent( 5537): obtain, mHwFlags=0
11-19 16:43:02.185 I/chatty  (23863): uid=2000(shell) com.android.commands.monkey expire 3 lines
11-19 16:43:02.220 I/chatty  (23863): uid=2000(shell) com.android.commands.monkey expire 1 line
11-19 16:43:02.238 V/SQLiteDatabase(15636): triggerBuildingIndex(): invalid id, return.
11-19 16:43:02.248 E/NetworkScheduler(15561): Invalid component specified.
11-19 16:43:02.259 D/WorkSource(15561): Insert in WorkSource{} @ 0 uid 10019 name com.google.android.gms
11-19 16:43:02.267 V/SQLiteDatabase(15636): triggerBuildingIndex(): invalid id, return.
11-19 16:43:02.267 V/ActivityThread(22290): ActivityThread,callActivityOnCreate
11-19 16:43:02.281 E/NetworkScheduler(15561): Invalid component specified.
11-19 16:43:02.283 D/WorkSource(15561): Insert in WorkSource{} @ 0 uid 10019 name com.google.android.gms
11-19 16:43:02.284 D/ActivityThread(22290): add activity client record, r= ActivityRecord{b07a3ad token=android.os.BinderProxy@ac26439 {com.color.phone.flash.caller.screen/cn.cootek.colibrow.incomingcall.activity.CallDetailActivity}} token= android.os.BinderProxy@ac26439
11-19 16:43:02.287 I/chatty  ( 1165): uid=1000(system) Binder:1165_F expire 141 lines
11-19 16:43:02.298 I/CommandQueue( 1610): updateBarBgColor
11-19 16:43:02.298 D/CommandQueue( 1610): CommandQueue, setBarBackgroundColor
11-19 16:43:02.301 I/chatty  (  531): uid=1000(system) allocator@2.0-s expire 100 lines
11-19 16:43:02.306 V/SQLiteDatabase(15636): triggerBuildingIndex(): invalid id, return.
11-19 16:43:02.318 E/NetworkScheduler(15561): Invalid component specified.
11-19 16:43:02.324 D/WorkSource(15561): Insert in WorkSource{} @ 0 uid 10019 name com.google.android.gms
11-19 16:43:02.327 I/wangchen( 5537): SysInfo.getSysParam: orientation=1||config d=3.0,w=1080,h=1808||metrics d=3.0,w=1080,h=1808||sdk=26,bar_h=72
11-19 16:43:02.327 I/KeymapLoader( 5537): w=1080 h=1808 ori=true appScale=3.3 s1=3.0
11-19 16:43:02.332 D/BarTransitions.HwNavigationBarView( 1610): MODE_TRANSPARENT -> MODE_TRANSLUCENT animate=false
11-19 16:43:02.332 D/BarTransitions.HwNavigationBarView( 1610): applyModeBackground oldMode=MODE_TRANSPARENT newMode=MODE_TRANSLUCENT animate=false
11-19 16:43:02.354 D/HwRecentsLockUtils( 1610): Search
11-19 16:43:02.354 E/HsmCoreServiceImpl( 1761): onTransact in code is: 103
11-19 16:43:02.354 I/MediaProcessHandler( 1761): playingUids: 
11-19 16:43:02.357 W/SystemServicesProxy( 1610): getThumbnail taskId 151getTaskSnapshot new null
11-19 16:43:02.371 I/chatty  ( 1776): uid=1000(system) core expire 12 lines
11-19 16:43:02.396 I/chatty  (23863): uid=2000(shell) com.android.commands.monkey expire 4 lines
11-19 16:43:02.418 V/ActivityThread(22290): ActivityThread,callActivityOnCreate
11-19 16:43:02.428 D/ActivityThread(22290): add activity client record, r= ActivityRecord{3e0c390 token=android.os.BinderProxy@5327319 {com.color.phone.flash.caller.screen/com.color.phone.flash.caller.screen.activity.AliasLaunchActivity}} token= android.os.BinderProxy@5327319
11-19 16:43:02.444 I/chatty  ( 1165): uid=1000(system) Binder:1165_F expire 22 lines
11-19 16:43:02.449 V/SQLiteDatabase(15636): triggerBuildingIndex(): invalid id, return.
11-19 16:43:02.463 D/BarTransitions.HwPhoneStatusBarView( 1610): MODE_TRANSLUCENT -> MODE_TRANSPARENT animate=false
11-19 16:43:02.463 D/BarTransitions.HwPhoneStatusBarView( 1610): applyModeBackground oldMode=MODE_TRANSLUCENT newMode=MODE_TRANSPARENT animate=false
11-19 16:43:02.468 I/wangchen( 5537): SysInfo.getSysParam: orientation=1||config d=3.0,w=1080,h=1808||metrics d=3.0,w=1080,h=1808||sdk=26,bar_h=72
11-19 16:43:02.468 I/KeymapLoader( 5537): w=1080 h=1808 ori=true appScale=3.3 s1=3.0
11-19 16:43:02.470 V/SQLiteDatabase(15636): triggerBuildingIndex(): invalid id, return.
11-19 16:43:02.470 E/NetworkScheduler(15561): Invalid component specified.
11-19 16:43:02.472 D/WorkSource(15561): Insert in WorkSource{} @ 0 uid 10019 name com.google.android.gms
11-19 16:43:02.478 D/BarTransitions.HwNavigationBarView( 1610): MODE_TRANSLUCENT -> MODE_TRANSPARENT animate=false
11-19 16:43:02.478 D/BarTransitions.HwNavigationBarView( 1610): applyModeBackground oldMode=MODE_TRANSLUCENT newMode=MODE_TRANSPARENT animate=false
11-19 16:43:02.484 E/NetworkScheduler(15561): Invalid component specified.
11-19 16:43:02.491 D/WorkSource(15561): Insert in WorkSource{} @ 0 uid 10019 name com.google.android.gms
11-19 16:43:02.508 D/HwRecentsLockUtils( 1610): Search
11-19 16:43:02.508 E/HsmCoreServiceImpl( 1761): onTransact in code is: 103
11-19 16:43:02.508 I/MediaProcessHandler( 1761): playingUids: 
11-19 16:43:02.511 W/SystemServicesProxy( 1610): getThumbnail taskId 151getTaskSnapshot new null
11-19 16:43:02.607 I/chatty  ( 1165): uid=1000 system_server expire 39 lines
11-19 16:43:02.815 I/Monkey  (23863):     // Injection Failed
11-19 16:43:02.816 I/Monkey  (23863):     // Injection Failed
11-19 16:43:02.816 I/Monkey  (23863): :Sending Touch (ACTION_UP): 0:(469.24792,731.11163)
11-19 16:43:02.817 I/Monkey  (23863):     // Injection Failed
11-19 16:43:03.018 I/Monkey  (23863): :Sending Touch (ACTION_DOWN): 0:(499.0,740.0)
11-19 16:43:03.030 I/Monkey  (23863): :Sending Touch (ACTION_UP): 0:(558.23883,655.2179)
11-19 16:43:03.233 I/Monkey  (23863): :Sending Touch (ACTION_DOWN): 0:(360.0,491.0)
11-19 16:43:03.239 I/Monkey  (23863): :Sending Touch (ACTION_UP): 0:(385.01498,504.69308)
11-19 16:43:03.301 E/WifiHAL (  562): enter wifi_get_link_stats
11-19 16:43:03.313 E/wificond(  635): Failed to get NL80211_STA_INFO_CNAHLOAD
11-19 16:43:03.313 I/chatty  ( 1165): uid=1000(system) WifiStateMachin expire 12 lines
11-19 16:43:03.346 W/ViewRootImpl[Toast](22290): EGLdebug relayoutWindow Surface isSurface(name=null)  (appName =com.color.phone.flash.caller.screen) ( mSurfaceControllerIsValid =false) (mNativeObject  =0)/@0xe40a4ab,viewVisibility is0
11-19 16:43:03.353 D/SurfaceFlinger(  567): duplicate layer name: changing Toast to Toast#1
11-19 16:43:03.363 W/ViewRootImpl[Toast](22290): EGLdebug relayoutWindow Surface isSurface(name=null)  (appName =com.color.phone.flash.caller.screen) ( mSurfaceControllerIsValid =true) (mNativeObject  =7a45c2d000)/@0xe40a4ab,relayoutResult is7
11-19 16:43:03.370 I/chatty  (22290): uid=10127(u0_a127) RenderThread expire 54 lines
11-19 16:43:03.442 I/Monkey  (23863): :Sending Touch (ACTION_DOWN): 0:(95.0,1192.0)
11-19 16:43:03.450 I/Monkey  (23863): :Sending Touch (ACTION_UP): 0:(88.16489,1242.2714)
11-19 16:43:03.654 I/Monkey  (23863): :Sending Touch (ACTION_DOWN): 0:(969.0,22.0)
11-19 16:43:03.666 I/Monkey  (23863): :Sending Touch (ACTION_UP): 0:(993.7831,36.988205)
11-19 16:43:03.879 I/Monkey  (23863): :Sending Touch (ACTION_DOWN): 0:(1050.0,823.0)
11-19 16:43:03.896 I/Monkey  (23863):     // Injection Failed
11-19 16:43:03.902 I/chatty  (23863): uid=2000(shell) com.android.commands.monkey identical 115 lines
11-19 16:43:04.440 I/Pged-IPgedBinderService(  641): ****action is 1, pid num is 2***
11-19 16:43:04.440 I/Pged-Freezer(  641): freezePids
11-19 16:43:04.440 I/Pged-Freezer(  641): Freeze process: 18689
11-19 16:43:04.460 D/ActivityThread(22290): Remove activity client record, r= ActivityRecord{b07a3ad token=android.os.BinderProxy@ac26439 {com.color.phone.flash.caller.screen/cn.cootek.colibrow.incomingcall.activity.CallDetailActivity}} token= android.os.BinderProxy@ac26439
11-19 16:43:04.467 W/libc    (  499): Set property "hw.wifi.dns_stat" to "894,601,1252,1,16834"
11-19 16:43:04.489 V/SQLiteDatabase(15636): triggerBuildingIndex(): invalid id, return.
11-19 16:43:04.496 I/CommandQueue( 1610): updateBarBgColor
11-19 16:43:04.496 D/CommandQueue( 1610): CommandQueue, setBarBackgroundColor
11-19 16:43:04.496 D/TintManager( 1610): statusBarIconTint=#99FFFFFF,navigationBarIconTint=#FF000000
11-19 16:43:04.504 E/NetworkScheduler(15561): Invalid component specified.
11-19 16:43:04.510 V/SQLiteDatabase(15636): triggerBuildingIndex(): invalid id, return.
11-19 16:43:04.512 D/WorkSource(15561): Insert in WorkSource{} @ 0 uid 10019 name com.google.android.gms
11-19 16:43:04.522 E/NetworkScheduler(15561): Invalid component specified.
11-19 16:43:04.524 I/wangchen( 5537): SysInfo.getSysParam: orientation=1||config d=3.0,w=1080,h=1808||metrics d=3.0,w=1080,h=1808||sdk=26,bar_h=72
11-19 16:43:04.524 I/KeymapLoader( 5537): w=1080 h=1808 ori=true appScale=3.3 s1=3.0
11-19 16:43:04.531 D/KeyEvent( 5537): obtain, mHwFlags=0
11-19 16:43:04.532 D/WorkSource(15561): Insert in WorkSource{} @ 0 uid 10019 name com.google.android.gms
11-19 16:43:04.532 D/KeyEvent( 5537): obtain, mHwFlags=0
11-19 16:43:04.548 D/ActivityThread(22290): Remove activity client record, r= ActivityRecord{3e0c390 token=android.os.BinderProxy@5327319 {com.color.phone.flash.caller.screen/com.color.phone.flash.caller.screen.activity.AliasLaunchActivity}} token= android.os.BinderProxy@5327319
11-19 16:43:04.573 D/HwRecentsLockUtils( 1610): Search
11-19 16:43:04.573 E/HsmCoreServiceImpl( 1761): onTransact in code is: 103
11-19 16:43:04.573 I/MediaProcessHandler( 1761): playingUids: 
11-19 16:43:04.576 W/SystemServicesProxy( 1610): getThumbnail taskId 151getTaskSnapshot new null
11-19 16:43:04.777 V/SQLiteDatabase(15636): triggerBuildingIndex(): invalid id, return.
11-19 16:43:04.797 E/NetworkScheduler(15561): Invalid component specified.
11-19 16:43:04.801 D/WorkSource(15561): Insert in WorkSource{} @ 0 uid 10019 name com.google.android.gms
11-19 16:43:04.802 V/ActivityThread(22290): ActivityThread,callActivityOnCreate
11-19 16:43:04.808 V/SQLiteDatabase(15636): triggerBuildingIndex(): invalid id, return.
11-19 16:43:04.821 E/NetworkScheduler(15561): Invalid component specified.
11-19 16:43:04.830 D/WorkSource(15561): Insert in WorkSource{} @ 0 uid 10019 name com.google.android.gms
11-19 16:43:04.835 D/ActivityThread(22290): add activity client record, r= ActivityRecord{9e67f57 token=android.os.BinderProxy@4a14bd {com.color.phone.flash.caller.screen/cn.cootek.colibrow.incomingcall.activity.CallDetailActivity}} token= android.os.BinderProxy@4a14bd
11-19 16:43:04.839 I/chatty  ( 1165): uid=1000(system) Binder:1165_3 expire 148 lines
11-19 16:43:04.850 I/CommandQueue( 1610): updateBarBgColor
11-19 16:43:04.850 D/CommandQueue( 1610): CommandQueue, setBarBackgroundColor
11-19 16:43:04.850 D/TintManager( 1610): statusBarIconTint=#99FFFFFF,navigationBarIconTint=#FF000000
11-19 16:43:04.857 V/SQLiteDatabase(15636): triggerBuildingIndex(): invalid id, return.
11-19 16:43:04.866 E/NetworkScheduler(15561): Invalid component specified.
11-19 16:43:04.873 I/chatty  ( 1165): uid=1000(system) android.anim expire 141 lines
11-19 16:43:04.876 D/WorkSource(15561): Insert in WorkSource{} @ 0 uid 10019 name com.google.android.gms
11-19 16:43:04.879 I/wangchen( 5537): SysInfo.getSysParam: orientation=1||config d=3.0,w=1080,h=1808||metrics d=3.0,w=1080,h=1808||sdk=26,bar_h=72
11-19 16:43:04.879 I/KeymapLoader( 5537): w=1080 h=1808 ori=true appScale=3.3 s1=3.0
11-19 16:43:04.882 D/BarTransitions.HwPhoneStatusBarView( 1610): MODE_TRANSPARENT -> MODE_TRANSLUCENT animate=false
11-19 16:43:04.882 D/BarTransitions.HwPhoneStatusBarView( 1610): applyModeBackground oldMode=MODE_TRANSPARENT newMode=MODE_TRANSLUCENT animate=false
11-19 16:43:04.882 D/BarTransitions.HwNavigationBarView( 1610): MODE_TRANSPARENT -> MODE_TRANSLUCENT animate=false
11-19 16:43:04.882 D/BarTransitions.HwNavigationBarView( 1610): applyModeBackground oldMode=MODE_TRANSPARENT newMode=MODE_TRANSLUCENT animate=false
11-19 16:43:04.891 D/HwRecentsLockUtils( 1610): Search
11-19 16:43:04.892 E/HsmCoreServiceImpl( 1761): onTransact in code is: 103
11-19 16:43:04.892 I/MediaProcessHandler( 1761): playingUids: 
11-19 16:43:04.894 W/SystemServicesProxy( 1610): getThumbnail taskId 151getTaskSnapshot new null
11-19 16:43:04.968 V/ActivityThread(22290): ActivityThread,callActivityOnCreate
11-19 16:43:04.979 D/ActivityThread(22290): add activity client record, r= ActivityRecord{568d42f token=android.os.BinderProxy@15e196a {com.color.phone.flash.caller.screen/com.color.phone.flash.caller.screen.activity.AliasLaunchActivity}} token= android.os.BinderProxy@15e196a
11-19 16:43:05.017 D/BarTransitions.HwPhoneStatusBarView( 1610): MODE_TRANSLUCENT -> MODE_TRANSPARENT animate=false
11-19 16:43:05.017 D/BarTransitions.HwPhoneStatusBarView( 1610): applyModeBackground oldMode=MODE_TRANSLUCENT newMode=MODE_TRANSPARENT animate=false
11-19 16:43:05.019 V/SQLiteDatabase(15636): triggerBuildingIndex(): invalid id, return.
11-19 16:43:05.020 I/wangchen( 5537): SysInfo.getSysParam: orientation=1||config d=3.0,w=1080,h=1808||metrics d=3.0,w=1080,h=1808||sdk=26,bar_h=72
11-19 16:43:05.020 I/KeymapLoader( 5537): w=1080 h=1808 ori=true appScale=3.3 s1=3.0
11-19 16:43:05.031 D/BarTransitions.HwNavigationBarView( 1610): MODE_TRANSLUCENT -> MODE_TRANSPARENT animate=false
11-19 16:43:05.031 D/BarTransitions.HwNavigationBarView( 1610): applyModeBackground oldMode=MODE_TRANSLUCENT newMode=MODE_TRANSPARENT animate=false
11-19 16:43:05.034 E/NetworkScheduler(15561): Invalid component specified.
11-19 16:43:05.038 V/SQLiteDatabase(15636): triggerBuildingIndex(): invalid id, return.
11-19 16:43:05.043 D/WorkSource(15561): Insert in WorkSource{} @ 0 uid 10019 name com.google.android.gms
11-19 16:43:05.051 E/NetworkScheduler(15561): Invalid component specified.
11-19 16:43:05.056 D/HwRecentsLockUtils( 1610): Search
11-19 16:43:05.056 E/HsmCoreServiceImpl( 1761): onTransact in code is: 103
11-19 16:43:05.056 I/MediaProcessHandler( 1761): playingUids: 
11-19 16:43:05.057 D/WorkSource(15561): Insert in WorkSource{} @ 0 uid 10019 name com.google.android.gms
11-19 16:43:05.059 W/SystemServicesProxy( 1610): getThumbnail taskId 151getTaskSnapshot new null
11-19 16:43:05.326 W/ViewRootImpl[Toast](22290): EGLdebug relayoutWindow Surface isSurface(name=null)  (appName =com.color.phone.flash.caller.screen) ( mSurfaceControllerIsValid =false) (mNativeObject  =0)/@0xa8cf322,viewVisibility is0
11-19 16:43:05.332 W/ViewRootImpl[Toast](22290): EGLdebug relayoutWindow Surface isSurface(name=null)  (appName =com.color.phone.flash.caller.screen) ( mSurfaceControllerIsValid =true) (mNativeObject  =7a45c2d000)/@0xa8cf322,relayoutResult is7
11-19 16:43:05.665 I/chatty  ( 1165): uid=1000(system) WiFiArpStateMac expire 12 lines
11-19 16:43:05.772 D/KeyEvent( 5537): obtain, mHwFlags=0
11-19 16:43:05.773 D/KeyEvent( 5537): obtain, mHwFlags=0
11-19 16:43:05.904 E/Thermal-daemon(  634): [ap] temp_new :46  temp_old :45
11-19 16:43:05.904 I/chatty  ( 1776): uid=1000(system) Binder:1776_7 expire 11 lines
11-19 16:43:05.904 E/Thermal-daemon(  634): Report temperature: [ap] temp :46  report_threshold:1
11-19 16:43:05.945 I/Pged-IPgedBinderService(  641): ****action is 2, pid num is 2***
11-19 16:43:05.945 I/Pged-Freezer(  641): thawPids
11-19 16:43:06.318 E/WifiHAL (  562): enter wifi_get_link_stats
11-19 16:43:06.329 E/wificond(  635): Failed to get NL80211_STA_INFO_CNAHLOAD
11-19 16:43:07.010 D/ActivityThread(22290): Remove activity client record, r= ActivityRecord{9e67f57 token=android.os.BinderProxy@4a14bd {com.color.phone.flash.caller.screen/cn.cootek.colibrow.incomingcall.activity.CallDetailActivity}} token= android.os.BinderProxy@4a14bd
11-19 16:43:07.024 W/libc    (  499): Set property "hw.wifi.dns_stat" to "895,602,1252,1,16834"
11-19 16:43:07.039 V/SQLiteDatabase(15636): triggerBuildingIndex(): invalid id, return.
11-19 16:43:07.045 I/CommandQueue( 1610): updateBarBgColor
11-19 16:43:07.045 D/CommandQueue( 1610): CommandQueue, setBarBackgroundColor
11-19 16:43:07.045 D/TintManager( 1610): statusBarIconTint=#99FFFFFF,navigationBarIconTint=#FF000000
11-19 16:43:07.052 W/ViewRootImpl[FlashLightHomeActivity](22290): Dropping event due to no window focus: MotionEvent { action=ACTION_MOVE, actionButton=0, id[0]=0, x[0]=-2.0, y[0]=1.0, toolType[0]=TOOL_TYPE_UNKNOWN, buttonState=0, metaState=0, flags=0x0, edgeFlags=0x0, pointerCount=1, historySize=0, eventTime=32456447, downTime=-1, deviceId=0, source=0x10004 }
11-19 16:43:07.057 I/EventCenter( 1610): ContentChange for slot: 1
11-19 16:43:07.057 I/chatty  ( 1165): uid=1000(system) android.ui expire 188 lines
11-19 16:43:07.058 E/NetworkScheduler(15561): Invalid component specified.
11-19 16:43:07.059 I/EventCenter( 1610): ContentChange for slot: 1
11-19 16:43:07.059 E/TS_Service(  561): hwTsSetAftAlgoOrientation
11-19 16:43:07.059 I/TS_HAL  (  561): ts_set_aft_orientation:called
11-19 16:43:07.059 I/aptouch_daemon, [--aptouch_interface_client--](  561): thp_execute_cmd_parms starting. cmd: aftouch.orientation
11-19 16:43:07.059 I/aptouch_daemon, [--aptouch_interface_client--](  561): thp_get_cs, use vndbinder
11-19 16:43:07.059 D/StatusBarIconController( 1610): setIconVisibility icon is null or visibility not change visibility=false
11-19 16:43:07.059 E/[HwRecSys]AppCache( 2782): getIsRportDirectService is false!
11-19 16:43:07.060 V/SQLiteDatabase(15636): triggerBuildingIndex(): invalid id, return.
11-19 16:43:07.060 D/SurfaceFlinger(  567): setSecureScreenRecShotFlag, value = 4, mask = 4
11-19 16:43:07.061 I/aptouch_daemon(  572): get_cmd, =====>>find m_cmd=====>>aftouch.orientation
11-19 16:43:07.061 I/aptouch_daemon(  572): get_cmd, =====>>find m_cmd=====>>aftouch.orientation
11-19 16:43:07.061 I/aptouch_daemon(  572): aft_set_config, aft_set_config---2,0
11-19 16:43:07.061 I/aptouch_daemon(  572): thp_cmd_set_aftouch_config, aftouch_set_config: aft_cfg = 2, value = 0
11-19 16:43:07.061 I/aptouch_daemon(  572): excute_long_cmd, ========>>aftouch.orientation excute done!
11-19 16:43:07.074 E/NetworkScheduler(15561): Invalid component specified.
11-19 16:43:07.096 I/wangchen( 5537): SysInfo.getSysParam: orientation=1||config d=3.0,w=1080,h=1808||metrics d=3.0,w=1080,h=1808||sdk=26,bar_h=72
11-19 16:43:07.096 I/KeymapLoader( 5537): w=1080 h=1808 ori=true appScale=3.3 s1=3.0
11-19 16:43:07.100 D/WorkSource(15561): Insert in WorkSource{} @ 0 uid 10019 name com.google.android.gms
11-19 16:43:07.103 W/libEGL  ( 1610): EGLNativeWindowType 0x7a4f44c010 disconnect failed
11-19 16:43:07.103 D/mali_winsys( 1610): EGLint new_window_surface(egl_winsys_display *, void *, EGLSurface, EGLConfig, egl_winsys_surface **, egl_color_buffer_format *, EGLBoolean) returns 0x3000
11-19 16:43:07.104 D/Index   ( 1633): Deleting data for locale 'zh_CN_#Hans' took 5 millis
11-19 16:43:07.106 V/SQLiteDatabase( 1633): triggerBuildingIndex(): invalid id, return.
11-19 16:43:07.107 V/SQLiteDatabase( 1633): triggerBuildingIndex(): invalid id, return.
11-19 16:43:07.109 D/Index   ( 1633): Indexing locale 'zh_CN_#Hans' took 5 millis
11-19 16:43:07.112 D/KeyEvent( 5537): obtain, mHwFlags=0
11-19 16:43:07.113 I/chatty  ( 5537): uid=10054(u0_a54) com.baidu.input_huawei identical 49 lines
11-19 16:43:07.113 D/KeyEvent( 5537): obtain, mHwFlags=0
11-19 16:43:07.120 D/WorkSource(15561): Insert in WorkSource{} @ 0 uid 10019 name com.google.android.gms
11-19 16:43:07.122 W/libEGL  ( 1610): EGLNativeWindowType 0x7a6a963010 disconnect failed
11-19 16:43:07.122 D/mali_winsys( 1610): EGLint new_window_surface(egl_winsys_display *, void *, EGLSurface, EGLConfig, egl_winsys_surface **, egl_color_buffer_format *, EGLBoolean) returns 0x3000
11-19 16:43:07.124 D/HwRecentsLockUtils( 1610): Search
11-19 16:43:07.125 E/HsmCoreServiceImpl( 1761): onTransact in code is: 103
11-19 16:43:07.125 I/MediaProcessHandler( 1761): playingUids: 
11-19 16:43:07.125 I/chatty  ( 1165): uid=1000(system) Binder:1165_12 expire 155 lines
11-19 16:43:07.128 W/SystemServicesProxy( 1610): getThumbnail taskId 151getTaskSnapshot new null
11-19 16:43:07.133 W/ViewRootImpl[Toast](22290): EGLdebug relayoutWindow Surface isSurface(name=null)  (appName =com.color.phone.flash.caller.screen) ( mSurfaceControllerIsValid =true) (mNativeObject  =7a45c2d000)/@0xa8cf322,viewVisibility is0
11-19 16:43:07.135 W/ViewRootImpl[Toast](22290): EGLdebug relayoutWindow Surface isSurface(name=null)  (appName =com.color.phone.flash.caller.screen) ( mSurfaceControllerIsValid =true) (mNativeObject  =7a45c2d000)/@0xa8cf322,relayoutResult is2
11-19 16:43:07.148 I/chatty  ( 1165): uid=1000(system) Binder:1165_10 expire 160 lines
11-19 16:43:07.161 V/SQLiteDatabase(15636): triggerBuildingIndex(): invalid id, return.
11-19 16:43:07.174 E/NetworkScheduler(15561): Invalid component specified.
11-19 16:43:07.178 I/CommandQueue( 1610): updateBarBgColor
11-19 16:43:07.178 D/CommandQueue( 1610): CommandQueue, setBarBackgroundColor
11-19 16:43:07.178 D/TintManager( 1610): statusBarIconTint=#99FFFFFF,navigationBarIconTint=#FF000000
11-19 16:43:07.181 D/WorkSource(15561): Insert in WorkSource{} @ 0 uid 10019 name com.google.android.gms
11-19 16:43:07.188 I/wangchen( 5537): SysInfo.getSysParam: orientation=1||config d=3.0,w=1080,h=1808||metrics d=3.0,w=1080,h=1808||sdk=26,bar_h=72
11-19 16:43:07.188 I/KeymapLoader( 5537): w=1080 h=1808 ori=true appScale=3.3 s1=3.0
11-19 16:43:07.206 V/SQLiteDatabase(15636): triggerBuildingIndex(): invalid id, return.
11-19 16:43:07.206 V/ActivityThread(22290): Handle window ActivityRecord{3d0f3e7 token=android.os.BinderProxy@3388917 {com.color.phone.flash.caller.screen/cootek.matrix.flashlight.activity.NotiReminderGuideActivity}} visibility: true
11-19 16:43:07.208 V/ActivityThread(22290): ActivityThread,callActivityOnCreate
11-19 16:43:07.213 I/AwareLog(  641): IAWARE_PREREAD_FILE
11-19 16:43:07.214 D/AwareLog(  641): iawared: touch_file  PackageInstaller.odex
11-19 16:43:07.214 D/AwareLog(  641): iawared: touch_file  PackageInstaller.vdex
11-19 16:43:07.214 D/AwareLog(  641): preread_pkgfile com.android.packageinstaller took 0 ms
11-19 16:43:07.215 D/AwareLog(  641): preread_pkgfile com.android.packageinstaller read 1847296 Bytes.
11-19 16:43:07.217 D/ActivityThread(22290): add activity client record, r= ActivityRecord{62d8265 token=android.os.BinderProxy@850e030 {com.color.phone.flash.caller.screen/com.gz.gb.gbpermisson.PermissionActivity}} token= android.os.BinderProxy@850e030
11-19 16:43:07.218 E/NetworkScheduler(15561): Invalid component specified.
11-19 16:43:07.225 D/WorkSource(15561): Insert in WorkSource{} @ 0 uid 10019 name com.google.android.gms
11-19 16:43:07.236 V/SQLiteDatabase(15636): triggerBuildingIndex(): invalid id, return.
11-19 16:43:07.243 I/chatty  ( 1165): uid=1000(system) HWExtMotionServ expire 20 lines
11-19 16:43:07.243 I/chatty  ( 1165): uid=1000(system) AudioService expire 10 lines
11-19 16:43:07.246 I/CommandQueue( 1610): updateBarBgColor
11-19 16:43:07.246 D/CommandQueue( 1610): CommandQueue, setBarBackgroundColor
11-19 16:43:07.246 D/TintManager( 1610): statusBarIconTint=#99FFFFFF,navigationBarIconTint=#FF000000
11-19 16:43:07.250 E/NetworkScheduler(15561): Invalid component specified.
11-19 16:43:07.254 D/WorkSource(15561): Insert in WorkSource{} @ 0 uid 10019 name com.google.android.gms
11-19 16:43:07.286 I/wangchen( 5537): SysInfo.getSysParam: orientation=1||config d=3.0,w=1080,h=1808||metrics d=3.0,w=1080,h=1808||sdk=26,bar_h=72
11-19 16:43:07.286 I/KeymapLoader( 5537): w=1080 h=1808 ori=true appScale=3.3 s1=3.0
11-19 16:43:07.288 I/chatty  ( 1165): uid=1000(system) Binder:1165_12 expire 10 lines
11-19 16:43:07.361 D/HwRecentsLockUtils( 1610): Search
11-19 16:43:07.361 E/HsmCoreServiceImpl( 1761): onTransact in code is: 103
11-19 16:43:07.361 I/MediaProcessHandler( 1761): playingUids: 
11-19 16:43:07.372 W/ViewRootImpl[NotiReminderGuideActivity](22290): Dropping event due to no window focus: KeyEvent { action=ACTION_DOWN, keyCode=550, scanCode=0, metaState=0, flags=0x8, hwFlags=0x4c, repeatCount=0, eventTime=32456710, downTime=32456710, deviceId=-1, source=0x101 }
11-19 16:43:07.373 D/KeyEvent( 5537): obtain, mHwFlags=0
11-19 16:43:07.374 W/SystemServicesProxy( 1610): getThumbnail taskId 151getTaskSnapshot new null
11-19 16:43:07.376 I/wangchen( 5537): SysInfo.getSysParam: orientation=1||config d=3.0,w=1080,h=1808||metrics d=3.0,w=1080,h=1808||sdk=26,bar_h=72
11-19 16:43:07.376 I/KeymapLoader( 5537): w=1080 h=1808 ori=true appScale=3.3 s1=3.0
11-19 16:43:07.395 V/SQLiteDatabase(15636): triggerBuildingIndex(): invalid id, return.
11-19 16:43:07.406 E/NetworkScheduler(15561): Invalid component specified.
11-19 16:43:07.414 D/WorkSource(15561): Insert in WorkSource{} @ 0 uid 10019 name com.google.android.gms
11-19 16:43:07.469 W/ViewRootImpl[Toast](22290): EGLdebug relayoutWindow Surface isSurface(name=null)  (appName =com.color.phone.flash.caller.screen) ( mSurfaceControllerIsValid =false) (mNativeObject  =0)/@0x3a5fe31,viewVisibility is0
11-19 16:43:07.482 D/SurfaceFlinger(  567): duplicate layer name: changing Toast to Toast#1
11-19 16:43:07.497 W/ViewRootImpl[Toast](22290): EGLdebug relayoutWindow Surface isSurface(name=null)  (appName =com.color.phone.flash.caller.screen) ( mSurfaceControllerIsValid =true) (mNativeObject  =7a45c2d000)/@0x3a5fe31,relayoutResult is6
11-19 16:43:07.560 D/WeatherHelper( 1610): City info empty
11-19 16:43:07.561 D/WeatherHelper( 1610): City info empty
11-19 16:43:07.659 D/WeatherHelper( 1610): City info empty
11-19 16:43:07.659 D/DateTimeView( 1610): Change to single clock mode!
11-19 16:43:07.660 D/WeatherHelper( 1610): City info empty
11-19 16:43:07.660 D/WeatherHelper( 1610): City info empty
11-19 16:43:07.661 D/DateTimeView( 1610): Change to single clock mode!
11-19 16:43:07.661 D/WeatherHelper( 1610): City info empty
11-19 16:43:07.782 I/CommandQueue( 1610): updateBarBgColor
11-19 16:43:07.782 D/CommandQueue( 1610): CommandQueue, setBarBackgroundColor
11-19 16:43:07.782 D/TintManager( 1610): statusBarIconTint=#99FFFFFF,navigationBarIconTint=#FF000000
11-19 16:43:07.800 I/wangchen( 5537): SysInfo.getSysParam: orientation=1||config d=3.0,w=1080,h=1808||metrics d=3.0,w=1080,h=1808||sdk=26,bar_h=72
11-19 16:43:07.800 I/KeymapLoader( 5537): w=1080 h=1808 ori=true appScale=3.3 s1=3.0
11-19 16:43:07.816 V/ActivityThread(22290): ActivityThread,callActivityOnCreate
11-19 16:43:07.826 D/ActivityThread(22290): add activity client record, r= ActivityRecord{cec220 token=android.os.BinderProxy@18263ab {com.color.phone.flash.caller.screen/com.color.phone.flash.caller.screen.activity.AliasLaunchActivity}} token= android.os.BinderProxy@18263ab
11-19 16:43:07.841 V/SQLiteDatabase(15636): triggerBuildingIndex(): invalid id, return.
11-19 16:43:07.852 E/NetworkScheduler(15561): Invalid component specified.
11-19 16:43:07.857 D/WorkSource(15561): Insert in WorkSource{} @ 0 uid 10019 name com.google.android.gms
11-19 16:43:07.859 V/SQLiteDatabase(15636): triggerBuildingIndex(): invalid id, return.
11-19 16:43:07.860 D/SurfaceFlinger(  567): duplicate layer name: changing com.color.phone.flash.caller.screen/com.color.phone.flash.caller.screen.activity.AliasLaunchActivity to com.color.phone.flash.caller.screen/com.color.phone.flash.caller.screen.activity.AliasLaunchActivity#1
11-19 16:43:07.862 I/CommandQueue( 1610): updateBarBgColor
11-19 16:43:07.862 D/CommandQueue( 1610): CommandQueue, setBarBackgroundColor
11-19 16:43:07.862 D/TintManager( 1610): statusBarIconTint=#99FFFFFF,navigationBarIconTint=#FF000000
11-19 16:43:07.869 E/NetworkScheduler(15561): Invalid component specified.
11-19 16:43:07.878 D/WorkSource(15561): Insert in WorkSource{} @ 0 uid 10019 name com.google.android.gms
11-19 16:43:07.907 D/HwRecentsLockUtils( 1610): Search
11-19 16:43:07.907 E/HsmCoreServiceImpl( 1761): onTransact in code is: 103
11-19 16:43:07.907 I/MediaProcessHandler( 1761): playingUids: 
11-19 16:43:07.928 W/SystemServicesProxy( 1610): getThumbnail taskId 151getTaskSnapshot new null
11-19 16:43:07.928 D/ActivityThread(22290): Remove activity client record, r= ActivityRecord{62d8265 token=android.os.BinderProxy@850e030 {com.color.phone.flash.caller.screen/com.gz.gb.gbpermisson.PermissionActivity}} token= android.os.BinderProxy@850e030
11-19 16:43:07.963 D/ActivityThread(22290): Remove activity client record, r= ActivityRecord{568d42f token=android.os.BinderProxy@15e196a {com.color.phone.flash.caller.screen/com.color.phone.flash.caller.screen.activity.AliasLaunchActivity}} token= android.os.BinderProxy@15e196a
11-19 16:43:08.059 I/wangchen( 5537): SysInfo.getSysParam: orientation=1||config d=3.0,w=1080,h=1808||metrics d=3.0,w=1080,h=1808||sdk=26,bar_h=72
11-19 16:43:08.059 I/KeymapLoader( 5537): w=1080 h=1808 ori=true appScale=3.3 s1=3.0
11-19 16:43:08.834 D/KeyEvent( 5537): obtain, mHwFlags=0
11-19 16:43:08.834 D/KeyEvent( 5537): obtain, mHwFlags=0
11-19 16:43:09.161 E/wificond(  635): Failed to get NL80211_STA_INFO_CNAHLOAD
11-19 16:43:09.162 I/chatty  ( 1165): uid=1000(system) HwWifiCHRStateM expire 18 lines
11-19 16:43:09.331 E/WifiHAL (  562): enter wifi_get_link_stats
11-19 16:43:09.342 E/wificond(  635): Failed to get NL80211_STA_INFO_CNAHLOAD
11-19 16:43:09.424 W/ViewRootImpl[Toast](22290): EGLdebug relayoutWindow Surface isSurface(name=null)  (appName =com.color.phone.flash.caller.screen) ( mSurfaceControllerIsValid =false) (mNativeObject  =0)/@0x3571686,viewVisibility is0
11-19 16:43:09.434 W/ViewRootImpl[Toast](22290): EGLdebug relayoutWindow Surface isSurface(name=null)  (appName =com.color.phone.flash.caller.screen) ( mSurfaceControllerIsValid =true) (mNativeObject  =7a45c2d000)/@0x3571686,relayoutResult is7
11-19 16:43:09.434 I/chatty  (22290): uid=10127(u0_a127) com.color.phone.flash.caller.screen expire 76 lines
11-19 16:43:09.701 D/KeyEvent( 5537): obtain, mHwFlags=0
11-19 16:43:09.705 D/KeyEvent( 5537): obtain, mHwFlags=0
11-19 16:43:09.721 D/KeyEvent( 5537): obtain, mHwFlags=0
11-19 16:43:09.722 D/KeyEvent( 5537): obtain, mHwFlags=0
11-19 16:43:09.834 I/chatty  (23863): uid=2000(shell) com.android.commands.monkey expire 11 lines
11-19 16:43:09.841 I/Pged-IPgedBinderService(  641): ****action is 1, pid num is 2***
11-19 16:43:09.841 I/Pged-Freezer(  641): freezePids
11-19 16:43:09.841 I/Pged-Freezer(  641): Freeze process: 18689
11-19 16:43:09.841 I/chatty  ( 1776): uid=1000(system) fast_hibernatio expire 8 lines
11-19 16:43:09.882 I/CommandQueue( 1610): updateBarBgColor
11-19 16:43:09.882 D/CommandQueue( 1610): CommandQueue, setBarBackgroundColor
11-19 16:43:09.883 D/TintManager( 1610): statusBarIconTint=#99FFFFFF,navigationBarIconTint=#FF000000
11-19 16:43:09.884 V/SQLiteDatabase(15636): triggerBuildingIndex(): invalid id, return.
11-19 16:43:09.898 V/SQLiteDatabase(15636): triggerBuildingIndex(): invalid id, return.
11-19 16:43:09.899 E/NetworkScheduler(15561): Invalid component specified.
11-19 16:43:09.900 I/EventCenter( 1610): ContentChange for slot: 1
11-19 16:43:09.901 I/EventCenter( 1610): ContentChange for slot: 1
11-19 16:43:09.902 E/[HwRecSys]AppCache( 2782): getIsRportDirectService is false!
11-19 16:43:09.903 D/StatusBarIconController( 1610): setIconVisibility icon is null or visibility not change visibility=false
11-19 16:43:09.906 I/EventCenter( 1610): ContentChange for slot: 1
11-19 16:43:09.906 E/[HwRecSys]AppCache( 2782): getIsRportDirectService is false!
11-19 16:43:09.907 D/StatusBarIconController( 1610): setIconVisibility icon is null or visibility not change visibility=false
11-19 16:43:09.916 I/wangchen( 5537): SysInfo.getSysParam: orientation=1||config d=3.0,w=1080,h=1808||metrics d=3.0,w=1080,h=1808||sdk=26,bar_h=72
11-19 16:43:09.916 I/KeymapLoader( 5537): w=1080 h=1808 ori=true appScale=3.3 s1=3.0
11-19 16:43:09.918 D/WorkSource(15561): Insert in WorkSource{} @ 0 uid 10019 name com.google.android.gms
11-19 16:43:09.919 E/NetworkScheduler(15561): Invalid component specified.
11-19 16:43:09.934 D/WorkSource(15561): Insert in WorkSource{} @ 0 uid 10019 name com.google.android.gms
11-19 16:43:09.944 D/ActivityThread(22290): Remove activity client record, r= ActivityRecord{cec220 token=android.os.BinderProxy@18263ab {com.color.phone.flash.caller.screen/com.color.phone.flash.caller.screen.activity.AliasLaunchActivity}} token= android.os.BinderProxy@18263ab
11-19 16:43:09.959 D/HwRecentsLockUtils( 1610): Search
11-19 16:43:09.959 E/HsmCoreServiceImpl( 1761): onTransact in code is: 103
11-19 16:43:09.959 I/MediaProcessHandler( 1761): playingUids: 
11-19 16:43:09.962 W/SystemServicesProxy( 1610): getThumbnail taskId 151getTaskSnapshot new null
11-19 16:43:10.409 D/WeatherHelper( 1610): City info empty
11-19 16:43:10.411 D/WeatherHelper( 1610): City info empty
11-19 16:43:10.507 D/WeatherHelper( 1610): City info empty
11-19 16:43:10.513 D/DateTimeView( 1610): Change to single clock mode!
11-19 16:43:10.516 D/WeatherHelper( 1610): City info empty
11-19 16:43:10.517 D/WeatherHelper( 1610): City info empty
11-19 16:43:10.518 D/DateTimeView( 1610): Change to single clock mode!
11-19 16:43:10.521 D/WeatherHelper( 1610): City info empty
11-19 16:43:11.161 D/SensorHub(  560): Get acc data 0.057461, 0.000000, 9.931149
11-19 16:43:11.188 I/chatty  ( 1165): uid=1000(system) InputDispatcher expire 101 lines
11-19 16:43:11.190 I/chatty  ( 1165): uid=1000(system) InputDispatcher expire 19 lines
11-19 16:43:11.198 D/KeyEvent( 5537): obtain, mHwFlags=0
11-19 16:43:11.214 D/KeyEvent( 5537): obtain, mHwFlags=0
11-19 16:43:11.346 I/Pged-IPgedBinderService(  641): ****action is 2, pid num is 2***
11-19 16:43:11.346 I/Pged-Freezer(  641): thawPids
11-19 16:43:11.386 D/NetWorkUtils( 1610): mVSimCurCardType is -1
11-19 16:43:11.391 W/ResourceType( 1610): No package identifier when getting value for resource number 0x00000000
11-19 16:43:11.391 E/HwNotchUtils( 1610): setIconForView iconId is not found
11-19 16:43:11.392 D/NetWorkUtils( 1610): mVSimCurCardType is -1
11-19 16:43:11.393 W/ResourceType( 1610): No package identifier when getting value for resource number 0x00000000
11-19 16:43:11.394 I/chatty  ( 1776): uid=1000(system) actions handler expire 10 lines
11-19 16:43:11.394 E/HwNotchUtils( 1610): setIconForView iconId is not found
11-19 16:43:11.417 I/chatty  (22290): uid=10127(u0_a127) Binder:22290_8 expire 3 lines
11-19 16:43:11.466 W/ViewRootImpl[Toast](22290): EGLdebug relayoutWindow Surface isSurface(name=null)  (appName =com.color.phone.flash.caller.screen) ( mSurfaceControllerIsValid =false) (mNativeObject  =0)/@0x325e50f,viewVisibility is0
11-19 16:43:11.468 D/SurfaceFlinger(  567): duplicate layer name: changing Toast to Toast#1
11-19 16:43:11.472 W/ViewRootImpl[Toast](22290): EGLdebug relayoutWindow Surface isSurface(name=null)  (appName =com.color.phone.flash.caller.screen) ( mSurfaceControllerIsValid =true) (mNativeObject  =7a45c2d000)/@0x325e50f,relayoutResult is7
11-19 16:43:11.473 D/KeyEvent( 5537): obtain, mHwFlags=0
11-19 16:43:11.474 D/KeyEvent( 5537): obtain, mHwFlags=0
11-19 16:43:11.508 D/KeyEvent( 5537): obtain, mHwFlags=0
11-19 16:43:11.508 D/KeyEvent( 5537): obtain, mHwFlags=0
