11-19 16:44:03.810 W/ViewRootImpl[Toast](22290): EGLdebug relayoutWindow Surface isSurface(name=null)  (appName =com.color.phone.flash.caller.screen) ( mSurfaceControllerIsValid =false) (mNativeObject  =0)/@0xe2d61a9,viewVisibility is0
11-19 16:44:03.817 I/chatty  ( 1165): uid=1000(system) Binder:1165_10 expire 53 lines
11-19 16:44:03.822 W/ViewRootImpl[Toast](22290): EGLdebug relayoutWindow Surface isSurface(name=null)  (appName =com.color.phone.flash.caller.screen) ( mSurfaceControllerIsValid =true) (mNativeObject  =7a45c2d000)/@0xe2d61a9,relayoutResult is7
11-19 16:44:03.822 W/ViewRootImpl[Toast](22290): EGLdebug Surface isSurface(name=null)  (appName =com.color.phone.flash.caller.screen) ( mSurfaceControllerIsValid =true) (mNativeObject  =7a45c2d000)/@0xe2d61a9
11-19 16:44:03.824 D/mali_winsys(22290): EGLint new_window_surface(egl_winsys_display *, void *, EGLSurface, EGLConfig, egl_winsys_surface **, egl_color_buffer_format *, EGLBoolean) returns 0x3000
11-19 16:44:03.824 D/OpenGLRenderer(22290):   HWUI Binary is  enabled
11-19 16:44:03.869 I/chatty  ( 1165): uid=1000(system) HWExtMotionServ expire 12 lines
11-19 16:44:03.869 I/chatty  ( 1165): uid=1000(system) AudioService expire 6 lines
11-19 16:44:03.932 I/Monkey  (23863): :Sending Touch (ACTION_DOWN): 0:(436.0,613.0)
11-19 16:44:03.937 I/Monkey  (23863): :Sending Touch (ACTION_UP): 0:(419.29333,573.9588)
11-19 16:44:03.940 V/AudioManager(22290): playSoundEffect   effectType: 0
11-19 16:44:03.947 I/chatty  ( 1165): uid=1000(system) Binder:1165_3 expire 26 lines
11-19 16:44:03.948 I/Monkey  (23863):     // Allowing start of Intent { cmp=com.color.phone.flash.caller.screen/cn.cootek.colibrow.incomingcall.activity.CallDetailActivity } in package com.color.phone.flash.caller.screen
11-19 16:44:03.952 I/PGServer( 1776): android calls fast hibernateApps
11-19 16:44:03.952 I/AppFastHibernation( 1776): fast hibernate duration: 1500 reason: start activity
11-19 16:44:03.952 I/AppFastHibernation( 1776): fast hibernate now, drop this request
11-19 16:44:03.961 E/IncomingCallSettings(22290):  url = ime.cdn.service.cootek.com
11-19 16:44:03.962 E/IncomingCallSettings(22290):  url = ime.cdn.service.cootek.com
11-19 16:44:03.976 V/SQLiteDatabase(15636): triggerBuildingIndex(): invalid id, return.
11-19 16:44:04.001 D/HwCust  (22290): Create obj success use class android.app.HwCustActivityImpl
11-19 16:44:04.001 D/HwCust  (22290): Create obj success use class android.app.HwCustHwWallpaperManagerImpl
11-19 16:44:04.002 V/ActivityThread(22290): ActivityThread,callActivityOnCreate
11-19 16:44:04.003 E/NetworkScheduler(15561): Invalid component specified.
11-19 16:44:04.005 V/SQLiteDatabase(15636): triggerBuildingIndex(): invalid id, return.
11-19 16:44:04.005 D/WorkSource(15561): Insert in WorkSource{} @ 0 uid 10019 name com.google.android.gms
11-19 16:44:04.006 D/HwRTBlurUtils(22290): check blur style for HwPhoneWindow, themeResId : 0x7f0f00c4, context : cn.cootek.colibrow.incomingcall.activity.CallDetailActivity@9a271b7, Nhwext : 0, get Blur : disable with , null
11-19 16:44:04.006 D/HwRTBlurUtils(22290): check blur style for HwPhoneWindow, themeResId : 0x7f0f00c4, context : cn.cootek.colibrow.incomingcall.activity.CallDetailActivity@9a271b7, Nhwext : 0, get Blur : disable with , null
11-19 16:44:04.019 E/NetworkScheduler(15561): Invalid component specified.
11-19 16:44:04.023 D/WorkSource(15561): Insert in WorkSource{} @ 0 uid 10019 name com.google.android.gms
11-19 16:44:04.024 I/chatty  ( 1165): uid=1000(system) Binder:1165_5 expire 30 lines
11-19 16:44:04.039 D/ActivityThread(22290): add activity client record, r= ActivityRecord{659879a token=android.os.BinderProxy@73080b6 {com.color.phone.flash.caller.screen/cn.cootek.colibrow.incomingcall.activity.CallDetailActivity}} token= android.os.BinderProxy@73080b6
11-19 16:44:04.042 D/OpenGLRenderer(22290):   HWUI Binary is  enabled
11-19 16:44:04.042 I/chatty  ( 1165): uid=1000(system) android.anim expire 24 lines
11-19 16:44:04.049 I/PressGestureDetector(22290): enabledInPad = false,isPcCastMode = false
11-19 16:44:04.054 I/CommandQueue( 1610): updateBarBgColor
11-19 16:44:04.055 D/CommandQueue( 1610): CommandQueue, setBarBackgroundColor
11-19 16:44:04.055 D/TintManager( 1610): statusBarIconTint=#99FFFFFF,navigationBarIconTint=#FF000000
11-19 16:44:04.055 I/chatty  ( 1165): uid=1000 system_server expire 10 lines
11-19 16:44:04.060 V/SQLiteDatabase(15636): triggerBuildingIndex(): invalid id, return.
11-19 16:44:04.061 D/mali_winsys(22290): EGLint new_window_surface(egl_winsys_display *, void *, EGLSurface, EGLConfig, egl_winsys_surface **, egl_color_buffer_format *, EGLBoolean) returns 0x3000
11-19 16:44:04.062 D/OpenGLRenderer(22290):   HWUI Binary is  enabled
11-19 16:44:04.073 W/InputMethodManager(22290): startInputReason = 1
11-19 16:44:04.074 E/NetworkScheduler(15561): Invalid component specified.
11-19 16:44:04.079 D/BarTransitions.HwPhoneStatusBarView( 1610): MODE_TRANSPARENT -> MODE_TRANSLUCENT animate=false
11-19 16:44:04.079 D/BarTransitions.HwPhoneStatusBarView( 1610): applyModeBackground oldMode=MODE_TRANSPARENT newMode=MODE_TRANSLUCENT animate=false
11-19 16:44:04.079 D/BarTransitions.HwNavigationBarView( 1610): MODE_TRANSPARENT -> MODE_TRANSLUCENT animate=false
11-19 16:44:04.079 D/BarTransitions.HwNavigationBarView( 1610): applyModeBackground oldMode=MODE_TRANSPARENT newMode=MODE_TRANSLUCENT animate=false
11-19 16:44:04.080 I/wangchen( 5537): SysInfo.getSysParam: orientation=1||config d=3.0,w=1080,h=1808||metrics d=3.0,w=1080,h=1808||sdk=26,bar_h=72
11-19 16:44:04.080 I/KeymapLoader( 5537): w=1080 h=1808 ori=true appScale=3.3 s1=3.0
11-19 16:44:04.082 D/WorkSource(15561): Insert in WorkSource{} @ 0 uid 10019 name com.google.android.gms
11-19 16:44:04.092 D/HwRecentsLockUtils( 1610): Search
11-19 16:44:04.092 E/HsmCoreServiceImpl( 1761): onTransact in code is: 103
11-19 16:44:04.092 I/MediaProcessHandler( 1761): playingUids: 
11-19 16:44:04.098 W/libEGL  (22290): EGLNativeWindowType 0x7a38ae1010 disconnect failed
11-19 16:44:04.100 I/AppManager( 1776): dependence has been existed:22290 -> 15636
11-19 16:44:04.101 W/SystemServicesProxy( 1610): getThumbnail taskId 151getTaskSnapshot new null
11-19 16:44:04.140 I/Monkey  (23863): :Sending Touch (ACTION_DOWN): 0:(391.0,1689.0)
11-19 16:44:04.140 I/Monkey  (23863): :Sending Touch (ACTION_UP): 0:(391.99976,1697.4961)
11-19 16:44:04.160 V/AudioManager(22290): playSoundEffect   effectType: 0
11-19 16:44:04.166 D/HwRTBlurUtils(22290): check blur style for HwToast-Toast, themeResId : 0x0103013f, context : com.color.phone.flash.caller.screen.app.MainApplication@7e0b44, Nhwext : 6, get Blur : disable with , android.graphics.drawable.NinePatchDrawable@a715f69
11-19 16:44:04.182 V/SQLiteDatabase(15636): triggerBuildingIndex(): invalid id, return.
11-19 16:44:04.193 E/NetworkScheduler(15561): Invalid component specified.
11-19 16:44:04.202 V/SQLiteDatabase(15636): triggerBuildingIndex(): invalid id, return.
11-19 16:44:04.203 D/WorkSource(15561): Insert in WorkSource{} @ 0 uid 10019 name com.google.android.gms
11-19 16:44:04.213 E/NetworkScheduler(15561): Invalid component specified.
11-19 16:44:04.218 D/WorkSource(15561): Insert in WorkSource{} @ 0 uid 10019 name com.google.android.gms
11-19 16:44:04.219 E/IncomingCallSettings(22290):  url = ime.cdn.service.cootek.com
11-19 16:44:04.220 E/IncomingCallSettings(22290):  url = ime.cdn.service.cootek.com
11-19 16:44:04.230 D/WeatherHelper( 1610): City info empty
11-19 16:44:04.230 D/WeatherHelper( 1610): City info empty
11-19 16:44:04.319 I/AppManager( 1776): dependence has been existed:22290 -> 15636
11-19 16:44:04.319 I/AppManager( 1776): dependence has been existed:22290 -> 15636
11-19 16:44:04.332 D/WeatherHelper( 1610): City info empty
11-19 16:44:04.332 D/DateTimeView( 1610): Change to single clock mode!
11-19 16:44:04.333 D/WeatherHelper( 1610): City info empty
11-19 16:44:04.334 D/WeatherHelper( 1610): City info empty
11-19 16:44:04.334 D/DateTimeView( 1610): Change to single clock mode!
11-19 16:44:04.335 D/WeatherHelper( 1610): City info empty
11-19 16:44:04.342 I/Monkey  (23863): :Sending Touch (ACTION_DOWN): 0:(338.0,1715.0)
11-19 16:44:04.343 I/Monkey  (23863): :Sending Touch (ACTION_UP): 0:(338.021,1719.8806)
11-19 16:44:04.363 V/AudioManager(22290): playSoundEffect   effectType: 0
11-19 16:44:04.380 D/HwRTBlurUtils(22290): check blur style for HwToast-Toast, themeResId : 0x0103013f, context : com.color.phone.flash.caller.screen.app.MainApplication@7e0b44, Nhwext : 6, get Blur : disable with , android.graphics.drawable.NinePatchDrawable@f708638
11-19 16:44:04.426 V/SQLiteDatabase(15636): triggerBuildingIndex(): invalid id, return.
11-19 16:44:04.444 E/IncomingCallSettings(22290):  url = ime.cdn.service.cootek.com
11-19 16:44:04.444 E/IncomingCallSettings(22290):  url = ime.cdn.service.cootek.com
11-19 16:44:04.446 I/chatty  ( 1165): uid=1000(system) Binder:1165_7 expire 35 lines
11-19 16:44:04.454 E/NetworkScheduler(15561): Invalid component specified.
11-19 16:44:04.455 V/SQLiteDatabase(15636): triggerBuildingIndex(): invalid id, return.
11-19 16:44:04.474 D/WorkSource(15561): Insert in WorkSource{} @ 0 uid 10019 name com.google.android.gms
11-19 16:44:04.474 E/NetworkScheduler(15561): Invalid component specified.
11-19 16:44:04.487 D/WorkSource(15561): Insert in WorkSource{} @ 0 uid 10019 name com.google.android.gms
11-19 16:44:04.545 I/Monkey  (23863): :Sending Touch (ACTION_DOWN): 0:(117.0,511.0)
11-19 16:44:04.548 I/Monkey  (23863): :Sending Touch (ACTION_UP): 0:(95.579796,511.2309)
11-19 16:44:04.574 V/AudioManager(22290): playSoundEffect   effectType: 0
11-19 16:44:04.760 I/chatty  ( 1165): uid=1000(system) InputDispatcher expire 8 lines
11-19 16:44:04.765 D/KeyEvent(22290): obtain, mHwFlags=63
11-19 16:44:04.766 D/KeyEvent( 5537): obtain, mHwFlags=0
11-19 16:44:04.812 D/KeyEvent(22290): obtain, mHwFlags=63
11-19 16:44:04.812 D/KeyEvent( 5537): obtain, mHwFlags=0
11-19 16:44:04.830 I/AppManager( 1776): dependence has been existed:22290 -> 15636
11-19 16:44:04.851 V/AudioManager(22290): playSoundEffect   effectType: 0
11-19 16:44:04.997 E/Input   (23863): getAxisValue(): y--1.0-0.0--1.0
11-19 16:44:04.998 I/Monkey  (23863): :Sending Trackball (ACTION_MOVE): 0:(2.0,-1.0)
11-19 16:44:05.022 I/Monkey  (23863): :Sending Touch (ACTION_DOWN): 0:(40.0,872.0)
11-19 16:44:05.032 E/Input   (22290): getAxisValue(): y--1.0-0.0--1.0
11-19 16:44:05.037 D/KeyEvent( 5537): obtain, mHwFlags=0
11-19 16:44:05.037 I/chatty  ( 5537): uid=10054(u0_a54) com.baidu.input_huawei identical 28 lines
11-19 16:44:05.037 D/KeyEvent( 5537): obtain, mHwFlags=0
11-19 16:44:05.038 I/Monkey  (23863): :Sending Touch (ACTION_UP): 0:(19.99104,868.2552)
11-19 16:44:05.058 E/Input   (22290): getAxisValue(): y--1.0-0.0--1.0
11-19 16:44:05.064 D/KeyEvent( 5537): obtain, mHwFlags=0
11-19 16:44:05.065 D/KeyEvent( 5537): obtain, mHwFlags=0
11-19 16:44:05.079 W/InputMethodManager(22290): startInputReason = 4
11-19 16:44:05.082 V/AudioManager(22290): playSoundEffect   effectType: 0
11-19 16:44:05.089 I/wangchen( 5537): SysInfo.getSysParam: orientation=1||config d=3.0,w=1080,h=1808||metrics d=3.0,w=1080,h=1808||sdk=26,bar_h=72
11-19 16:44:05.090 I/KeymapLoader( 5537): w=1080 h=1808 ori=true appScale=3.3 s1=3.0
11-19 16:44:05.221 E/wificond(  635): Failed to get NL80211_STA_INFO_CNAHLOAD
11-19 16:44:05.231 E/wificond(  635): Failed to get NL80211_STA_INFO_CNAHLOAD
11-19 16:44:05.235 I/chatty  ( 1165): uid=1000(system) HuaweiWifiWatch expire 36 lines
11-19 16:44:05.244 I/Monkey  (23863): :Sending Touch (ACTION_DOWN): 0:(1042.0,652.0)
11-19 16:44:05.247 I/chatty  ( 1165): uid=1000(system) wifipro_uid_tcp expire 10 lines
11-19 16:44:05.248 I/chatty  ( 1165): uid=1000(system) HwWifiConnectiv expire 3 lines
11-19 16:44:05.286 I/Monkey  (23863): :Sending Touch (ACTION_UP): 0:(958.0344,683.9012)
11-19 16:44:05.309 V/AudioManager(22290): playSoundEffect   effectType: 0
11-19 16:44:05.427 I/PresentationSystem(22290): not needQuiet
11-19 16:44:05.493 I/Monkey  (23863): :Sending Touch (ACTION_DOWN): 0:(447.0,146.0)
11-19 16:44:05.499 I/Monkey  (23863): :Sending Touch (ACTION_UP): 0:(445.9029,152.27028)
11-19 16:44:05.504 I/AppManager( 1776): dependence has been existed:22290 -> 15636
11-19 16:44:05.526 V/AudioManager(22290): playSoundEffect   effectType: 0
11-19 16:44:05.704 I/Monkey  (23863): :Sending Touch (ACTION_DOWN): 0:(714.0,1048.0)
11-19 16:44:05.715 I/Monkey  (23863): :Sending Touch (ACTION_UP): 0:(698.5964,1050.4021)
11-19 16:44:05.752 V/AudioManager(22290): playSoundEffect   effectType: 0
11-19 16:44:05.830 I/ash     ( 1776): view remove pid:22290 uid:10127
11-19 16:44:05.836 W/libEGL  (22290): EGLNativeWindowType 0x7a45c2d010 disconnect failed
11-19 16:44:05.879 D/OpenGLRenderer(22290):   HWUI Binary is  enabled
11-19 16:44:05.880 I/ash     ( 1776): view add pid:22290 uid:10127
11-19 16:44:05.923 I/Monkey  (23863): :Sending Touch (ACTION_DOWN): 0:(335.0,1755.0)
11-19 16:44:05.928 I/Monkey  (23863): :Sending Touch (ACTION_UP): 0:(338.65253,1751.2971)
11-19 16:44:05.931 W/ViewRootImpl[Toast](22290): EGLdebug relayoutWindow Surface isSurface(name=null)  (appName =com.color.phone.flash.caller.screen) ( mSurfaceControllerIsValid =false) (mNativeObject  =0)/@0xca3860e,viewVisibility is0
11-19 16:44:05.941 D/SurfaceFlinger(  567): duplicate layer name: changing Toast to Toast#1
11-19 16:44:05.959 W/ViewRootImpl[Toast](22290): EGLdebug relayoutWindow Surface isSurface(name=null)  (appName =com.color.phone.flash.caller.screen) ( mSurfaceControllerIsValid =true) (mNativeObject  =7a56fd1000)/@0xca3860e,relayoutResult is7
11-19 16:44:05.961 W/ViewRootImpl[Toast](22290): EGLdebug Surface isSurface(name=null)  (appName =com.color.phone.flash.caller.screen) ( mSurfaceControllerIsValid =true) (mNativeObject  =7a56fd1000)/@0xca3860e
11-19 16:44:05.964 D/mali_winsys(22290): EGLint new_window_surface(egl_winsys_display *, void *, EGLSurface, EGLConfig, egl_winsys_surface **, egl_color_buffer_format *, EGLBoolean) returns 0x3000
11-19 16:44:05.966 E/Thermal-daemon(  634): [charger_ic] temp_new :38  temp_old :39
11-19 16:44:05.970 I/ThermalService( 1776): Receive temperature change, type: 2, temp: 38 from thermald
11-19 16:44:05.971 D/HwThermalStateManager( 1776): Thermal type: 2 cur_temperature:38
11-19 16:44:05.972 E/Thermal-daemon(  634): Report temperature: [charger_ic] temp :38  report_threshold:1
11-19 16:44:06.045 D/OpenGLRenderer(22290):   HWUI Binary is  enabled
11-19 16:44:06.080 V/AudioManager(22290): playSoundEffect   effectType: 0
11-19 16:44:06.096 I/AppManager( 1776): dependence has been existed:22290 -> 15636
11-19 16:44:06.138 I/Monkey  (23863): :Sending Touch (ACTION_DOWN): 0:(1053.0,673.0)
11-19 16:44:06.142 I/Monkey  (23863): :Sending Touch (ACTION_UP): 0:(1054.7096,660.9133)
11-19 16:44:06.203 V/AudioManager(22290): playSoundEffect   effectType: 0
11-19 16:44:06.347 I/Monkey  (23863): :Sending Touch (ACTION_DOWN): 0:(57.0,1275.0)
11-19 16:44:06.351 I/Monkey  (23863): :Sending Touch (ACTION_UP): 0:(52.437202,1285.3397)
11-19 16:44:06.368 V/AudioManager(22290): playSoundEffect   effectType: 0
11-19 16:44:06.385 I/AppManager( 1776): dependence has been existed:22290 -> 15636
11-19 16:44:06.555 I/Monkey  (23863): :Sending Touch (ACTION_DOWN): 0:(583.0,794.0)
11-19 16:44:06.561 I/Monkey  (23863): :Sending Touch (ACTION_UP): 0:(573.7016,804.36316)
11-19 16:44:06.581 V/AudioManager(22290): playSoundEffect   effectType: 0
11-19 16:44:06.594 E/WifiHAL (  562): enter wifi_get_link_stats
11-19 16:44:06.602 E/wificond(  635): Failed to get NL80211_STA_INFO_CNAHLOAD
11-19 16:44:06.777 I/chatty  ( 1165): uid=1000(system) Binder:1165_7 expire 21 lines
11-19 16:44:06.791 D/KeyEvent(22290): obtain, mHwFlags=63
11-19 16:44:06.792 D/KeyEvent( 5537): obtain, mHwFlags=0
11-19 16:44:06.851 D/KeyEvent(22290): obtain, mHwFlags=63
11-19 16:44:06.852 D/KeyEvent( 5537): obtain, mHwFlags=0
11-19 16:44:06.996 I/chatty  ( 1165): uid=1000(system) LazyTaskWriterT expire 2 lines
11-19 16:44:07.028 I/Monkey  (23863): :Switch: #Intent;action=android.intent.action.MAIN;category=android.intent.category.LAUNCHER;launchFlags=0x10200000;component=com.color.phone.flash.caller.screen/.activity.AliasLaunchActivity;end
11-19 16:44:07.056 I/Monkey  (23863):     // Allowing start of Intent { act=android.intent.action.MAIN cat=[android.intent.category.LAUNCHER] cmp=com.color.phone.flash.caller.screen/.activity.AliasLaunchActivity } in package com.color.phone.flash.caller.screen
11-19 16:44:07.056 I/PGServer( 1776): android calls fast hibernateApps
11-19 16:44:07.056 I/AppFastHibernation( 1776): fast hibernate duration: 1500 reason: start activity
11-19 16:44:07.057 I/Pged-IPgedBinderService(  641): ****action is 1, pid num is 2***
11-19 16:44:07.057 I/Pged-Freezer(  641): freezePids
11-19 16:44:07.057 I/Pged-Freezer(  641): Freeze process: 18689
11-19 16:44:07.058 D/PgedBinderAdapter( 1776): frz ok, pid: [18689]
11-19 16:44:07.093 D/HwCust  (22290): Create obj success use class android.app.HwCustActivityImpl
11-19 16:44:07.093 D/HwCust  (22290): Create obj success use class android.app.HwCustHwWallpaperManagerImpl
11-19 16:44:07.094 V/ActivityThread(22290): ActivityThread,callActivityOnCreate
11-19 16:44:07.095 W/B-BASE  (22290): FirebaseToken->dEtKIsVpx80:APA91bECmVLQbvaEDGig1xeTA42tBZh9R7_wYfbx5cH9wlJW5aBegRUS8BUDfXU9Fy6jr9uKg7m9QFxBLnrK7c3RfmvoScx79Sn6rpejUbwc2HdFNShZZ7ggSm-dztpKzCWmMhcLCtMR
11-19 16:44:07.103 V/SQLiteDatabase(15636): triggerBuildingIndex(): invalid id, return.
11-19 16:44:07.106 D/HwRTBlurUtils(22290): check blur style for HwPhoneWindow, themeResId : 0x7f0f00c4, context : com.color.phone.flash.caller.screen.activity.FlashLightMainActivity@3b441a3, Nhwext : 0, get Blur : disable with , null
11-19 16:44:07.106 D/HwRTBlurUtils(22290): check blur style for HwPhoneWindow, themeResId : 0x7f0f00c4, context : com.color.phone.flash.caller.screen.activity.FlashLightMainActivity@3b441a3, Nhwext : 0, get Blur : disable with , null
11-19 16:44:07.107 D/ActivityThread(22290): add activity client record, r= ActivityRecord{212ef64 token=android.os.BinderProxy@3a12cd2 {com.color.phone.flash.caller.screen/com.color.phone.flash.caller.screen.activity.AliasLaunchActivity}} token= android.os.BinderProxy@3a12cd2
11-19 16:44:07.110 D/OpenGLRenderer(22290):   HWUI Binary is  enabled
11-19 16:44:07.116 E/NetworkScheduler(15561): Invalid component specified.
11-19 16:44:07.122 D/WorkSource(15561): Insert in WorkSource{} @ 0 uid 10019 name com.google.android.gms
11-19 16:44:07.123 I/PressGestureDetector(22290): enabledInPad = false,isPcCastMode = false
11-19 16:44:07.128 V/SQLiteDatabase(15636): triggerBuildingIndex(): invalid id, return.
11-19 16:44:07.132 D/mali_winsys(22290): EGLint new_window_surface(egl_winsys_display *, void *, EGLSurface, EGLConfig, egl_winsys_surface **, egl_color_buffer_format *, EGLBoolean) returns 0x3000
11-19 16:44:07.134 D/OpenGLRenderer(22290):   HWUI Binary is  enabled
11-19 16:44:07.144 W/InputMethodManager(22290): startInputReason = 1
11-19 16:44:07.149 D/BarTransitions.HwPhoneStatusBarView( 1610): MODE_TRANSLUCENT -> MODE_TRANSPARENT animate=false
11-19 16:44:07.149 D/BarTransitions.HwPhoneStatusBarView( 1610): applyModeBackground oldMode=MODE_TRANSLUCENT newMode=MODE_TRANSPARENT animate=false
11-19 16:44:07.150 E/NetworkScheduler(15561): Invalid component specified.
11-19 16:44:07.154 V/SQLiteDatabase(15636): triggerBuildingIndex(): invalid id, return.
11-19 16:44:07.155 I/wangchen( 5537): SysInfo.getSysParam: orientation=1||config d=3.0,w=1080,h=1808||metrics d=3.0,w=1080,h=1808||sdk=26,bar_h=72
11-19 16:44:07.155 I/KeymapLoader( 5537): w=1080 h=1808 ori=true appScale=3.3 s1=3.0
11-19 16:44:07.158 D/WorkSource(15561): Insert in WorkSource{} @ 0 uid 10019 name com.google.android.gms
11-19 16:44:07.166 E/NetworkScheduler(15561): Invalid component specified.
11-19 16:44:07.167 D/BarTransitions.HwNavigationBarView( 1610): MODE_TRANSLUCENT -> MODE_TRANSPARENT animate=false
11-19 16:44:07.167 D/BarTransitions.HwNavigationBarView( 1610): applyModeBackground oldMode=MODE_TRANSLUCENT newMode=MODE_TRANSPARENT animate=false
11-19 16:44:07.172 D/WorkSource(15561): Insert in WorkSource{} @ 0 uid 10019 name com.google.android.gms
11-19 16:44:07.172 W/libEGL  (22290): EGLNativeWindowType 0x7a3f9e2010 disconnect failed
11-19 16:44:07.172 D/OpenGLRenderer(22290): endAllActiveAnimators on 0x7a44282c00 (RelativeLayout) with handle 0x7a5fbceb60
11-19 16:44:07.184 D/HwRecentsLockUtils( 1610): Search
11-19 16:44:07.184 E/HsmCoreServiceImpl( 1761): onTransact in code is: 103
11-19 16:44:07.184 I/MediaProcessHandler( 1761): playingUids: 
11-19 16:44:07.187 W/SystemServicesProxy( 1610): getThumbnail taskId 151getTaskSnapshot new null
11-19 16:44:07.257 I/AppManager( 1776): dependence has been existed:22290 -> 15636
11-19 16:44:07.263 I/Monkey  (23863): :Sending Touch (ACTION_DOWN): 0:(11.0,378.0)
11-19 16:44:07.268 I/Monkey  (23863): :Sending Touch (ACTION_UP): 0:(9.095237,353.004)
11-19 16:44:07.469 I/Monkey  (23863): :Switch: #Intent;action=android.intent.action.MAIN;category=android.intent.category.LAUNCHER;launchFlags=0x10200000;component=com.color.phone.flash.caller.screen/.activity.AliasLaunchActivity;end
11-19 16:44:07.477 I/Monkey  (23863):     // Allowing start of Intent { act=android.intent.action.MAIN cat=[android.intent.category.LAUNCHER] cmp=com.color.phone.flash.caller.screen/.activity.AliasLaunchActivity } in package com.color.phone.flash.caller.screen
11-19 16:44:07.684 D/KeyEvent(22290): obtain, mHwFlags=0
11-19 16:44:07.685 D/KeyEvent( 5537): obtain, mHwFlags=0
11-19 16:44:07.686 D/KeyEvent(22290): obtain, mHwFlags=0
11-19 16:44:07.687 D/KeyEvent( 5537): obtain, mHwFlags=0
11-19 16:44:07.838 W/libEGL  (22290): EGLNativeWindowType 0x7a56fd1010 disconnect failed
11-19 16:44:07.839 I/ash     ( 1776): view remove pid:22290 uid:10127
11-19 16:44:07.850 D/OpenGLRenderer(22290):   HWUI Binary is  enabled
11-19 16:44:07.850 I/ash     ( 1776): view add pid:22290 uid:10127
11-19 16:44:07.853 D/OpenGLRenderer(22290):   HWUI Binary is  enabled
11-19 16:44:07.858 W/ViewRootImpl[Toast](22290): EGLdebug relayoutWindow Surface isSurface(name=null)  (appName =com.color.phone.flash.caller.screen) ( mSurfaceControllerIsValid =false) (mNativeObject  =0)/@0xabdbf3a,viewVisibility is0
11-19 16:44:07.870 W/ViewRootImpl[Toast](22290): EGLdebug relayoutWindow Surface isSurface(name=null)  (appName =com.color.phone.flash.caller.screen) ( mSurfaceControllerIsValid =true) (mNativeObject  =7a56fd1000)/@0xabdbf3a,relayoutResult is7
11-19 16:44:07.870 W/ViewRootImpl[Toast](22290): EGLdebug Surface isSurface(name=null)  (appName =com.color.phone.flash.caller.screen) ( mSurfaceControllerIsValid =true) (mNativeObject  =7a56fd1000)/@0xabdbf3a
11-19 16:44:07.871 D/mali_winsys(22290): EGLint new_window_surface(egl_winsys_display *, void *, EGLSurface, EGLConfig, egl_winsys_surface **, egl_color_buffer_format *, EGLBoolean) returns 0x3000
11-19 16:44:07.888 I/Monkey  (23863): :Sending Touch (ACTION_DOWN): 0:(331.0,1216.0)
11-19 16:44:07.890 I/Monkey  (23863): :Sending Touch (ACTION_UP): 0:(337.32733,1211.005)
11-19 16:44:08.096 I/Monkey  (23863): :Sending Touch (ACTION_DOWN): 0:(11.0,876.0)
11-19 16:44:08.101 I/Monkey  (23863): :Sending Touch (ACTION_UP): 0:(10.032734,881.18823)
11-19 16:44:08.304 E/Input   (23863): getAxisValue(): x--1.0-0.0--1.0
11-19 16:44:08.304 E/Input   (23863): getAxisValue(): y--3.0-0.0--3.0
11-19 16:44:08.305 I/Monkey  (23863): :Sending Trackball (ACTION_MOVE): 0:(-1.0,-3.0)
11-19 16:44:08.326 I/Monkey  (23863):     //[calendar_time:2018-11-19 16:44:08.325  system_uptime:88564484]
11-19 16:44:08.326 I/Monkey  (23863):     // Sending event #53600
11-19 16:44:08.332 I/Monkey  (23863): :Sending Touch (ACTION_DOWN): 0:(293.0,828.0)
11-19 16:44:08.344 I/Monkey  (23863): :Sending Touch (ACTION_UP): 0:(295.9858,786.91144)
11-19 16:44:08.346 E/Input   (22290): getAxisValue(): x--1.0-0.0--1.0
11-19 16:44:08.348 D/KeyEvent( 5537): obtain, mHwFlags=0
11-19 16:44:08.348 D/KeyEvent( 5537): obtain, mHwFlags=0
11-19 16:44:08.368 D/KeyEvent( 5537): obtain, mHwFlags=0
11-19 16:44:08.369 D/KeyEvent( 5537): obtain, mHwFlags=0
11-19 16:44:08.426 I/PresentationSystem(22290): not needQuiet
11-19 16:44:08.550 E/Input   (23863): getAxisValue(): x--3.0-0.0--3.0
11-19 16:44:08.550 E/Input   (23863): getAxisValue(): y--3.0-0.0--3.0
11-19 16:44:08.551 I/Monkey  (23863): :Sending Trackball (ACTION_MOVE): 0:(-3.0,-3.0)
11-19 16:44:08.562 I/Pged-IPgedBinderService(  641): ****action is 2, pid num is 2***
11-19 16:44:08.562 I/Pged-Freezer(  641): thawPids
11-19 16:44:08.564 D/PgedBinderAdapter( 1776): unfrz ok, pid: [18689]
11-19 16:44:08.565 I/Monkey  (23863): :Sending Touch (ACTION_DOWN): 0:(583.0,1678.0)
11-19 16:44:08.573 I/Monkey  (23863): :Sending Touch (ACTION_UP): 0:(596.00836,1663.3945)
11-19 16:44:08.575 E/Input   (22290): getAxisValue(): x--4.0-0.0--4.0
11-19 16:44:08.576 D/KeyEvent( 5537): obtain, mHwFlags=0
11-19 16:44:08.603 D/KeyEvent( 5537): obtain, mHwFlags=0
11-19 16:44:08.776 I/Monkey  (23863): :Sending Touch (ACTION_DOWN): 0:(279.0,984.0)
11-19 16:44:08.780 I/Monkey  (23863): :Sending Touch (ACTION_UP): 0:(284.791,995.94507)
11-19 16:44:08.986 I/Monkey  (23863): :Sending Touch (ACTION_DOWN): 0:(1051.0,471.0)
11-19 16:44:08.992 I/Monkey  (23863): :Sending Touch (ACTION_UP): 0:(1058.8228,471.74)
11-19 16:44:09.108 I/Monkey  (23863):     // Allowing start of Intent { cmp=com.color.phone.flash.caller.screen/.activity.FlashLightHomeActivity } in package com.color.phone.flash.caller.screen
11-19 16:44:09.118 I/PGServer( 1776): android calls fast hibernateApps
11-19 16:44:09.118 I/AppFastHibernation( 1776): fast hibernate duration: 1500 reason: start activity
11-19 16:44:09.119 I/AppFastHibernation( 1776): fast hibernate now, drop this request
11-19 16:44:09.122 I/Monkey  (23863):     // activityResuming(com.color.phone.flash.caller.screen)
11-19 16:44:09.132 D/ActivityThread(22290): Remove activity client record, r= ActivityRecord{659879a token=android.os.BinderProxy@73080b6 {com.color.phone.flash.caller.screen/cn.cootek.colibrow.incomingcall.activity.CallDetailActivity}} token= android.os.BinderProxy@73080b6
11-19 16:44:09.141 W/libc    (  499): Set property "hw.wifi.dns_stat" to "913,616,1252,1,16922"
11-19 16:44:09.162 V/SQLiteDatabase(15636): triggerBuildingIndex(): invalid id, return.
11-19 16:44:09.175 E/NetworkScheduler(15561): Invalid component specified.
11-19 16:44:09.183 D/WorkSource(15561): Insert in WorkSource{} @ 0 uid 10019 name com.google.android.gms
11-19 16:44:09.184 I/CommandQueue( 1610): updateBarBgColor
11-19 16:44:09.184 D/CommandQueue( 1610): CommandQueue, setBarBackgroundColor
11-19 16:44:09.184 D/TintManager( 1610): statusBarIconTint=#99FFFFFF,navigationBarIconTint=#FF000000
11-19 16:44:09.190 V/SQLiteDatabase(15636): triggerBuildingIndex(): invalid id, return.
11-19 16:44:09.194 D/mali_winsys(22290): EGLint new_window_surface(egl_winsys_display *, void *, EGLSurface, EGLConfig, egl_winsys_surface **, egl_color_buffer_format *, EGLBoolean) returns 0x3000
11-19 16:44:09.205 E/NetworkScheduler(15561): Invalid component specified.
11-19 16:44:09.208 D/WorkSource(15561): Insert in WorkSource{} @ 0 uid 10019 name com.google.android.gms
11-19 16:44:09.211 D/KeyEvent(22290): obtain, mHwFlags=0
11-19 16:44:09.211 W/ViewRootImpl[FlashLightHomeActivity](22290): Dropping event due to no window focus: KeyEvent { action=ACTION_DOWN, keyCode=KEYCODE_MENU, scanCode=0, metaState=0, flags=0x8, hwFlags=0x0, repeatCount=0, eventTime=32518618, downTime=32518618, deviceId=-1, source=0x101 }
11-19 16:44:09.212 W/InputMethodManager(22290): startInputReason = 1
11-19 16:44:09.216 D/KeyEvent(22290): obtain, mHwFlags=0
11-19 16:44:09.217 D/HwRTBlurUtils(22290): check blur style for HwToast-Toast, themeResId : 0x0103013f, context : com.color.phone.flash.caller.screen.app.MainApplication@7e0b44, Nhwext : 6, get Blur : disable with , android.graphics.drawable.NinePatchDrawable@1b0b478
11-19 16:44:09.217 I/wangchen( 5537): SysInfo.getSysParam: orientation=1||config d=3.0,w=1080,h=1808||metrics d=3.0,w=1080,h=1808||sdk=26,bar_h=72
11-19 16:44:09.217 I/KeymapLoader( 5537): w=1080 h=1808 ori=true appScale=3.3 s1=3.0
11-19 16:44:09.218 D/KeyEvent( 5537): obtain, mHwFlags=0
11-19 16:44:09.219 V/AudioManager(22290): playSoundEffect   effectType: 0
11-19 16:44:09.241 W/libEGL  (22290): EGLNativeWindowType 0x7a749dc010 disconnect failed
11-19 16:44:09.252 D/HwRecentsLockUtils( 1610): Search
11-19 16:44:09.252 E/HsmCoreServiceImpl( 1761): onTransact in code is: 103
11-19 16:44:09.252 I/MediaProcessHandler( 1761): playingUids: 
11-19 16:44:09.255 W/SystemServicesProxy( 1610): getThumbnail taskId 151getTaskSnapshot new null
11-19 16:44:09.413 I/Monkey  (23863): :Sending Touch (ACTION_DOWN): 0:(316.0,1385.0)
11-19 16:44:09.417 I/Monkey  (23863): :Sending Touch (ACTION_UP): 0:(331.2982,1412.2858)
11-19 16:44:09.428 V/AudioManager(22290): playSoundEffect   effectType: 0
11-19 16:44:09.433 I/Monkey  (23863):     // Allowing start of Intent { cmp=com.color.phone.flash.caller.screen/cn.cootek.colibrow.incomingcall.activity.CallDetailActivity } in package com.color.phone.flash.caller.screen
11-19 16:44:09.457 V/SQLiteDatabase(15636): triggerBuildingIndex(): invalid id, return.
11-19 16:44:09.468 I/chatty  ( 1165): uid=1000(system) Binder:1165_10 expire 44 lines
11-19 16:44:09.474 E/IncomingCallSettings(22290):  url = ime.cdn.service.cootek.com
11-19 16:44:09.475 I/chatty  ( 1165): uid=1000(system) Binder:1165_7 expire 32 lines
11-19 16:44:09.475 E/IncomingCallSettings(22290):  url = ime.cdn.service.cootek.com
11-19 16:44:09.480 D/WorkSource(15561): Insert in WorkSource{} @ 0 uid 10019 name com.google.android.gms
11-19 16:44:09.480 I/chatty  ( 1165): uid=1000(system) Binder:1165_5 expire 30 lines
11-19 16:44:09.481 E/NetworkScheduler(15561): Invalid component specified.
11-19 16:44:09.496 V/SQLiteDatabase(15636): triggerBuildingIndex(): invalid id, return.
11-19 16:44:09.508 D/HwCust  (22290): Create obj success use class android.app.HwCustActivityImpl
11-19 16:44:09.508 D/HwCust  (22290): Create obj success use class android.app.HwCustHwWallpaperManagerImpl
11-19 16:44:09.509 V/ActivityThread(22290): ActivityThread,callActivityOnCreate
11-19 16:44:09.510 D/NetWorkUtils( 1610): mVSimCurCardType is -1
11-19 16:44:09.511 E/NetworkScheduler(15561): Invalid component specified.
11-19 16:44:09.511 D/NetWorkUtils( 1610): mVSimCurCardType is -1
11-19 16:44:09.514 D/HwRTBlurUtils(22290): check blur style for HwPhoneWindow, themeResId : 0x7f0f00c4, context : cn.cootek.colibrow.incomingcall.activity.CallDetailActivity@cf62ba8, Nhwext : 0, get Blur : disable with , null
11-19 16:44:09.514 D/HwRTBlurUtils(22290): check blur style for HwPhoneWindow, themeResId : 0x7f0f00c4, context : cn.cootek.colibrow.incomingcall.activity.CallDetailActivity@cf62ba8, Nhwext : 0, get Blur : disable with , null
11-19 16:44:09.516 D/WorkSource(15561): Insert in WorkSource{} @ 0 uid 10019 name com.google.android.gms
11-19 16:44:09.531 D/ActivityThread(22290): add activity client record, r= ActivityRecord{96ba64a token=android.os.BinderProxy@1217cb {com.color.phone.flash.caller.screen/cn.cootek.colibrow.incomingcall.activity.CallDetailActivity}} token= android.os.BinderProxy@1217cb
11-19 16:44:09.534 D/OpenGLRenderer(22290):   HWUI Binary is  enabled
11-19 16:44:09.542 I/PressGestureDetector(22290): enabledInPad = false,isPcCastMode = false
11-19 16:44:09.551 I/CommandQueue( 1610): updateBarBgColor
11-19 16:44:09.551 D/CommandQueue( 1610): CommandQueue, setBarBackgroundColor
11-19 16:44:09.551 D/TintManager( 1610): statusBarIconTint=#99FFFFFF,navigationBarIconTint=#FF000000
11-19 16:44:09.552 V/SQLiteDatabase(15636): triggerBuildingIndex(): invalid id, return.
11-19 16:44:09.561 D/mali_winsys(22290): EGLint new_window_surface(egl_winsys_display *, void *, EGLSurface, EGLConfig, egl_winsys_surface **, egl_color_buffer_format *, EGLBoolean) returns 0x3000
11-19 16:44:09.563 D/ActivityThread(22290): Remove activity client record, r= ActivityRecord{212ef64 token=android.os.BinderProxy@3a12cd2 {com.color.phone.flash.caller.screen/com.color.phone.flash.caller.screen.activity.AliasLaunchActivity}} token= android.os.BinderProxy@3a12cd2
11-19 16:44:09.564 E/NetworkScheduler(15561): Invalid component specified.
11-19 16:44:09.568 D/WorkSource(15561): Insert in WorkSource{} @ 0 uid 10019 name com.google.android.gms
11-19 16:44:09.583 I/chatty  ( 1165): uid=1000(system) android.anim expire 18 lines
11-19 16:44:09.583 I/chatty  ( 1165): uid=1000 system_server expire 6 lines
11-19 16:44:09.584 D/OpenGLRenderer(22290):   HWUI Binary is  enabled
11-19 16:44:09.584 W/InputMethodManager(22290): startInputReason = 1
11-19 16:44:09.585 I/AppManager( 1776): dependence has been existed:22290 -> 15636
11-19 16:44:09.590 D/BarTransitions.HwPhoneStatusBarView( 1610): MODE_TRANSPARENT -> MODE_TRANSLUCENT animate=false
11-19 16:44:09.590 D/BarTransitions.HwPhoneStatusBarView( 1610): applyModeBackground oldMode=MODE_TRANSPARENT newMode=MODE_TRANSLUCENT animate=false
11-19 16:44:09.590 D/BarTransitions.HwNavigationBarView( 1610): MODE_TRANSPARENT -> MODE_TRANSLUCENT animate=false
11-19 16:44:09.590 D/BarTransitions.HwNavigationBarView( 1610): applyModeBackground oldMode=MODE_TRANSPARENT newMode=MODE_TRANSLUCENT animate=false
11-19 16:44:09.591 I/wangchen( 5537): SysInfo.getSysParam: orientation=1||config d=3.0,w=1080,h=1808||metrics d=3.0,w=1080,h=1808||sdk=26,bar_h=72
11-19 16:44:09.591 I/KeymapLoader( 5537): w=1080 h=1808 ori=true appScale=3.3 s1=3.0
11-19 16:44:09.596 D/HwRecentsLockUtils( 1610): Search
11-19 16:44:09.596 E/HsmCoreServiceImpl( 1761): onTransact in code is: 103
11-19 16:44:09.596 I/MediaProcessHandler( 1761): playingUids: 
11-19 16:44:09.601 I/chatty  ( 1165): uid=1000(system) Binder:1165_3 expire 1 line
11-19 16:44:09.603 W/SystemServicesProxy( 1610): getThumbnail taskId 151getTaskSnapshot new null
11-19 16:44:09.608 E/WifiHAL (  562): enter wifi_get_link_stats
11-19 16:44:09.612 E/wificond(  635): Failed to get NL80211_STA_INFO_CNAHLOAD
11-19 16:44:09.612 W/libEGL  (22290): EGLNativeWindowType 0x7a3f9e1010 disconnect failed
11-19 16:44:09.618 I/Monkey  (23863): :Switch: #Intent;action=android.intent.action.MAIN;category=android.intent.category.LAUNCHER;launchFlags=0x10200000;component=com.color.phone.flash.caller.screen/.activity.AliasLaunchActivity;end
11-19 16:44:09.621 I/Monkey  (23863):     // Allowing start of Intent { act=android.intent.action.MAIN cat=[android.intent.category.LAUNCHER] cmp=com.color.phone.flash.caller.screen/.activity.AliasLaunchActivity } in package com.color.phone.flash.caller.screen
11-19 16:44:09.652 D/HwCust  (22290): Create obj success use class android.app.HwCustActivityImpl
11-19 16:44:09.652 D/HwCust  (22290): Create obj success use class android.app.HwCustHwWallpaperManagerImpl
11-19 16:44:09.653 V/ActivityThread(22290): ActivityThread,callActivityOnCreate
11-19 16:44:09.655 W/B-BASE  (22290): FirebaseToken->dEtKIsVpx80:APA91bECmVLQbvaEDGig1xeTA42tBZh9R7_wYfbx5cH9wlJW5aBegRUS8BUDfXU9Fy6jr9uKg7m9QFxBLnrK7c3RfmvoScx79Sn6rpejUbwc2HdFNShZZ7ggSm-dztpKzCWmMhcLCtMR
11-19 16:44:09.662 D/HwRTBlurUtils(22290): check blur style for HwPhoneWindow, themeResId : 0x7f0f00c4, context : com.color.phone.flash.caller.screen.activity.FlashLightMainActivity@d932620, Nhwext : 0, get Blur : disable with , null
11-19 16:44:09.663 D/HwRTBlurUtils(22290): check blur style for HwPhoneWindow, themeResId : 0x7f0f00c4, context : com.color.phone.flash.caller.screen.activity.FlashLightMainActivity@d932620, Nhwext : 0, get Blur : disable with , null
11-19 16:44:09.663 D/ActivityThread(22290): add activity client record, r= ActivityRecord{8199e76 token=android.os.BinderProxy@8a51123 {com.color.phone.flash.caller.screen/com.color.phone.flash.caller.screen.activity.AliasLaunchActivity}} token= android.os.BinderProxy@8a51123
11-19 16:44:09.667 D/OpenGLRenderer(22290):   HWUI Binary is  enabled
11-19 16:44:09.678 I/PressGestureDetector(22290): enabledInPad = false,isPcCastMode = false
11-19 16:44:09.685 V/SQLiteDatabase(15636): triggerBuildingIndex(): invalid id, return.
11-19 16:44:09.694 D/mali_winsys(22290): EGLint new_window_surface(egl_winsys_display *, void *, EGLSurface, EGLConfig, egl_winsys_surface **, egl_color_buffer_format *, EGLBoolean) returns 0x3000
11-19 16:44:09.694 D/OpenGLRenderer(22290):   HWUI Binary is  enabled
11-19 16:44:09.699 E/NetworkScheduler(15561): Invalid component specified.
11-19 16:44:09.703 D/WorkSource(15561): Insert in WorkSource{} @ 0 uid 10019 name com.google.android.gms
11-19 16:44:09.704 W/InputMethodManager(22290): startInputReason = 1
11-19 16:44:09.707 V/SQLiteDatabase(15636): triggerBuildingIndex(): invalid id, return.
11-19 16:44:09.709 D/BarTransitions.HwPhoneStatusBarView( 1610): MODE_TRANSLUCENT -> MODE_TRANSPARENT animate=false
11-19 16:44:09.709 D/BarTransitions.HwPhoneStatusBarView( 1610): applyModeBackground oldMode=MODE_TRANSLUCENT newMode=MODE_TRANSPARENT animate=false
11-19 16:44:09.712 I/wangchen( 5537): SysInfo.getSysParam: orientation=1||config d=3.0,w=1080,h=1808||metrics d=3.0,w=1080,h=1808||sdk=26,bar_h=72
11-19 16:44:09.712 I/KeymapLoader( 5537): w=1080 h=1808 ori=true appScale=3.3 s1=3.0
11-19 16:44:09.719 D/BarTransitions.HwNavigationBarView( 1610): MODE_TRANSLUCENT -> MODE_TRANSPARENT animate=false
11-19 16:44:09.719 D/BarTransitions.HwNavigationBarView( 1610): applyModeBackground oldMode=MODE_TRANSLUCENT newMode=MODE_TRANSPARENT animate=false
11-19 16:44:09.722 E/NetworkScheduler(15561): Invalid component specified.
11-19 16:44:09.726 W/libEGL  (22290): EGLNativeWindowType 0x7a394df010 disconnect failed
11-19 16:44:09.729 D/WorkSource(15561): Insert in WorkSource{} @ 0 uid 10019 name com.google.android.gms
11-19 16:44:09.743 D/HwRecentsLockUtils( 1610): Search
11-19 16:44:09.743 E/HsmCoreServiceImpl( 1761): onTransact in code is: 103
11-19 16:44:09.743 I/MediaProcessHandler( 1761): playingUids: 
11-19 16:44:09.746 W/SystemServicesProxy( 1610): getThumbnail taskId 151getTaskSnapshot new null
11-19 16:44:09.815 I/AppManager( 1776): dependence has been existed:22290 -> 15636
11-19 16:44:09.820 I/AppManager( 1776): dependence has been existed:22290 -> 15636
11-19 16:44:09.830 I/Monkey  (23863): :Sending Touch (ACTION_DOWN): 0:(621.0,2.0)
11-19 16:44:09.832 I/Monkey  (23863): :Sending Touch (ACTION_UP): 0:(623.6958,1.4268963)
11-19 16:44:09.859 W/libEGL  (22290): EGLNativeWindowType 0x7a56fd1010 disconnect failed
11-19 16:44:09.860 I/ash     ( 1776): view remove pid:22290 uid:10127
11-19 16:44:09.863 D/OpenGLRenderer(22290):   HWUI Binary is  enabled
11-19 16:44:09.863 I/ash     ( 1776): view add pid:22290 uid:10127
11-19 16:44:09.870 W/ViewRootImpl[Toast](22290): EGLdebug relayoutWindow Surface isSurface(name=null)  (appName =com.color.phone.flash.caller.screen) ( mSurfaceControllerIsValid =false) (mNativeObject  =0)/@0xcd7f1,viewVisibility is0
11-19 16:44:09.874 D/SurfaceFlinger(  567): duplicate layer name: changing Toast to Toast#1
11-19 16:44:09.881 W/ViewRootImpl[Toast](22290): EGLdebug relayoutWindow Surface isSurface(name=null)  (appName =com.color.phone.flash.caller.screen) ( mSurfaceControllerIsValid =true) (mNativeObject  =7a56fd1000)/@0xcd7f1,relayoutResult is7
11-19 16:44:09.881 W/ViewRootImpl[Toast](22290): EGLdebug Surface isSurface(name=null)  (appName =com.color.phone.flash.caller.screen) ( mSurfaceControllerIsValid =true) (mNativeObject  =7a56fd1000)/@0xcd7f1
11-19 16:44:09.883 D/mali_winsys(22290): EGLint new_window_surface(egl_winsys_display *, void *, EGLSurface, EGLConfig, egl_winsys_surface **, egl_color_buffer_format *, EGLBoolean) returns 0x3000
11-19 16:44:09.883 D/OpenGLRenderer(22290):   HWUI Binary is  enabled
11-19 16:44:10.034 I/Monkey  (23863): :Sending Touch (ACTION_DOWN): 0:(622.0,120.0)
11-19 16:44:10.051 I/Monkey  (23863): :Sending Touch (ACTION_UP): 0:(640.39166,155.54414)
11-19 16:44:10.256 I/chatty  ( 1165): uid=1000(system) InputDispatcher expire 4 lines
11-19 16:44:10.257 D/KeyEvent(22290): obtain, mHwFlags=0
11-19 16:44:10.258 D/KeyEvent( 5537): obtain, mHwFlags=0
11-19 16:44:10.270 D/KeyEvent(22290): obtain, mHwFlags=0
11-19 16:44:10.270 D/KeyEvent( 5537): obtain, mHwFlags=0
11-19 16:44:10.276 V/AudioManager(22290): playSoundEffect   effectType: 0
11-19 16:44:10.471 I/Monkey  (23863): :Sending rotation degree=0, persist=true
11-19 16:44:10.475 I/EventCenter( 1610): ContentChange for slot: 1
11-19 16:44:10.479 I/chatty  ( 1165): uid=1000(system) android.ui expire 106 lines
11-19 16:44:10.479 E/[HwRecSys]AppCache( 2782): getIsRportDirectService is false!
11-19 16:44:10.480 I/EventCenter( 1610): ContentChange for slot: 1
11-19 16:44:10.482 D/StatusBarIconController( 1610): setIconVisibility icon is null or visibility not change visibility=false
11-19 16:44:10.517 D/NetWorkUtils( 1610): mVSimCurCardType is -1
11-19 16:44:10.520 D/NetWorkUtils( 1610): mVSimCurCardType is -1
11-19 16:44:10.697 D/KeyEvent(22290): obtain, mHwFlags=0
11-19 16:44:10.698 D/KeyEvent( 5537): obtain, mHwFlags=0
11-19 16:44:10.700 D/KeyEvent(22290): obtain, mHwFlags=0
11-19 16:44:10.700 D/KeyEvent( 5537): obtain, mHwFlags=0
11-19 16:44:10.901 I/Monkey  (23863): :Sending rotation degree=1, persist=false
11-19 16:44:10.908 I/EventCenter( 1610): ContentChange for slot: 1
11-19 16:44:10.925 E/[HwRecSys]AppCache( 2782): getIsRportDirectService is false!
11-19 16:44:10.926 I/EventCenter( 1610): ContentChange for slot: 1
11-19 16:44:10.929 D/StatusBarIconController( 1610): setIconVisibility icon is null or visibility not change visibility=false
11-19 16:44:10.974 E/Thermal-daemon(  634): [charger_ic] temp_new :39  temp_old :38
11-19 16:44:10.975 I/ThermalService( 1776): Receive temperature change, type: 2, temp: 39 from thermald
11-19 16:44:10.976 E/Thermal-daemon(  634): Report temperature: [charger_ic] temp :39  report_threshold:1
11-19 16:44:10.976 E/Thermal-daemon(  634): [ap] temp_new :45  temp_old :46
11-19 16:44:10.977 I/ThermalService( 1776): Receive temperature change, type: 0, temp: 45 from thermald
11-19 16:44:10.977 D/HwThermalStateManager( 1776): Thermal type: 0 cur_temperature:45
11-19 16:44:10.977 E/Thermal-daemon(  634): Report temperature: [ap] temp :45  report_threshold:1
11-19 16:44:10.977 D/HwThermalStateManager( 1776): Thermal type: 0 cur_temperature:45
11-19 16:44:11.132 I/Monkey  (23863): :Sending rotation degree=0, persist=false
11-19 16:44:11.139 E/[HwRecSys]AppCache( 2782): getIsRportDirectService is false!
11-19 16:44:11.139 I/EventCenter( 1610): ContentChange for slot: 1
11-19 16:44:11.140 I/EventCenter( 1610): ContentChange for slot: 1
11-19 16:44:11.145 I/chatty  ( 1165): uid=1000(system) Binder:1165_10 expire 36 lines
11-19 16:44:11.145 D/StatusBarIconController( 1610): setIconVisibility icon is null or visibility not change visibility=false
11-19 16:44:11.150 I/EventCenter( 1610): ContentChange for slot: 1
11-19 16:44:11.151 E/[HwRecSys]AppCache( 2782): getIsRportDirectService is false!
11-19 16:44:11.153 D/StatusBarIconController( 1610): setIconVisibility icon is null or visibility not change visibility=false
11-19 16:44:11.367 I/Monkey  (23863): :Sending Touch (ACTION_DOWN): 0:(647.0,1477.0)
11-19 16:44:11.375 I/chatty  ( 1165): uid=1000 system_server expire 8 lines
11-19 16:44:11.379 I/Monkey  (23863): :Sending Touch (ACTION_UP): 0:(682.88873,1498.919)
11-19 16:44:11.426 I/PresentationSystem(22290): not needQuiet
11-19 16:44:11.585 I/Monkey  (23863): :Sending Touch (ACTION_DOWN): 0:(165.0,12.0)
11-19 16:44:11.594 I/Monkey  (23863): :Sending Touch (ACTION_UP): 0:(160.71574,16.671515)
11-19 16:44:11.653 D/WeatherHelper( 1610): City info empty
11-19 16:44:11.656 D/WeatherHelper( 1610): City info empty
11-19 16:44:11.660 I/chatty  ( 1165): uid=1000(system) Binder:1165_7 expire 30 lines
11-19 16:44:11.665 I/Monkey  (23863):     // Allowing start of Intent { cmp=com.color.phone.flash.caller.screen/.activity.FlashLightHomeActivity } in package com.color.phone.flash.caller.screen
11-19 16:44:11.670 I/PGServer( 1776): android calls fast hibernateApps
11-19 16:44:11.670 I/AppFastHibernation( 1776): fast hibernate duration: 1500 reason: start activity
11-19 16:44:11.670 I/AppFastHibernation( 1776): fast hibernate now, drop this request
11-19 16:44:11.672 I/Monkey  (23863):     // activityResuming(com.color.phone.flash.caller.screen)
11-19 16:44:11.672 I/chatty  ( 1165): uid=1000(system) Binder:1165_5 expire 36 lines
11-19 16:44:11.682 D/ActivityThread(22290): Remove activity client record, r= ActivityRecord{96ba64a token=android.os.BinderProxy@1217cb {com.color.phone.flash.caller.screen/cn.cootek.colibrow.incomingcall.activity.CallDetailActivity}} token= android.os.BinderProxy@1217cb
11-19 16:44:11.708 V/SQLiteDatabase(15636): triggerBuildingIndex(): invalid id, return.
11-19 16:44:11.721 E/NetworkScheduler(15561): Invalid component specified.
11-19 16:44:11.725 I/CommandQueue( 1610): updateBarBgColor
11-19 16:44:11.725 D/CommandQueue( 1610): CommandQueue, setBarBackgroundColor
11-19 16:44:11.725 D/TintManager( 1610): statusBarIconTint=#99FFFFFF,navigationBarIconTint=#FF000000
11-19 16:44:11.729 I/chatty  ( 1165): uid=1000(system) Binder:1165_20 expire 2 lines
11-19 16:44:11.731 D/mali_winsys(22290): EGLint new_window_surface(egl_winsys_display *, void *, EGLSurface, EGLConfig, egl_winsys_surface **, egl_color_buffer_format *, EGLBoolean) returns 0x3000
11-19 16:44:11.733 D/WorkSource(15561): Insert in WorkSource{} @ 0 uid 10019 name com.google.android.gms
11-19 16:44:11.735 V/SQLiteDatabase(15636): triggerBuildingIndex(): invalid id, return.
11-19 16:44:11.741 W/InputMethodManager(22290): startInputReason = 1
11-19 16:44:11.742 I/chatty  ( 1165): uid=1000(system) android.anim expire 16 lines
11-19 16:44:11.746 D/HwRTBlurUtils(22290): check blur style for HwToast-Toast, themeResId : 0x0103013f, context : com.color.phone.flash.caller.screen.app.MainApplication@7e0b44, Nhwext : 6, get Blur : disable with , android.graphics.drawable.NinePatchDrawable@869093b
11-19 16:44:11.748 E/NetworkScheduler(15561): Invalid component specified.
11-19 16:44:11.748 I/wangchen( 5537): SysInfo.getSysParam: orientation=1||config d=3.0,w=1080,h=1808||metrics d=3.0,w=1080,h=1808||sdk=26,bar_h=72
11-19 16:44:11.748 I/KeymapLoader( 5537): w=1080 h=1808 ori=true appScale=3.3 s1=3.0
11-19 16:44:11.748 D/WorkSource(15561): Insert in WorkSource{} @ 0 uid 10019 name com.google.android.gms
11-19 16:44:11.751 D/WeatherHelper( 1610): City info empty
11-19 16:44:11.751 D/DateTimeView( 1610): Change to single clock mode!
11-19 16:44:11.752 D/WeatherHelper( 1610): City info empty
11-19 16:44:11.753 D/WeatherHelper( 1610): City info empty
11-19 16:44:11.753 D/DateTimeView( 1610): Change to single clock mode!
11-19 16:44:11.753 D/WorkSource(15561): Insert in WorkSource{} @ 0 uid 10019 name com.google.android.gms
11-19 16:44:11.754 D/WeatherHelper( 1610): City info empty
11-19 16:44:11.757 D/WorkSource(15561): Insert in WorkSource{} @ 0 uid 10019 name com.google.android.gms
11-19 16:44:11.760 W/libEGL  (22290): EGLNativeWindowType 0x7a3b77e010 disconnect failed
11-19 16:44:11.768 D/ActivityThread(22290): Remove activity client record, r= ActivityRecord{8199e76 token=android.os.BinderProxy@8a51123 {com.color.phone.flash.caller.screen/com.color.phone.flash.caller.screen.activity.AliasLaunchActivity}} token= android.os.BinderProxy@8a51123
11-19 16:44:11.798 D/HwRecentsLockUtils( 1610): Search
11-19 16:44:11.798 E/HsmCoreServiceImpl( 1761): onTransact in code is: 103
11-19 16:44:11.798 I/MediaProcessHandler( 1761): playingUids: 
11-19 16:44:11.799 I/Monkey  (23863): :Sending Touch (ACTION_DOWN): 0:(379.0,59.0)
11-19 16:44:11.800 I/Monkey  (23863): :Sending Touch (ACTION_UP): 0:(370.32654,63.347576)
11-19 16:44:11.801 W/SystemServicesProxy( 1610): getThumbnail taskId 151getTaskSnapshot new null
11-19 16:44:11.849 W/libEGL  (22290): EGLNativeWindowType 0x7a56fd1010 disconnect failed
11-19 16:44:11.851 I/ash     ( 1776): view remove pid:22290 uid:10127
11-19 16:44:11.865 I/ash     ( 1776): view add pid:22290 uid:10127
11-19 16:44:11.866 D/OpenGLRenderer(22290):   HWUI Binary is  enabled
11-19 16:44:11.868 D/OpenGLRenderer(22290):   HWUI Binary is  enabled
11-19 16:44:11.874 W/ViewRootImpl[Toast](22290): EGLdebug relayoutWindow Surface isSurface(name=null)  (appName =com.color.phone.flash.caller.screen) ( mSurfaceControllerIsValid =false) (mNativeObject  =0)/@0x22ab72b,viewVisibility is0
11-19 16:44:11.881 W/ViewRootImpl[Toast](22290): EGLdebug relayoutWindow Surface isSurface(name=null)  (appName =com.color.phone.flash.caller.screen) ( mSurfaceControllerIsValid =true) (mNativeObject  =7a56fd1000)/@0x22ab72b,relayoutResult is7
11-19 16:44:11.881 W/ViewRootImpl[Toast](22290): EGLdebug Surface isSurface(name=null)  (appName =com.color.phone.flash.caller.screen) ( mSurfaceControllerIsValid =true) (mNativeObject  =7a56fd1000)/@0x22ab72b
11-19 16:44:11.882 D/mali_winsys(22290): EGLint new_window_surface(egl_winsys_display *, void *, EGLSurface, EGLConfig, egl_winsys_surface **, egl_color_buffer_format *, EGLBoolean) returns 0x3000
11-19 16:44:12.002 I/Monkey  (23863): :Sending Touch (ACTION_DOWN): 0:(734.0,778.0)
11-19 16:44:12.004 I/Monkey  (23863): :Sending Touch (ACTION_UP): 0:(734.7718,790.44574)
11-19 16:44:12.010 V/AudioManager(22290): playSoundEffect   effectType: 0
11-19 16:44:12.017 I/Monkey  (23863):     // Allowing start of Intent { cmp=com.color.phone.flash.caller.screen/cn.cootek.colibrow.incomingcall.activity.CallDetailActivity } in package com.color.phone.flash.caller.screen
11-19 16:44:12.039 V/SQLiteDatabase(15636): triggerBuildingIndex(): invalid id, return.
11-19 16:44:12.051 E/NetworkScheduler(15561): Invalid component specified.
11-19 16:44:12.052 E/IncomingCallSettings(22290):  url = ime.cdn.service.cootek.com
11-19 16:44:12.052 E/IncomingCallSettings(22290):  url = ime.cdn.service.cootek.com
