11-19 18:21:32.108 I/Monkey  (29231): :Sending Touch (ACTION_UP): 0:(811.6738,467.13922)
11-19 18:21:32.111 D/WorkSource(15561): Insert in WorkSource{} @ 0 uid 10019 name com.google.android.gms
11-19 18:21:32.114 I/wangchen( 5537): SysInfo.getSysParam: orientation=1||config d=3.0,w=1080,h=1808||metrics d=3.0,w=1080,h=1808||sdk=26,bar_h=72
11-19 18:21:32.114 I/KeymapLoader( 5537): w=1080 h=1808 ori=true appScale=3.3 s1=3.0
11-19 18:21:32.117 E/NetworkScheduler(15561): Invalid component specified.
11-19 18:21:32.129 D/WorkSource(15561): Insert in WorkSource{} @ 0 uid 10019 name com.google.android.gms
11-19 18:21:32.142 D/ActivityThread(22290): Remove activity client record, r= ActivityRecord{3b52cc1 token=android.os.BinderProxy@2ef86b7 {com.color.phone.flash.caller.screen/com.color.phone.flash.caller.screen.activity.AliasLaunchActivity}} token= android.os.BinderProxy@2ef86b7
11-19 18:21:32.151 E/HsmCoreServiceImpl( 1761): onTransact in code is: 103
11-19 18:21:32.151 I/MediaProcessHandler( 1761): playingUids: 
11-19 18:21:32.153 I/chatty  ( 1610): uid=10027(u0_a27) SystemUI_recent expire 15 lines
11-19 18:21:32.161 W/libc    (  499): Set property "hw.wifi.dns_stat" to "1799,1302,1252,1,20509"
11-19 18:21:32.315 D/KeyEvent( 5537): obtain, mHwFlags=0
11-19 18:21:32.315 D/KeyEvent( 5537): obtain, mHwFlags=0
11-19 18:21:32.517 I/Monkey  (29231): :Sending Touch (ACTION_DOWN): 0:(680.0,1575.0)
11-19 18:21:32.521 I/Monkey  (29231): :Sending Touch (ACTION_UP): 0:(682.22296,1575.5624)
11-19 18:21:32.539 I/Monkey  (29231):     // Allowing start of Intent { cmp=com.color.phone.flash.caller.screen/cn.cootek.colibrow.incomingcall.activity.CallDetailActivity } in package com.color.phone.flash.caller.screen
11-19 18:21:32.566 V/SQLiteDatabase(15636): triggerBuildingIndex(): invalid id, return.
11-19 18:21:32.571 I/chatty  ( 1165): uid=1000(system) Binder:1165_1B expire 15 lines
11-19 18:21:32.578 I/chatty  ( 1165): uid=1000(system) Binder:1165_F expire 20 lines
11-19 18:21:32.582 V/ActivityThread(22290): ActivityThread,callActivityOnCreate
11-19 18:21:32.583 E/NetworkScheduler(15561): Invalid component specified.
11-19 18:21:32.586 V/SQLiteDatabase(15636): triggerBuildingIndex(): invalid id, return.
11-19 18:21:32.590 D/WorkSource(15561): Insert in WorkSource{} @ 0 uid 10019 name com.google.android.gms
11-19 18:21:32.596 D/WorkSource(15561): Insert in WorkSource{} @ 0 uid 10019 name com.google.android.gms
11-19 18:21:32.600 E/NetworkScheduler(15561): Invalid component specified.
11-19 18:21:32.610 D/WorkSource(15561): Insert in WorkSource{} @ 0 uid 10019 name com.google.android.gms
11-19 18:21:32.610 I/chatty  ( 1165): uid=1000(system) Binder:1165_8 expire 66 lines
11-19 18:21:32.613 D/ActivityThread(22290): add activity client record, r= ActivityRecord{c25a327 token=android.os.BinderProxy@4d706d3 {com.color.phone.flash.caller.screen/cn.cootek.colibrow.incomingcall.activity.CallDetailActivity}} token= android.os.BinderProxy@4d706d3
11-19 18:21:32.633 V/SQLiteDatabase(15636): triggerBuildingIndex(): invalid id, return.
11-19 18:21:32.634 I/CommandQueue( 1610): updateBarBgColor
11-19 18:21:32.634 D/CommandQueue( 1610): CommandQueue, setBarBackgroundColor
11-19 18:21:32.635 I/chatty  ( 1165): uid=1000(system) Binder:1165_4 expire 13 lines
11-19 18:21:32.647 E/NetworkScheduler(15561): Invalid component specified.
11-19 18:21:32.654 I/chatty  ( 1165): uid=1000 system_server expire 10 lines
11-19 18:21:32.655 I/chatty  ( 1165): uid=1000(system) android.anim expire 10 lines
11-19 18:21:32.655 I/chatty  ( 1165): uid=1000(system) android.anim expire 26 lines
11-19 18:21:32.657 D/WorkSource(15561): Insert in WorkSource{} @ 0 uid 10019 name com.google.android.gms
11-19 18:21:32.661 I/wangchen( 5537): SysInfo.getSysParam: orientation=1||config d=3.0,w=1080,h=1808||metrics d=3.0,w=1080,h=1808||sdk=26,bar_h=72
11-19 18:21:32.661 I/KeymapLoader( 5537): w=1080 h=1808 ori=true appScale=3.3 s1=3.0
11-19 18:21:32.662 I/chatty  (22290): uid=10127(u0_a127) queued-work-loo expire 1 line
11-19 18:21:32.671 I/chatty  ( 1610): uid=10027(u0_a27) Binder:1610_8 expire 7 lines
11-19 18:21:32.671 E/HsmCoreServiceImpl( 1761): onTransact in code is: 103
11-19 18:21:32.671 I/MediaProcessHandler( 1761): playingUids: 
11-19 18:21:32.673 I/chatty  ( 1165): uid=1000(system) Binder:1165_4 expire 33 lines
11-19 18:21:32.690 I/chatty  ( 1776): uid=1000(system) core expire 13 lines
11-19 18:21:32.722 I/Monkey  (29231): :Sending rotation degree=1, persist=true
11-19 18:21:32.926 I/Monkey  (29231): :Sending Touch (ACTION_DOWN): 0:(261.0,1649.0)
11-19 18:21:32.927 I/Monkey  (29231): :Sending Touch (ACTION_UP): 0:(261.3823,1647.4221)
11-19 18:21:33.013 V/SQLiteDatabase(15636): triggerBuildingIndex(): invalid id, return.
11-19 18:21:33.050 V/SQLiteDatabase(15636): triggerBuildingIndex(): invalid id, return.
11-19 18:21:33.053 E/NetworkScheduler(15561): Invalid component specified.
11-19 18:21:33.060 D/WorkSource(15561): Insert in WorkSource{} @ 0 uid 10019 name com.google.android.gms
11-19 18:21:33.066 D/WorkSource(15561): Insert in WorkSource{} @ 0 uid 10019 name com.google.android.gms
11-19 18:21:33.080 E/NetworkScheduler(15561): Invalid component specified.
11-19 18:21:33.090 D/WorkSource(15561): Insert in WorkSource{} @ 0 uid 10019 name com.google.android.gms
11-19 18:21:33.097 D/WorkSource(15561): Insert in WorkSource{} @ 0 uid 10019 name com.google.android.gms
11-19 18:21:33.128 E/Input   (29231): getAxisValue(): y--1.0-0.0--1.0
11-19 18:21:33.128 I/Monkey  (29231): :Sending Trackball (ACTION_MOVE): 0:(1.0,-1.0)
11-19 18:21:33.140 I/Monkey  (29231): :Sending Touch (ACTION_DOWN): 0:(268.0,175.0)
11-19 18:21:33.142 I/Monkey  (29231): :Sending Touch (ACTION_UP): 0:(266.15707,182.39253)
11-19 18:21:33.158 D/KeyEvent( 5537): obtain, mHwFlags=0
11-19 18:21:33.159 I/chatty  ( 5537): uid=10054(u0_a54) com.baidu.input_huawei identical 36 lines
11-19 18:21:33.159 D/KeyEvent( 5537): obtain, mHwFlags=0
11-19 18:21:33.172 I/wangchen( 5537): SysInfo.getSysParam: orientation=1||config d=3.0,w=1080,h=1808||metrics d=3.0,w=1080,h=1808||sdk=26,bar_h=72
11-19 18:21:33.172 I/KeymapLoader( 5537): w=1080 h=1808 ori=true appScale=3.3 s1=3.0
11-19 18:21:33.204 I/chatty  (22290): uid=10127(u0_a127) Binder:22290_2 expire 2 lines
11-19 18:21:33.348 I/Monkey  (29231): :Sending Touch (ACTION_DOWN): 0:(379.0,1578.0)
11-19 18:21:33.352 I/Monkey  (29231): :Sending Touch (ACTION_UP): 0:(401.19406,1588.2505)
11-19 18:21:33.440 I/chatty  ( 1165): uid=1000(system) LazyTaskWriterT expire 1 line
11-19 18:21:33.524 I/Pged-IPgedBinderService(  641): ****action is 2, pid num is 2***
11-19 18:21:33.524 I/Pged-Freezer(  641): thawPids
11-19 18:21:33.554 I/Monkey  (29231): :Switch: #Intent;action=android.intent.action.MAIN;category=android.intent.category.LAUNCHER;launchFlags=0x10200000;component=com.color.phone.flash.caller.screen/.activity.AliasLaunchActivity;end
11-19 18:21:33.570 I/Monkey  (29231):     // Allowing start of Intent { act=android.intent.action.MAIN cat=[android.intent.category.LAUNCHER] cmp=com.color.phone.flash.caller.screen/.activity.AliasLaunchActivity } in package com.color.phone.flash.caller.screen
11-19 18:21:33.621 V/ActivityThread(22290): ActivityThread,callActivityOnCreate
11-19 18:21:33.629 V/SQLiteDatabase(15636): triggerBuildingIndex(): invalid id, return.
11-19 18:21:33.634 D/ActivityThread(22290): add activity client record, r= ActivityRecord{4909492 token=android.os.BinderProxy@685c530 {com.color.phone.flash.caller.screen/com.color.phone.flash.caller.screen.activity.AliasLaunchActivity}} token= android.os.BinderProxy@685c530
11-19 18:21:33.647 E/NetworkScheduler(15561): Invalid component specified.
11-19 18:21:33.652 D/WorkSource(15561): Insert in WorkSource{} @ 0 uid 10019 name com.google.android.gms
11-19 18:21:33.655 V/SQLiteDatabase(15636): triggerBuildingIndex(): invalid id, return.
11-19 18:21:33.655 D/WorkSource(15561): Insert in WorkSource{} @ 0 uid 10019 name com.google.android.gms
11-19 18:21:33.669 E/NetworkScheduler(15561): Invalid component specified.
11-19 18:21:33.676 V/SQLiteDatabase(15636): triggerBuildingIndex(): invalid id, return.
11-19 18:21:33.677 D/WorkSource(15561): Insert in WorkSource{} @ 0 uid 10019 name com.google.android.gms
11-19 18:21:33.677 W/ViewRootImpl[Toast](22290): EGLdebug relayoutWindow Surface isSurface(name=null)  (appName =com.color.phone.flash.caller.screen) ( mSurfaceControllerIsValid =false) (mNativeObject  =0)/@0x4f71ccb,viewVisibility is0
11-19 18:21:33.682 D/WorkSource(15561): Insert in WorkSource{} @ 0 uid 10019 name com.google.android.gms
11-19 18:21:33.685 D/SurfaceFlinger(  567): duplicate layer name: changing Toast to Toast#1
11-19 18:21:33.689 W/ViewRootImpl[Toast](22290): EGLdebug relayoutWindow Surface isSurface(name=null)  (appName =com.color.phone.flash.caller.screen) ( mSurfaceControllerIsValid =true) (mNativeObject  =7a3c8b1000)/@0x4f71ccb,relayoutResult is7
11-19 18:21:33.691 E/NetworkScheduler(15561): Invalid component specified.
11-19 18:21:33.694 I/wangchen( 5537): SysInfo.getSysParam: orientation=1||config d=3.0,w=1080,h=1808||metrics d=3.0,w=1080,h=1808||sdk=26,bar_h=72
11-19 18:21:33.694 I/KeymapLoader( 5537): w=1080 h=1808 ori=true appScale=3.3 s1=3.0
11-19 18:21:33.699 D/WorkSource(15561): Insert in WorkSource{} @ 0 uid 10019 name com.google.android.gms
11-19 18:21:33.703 D/WorkSource(15561): Insert in WorkSource{} @ 0 uid 10019 name com.google.android.gms
11-19 18:21:33.703 E/HsmCoreServiceImpl( 1761): onTransact in code is: 103
11-19 18:21:33.703 I/MediaProcessHandler( 1761): playingUids: 
11-19 18:21:33.785 I/Monkey  (29231): :Sending Touch (ACTION_DOWN): 0:(122.0,307.0)
11-19 18:21:33.786 I/Monkey  (29231): :Sending Touch (ACTION_UP): 0:(120.007256,316.174)
11-19 18:21:33.990 I/Monkey  (29231): :Sending Touch (ACTION_DOWN): 0:(418.0,724.0)
11-19 18:21:33.999 I/Monkey  (29231): :Sending Touch (ACTION_UP): 0:(333.67435,639.273)
11-19 18:21:34.203 I/Monkey  (29231): :Sending Touch (ACTION_DOWN): 0:(931.0,1738.0)
11-19 18:21:34.207 I/Monkey  (29231): :Sending Touch (ACTION_UP): 0:(928.5193,1745.2235)
11-19 18:21:34.411 I/Monkey  (29231): :Sending Touch (ACTION_DOWN): 0:(530.0,1572.0)
11-19 18:21:34.414 I/Monkey  (29231): :Sending Touch (ACTION_UP): 0:(535.2172,1564.2979)
11-19 18:21:34.616 I/Monkey  (29231): :Sending Touch (ACTION_DOWN): 0:(539.0,1168.0)
11-19 18:21:34.624 I/Monkey  (29231): :Sending Touch (ACTION_UP): 0:(562.0022,1171.7307)
11-19 18:21:34.827 I/Monkey  (29231): :Sending rotation degree=1, persist=false
11-19 18:21:34.844 E/[HwRecSys]AppCache( 2782): getIsRportDirectService is false!
11-19 18:21:34.985 I/chatty  ( 1165): uid=1000(system) HWExtMotionServ expire 12 lines
11-19 18:21:34.996 E/WifiHAL (  562): enter wifi_get_link_stats
11-19 18:21:35.008 E/wificond(  635): Failed to get NL80211_STA_INFO_CNAHLOAD
11-19 18:21:35.052 I/Monkey  (29231): :Sending Touch (ACTION_DOWN): 0:(172.0,1446.0)
11-19 18:21:35.059 I/Monkey  (29231): :Sending Touch (ACTION_UP): 0:(173.15504,1448.6621)
11-19 18:21:35.263 I/Monkey  (29231): :Sending Touch (ACTION_DOWN): 0:(820.0,1206.0)
11-19 18:21:35.269 I/Monkey  (29231): :Sending Touch (ACTION_UP): 0:(813.4262,1225.2355)
11-19 18:21:35.472 I/Monkey  (29231): :Sending Touch (ACTION_DOWN): 0:(946.0,871.0)
11-19 18:21:35.480 I/Monkey  (29231): :Sending Touch (ACTION_UP): 0:(935.6887,852.04755)
11-19 18:21:35.519 E/Thermal-daemon(  634): [ap] temp_new :45  temp_old :46
11-19 18:21:35.521 E/Thermal-daemon(  634): Report temperature: [ap] temp :45  report_threshold:1
11-19 18:21:35.642 I/Monkey  (29231):     // Allowing start of Intent { cmp=com.color.phone.flash.caller.screen/.activity.FlashLightHomeActivity } in package com.color.phone.flash.caller.screen
11-19 18:21:35.652 I/Monkey  (29231):     // activityResuming(com.color.phone.flash.caller.screen)
11-19 18:21:35.652 I/chatty  ( 1165): uid=1000(system) Binder:1165_16 expire 32 lines
11-19 18:21:35.671 D/ActivityThread(22290): Remove activity client record, r= ActivityRecord{c25a327 token=android.os.BinderProxy@4d706d3 {com.color.phone.flash.caller.screen/cn.cootek.colibrow.incomingcall.activity.CallDetailActivity}} token= android.os.BinderProxy@4d706d3
11-19 18:21:35.677 W/libc    (  499): Set property "hw.wifi.dns_stat" to "1800,1303,1252,1,20509"
11-19 18:21:35.680 I/chatty  ( 1165): uid=1000(system) Binder:1165_8 expire 32 lines
11-19 18:21:35.682 I/Monkey  (29231): :Sending rotation degree=0, persist=false
11-19 18:21:35.685 I/chatty  ( 1165): uid=1000(system) android.ui expire 50 lines
11-19 18:21:35.687 E/[HwRecSys]AppCache( 2782): getIsRportDirectService is false!
11-19 18:21:35.689 I/chatty  ( 1165): uid=1000(system) Binder:1165_4 expire 29 lines
11-19 18:21:35.690 E/[HwRecSys]AppCache( 2782): getIsRportDirectService is false!
11-19 18:21:35.691 W/ViewRootImpl[Toast](22290): EGLdebug relayoutWindow Surface isSurface(name=null)  (appName =com.color.phone.flash.caller.screen) ( mSurfaceControllerIsValid =false) (mNativeObject  =0)/@0xdbc43b4,viewVisibility is0
11-19 18:21:35.698 W/ViewRootImpl[Toast](22290): EGLdebug relayoutWindow Surface isSurface(name=null)  (appName =com.color.phone.flash.caller.screen) ( mSurfaceControllerIsValid =true) (mNativeObject  =7a6e629000)/@0xdbc43b4,relayoutResult is7
11-19 18:21:35.709 V/SQLiteDatabase(15636): triggerBuildingIndex(): invalid id, return.
11-19 18:21:35.715 I/chatty  ( 1165): uid=1000(system) android.anim expire 13 lines
11-19 18:21:35.717 I/CommandQueue( 1610): updateBarBgColor
11-19 18:21:35.717 D/CommandQueue( 1610): CommandQueue, setBarBackgroundColor
11-19 18:21:35.725 E/NetworkScheduler(15561): Invalid component specified.
11-19 18:21:35.729 D/WorkSource(15561): Insert in WorkSource{} @ 0 uid 10019 name com.google.android.gms
11-19 18:21:35.730 V/SQLiteDatabase(15636): triggerBuildingIndex(): invalid id, return.
11-19 18:21:35.735 D/WorkSource(15561): Insert in WorkSource{} @ 0 uid 10019 name com.google.android.gms
11-19 18:21:35.744 E/NetworkScheduler(15561): Invalid component specified.
11-19 18:21:35.754 D/WorkSource(15561): Insert in WorkSource{} @ 0 uid 10019 name com.google.android.gms
11-19 18:21:35.759 I/wangchen( 5537): SysInfo.getSysParam: orientation=1||config d=3.0,w=1080,h=1808||metrics d=3.0,w=1080,h=1808||sdk=26,bar_h=72
11-19 18:21:35.759 I/KeymapLoader( 5537): w=1080 h=1808 ori=true appScale=3.3 s1=3.0
11-19 18:21:35.786 E/HsmCoreServiceImpl( 1761): onTransact in code is: 103
11-19 18:21:35.786 I/MediaProcessHandler( 1761): playingUids: 
11-19 18:21:35.790 D/ActivityThread(22290): Remove activity client record, r= ActivityRecord{4909492 token=android.os.BinderProxy@685c530 {com.color.phone.flash.caller.screen/com.color.phone.flash.caller.screen.activity.AliasLaunchActivity}} token= android.os.BinderProxy@685c530
11-19 18:21:35.892 I/Monkey  (29231): :Sending Touch (ACTION_DOWN): 0:(527.0,529.0)
11-19 18:21:35.894 I/Monkey  (29231): :Sending Touch (ACTION_UP): 0:(514.3208,534.73883)
11-19 18:21:35.904 I/Monkey  (29231):     // Allowing start of Intent { cmp=com.color.phone.flash.caller.screen/cn.cootek.colibrow.incomingcall.activity.CallDetailActivity } in package com.color.phone.flash.caller.screen
11-19 18:21:35.924 V/SQLiteDatabase(15636): triggerBuildingIndex(): invalid id, return.
11-19 18:21:35.938 E/NetworkScheduler(15561): Invalid component specified.
11-19 18:21:35.945 D/WorkSource(15561): Insert in WorkSource{} @ 0 uid 10019 name com.google.android.gms
11-19 18:21:35.953 D/WorkSource(15561): Insert in WorkSource{} @ 0 uid 10019 name com.google.android.gms
11-19 18:21:35.964 V/ActivityThread(22290): ActivityThread,callActivityOnCreate
11-19 18:21:35.975 V/SQLiteDatabase(15636): triggerBuildingIndex(): invalid id, return.
11-19 18:21:35.988 E/NetworkScheduler(15561): Invalid component specified.
11-19 18:21:35.992 D/ActivityThread(22290): add activity client record, r= ActivityRecord{6b5b3e0 token=android.os.BinderProxy@bd3eb0 {com.color.phone.flash.caller.screen/cn.cootek.colibrow.incomingcall.activity.CallDetailActivity}} token= android.os.BinderProxy@bd3eb0
11-19 18:21:35.996 D/WorkSource(15561): Insert in WorkSource{} @ 0 uid 10019 name com.google.android.gms
11-19 18:21:36.006 I/chatty  ( 1165): uid=1000(system) Binder:1165_1B expire 11 lines
11-19 18:21:36.009 I/CommandQueue( 1610): updateBarBgColor
11-19 18:21:36.009 D/CommandQueue( 1610): CommandQueue, setBarBackgroundColor
11-19 18:21:36.020 V/SQLiteDatabase(15636): triggerBuildingIndex(): invalid id, return.
11-19 18:21:36.037 I/wangchen( 5537): SysInfo.getSysParam: orientation=1||config d=3.0,w=1080,h=1808||metrics d=3.0,w=1080,h=1808||sdk=26,bar_h=72
11-19 18:21:36.037 I/KeymapLoader( 5537): w=1080 h=1808 ori=true appScale=3.3 s1=3.0
11-19 18:21:36.039 E/NetworkScheduler(15561): Invalid component specified.
11-19 18:21:36.043 D/WorkSource(15561): Insert in WorkSource{} @ 0 uid 10019 name com.google.android.gms
11-19 18:21:36.050 D/WorkSource(15561): Insert in WorkSource{} @ 0 uid 10019 name com.google.android.gms
11-19 18:21:36.054 E/HsmCoreServiceImpl( 1761): onTransact in code is: 103
11-19 18:21:36.054 I/MediaProcessHandler( 1761): playingUids: 
11-19 18:21:36.060 I/chatty  ( 1165): uid=1000 system_server expire 1 line
11-19 18:21:36.097 I/Monkey  (29231): :Sending Touch (ACTION_DOWN): 0:(259.0,1301.0)
11-19 18:21:36.099 I/Monkey  (29231):     //[calendar_time:2018-11-19 18:21:36.099  system_uptime:94412258]
11-19 18:21:36.099 I/Monkey  (29231):     // Sending event #53300
11-19 18:21:36.101 I/Monkey  (29231): :Sending Touch (ACTION_UP): 0:(242.23518,1222.6129)
11-19 18:21:36.303 I/Monkey  (29231): :Sending Touch (ACTION_DOWN): 0:(861.0,1247.0)
11-19 18:21:36.304 I/Monkey  (29231): :Sending Touch (ACTION_UP): 0:(868.9756,1246.9819)
11-19 18:21:36.508 I/Monkey  (29231): :Sending Touch (ACTION_DOWN): 0:(621.0,1563.0)
11-19 18:21:36.511 I/Monkey  (29231): :Sending Touch (ACTION_UP): 0:(639.07263,1555.1228)
11-19 18:21:36.720 I/Monkey  (29231): :Sending Touch (ACTION_DOWN): 0:(752.0,1236.0)
11-19 18:21:36.729 I/Monkey  (29231): :Sending Touch (ACTION_UP): 0:(759.16266,1239.1188)
11-19 18:21:36.938 I/Monkey  (29231): :Sending Touch (ACTION_DOWN): 0:(497.0,1670.0)
11-19 18:21:36.943 I/Monkey  (29231): :Sending Touch (ACTION_UP): 0:(516.16473,1668.5797)
11-19 18:21:37.079 V/SQLiteDatabase(15636): triggerBuildingIndex(): invalid id, return.
11-19 18:21:37.088 I/chatty  ( 1165): uid=1000(system) LazyTaskWriterT expire 1 line
11-19 18:21:37.145 V/SQLiteDatabase(15636): triggerBuildingIndex(): invalid id, return.
11-19 18:21:37.148 I/Monkey  (29231): :Sending Touch (ACTION_DOWN): 0:(245.0,1004.0)
11-19 18:21:37.156 E/NetworkScheduler(15561): Invalid component specified.
11-19 18:21:37.173 I/Monkey  (29231): :Sending Touch (ACTION_UP): 0:(295.34753,1002.9577)
11-19 18:21:37.187 D/WorkSource(15561): Insert in WorkSource{} @ 0 uid 10019 name com.google.android.gms
11-19 18:21:37.188 I/chatty  ( 1165): uid=1000(system) Binder:1165_1 expire 32 lines
11-19 18:21:37.206 D/WorkSource(15561): Insert in WorkSource{} @ 0 uid 10019 name com.google.android.gms
11-19 18:21:37.210 E/NetworkScheduler(15561): Invalid component specified.
11-19 18:21:37.230 D/WorkSource(15561): Insert in WorkSource{} @ 0 uid 10019 name com.google.android.gms
11-19 18:21:37.377 I/Monkey  (29231): :Switch: #Intent;action=android.intent.action.MAIN;category=android.intent.category.LAUNCHER;launchFlags=0x10200000;component=com.color.phone.flash.caller.screen/.activity.AliasLaunchActivity;end
11-19 18:21:37.389 I/Monkey  (29231):     // Allowing start of Intent { act=android.intent.action.MAIN cat=[android.intent.category.LAUNCHER] cmp=com.color.phone.flash.caller.screen/.activity.AliasLaunchActivity } in package com.color.phone.flash.caller.screen
11-19 18:21:37.421 I/chatty  ( 1165): uid=1000(system) Binder:1165_1B expire 22 lines
11-19 18:21:37.436 V/ActivityThread(22290): ActivityThread,callActivityOnCreate
11-19 18:21:37.438 V/SQLiteDatabase(15636): triggerBuildingIndex(): invalid id, return.
11-19 18:21:37.449 D/ActivityThread(22290): add activity client record, r= ActivityRecord{ac4b9cd token=android.os.BinderProxy@5be05a3 {com.color.phone.flash.caller.screen/com.color.phone.flash.caller.screen.activity.AliasLaunchActivity}} token= android.os.BinderProxy@5be05a3
11-19 18:21:37.454 I/chatty  ( 1165): uid=1000(system) Binder:1165_8 expire 11 lines
11-19 18:21:37.454 E/NetworkScheduler(15561): Invalid component specified.
11-19 18:21:37.459 D/WorkSource(15561): Insert in WorkSource{} @ 0 uid 10019 name com.google.android.gms
11-19 18:21:37.465 D/WorkSource(15561): Insert in WorkSource{} @ 0 uid 10019 name com.google.android.gms
11-19 18:21:37.469 V/SQLiteDatabase(15636): triggerBuildingIndex(): invalid id, return.
11-19 18:21:37.470 I/chatty  ( 1165): uid=1000(system) Binder:1165_1 expire 1 line
11-19 18:21:37.486 E/NetworkScheduler(15561): Invalid component specified.
11-19 18:21:37.487 V/SQLiteDatabase(15636): triggerBuildingIndex(): invalid id, return.
11-19 18:21:37.490 D/WorkSource(15561): Insert in WorkSource{} @ 0 uid 10019 name com.google.android.gms
11-19 18:21:37.495 I/chatty  ( 1165): uid=1000(system) android.anim expire 11 lines
11-19 18:21:37.495 D/WorkSource(15561): Insert in WorkSource{} @ 0 uid 10019 name com.google.android.gms
11-19 18:21:37.497 I/chatty  ( 1165): uid=1000(system) Binder:1165_D expire 27 lines
11-19 18:21:37.501 E/NetworkScheduler(15561): Invalid component specified.
11-19 18:21:37.501 I/wangchen( 5537): SysInfo.getSysParam: orientation=1||config d=3.0,w=1080,h=1808||metrics d=3.0,w=1080,h=1808||sdk=26,bar_h=72
11-19 18:21:37.501 I/KeymapLoader( 5537): w=1080 h=1808 ori=true appScale=3.3 s1=3.0
11-19 18:21:37.509 D/WorkSource(15561): Insert in WorkSource{} @ 0 uid 10019 name com.google.android.gms
11-19 18:21:37.514 D/WorkSource(15561): Insert in WorkSource{} @ 0 uid 10019 name com.google.android.gms
11-19 18:21:37.521 E/HsmCoreServiceImpl( 1761): onTransact in code is: 103
11-19 18:21:37.521 I/MediaProcessHandler( 1761): playingUids: 
11-19 18:21:37.603 I/Monkey  (29231): :Sending Touch (ACTION_DOWN): 0:(765.0,401.0)
11-19 18:21:37.604 I/chatty  ( 1165): uid=1000 system_server expire 9 lines
11-19 18:21:37.606 I/Monkey  (29231):     // Injection Failed
11-19 18:21:37.607 I/Monkey  (29231):     // Injection Failed
11-19 18:21:37.607 I/Monkey  (29231): :Sending Touch (ACTION_UP): 0:(646.9681,525.9341)
11-19 18:21:37.608 I/Monkey  (29231):     // Injection Failed
11-19 18:21:37.655 W/ViewRootImpl[Toast](22290): EGLdebug relayoutWindow Surface isSurface(name=null)  (appName =com.color.phone.flash.caller.screen) ( mSurfaceControllerIsValid =false) (mNativeObject  =0)/@0x708aed7,viewVisibility is0
11-19 18:21:37.658 D/SurfaceFlinger(  567): duplicate layer name: changing Toast to Toast#1
11-19 18:21:37.662 W/ViewRootImpl[Toast](22290): EGLdebug relayoutWindow Surface isSurface(name=null)  (appName =com.color.phone.flash.caller.screen) ( mSurfaceControllerIsValid =true) (mNativeObject  =7a6e629000)/@0x708aed7,relayoutResult is7
11-19 18:21:37.811 I/chatty  ( 1165): uid=1000(system) InputDispatcher expire 4 lines
11-19 18:21:37.812 D/KeyEvent( 5537): obtain, mHwFlags=0
11-19 18:21:37.815 D/KeyEvent( 5537): obtain, mHwFlags=0
11-19 18:21:38.015 E/WifiHAL (  562): enter wifi_get_link_stats
11-19 18:21:38.021 I/Monkey  (29231): :Sending Touch (ACTION_DOWN): 0:(30.0,950.0)
11-19 18:21:38.026 E/wificond(  635): Failed to get NL80211_STA_INFO_CNAHLOAD
11-19 18:21:38.026 I/Monkey  (29231): :Sending Touch (ACTION_UP): 0:(28.229797,959.6198)
11-19 18:21:38.229 I/Monkey  (29231): :Switch: #Intent;action=android.intent.action.MAIN;category=android.intent.category.LAUNCHER;launchFlags=0x10200000;component=com.color.phone.flash.caller.screen/.activity.AliasLaunchActivity;end
11-19 18:21:38.242 I/Monkey  (29231):     // Allowing start of Intent { act=android.intent.action.MAIN cat=[android.intent.category.LAUNCHER] cmp=com.color.phone.flash.caller.screen/.activity.AliasLaunchActivity } in package com.color.phone.flash.caller.screen
11-19 18:21:38.245 I/Pged-IPgedBinderService(  641): ****action is 1, pid num is 2***
11-19 18:21:38.245 I/Pged-Freezer(  641): freezePids
11-19 18:21:38.245 I/Pged-Freezer(  641): Freeze process: 18689
11-19 18:21:38.450 I/Monkey  (29231): :Switch: #Intent;action=android.intent.action.MAIN;category=android.intent.category.LAUNCHER;launchFlags=0x10200000;component=com.color.phone.flash.caller.screen/.activity.AliasLaunchActivity;end
11-19 18:21:38.454 I/Monkey  (29231):     // Allowing start of Intent { act=android.intent.action.MAIN cat=[android.intent.category.LAUNCHER] cmp=com.color.phone.flash.caller.screen/.activity.AliasLaunchActivity } in package com.color.phone.flash.caller.screen
11-19 18:21:38.458 I/chatty  ( 1776): uid=1000(system) traffic stats expire 3 lines
11-19 18:21:38.659 I/Monkey  (29231): :Sending Touch (ACTION_DOWN): 0:(103.0,3.0)
11-19 18:21:38.662 I/Monkey  (29231): :Sending Touch (ACTION_UP): 0:(88.45219,1.6374663)
11-19 18:21:38.763 E/wificond(  635): Failed to get NL80211_STA_INFO_CNAHLOAD
11-19 18:21:38.765 E/wificond(  635): Failed to get NL80211_STA_INFO_CNAHLOAD
11-19 18:21:38.766 I/chatty  ( 1165): uid=1000(system) HuaweiWifiWatch expire 36 lines
11-19 18:21:38.864 I/Monkey  (29231): :Sending Touch (ACTION_DOWN): 0:(526.0,398.0)
11-19 18:21:38.873 I/Monkey  (29231): :Sending Touch (ACTION_UP): 0:(505.33237,350.4089)
11-19 18:21:39.080 D/KeyEvent( 5537): obtain, mHwFlags=0
11-19 18:21:39.083 D/KeyEvent( 5537): obtain, mHwFlags=0
11-19 18:21:39.284 I/Monkey  (29231): :Sending rotation degree=1, persist=false
11-19 18:21:39.286 I/chatty  ( 1165): uid=1000(system) Binder:1165_4 expire 37 lines
11-19 18:21:39.287 I/chatty  ( 1165): uid=1000(system) android.ui expire 37 lines
11-19 18:21:39.292 E/[HwRecSys]AppCache( 2782): getIsRportDirectService is false!
11-19 18:21:39.299 E/[HwRecSys]AppCache( 2782): getIsRportDirectService is false!
11-19 18:21:39.391 I/chatty  ( 1165): uid=1000(system) AudioService expire 8 lines
11-19 18:21:39.445 I/Monkey  (29231):     // Allowing start of Intent { cmp=com.color.phone.flash.caller.screen/.activity.FlashLightHomeActivity } in package com.color.phone.flash.caller.screen
11-19 18:21:39.455 I/Monkey  (29231):     // activityResuming(com.color.phone.flash.caller.screen)
11-19 18:21:39.473 D/ActivityThread(22290): Remove activity client record, r= ActivityRecord{6b5b3e0 token=android.os.BinderProxy@bd3eb0 {com.color.phone.flash.caller.screen/cn.cootek.colibrow.incomingcall.activity.CallDetailActivity}} token= android.os.BinderProxy@bd3eb0
11-19 18:21:39.479 W/libc    (  499): Set property "hw.wifi.dns_stat" to "1801,1304,1252,1,20509"
11-19 18:21:39.501 V/SQLiteDatabase(15636): triggerBuildingIndex(): invalid id, return.
11-19 18:21:39.510 I/CommandQueue( 1610): updateBarBgColor
11-19 18:21:39.510 D/CommandQueue( 1610): CommandQueue, setBarBackgroundColor
11-19 18:21:39.513 I/chatty  (22290): uid=10127(u0_a127) RenderThread expire 65 lines
11-19 18:21:39.514 I/Monkey  (29231): :Sending Touch (ACTION_DOWN): 0:(962.0,370.0)
11-19 18:21:39.516 I/Monkey  (29231): :Sending Touch (ACTION_UP): 0:(961.38824,347.44904)
11-19 18:21:39.517 E/NetworkScheduler(15561): Invalid component specified.
11-19 18:21:39.522 D/WorkSource(15561): Insert in WorkSource{} @ 0 uid 10019 name com.google.android.gms
11-19 18:21:39.523 V/SQLiteDatabase(15636): triggerBuildingIndex(): invalid id, return.
11-19 18:21:39.530 D/WorkSource(15561): Insert in WorkSource{} @ 0 uid 10019 name com.google.android.gms
11-19 18:21:39.540 I/wangchen( 5537): SysInfo.getSysParam: orientation=1||config d=3.0,w=1080,h=1808||metrics d=3.0,w=1080,h=1808||sdk=26,bar_h=72
11-19 18:21:39.540 I/KeymapLoader( 5537): w=1080 h=1808 ori=true appScale=3.3 s1=3.0
11-19 18:21:39.543 E/NetworkScheduler(15561): Invalid component specified.
11-19 18:21:39.551 D/WorkSource(15561): Insert in WorkSource{} @ 0 uid 10019 name com.google.android.gms
11-19 18:21:39.587 E/HsmCoreServiceImpl( 1761): onTransact in code is: 103
11-19 18:21:39.587 I/MediaProcessHandler( 1761): playingUids: 
11-19 18:21:39.591 D/ActivityThread(22290): Remove activity client record, r= ActivityRecord{ac4b9cd token=android.os.BinderProxy@5be05a3 {com.color.phone.flash.caller.screen/com.color.phone.flash.caller.screen.activity.AliasLaunchActivity}} token= android.os.BinderProxy@5be05a3
11-19 18:21:39.650 W/ViewRootImpl[Toast](22290): EGLdebug relayoutWindow Surface isSurface(name=null)  (appName =com.color.phone.flash.caller.screen) ( mSurfaceControllerIsValid =false) (mNativeObject  =0)/@0x55a901c,viewVisibility is0
11-19 18:21:39.656 W/ViewRootImpl[Toast](22290): EGLdebug relayoutWindow Surface isSurface(name=null)  (appName =com.color.phone.flash.caller.screen) ( mSurfaceControllerIsValid =true) (mNativeObject  =7a6e629000)/@0x55a901c,relayoutResult is7
11-19 18:21:39.717 I/Monkey  (29231): :Sending Touch (ACTION_DOWN): 0:(599.0,1709.0)
11-19 18:21:39.719 I/Monkey  (29231): :Sending Touch (ACTION_UP): 0:(592.49066,1721.0336)
11-19 18:21:39.744 I/Monkey  (29231):     // Allowing start of Intent { cmp=com.color.phone.flash.caller.screen/com.gz.gb.gbpermisson.PermissionActivity } in package com.color.phone.flash.caller.screen
11-19 18:21:39.749 I/Pged-IPgedBinderService(  641): ****action is 2, pid num is 2***
11-19 18:21:39.749 I/Pged-Freezer(  641): thawPids
11-19 18:21:39.750 I/chatty  ( 1776): uid=1000(system) fast_hibernatio expire 10 lines
11-19 18:21:39.762 V/SQLiteDatabase(15636): triggerBuildingIndex(): invalid id, return.
11-19 18:21:39.763 I/CommandQueue( 1610): updateBarBgColor
11-19 18:21:39.763 D/CommandQueue( 1610): CommandQueue, setBarBackgroundColor
11-19 18:21:39.776 E/NetworkScheduler(15561): Invalid component specified.
11-19 18:21:39.779 I/chatty  ( 1165): uid=1000(system) Binder:1165_1B expire 59 lines
11-19 18:21:39.779 I/chatty  ( 1165): uid=1000(system) Binder:1165_1 expire 39 lines
11-19 18:21:39.785 D/WorkSource(15561): Insert in WorkSource{} @ 0 uid 10019 name com.google.android.gms
11-19 18:21:39.785 I/chatty  ( 1165): uid=1000(system) Binder:1165_8 expire 32 lines
11-19 18:21:39.788 V/ActivityThread(22290): ActivityThread,callActivityOnCreate
11-19 18:21:39.789 D/WorkSource(15561): Insert in WorkSource{} @ 0 uid 10019 name com.google.android.gms
11-19 18:21:39.789 I/chatty  ( 1165): uid=1000(system) Binder:1165_4 expire 10 lines
11-19 18:21:39.791 I/Monkey  (29231):     // Rejecting start of Intent { act=android.content.pm.action.REQUEST_PERMISSIONS pkg=com.android.packageinstaller cmp=com.android.packageinstaller/.permission.ui.GrantPermissionsActivity } in package com.android.packageinstaller
11-19 18:21:39.792 D/ActivityThread(22290): add activity client record, r= ActivityRecord{8ebaf14 token=android.os.BinderProxy@7e94b8b {com.color.phone.flash.caller.screen/com.gz.gb.gbpermisson.PermissionActivity}} token= android.os.BinderProxy@7e94b8b
11-19 18:21:39.794 I/AwareLog(  641): IAWARE_PREREAD_FILE
11-19 18:21:39.794 D/AwareLog(  641): iawared: touch_file  PackageInstaller.odex
11-19 18:21:39.794 V/SQLiteDatabase(15636): triggerBuildingIndex(): invalid id, return.
11-19 18:21:39.795 D/AwareLog(  641): iawared: touch_file  PackageInstaller.vdex
11-19 18:21:39.796 D/AwareLog(  641): preread_pkgfile com.android.packageinstaller took 1 ms
11-19 18:21:39.796 D/AwareLog(  641): preread_pkgfile com.android.packageinstaller read 1847296 Bytes.
11-19 18:21:39.809 E/NetworkScheduler(15561): Invalid component specified.
11-19 18:21:39.809 I/CommandQueue( 1610): updateBarBgColor
11-19 18:21:39.809 D/CommandQueue( 1610): CommandQueue, setBarBackgroundColor
11-19 18:21:39.812 I/chatty  (  531): uid=1000(system) allocator@2.0-s expire 84 lines
11-19 18:21:39.813 D/WorkSource(15561): Insert in WorkSource{} @ 0 uid 10019 name com.google.android.gms
11-19 18:21:39.817 D/WorkSource(15561): Insert in WorkSource{} @ 0 uid 10019 name com.google.android.gms
11-19 18:21:39.820 I/Monkey  (29231):     // activityResuming(com.color.phone.flash.caller.screen)
11-19 18:21:39.822 V/SQLiteDatabase(15636): triggerBuildingIndex(): invalid id, return.
11-19 18:21:39.838 E/NetworkScheduler(15561): Invalid component specified.
11-19 18:21:39.840 D/WorkSource(15561): Insert in WorkSource{} @ 0 uid 10019 name com.google.android.gms
11-19 18:21:39.842 I/wangchen( 5537): SysInfo.getSysParam: orientation=1||config d=3.0,w=1080,h=1808||metrics d=3.0,w=1080,h=1808||sdk=26,bar_h=72
11-19 18:21:39.842 I/KeymapLoader( 5537): w=1080 h=1808 ori=true appScale=3.3 s1=3.0
11-19 18:21:39.842 I/CommandQueue( 1610): updateBarBgColor
11-19 18:21:39.842 D/CommandQueue( 1610): CommandQueue, setBarBackgroundColor
11-19 18:21:39.850 D/WorkSource(15561): Insert in WorkSource{} @ 0 uid 10019 name com.google.android.gms
11-19 18:21:39.863 I/wangchen( 5537): SysInfo.getSysParam: orientation=1||config d=3.0,w=1080,h=1808||metrics d=3.0,w=1080,h=1808||sdk=26,bar_h=72
11-19 18:21:39.863 I/KeymapLoader( 5537): w=1080 h=1808 ori=true appScale=3.3 s1=3.0
11-19 18:21:39.884 V/SQLiteDatabase(15636): triggerBuildingIndex(): invalid id, return.
11-19 18:21:39.898 E/NetworkScheduler(15561): Invalid component specified.
11-19 18:21:39.903 D/WorkSource(15561): Insert in WorkSource{} @ 0 uid 10019 name com.google.android.gms
11-19 18:21:39.906 D/ActivityThread(22290): Remove activity client record, r= ActivityRecord{8ebaf14 token=android.os.BinderProxy@7e94b8b {com.color.phone.flash.caller.screen/com.gz.gb.gbpermisson.PermissionActivity}} token= android.os.BinderProxy@7e94b8b
11-19 18:21:39.909 I/chatty  ( 1165): uid=1000(system) Binder:1165_F expire 14 lines
11-19 18:21:39.913 D/WorkSource(15561): Insert in WorkSource{} @ 0 uid 10019 name com.google.android.gms
11-19 18:21:39.920 I/Monkey  (29231): :Sending Touch (ACTION_DOWN): 0:(952.0,729.0)
11-19 18:21:39.921 E/HsmCoreServiceImpl( 1761): onTransact in code is: 103
11-19 18:21:39.921 I/MediaProcessHandler( 1761): playingUids: 
11-19 18:21:39.921 I/Monkey  (29231): :Sending Touch (ACTION_UP): 0:(963.5643,736.5147)
11-19 18:21:40.123 I/chatty  ( 1165): uid=1000(system) Binder:1165_1B expire 13 lines
11-19 18:21:40.124 I/chatty  ( 1165): uid=1000(system) InputDispatcher expire 2 lines
11-19 18:21:40.129 D/KeyEvent( 5537): obtain, mHwFlags=0
11-19 18:21:40.130 D/KeyEvent( 5537): obtain, mHwFlags=0
11-19 18:21:40.173 I/chatty  ( 1165): uid=1000(system) android.anim expire 15 lines
11-19 18:21:40.238 I/chatty  ( 1610): uid=10027(u0_a27) com.android.systemui expire 107 lines
11-19 18:21:40.330 I/Monkey  (29231): :Switch: #Intent;action=android.intent.action.MAIN;category=android.intent.category.LAUNCHER;launchFlags=0x10200000;component=com.color.phone.flash.caller.screen/.activity.AliasLaunchActivity;end
11-19 18:21:40.333 I/Monkey  (29231):     // Allowing start of Intent { act=android.intent.action.MAIN cat=[android.intent.category.LAUNCHER] cmp=com.color.phone.flash.caller.screen/.activity.AliasLaunchActivity } in package com.color.phone.flash.caller.screen
11-19 18:21:40.363 V/ActivityThread(22290): ActivityThread,callActivityOnCreate
11-19 18:21:40.372 D/ActivityThread(22290): add activity client record, r= ActivityRecord{9076735 token=android.os.BinderProxy@d41e7e6 {com.color.phone.flash.caller.screen/com.color.phone.flash.caller.screen.activity.AliasLaunchActivity}} token= android.os.BinderProxy@d41e7e6
11-19 18:21:40.388 I/CommandQueue( 1610): updateBarBgColor
11-19 18:21:40.388 D/CommandQueue( 1610): CommandQueue, setBarBackgroundColor
11-19 18:21:40.389 I/chatty  ( 1165): uid=1000 system_server expire 7 lines
11-19 18:21:40.391 V/SQLiteDatabase(15636): triggerBuildingIndex(): invalid id, return.
11-19 18:21:40.409 E/NetworkScheduler(15561): Invalid component specified.
11-19 18:21:40.410 I/wangchen( 5537): SysInfo.getSysParam: orientation=1||config d=3.0,w=1080,h=1808||metrics d=3.0,w=1080,h=1808||sdk=26,bar_h=72
11-19 18:21:40.410 I/KeymapLoader( 5537): w=1080 h=1808 ori=true appScale=3.3 s1=3.0
11-19 18:21:40.412 D/WorkSource(15561): Insert in WorkSource{} @ 0 uid 10019 name com.google.android.gms
11-19 18:21:40.417 V/SQLiteDatabase(15636): triggerBuildingIndex(): invalid id, return.
11-19 18:21:40.418 D/WorkSource(15561): Insert in WorkSource{} @ 0 uid 10019 name com.google.android.gms
11-19 18:21:40.438 E/NetworkScheduler(15561): Invalid component specified.
11-19 18:21:40.445 D/WorkSource(15561): Insert in WorkSource{} @ 0 uid 10019 name com.google.android.gms
11-19 18:21:40.447 D/WorkSource(15561): Insert in WorkSource{} @ 0 uid 10019 name com.google.android.gms
11-19 18:21:40.454 E/HsmCoreServiceImpl( 1761): onTransact in code is: 103
11-19 18:21:40.454 I/MediaProcessHandler( 1761): playingUids: 
11-19 18:21:40.522 E/Thermal-daemon(  634): [pa_0] temp_new :36  temp_old :37
11-19 18:21:40.522 E/Thermal-daemon(  634): Report temperature: [pa_0] temp :36  report_threshold:1
11-19 18:21:40.524 E/Thermal-daemon(  634): [ap] temp_new :47  temp_old :45
11-19 18:21:40.524 E/Thermal-daemon(  634): Report temperature: [ap] temp :47  report_threshold:1
11-19 18:21:40.539 I/Monkey  (29231): :Sending Touch (ACTION_DOWN): 0:(989.0,350.0)
11-19 18:21:40.543 I/Monkey  (29231):     // Injection Failed
11-19 18:21:40.544 I/Monkey  (29231):     // Injection Failed
11-19 18:21:40.544 I/Monkey  (29231): :Sending Touch (ACTION_UP): 0:(1045.6675,232.82779)
11-19 18:21:40.544 I/Monkey  (29231):     // Injection Failed
11-19 18:21:40.745 I/Monkey  (29231): :Sending Touch (ACTION_DOWN): 0:(127.0,1565.0)
11-19 18:21:40.746 I/Monkey  (29231): :Sending Touch (ACTION_UP): 0:(128.37201,1565.1066)
11-19 18:21:40.948 I/Monkey  (29231): :Sending Touch (ACTION_DOWN): 0:(832.0,436.0)
11-19 18:21:40.950 I/Monkey  (29231): :Sending Touch (ACTION_UP): 0:(832.0982,436.85632)
11-19 18:21:41.034 E/WifiHAL (  562): enter wifi_get_link_stats
11-19 18:21:41.039 E/wificond(  635): Failed to get NL80211_STA_INFO_CNAHLOAD
11-19 18:21:41.040 I/chatty  ( 1165): uid=1000(system) HwWifiCHRStateM expire 15 lines
11-19 18:21:41.151 I/Monkey  (29231): :Switch: #Intent;action=android.intent.action.MAIN;category=android.intent.category.LAUNCHER;launchFlags=0x10200000;component=com.color.phone.flash.caller.screen/.activity.AliasLaunchActivity;end
11-19 18:21:41.155 I/Monkey  (29231):     // Allowing start of Intent { act=android.intent.action.MAIN cat=[android.intent.category.LAUNCHER] cmp=com.color.phone.flash.caller.screen/.activity.AliasLaunchActivity } in package com.color.phone.flash.caller.screen
11-19 18:21:41.362 I/Monkey  (29231): :Sending Touch (ACTION_DOWN): 0:(24.0,1159.0)
11-19 18:21:41.364 I/Monkey  (29231): :Sending Touch (ACTION_UP): 0:(20.409424,1136.6951)
11-19 18:21:41.565 I/Monkey  (29231): :Sending Touch (ACTION_DOWN): 0:(97.0,1482.0)
11-19 18:21:41.569 I/Monkey  (29231): :Sending Touch (ACTION_UP): 0:(138.40306,1471.5905)
11-19 18:21:41.694 W/ViewRootImpl[Toast](22290): EGLdebug relayoutWindow Surface isSurface(name=null)  (appName =com.color.phone.flash.caller.screen) ( mSurfaceControllerIsValid =false) (mNativeObject  =0)/@0x419fc93,viewVisibility is0
11-19 18:21:41.699 D/SurfaceFlinger(  567): duplicate layer name: changing Toast to Toast#1
11-19 18:21:41.710 W/ViewRootImpl[Toast](22290): EGLdebug relayoutWindow Surface isSurface(name=null)  (appName =com.color.phone.flash.caller.screen) ( mSurfaceControllerIsValid =true) (mNativeObject  =7a6e629000)/@0x419fc93,relayoutResult is7
11-19 18:21:41.773 I/Monkey  (29231): :Sending Touch (ACTION_DOWN): 0:(114.0,1682.0)
11-19 18:21:41.776 I/Monkey  (29231): :Sending Touch (ACTION_UP): 0:(111.607475,1688.2632)
11-19 18:21:41.910 I/chatty  ( 1165): uid=1000(system) LazyTaskWriterT expire 2 lines
11-19 18:21:41.979 I/Monkey  (29231): :Sending Touch (ACTION_DOWN): 0:(45.0,346.0)
11-19 18:21:41.989 I/Monkey  (29231): :Sending Touch (ACTION_UP): 0:(76.54558,370.50797)
11-19 18:21:42.194 I/Monkey  (29231): :Sending Touch (ACTION_DOWN): 0:(284.0,736.0)
11-19 18:21:42.206 I/Monkey  (29231): :Sending Touch (ACTION_UP): 0:(297.13687,737.26855)
11-19 18:21:42.373 I/Monkey  (29231):     // Allowing start of Intent { cmp=com.color.phone.flash.caller.screen/.activity.FlashLightHomeActivity } in package com.color.phone.flash.caller.screen
11-19 18:21:42.383 I/Monkey  (29231):     // activityResuming(com.color.phone.flash.caller.screen)
11-19 18:21:42.413 I/Monkey  (29231): :Sending Touch (ACTION_DOWN): 0:(909.0,594.0)
11-19 18:21:42.416 I/Monkey  (29231): :Sending Touch (ACTION_UP): 0:(901.78516,599.92145)
11-19 18:21:42.430 V/SQLiteDatabase(15636): triggerBuildingIndex(): invalid id, return.
11-19 18:21:42.433 I/CommandQueue( 1610): updateBarBgColor
11-19 18:21:42.433 D/CommandQueue( 1610): CommandQueue, setBarBackgroundColor
11-19 18:21:42.444 E/NetworkScheduler(15561): Invalid component specified.
11-19 18:21:42.447 V/SQLiteDatabase(15636): triggerBuildingIndex(): invalid id, return.
11-19 18:21:42.448 D/WorkSource(15561): Insert in WorkSource{} @ 0 uid 10019 name com.google.android.gms
11-19 18:21:42.452 D/WorkSource(15561): Insert in WorkSource{} @ 0 uid 10019 name com.google.android.gms
11-19 18:21:42.462 I/wangchen( 5537): SysInfo.getSysParam: orientation=1||config d=3.0,w=1080,h=1808||metrics d=3.0,w=1080,h=1808||sdk=26,bar_h=72
11-19 18:21:42.462 I/KeymapLoader( 5537): w=1080 h=1808 ori=true appScale=3.3 s1=3.0
11-19 18:21:42.463 E/NetworkScheduler(15561): Invalid component specified.
11-19 18:21:42.471 D/WorkSource(15561): Insert in WorkSource{} @ 0 uid 10019 name com.google.android.gms
11-19 18:21:42.478 D/ActivityThread(22290): Remove activity client record, r= ActivityRecord{9076735 token=android.os.BinderProxy@d41e7e6 {com.color.phone.flash.caller.screen/com.color.phone.flash.caller.screen.activity.AliasLaunchActivity}} token= android.os.BinderProxy@d41e7e6
11-19 18:21:42.482 W/libc    (  499): Set property "hw.wifi.dns_stat" to "1802,1305,1252,1,20509"
11-19 18:21:42.502 E/HsmCoreServiceImpl( 1761): onTransact in code is: 103
11-19 18:21:42.502 I/MediaProcessHandler( 1761): playingUids: 
11-19 18:21:42.504 I/chatty  ( 1610): uid=10027(u0_a27) SystemUI_recent expire 9 lines
11-19 18:21:42.617 I/Monkey  (29231): :Switch: #Intent;action=android.intent.action.MAIN;category=android.intent.category.LAUNCHER;launchFlags=0x10200000;component=com.color.phone.flash.caller.screen/.activity.AliasLaunchActivity;end
11-19 18:21:42.619 I/Monkey  (29231):     // Allowing start of Intent { act=android.intent.action.MAIN cat=[android.intent.category.LAUNCHER] cmp=com.color.phone.flash.caller.screen/.activity.AliasLaunchActivity } in package com.color.phone.flash.caller.screen
11-19 18:21:42.641 V/ActivityThread(22290): ActivityThread,callActivityOnCreate
11-19 18:21:42.652 D/ActivityThread(22290): add activity client record, r= ActivityRecord{2f382af token=android.os.BinderProxy@747c4db {com.color.phone.flash.caller.screen/com.color.phone.flash.caller.screen.activity.AliasLaunchActivity}} token= android.os.BinderProxy@747c4db
11-19 18:21:42.667 V/SQLiteDatabase(15636): triggerBuildingIndex(): invalid id, return.
11-19 18:21:42.667 I/CommandQueue( 1610): updateBarBgColor
11-19 18:21:42.668 D/CommandQueue( 1610): CommandQueue, setBarBackgroundColor
11-19 18:21:42.683 E/NetworkScheduler(15561): Invalid component specified.
11-19 18:21:42.686 D/WorkSource(15561): Insert in WorkSource{} @ 0 uid 10019 name com.google.android.gms
11-19 18:21:42.692 V/SQLiteDatabase(15636): triggerBuildingIndex(): invalid id, return.
11-19 18:21:42.693 D/WorkSource(15561): Insert in WorkSource{} @ 0 uid 10019 name com.google.android.gms
11-19 18:21:42.695 I/wangchen( 5537): SysInfo.getSysParam: orientation=1||config d=3.0,w=1080,h=1808||metrics d=3.0,w=1080,h=1808||sdk=26,bar_h=72
11-19 18:21:42.695 I/KeymapLoader( 5537): w=1080 h=1808 ori=true appScale=3.3 s1=3.0
11-19 18:21:42.710 E/NetworkScheduler(15561): Invalid component specified.
11-19 18:21:42.714 D/WorkSource(15561): Insert in WorkSource{} @ 0 uid 10019 name com.google.android.gms
11-19 18:21:42.720 D/WorkSource(15561): Insert in WorkSource{} @ 0 uid 10019 name com.google.android.gms
11-19 18:21:42.720 I/chatty  ( 1165): uid=1000(system) Binder:1165_1 expire 23 lines
11-19 18:21:42.739 E/HsmCoreServiceImpl( 1761): onTransact in code is: 103
11-19 18:21:42.739 I/MediaProcessHandler( 1761): playingUids: 
11-19 18:21:42.824 I/Monkey  (29231): :Sending Touch (ACTION_DOWN): 0:(765.0,173.0)
11-19 18:21:42.826 I/Monkey  (29231):     //[calendar_time:2018-11-19 18:21:42.826  system_uptime:94418985]
11-19 18:21:42.826 I/Monkey  (29231):     // Sending event #53400
11-19 18:21:42.827 I/Monkey  (29231): :Sending Touch (ACTION_UP): 0:(770.7107,199.90828)
11-19 18:21:43.003 I/chatty  ( 1165): uid=1000(system) android.anim expire 14 lines
11-19 18:21:43.004 I/chatty  ( 1165): uid=1000 system_server expire 15 lines
11-19 18:21:43.028 I/Monkey  (29231): :Sending Touch (ACTION_DOWN): 0:(689.0,772.0)
11-19 18:21:43.036 I/Monkey  (29231): :Sending Touch (ACTION_UP): 0:(702.19635,774.34814)
11-19 18:21:43.063 I/chatty  ( 1165): uid=1000(system) Binder:1165_4 expire 11 lines
11-19 18:21:43.239 I/Monkey  (29231): :Sending Touch (ACTION_DOWN): 0:(983.0,1726.0)
11-19 18:21:43.243 I/Monkey  (29231): :Sending Touch (ACTION_UP): 0:(983.31494,1725.1951)
11-19 18:21:43.446 I/Monkey  (29231): :Switch: #Intent;action=android.intent.action.MAIN;category=android.intent.category.LAUNCHER;launchFlags=0x10200000;component=com.color.phone.flash.caller.screen/.activity.AliasLaunchActivity;end
11-19 18:21:43.455 I/Monkey  (29231):     // Allowing start of Intent { act=android.intent.action.MAIN cat=[android.intent.category.LAUNCHER] cmp=com.color.phone.flash.caller.screen/.activity.AliasLaunchActivity } in package com.color.phone.flash.caller.screen
11-19 18:21:43.660 I/Monkey  (29231): :Switch: #Intent;action=android.intent.action.MAIN;category=android.intent.category.LAUNCHER;launchFlags=0x10200000;component=com.color.phone.flash.caller.screen/.activity.AliasLaunchActivity;end
11-19 18:21:43.664 I/chatty  ( 1165): uid=1000(system) Binder:1165_1B expire 37 lines
11-19 18:21:43.665 I/Monkey  (29231):     // Allowing start of Intent { act=android.intent.action.MAIN cat=[android.intent.category.LAUNCHER] cmp=com.color.phone.flash.caller.screen/.activity.AliasLaunchActivity } in package com.color.phone.flash.caller.screen
11-19 18:21:43.672 W/ViewRootImpl[Toast](22290): EGLdebug relayoutWindow Surface isSurface(name=null)  (appName =com.color.phone.flash.caller.screen) ( mSurfaceControllerIsValid =false) (mNativeObject  =0)/@0x3d700aa,viewVisibility is0
11-19 18:21:43.681 W/ViewRootImpl[Toast](22290): EGLdebug relayoutWindow Surface isSurface(name=null)  (appName =com.color.phone.flash.caller.screen) ( mSurfaceControllerIsValid =true) (mNativeObject  =7a6e629000)/@0x3d700aa,relayoutResult is7
11-19 18:21:43.695 I/chatty  ( 1165): uid=1000(system) Binder:1165_F expire 11 lines
11-19 18:21:43.872 I/Monkey  (29231): :Sending Touch (ACTION_DOWN): 0:(121.0,1294.0)
11-19 18:21:43.873 I/Monkey  (29231): :Sending Touch (ACTION_UP): 0:(117.13532,1299.941)
11-19 18:21:44.044 E/WifiHAL (  562): enter wifi_get_link_stats
11-19 18:21:44.053 E/wificond(  635): Failed to get NL80211_STA_INFO_CNAHLOAD
11-19 18:21:44.075 I/Monkey  (29231): :Sending Touch (ACTION_DOWN): 0:(408.0,1337.0)
11-19 18:21:44.079 I/Monkey  (29231): :Sending Touch (ACTION_UP): 0:(416.5623,1332.9698)
11-19 18:21:44.282 I/Monkey  (29231): :Sending Touch (ACTION_DOWN): 0:(992.0,635.0)
11-19 18:21:44.287 I/Monkey  (29231): :Sending Touch (ACTION_UP): 0:(990.97565,645.3611)
11-19 18:21:44.490 I/Monkey  (29231): :Sending rotation degree=3, persist=true
11-19 18:21:44.494 I/chatty  ( 1165): uid=1000(system) android.ui expire 19 lines
11-19 18:21:44.495 I/chatty  ( 1610): uid=10027(u0_a27) KG_Background_H expire 2 lines
11-19 18:21:44.496 E/[HwRecSys]AppCache( 2782): getIsRportDirectService is false!
11-19 18:21:44.653 I/Monkey  (29231):     // Allowing start of Intent { cmp=com.color.phone.flash.caller.screen/.activity.FlashLightHomeActivity } in package com.color.phone.flash.caller.screen
11-19 18:21:44.661 I/Pged-IPgedBinderService(  641): ****action is 1, pid num is 2***
11-19 18:21:44.661 I/Pged-Freezer(  641): freezePids
11-19 18:21:44.661 I/Pged-Freezer(  641): Freeze process: 18689
11-19 18:21:44.666 I/Monkey  (29231):     // activityResuming(com.color.phone.flash.caller.screen)
11-19 18:21:44.701 I/Monkey  (29231): :Sending Touch (ACTION_DOWN): 0:(716.0,911.0)
11-19 18:21:44.704 I/Monkey  (29231): :Sending Touch (ACTION_UP): 0:(712.46454,908.5533)
11-19 18:21:44.712 I/CommandQueue( 1610): updateBarBgColor
11-19 18:21:44.712 D/CommandQueue( 1610): CommandQueue, setBarBackgroundColor
11-19 18:21:44.726 V/SQLiteDatabase(15636): triggerBuildingIndex(): invalid id, return.
11-19 18:21:44.744 E/NetworkScheduler(15561): Invalid component specified.
11-19 18:21:44.748 D/WorkSource(15561): Insert in WorkSource{} @ 0 uid 10019 name com.google.android.gms
11-19 18:21:44.748 I/wangchen( 5537): SysInfo.getSysParam: orientation=1||config d=3.0,w=1080,h=1808||metrics d=3.0,w=1080,h=1808||sdk=26,bar_h=72
11-19 18:21:44.748 I/KeymapLoader( 5537): w=1080 h=1808 ori=true appScale=3.3 s1=3.0
11-19 18:21:44.754 D/WorkSource(15561): Insert in WorkSource{} @ 0 uid 10019 name com.google.android.gms
11-19 18:21:44.777 D/ActivityThread(22290): Remove activity client record, r= ActivityRecord{2f382af token=android.os.BinderProxy@747c4db {com.color.phone.flash.caller.screen/com.color.phone.flash.caller.screen.activity.AliasLaunchActivity}} token= android.os.BinderProxy@747c4db
11-19 18:21:44.777 I/chatty  ( 1165): uid=1000(system) Binder:1165_16 expire 32 lines
11-19 18:21:44.780 I/chatty  ( 1165): uid=1000(system) Binder:1165_8 expire 14 lines
11-19 18:21:44.781 W/libc    (  499): Set property "hw.wifi.dns_stat" to "1803,1306,1252,1,20509"
11-19 18:21:44.786 I/chatty  ( 1610): uid=10027(u0_a27) Binder:1610_3 expire 2 lines
11-19 18:21:44.786 E/HsmCoreServiceImpl( 1761): onTransact in code is: 103
11-19 18:21:44.786 I/MediaProcessHandler( 1761): playingUids: 
