--------- beginning of system
11-19 18:18:14.759 V/ActivityThread(22290): ActivityThread,callActivityOnCreate
11-19 18:18:14.771 D/ActivityThread(22290): add activity client record, r= ActivityRecord{7c616a8 token=android.os.BinderProxy@60ceeb6 {com.color.phone.flash.caller.screen/com.color.phone.flash.caller.screen.activity.AliasLaunchActivity}} token= android.os.BinderProxy@60ceeb6
11-19 18:18:14.775 I/chatty  ( 1165): uid=1000(system) Binder:1165_6 expire 14 lines
11-19 18:18:14.791 I/CommandQueue( 1610): updateBarBgColor
11-19 18:18:14.791 D/CommandQueue( 1610): CommandQueue, setBarBackgroundColor
11-19 18:18:15.909 E/wificond(  635): Failed to get NL80211_STA_INFO_CNAHLOAD
11-19 18:18:15.964 W/ViewRootImpl[Toast](22290): EGLdebug relayoutWindow Surface isSurface(name=null)  (appName =com.color.phone.flash.caller.screen) ( mSurfaceControllerIsValid =false) (mNativeObject  =0)/@0x4130b95,viewVisibility is0
11-19 18:18:15.981 W/ViewRootImpl[Toast](22290): EGLdebug relayoutWindow Surface isSurface(name=null)  (appName =com.color.phone.flash.caller.screen) ( mSurfaceControllerIsValid =true) (mNativeObject  =7a5fa32000)/@0x4130b95,relayoutResult is7
11-19 18:18:16.735 I/chatty  ( 1165): uid=1000(system) Binder:1165_1B expire 89 lines
11-19 18:18:16.749 W/ViewRootImpl[Toast](22290): EGLdebug relayoutWindow Surface isSurface(name=null)  (appName =com.color.phone.flash.caller.screen) ( mSurfaceControllerIsValid =true) (mNativeObject  =7a5fa32000)/@0x4130b95,viewVisibility is0
11-19 18:18:16.752 W/ViewRootImpl[Toast](22290): EGLdebug relayoutWindow Surface isSurface(name=null)  (appName =com.color.phone.flash.caller.screen) ( mSurfaceControllerIsValid =true) (mNativeObject  =7a5fa32000)/@0x4130b95,relayoutResult is2
11-19 18:18:16.764 W/ViewRootImpl[Toast](22290): EGLdebug relayoutWindow Surface isSurface(name=null)  (appName =com.color.phone.flash.caller.screen) ( mSurfaceControllerIsValid =true) (mNativeObject  =7a5fa32000)/@0x4130b95,viewVisibility is0
11-19 18:18:16.774 W/ViewRootImpl[Toast](22290): EGLdebug relayoutWindow Surface isSurface(name=null)  (appName =com.color.phone.flash.caller.screen) ( mSurfaceControllerIsValid =true) (mNativeObject  =7a5fa32000)/@0x4130b95,relayoutResult is0
11-19 18:18:16.844 I/chatty  ( 1165): uid=1000(system) Binder:1165_20 expire 88 lines
11-19 18:18:16.845 I/CommandQueue( 1610): updateBarBgColor
11-19 18:18:16.845 D/CommandQueue( 1610): CommandQueue, setBarBackgroundColor
11-19 18:18:17.169 D/ActivityThread(22290): Remove activity client record, r= ActivityRecord{7c616a8 token=android.os.BinderProxy@60ceeb6 {com.color.phone.flash.caller.screen/com.color.phone.flash.caller.screen.activity.AliasLaunchActivity}} token= android.os.BinderProxy@60ceeb6
11-19 18:18:17.563 V/ActivityThread(22290): ActivityThread,callActivityOnCreate
11-19 18:18:17.573 D/ActivityThread(22290): add activity client record, r= ActivityRecord{db1cdb8 token=android.os.BinderProxy@32046 {com.color.phone.flash.caller.screen/com.color.phone.flash.caller.screen.activity.AliasLaunchActivity}} token= android.os.BinderProxy@32046
11-19 18:18:17.592 I/CommandQueue( 1610): updateBarBgColor
11-19 18:18:17.592 D/CommandQueue( 1610): CommandQueue, setBarBackgroundColor
11-19 18:18:17.749 I/chatty  ( 1165): uid=1000(system) InputDispatcher expire 14 lines
11-19 18:18:17.932 W/ViewRootImpl[Toast](22290): EGLdebug relayoutWindow Surface isSurface(name=null)  (appName =com.color.phone.flash.caller.screen) ( mSurfaceControllerIsValid =false) (mNativeObject  =0)/@0x382d77e,viewVisibility is0
11-19 18:18:17.937 W/ViewRootImpl[Toast](22290): EGLdebug relayoutWindow Surface isSurface(name=null)  (appName =com.color.phone.flash.caller.screen) ( mSurfaceControllerIsValid =true) (mNativeObject  =7a5fa32000)/@0x382d77e,relayoutResult is6
11-19 18:18:17.961 I/chatty  ( 1165): uid=1000(system) Binder:1165_8 expire 57 lines
11-19 18:18:18.576 E/wificond(  635): Failed to get NL80211_STA_INFO_CNAHLOAD
11-19 18:18:18.581 E/wificond(  635): Failed to get NL80211_STA_INFO_CNAHLOAD
11-19 18:18:18.921 E/wificond(  635): Failed to get NL80211_STA_INFO_CNAHLOAD
11-19 18:18:19.638 I/CommandQueue( 1610): updateBarBgColor
11-19 18:18:19.638 D/CommandQueue( 1610): CommandQueue, setBarBackgroundColor
11-19 18:18:19.703 D/ActivityThread(22290): Remove activity client record, r= ActivityRecord{db1cdb8 token=android.os.BinderProxy@32046 {com.color.phone.flash.caller.screen/com.color.phone.flash.caller.screen.activity.AliasLaunchActivity}} token= android.os.BinderProxy@32046
11-19 18:18:19.941 W/ViewRootImpl[Toast](22290): EGLdebug relayoutWindow Surface isSurface(name=null)  (appName =com.color.phone.flash.caller.screen) ( mSurfaceControllerIsValid =false) (mNativeObject  =0)/@0x254f625,viewVisibility is0
11-19 18:18:19.948 W/ViewRootImpl[Toast](22290): EGLdebug relayoutWindow Surface isSurface(name=null)  (appName =com.color.phone.flash.caller.screen) ( mSurfaceControllerIsValid =true) (mNativeObject  =7a5fa32000)/@0x254f625,relayoutResult is7
11-19 18:18:20.398 V/ActivityThread(22290): ActivityThread,callActivityOnCreate
11-19 18:18:20.412 D/ActivityThread(22290): add activity client record, r= ActivityRecord{5dc6b05 token=android.os.BinderProxy@83b9faa {com.color.phone.flash.caller.screen/com.color.phone.flash.caller.screen.activity.AliasLaunchActivity}} token= android.os.BinderProxy@83b9faa
11-19 18:18:20.430 I/CommandQueue( 1610): updateBarBgColor
11-19 18:18:20.430 D/CommandQueue( 1610): CommandQueue, setBarBackgroundColor
11-19 18:18:20.447 I/chatty  ( 1165): uid=1000(system) android.anim expire 76 lines
11-19 18:18:21.936 E/wificond(  635): Failed to get NL80211_STA_INFO_CNAHLOAD
11-19 18:18:22.003 W/ViewRootImpl[Toast](22290): EGLdebug relayoutWindow Surface isSurface(name=null)  (appName =com.color.phone.flash.caller.screen) ( mSurfaceControllerIsValid =false) (mNativeObject  =0)/@0xbd9ee37,viewVisibility is0
11-19 18:18:22.019 W/ViewRootImpl[Toast](22290): EGLdebug relayoutWindow Surface isSurface(name=null)  (appName =com.color.phone.flash.caller.screen) ( mSurfaceControllerIsValid =true) (mNativeObject  =7a5fa32000)/@0xbd9ee37,relayoutResult is7
11-19 18:18:22.475 I/CommandQueue( 1610): updateBarBgColor
11-19 18:18:22.475 D/CommandQueue( 1610): CommandQueue, setBarBackgroundColor
11-19 18:18:22.531 D/ActivityThread(22290): Remove activity client record, r= ActivityRecord{5dc6b05 token=android.os.BinderProxy@83b9faa {com.color.phone.flash.caller.screen/com.color.phone.flash.caller.screen.activity.AliasLaunchActivity}} token= android.os.BinderProxy@83b9faa
11-19 18:18:23.959 I/chatty  ( 1165): uid=1000 system_server expire 30 lines
11-19 18:18:24.087 W/ViewRootImpl[Toast](22290): EGLdebug relayoutWindow Surface isSurface(name=null)  (appName =com.color.phone.flash.caller.screen) ( mSurfaceControllerIsValid =false) (mNativeObject  =0)/@0xb2e283a,viewVisibility is0
11-19 18:18:24.112 W/ViewRootImpl[Toast](22290): EGLdebug relayoutWindow Surface isSurface(name=null)  (appName =com.color.phone.flash.caller.screen) ( mSurfaceControllerIsValid =true) (mNativeObject  =7a5fa32000)/@0xb2e283a,relayoutResult is7
11-19 18:18:24.952 E/wificond(  635): Failed to get NL80211_STA_INFO_CNAHLOAD
11-19 18:18:25.298 V/ActivityThread(22290): ActivityThread,callActivityOnCreate
11-19 18:18:25.309 D/ActivityThread(22290): add activity client record, r= ActivityRecord{d5e6623 token=android.os.BinderProxy@25e8a33 {com.color.phone.flash.caller.screen/com.color.phone.flash.caller.screen.activity.AliasLaunchActivity}} token= android.os.BinderProxy@25e8a33
11-19 18:18:25.327 I/CommandQueue( 1610): updateBarBgColor
11-19 18:18:25.327 D/CommandQueue( 1610): CommandQueue, setBarBackgroundColor
11-19 18:18:25.329 I/chatty  ( 1165): uid=1000(system) Binder:1165_6 expire 81 lines
11-19 18:18:25.366 I/chatty  ( 1165): uid=1000(system) Binder:1165_1 expire 96 lines
11-19 18:18:26.051 W/ViewRootImpl[Toast](22290): EGLdebug relayoutWindow Surface isSurface(name=null)  (appName =com.color.phone.flash.caller.screen) ( mSurfaceControllerIsValid =false) (mNativeObject  =0)/@0xcf7b244,viewVisibility is0
11-19 18:18:26.066 W/ViewRootImpl[Toast](22290): EGLdebug relayoutWindow Surface isSurface(name=null)  (appName =com.color.phone.flash.caller.screen) ( mSurfaceControllerIsValid =true) (mNativeObject  =7a5fa32000)/@0xcf7b244,relayoutResult is7
11-19 18:18:26.583 E/wificond(  635): Failed to get NL80211_STA_INFO_CNAHLOAD
11-19 18:18:26.587 E/wificond(  635): Failed to get NL80211_STA_INFO_CNAHLOAD
11-19 18:18:26.720 I/chatty  ( 1165): uid=1000(system) android.ui expire 86 lines
11-19 18:18:27.241 W/ViewRootImpl[Toast](22290): EGLdebug relayoutWindow Surface isSurface(name=null)  (appName =com.color.phone.flash.caller.screen) ( mSurfaceControllerIsValid =true) (mNativeObject  =7a5fa32000)/@0xcf7b244,viewVisibility is0
11-19 18:18:27.245 W/ViewRootImpl[Toast](22290): EGLdebug relayoutWindow Surface isSurface(name=null)  (appName =com.color.phone.flash.caller.screen) ( mSurfaceControllerIsValid =true) (mNativeObject  =7a5fa32000)/@0xcf7b244,relayoutResult is3
11-19 18:18:27.309 I/chatty  ( 1165): uid=1000(system) Binder:1165_1B expire 34 lines
11-19 18:18:27.355 I/CommandQueue( 1610): updateBarBgColor
11-19 18:18:27.355 D/CommandQueue( 1610): CommandQueue, setBarBackgroundColor
11-19 18:18:27.429 D/ActivityThread(22290): Remove activity client record, r= ActivityRecord{d5e6623 token=android.os.BinderProxy@25e8a33 {com.color.phone.flash.caller.screen/com.color.phone.flash.caller.screen.activity.AliasLaunchActivity}} token= android.os.BinderProxy@25e8a33
11-19 18:18:27.872 W/ViewRootImpl[Toast](22290): EGLdebug relayoutWindow Surface isSurface(name=null)  (appName =com.color.phone.flash.caller.screen) ( mSurfaceControllerIsValid =true) (mNativeObject  =7a5fa32000)/@0xcf7b244,viewVisibility is0
11-19 18:18:27.876 W/ViewRootImpl[Toast](22290): EGLdebug relayoutWindow Surface isSurface(name=null)  (appName =com.color.phone.flash.caller.screen) ( mSurfaceControllerIsValid =true) (mNativeObject  =7a5fa32000)/@0xcf7b244,relayoutResult is3
11-19 18:18:27.971 E/wificond(  635): Failed to get NL80211_STA_INFO_CNAHLOAD
11-19 18:18:28.057 I/chatty  ( 1165): uid=1000(system) Binder:1165_20 expire 9 lines
11-19 18:18:28.073 W/ViewRootImpl[Toast](22290): EGLdebug relayoutWindow Surface isSurface(name=null)  (appName =com.color.phone.flash.caller.screen) ( mSurfaceControllerIsValid =false) (mNativeObject  =0)/@0x86579b3,viewVisibility is0
11-19 18:18:28.093 W/ViewRootImpl[Toast](22290): EGLdebug relayoutWindow Surface isSurface(name=null)  (appName =com.color.phone.flash.caller.screen) ( mSurfaceControllerIsValid =true) (mNativeObject  =7a5fa32000)/@0x86579b3,relayoutResult is7
11-19 18:18:28.935 I/chatty  ( 1165): uid=1000(system) InputDispatcher expire 15 lines
11-19 18:18:30.051 I/chatty  ( 1165): uid=1000(system) Binder:1165_8 expire 52 lines
11-19 18:18:30.084 I/chatty  ( 1165): uid=1000(system) Binder:1165_D expire 59 lines
11-19 18:18:30.102 W/ViewRootImpl[Toast](22290): EGLdebug relayoutWindow Surface isSurface(name=null)  (appName =com.color.phone.flash.caller.screen) ( mSurfaceControllerIsValid =false) (mNativeObject  =0)/@0xb5187e1,viewVisibility is0
11-19 18:18:30.118 W/ViewRootImpl[Toast](22290): EGLdebug relayoutWindow Surface isSurface(name=null)  (appName =com.color.phone.flash.caller.screen) ( mSurfaceControllerIsValid =true) (mNativeObject  =7a5fa32000)/@0xb5187e1,relayoutResult is7
11-19 18:18:30.983 E/wificond(  635): Failed to get NL80211_STA_INFO_CNAHLOAD
11-19 18:18:32.248 W/ViewRootImpl[Toast](22290): EGLdebug relayoutWindow Surface isSurface(name=null)  (appName =com.color.phone.flash.caller.screen) ( mSurfaceControllerIsValid =false) (mNativeObject  =0)/@0xc7022fe,viewVisibility is0
11-19 18:18:32.264 W/ViewRootImpl[Toast](22290): EGLdebug relayoutWindow Surface isSurface(name=null)  (appName =com.color.phone.flash.caller.screen) ( mSurfaceControllerIsValid =true) (mNativeObject  =7a5fa32000)/@0xc7022fe,relayoutResult is7
11-19 18:18:32.990 V/ActivityThread(22290): ActivityThread,callActivityOnCreate
11-19 18:18:33.005 D/ActivityThread(22290): add activity client record, r= ActivityRecord{884941a token=android.os.BinderProxy@8eca1f8 {com.color.phone.flash.caller.screen/com.color.phone.flash.caller.screen.activity.AliasLaunchActivity}} token= android.os.BinderProxy@8eca1f8
11-19 18:18:33.022 I/CommandQueue( 1610): updateBarBgColor
11-19 18:18:33.022 D/CommandQueue( 1610): CommandQueue, setBarBackgroundColor
11-19 18:18:34.002 E/wificond(  635): Failed to get NL80211_STA_INFO_CNAHLOAD
11-19 18:18:34.176 W/ViewRootImpl[Toast](22290): EGLdebug relayoutWindow Surface isSurface(name=null)  (appName =com.color.phone.flash.caller.screen) ( mSurfaceControllerIsValid =false) (mNativeObject  =0)/@0x5fff834,viewVisibility is0
11-19 18:18:34.208 W/ViewRootImpl[Toast](22290): EGLdebug relayoutWindow Surface isSurface(name=null)  (appName =com.color.phone.flash.caller.screen) ( mSurfaceControllerIsValid =true) (mNativeObject  =7a5fa32000)/@0x5fff834,relayoutResult is7
11-19 18:18:34.590 E/wificond(  635): Failed to get NL80211_STA_INFO_CNAHLOAD
11-19 18:18:34.597 E/wificond(  635): Failed to get NL80211_STA_INFO_CNAHLOAD
11-19 18:18:34.626 I/chatty  ( 1165): uid=1000(system) android.anim expire 33 lines
11-19 18:18:35.036 I/CommandQueue( 1610): updateBarBgColor
11-19 18:18:35.036 D/CommandQueue( 1610): CommandQueue, setBarBackgroundColor
11-19 18:18:35.102 D/ActivityThread(22290): Remove activity client record, r= ActivityRecord{884941a token=android.os.BinderProxy@8eca1f8 {com.color.phone.flash.caller.screen/com.color.phone.flash.caller.screen.activity.AliasLaunchActivity}} token= android.os.BinderProxy@8eca1f8
11-19 18:18:36.106 I/chatty  ( 1165): uid=1000 system_server expire 21 lines
11-19 18:18:36.121 I/CommandQueue( 1610): updateBarBgColor
11-19 18:18:36.121 D/CommandQueue( 1610): CommandQueue, setBarBackgroundColor
11-19 18:18:36.181 V/ActivityThread(22290): ActivityThread,callActivityOnCreate
11-19 18:18:36.185 D/ActivityThread(22290): add activity client record, r= ActivityRecord{3a2837e token=android.os.BinderProxy@1f5ee3d {com.color.phone.flash.caller.screen/com.gz.gb.gbpermisson.PermissionActivity}} token= android.os.BinderProxy@1f5ee3d
11-19 18:18:36.195 W/ViewRootImpl[Toast](22290): EGLdebug relayoutWindow Surface isSurface(name=null)  (appName =com.color.phone.flash.caller.screen) ( mSurfaceControllerIsValid =false) (mNativeObject  =0)/@0xc9d5bfb,viewVisibility is0
11-19 18:18:36.201 W/ViewRootImpl[Toast](22290): EGLdebug relayoutWindow Surface isSurface(name=null)  (appName =com.color.phone.flash.caller.screen) ( mSurfaceControllerIsValid =true) (mNativeObject  =7a569d5000)/@0xc9d5bfb,relayoutResult is6
11-19 18:18:36.206 I/CommandQueue( 1610): updateBarBgColor
11-19 18:18:36.206 D/CommandQueue( 1610): CommandQueue, setBarBackgroundColor
11-19 18:18:36.224 W/ViewRootImpl[PermissionActivity](22290): Cancelling event due to no window focus: KeyEvent { action=ACTION_UP, keyCode=KEYCODE_DPAD_CENTER, scanCode=0, metaState=0, flags=0x28, hwFlags=0x0, repeatCount=0, eventTime=38185471, downTime=38185471, deviceId=-1, source=0x101 }
11-19 18:18:36.225 I/chatty  (22290): uid=10127(u0_a127) com.color.phone.flash.caller.screen identical 7 lines
11-19 18:18:36.225 W/ViewRootImpl[PermissionActivity](22290): Cancelling event due to no window focus: KeyEvent { action=ACTION_UP, keyCode=KEYCODE_DPAD_CENTER, scanCode=0, metaState=0, flags=0x28, hwFlags=0x0, repeatCount=0, eventTime=38185471, downTime=38185471, deviceId=-1, source=0x101 }
11-19 18:18:36.260 I/chatty  ( 1165): uid=1000(system) Binder:1165_3 expire 24 lines
11-19 18:18:36.275 I/chatty  ( 1165): uid=1000(system) Binder:1165_F expire 34 lines
11-19 18:18:36.276 I/CommandQueue( 1610): updateBarBgColor
11-19 18:18:36.276 D/CommandQueue( 1610): CommandQueue, setBarBackgroundColor
11-19 18:18:36.344 D/ActivityThread(22290): Remove activity client record, r= ActivityRecord{3a2837e token=android.os.BinderProxy@1f5ee3d {com.color.phone.flash.caller.screen/com.gz.gb.gbpermisson.PermissionActivity}} token= android.os.BinderProxy@1f5ee3d
11-19 18:18:36.348 I/chatty  ( 1165): uid=1000(system) Binder:1165_1 expire 24 lines
11-19 18:18:37.011 E/wificond(  635): Failed to get NL80211_STA_INFO_CNAHLOAD
11-19 18:18:37.484 V/ActivityThread(22290): ActivityThread,callActivityOnCreate
11-19 18:18:37.502 D/ActivityThread(22290): add activity client record, r= ActivityRecord{f266602 token=android.os.BinderProxy@ef96e4c {com.color.phone.flash.caller.screen/cn.cootek.colibrow.incomingcall.activity.CallDetailActivity}} token= android.os.BinderProxy@ef96e4c
11-19 18:18:37.518 I/CommandQueue( 1610): updateBarBgColor
11-19 18:18:37.518 D/CommandQueue( 1610): CommandQueue, setBarBackgroundColor
11-19 18:18:38.194 W/ViewRootImpl[Toast](22290): EGLdebug relayoutWindow Surface isSurface(name=null)  (appName =com.color.phone.flash.caller.screen) ( mSurfaceControllerIsValid =false) (mNativeObject  =0)/@0x934e42d,viewVisibility is0
11-19 18:18:38.212 W/ViewRootImpl[Toast](22290): EGLdebug relayoutWindow Surface isSurface(name=null)  (appName =com.color.phone.flash.caller.screen) ( mSurfaceControllerIsValid =true) (mNativeObject  =7a569d5000)/@0x934e42d,relayoutResult is7
11-19 18:18:40.032 E/wificond(  635): Failed to get NL80211_STA_INFO_CNAHLOAD
11-19 18:18:40.434 W/ViewRootImpl[Toast](22290): EGLdebug relayoutWindow Surface isSurface(name=null)  (appName =com.color.phone.flash.caller.screen) ( mSurfaceControllerIsValid =false) (mNativeObject  =0)/@0x20105ed,viewVisibility is0
11-19 18:18:40.469 W/ViewRootImpl[Toast](22290): EGLdebug relayoutWindow Surface isSurface(name=null)  (appName =com.color.phone.flash.caller.screen) ( mSurfaceControllerIsValid =true) (mNativeObject  =7a233fc000)/@0x20105ed,relayoutResult is7
11-19 18:18:41.181 I/chatty  ( 1165): uid=1000(system) InputDispatcher expire 12 lines
11-19 18:18:41.256 I/chatty  ( 1165): uid=1000(system) Binder:1165_D expire 12 lines
11-19 18:18:42.340 W/ViewRootImpl[Toast](22290): EGLdebug relayoutWindow Surface isSurface(name=null)  (appName =com.color.phone.flash.caller.screen) ( mSurfaceControllerIsValid =false) (mNativeObject  =0)/@0x59b8ae2,viewVisibility is0
11-19 18:18:42.369 W/ViewRootImpl[Toast](22290): EGLdebug relayoutWindow Surface isSurface(name=null)  (appName =com.color.phone.flash.caller.screen) ( mSurfaceControllerIsValid =true) (mNativeObject  =7a569d5000)/@0x59b8ae2,relayoutResult is7
11-19 18:18:42.603 E/wificond(  635): Failed to get NL80211_STA_INFO_CNAHLOAD
11-19 18:18:42.618 E/wificond(  635): Failed to get NL80211_STA_INFO_CNAHLOAD
11-19 18:18:43.059 E/wificond(  635): Failed to get NL80211_STA_INFO_CNAHLOAD
11-19 18:18:44.392 W/ViewRootImpl[Toast](22290): EGLdebug relayoutWindow Surface isSurface(name=null)  (appName =com.color.phone.flash.caller.screen) ( mSurfaceControllerIsValid =false) (mNativeObject  =0)/@0x52282a1,viewVisibility is0
11-19 18:18:44.418 W/ViewRootImpl[Toast](22290): EGLdebug relayoutWindow Surface isSurface(name=null)  (appName =com.color.phone.flash.caller.screen) ( mSurfaceControllerIsValid =true) (mNativeObject  =7a3f901000)/@0x52282a1,relayoutResult is7
11-19 18:18:46.106 E/wificond(  635): Failed to get NL80211_STA_INFO_CNAHLOAD
11-19 18:18:46.177 I/chatty  ( 1165): uid=1000(system) android.anim expire 8 lines
11-19 18:18:46.273 I/chatty  ( 1165): uid=1000 system_server expire 3 lines
11-19 18:18:46.451 W/ViewRootImpl[Toast](22290): EGLdebug relayoutWindow Surface isSurface(name=null)  (appName =com.color.phone.flash.caller.screen) ( mSurfaceControllerIsValid =false) (mNativeObject  =0)/@0x866e9e3,viewVisibility is0
11-19 18:18:46.484 W/ViewRootImpl[Toast](22290): EGLdebug relayoutWindow Surface isSurface(name=null)  (appName =com.color.phone.flash.caller.screen) ( mSurfaceControllerIsValid =true) (mNativeObject  =7a38dfb000)/@0x866e9e3,relayoutResult is7
11-19 18:18:46.547 I/chatty  ( 1165): uid=1000(system) Binder:1165_F expire 4 lines
11-19 18:18:46.812 I/chatty  ( 1165): uid=1000(system) android.anim expire 1 line
11-19 18:18:47.443 I/chatty  ( 1165): uid=1000(system) ActivityManager expire 1 line
11-19 18:18:47.496 I/chatty  ( 1165): uid=1000(system) InputDispatcher expire 2 lines
11-19 18:18:47.660 I/chatty  ( 1165): uid=1000(system) Binder:1165_F expire 42 lines
11-19 18:18:47.999 I/chatty  ( 1165): uid=1000(system) Binder:1165_D expire 29 lines
11-19 18:18:48.028 I/chatty  ( 1165): uid=1000(system) Binder:1165_1 expire 7 lines
11-19 18:18:48.052 V/ActivityThread(22290): ActivityThread,callActivityOnCreate
11-19 18:18:48.066 D/ActivityThread(22290): add activity client record, r= ActivityRecord{295b1c9 token=android.os.BinderProxy@a8cc4ff {com.color.phone.flash.caller.screen/com.color.phone.flash.caller.screen.activity.AliasLaunchActivity}} token= android.os.BinderProxy@a8cc4ff
11-19 18:18:48.092 I/chatty  ( 1165): uid=1000 system_server expire 10 lines
11-19 18:18:48.112 I/chatty  ( 1165): uid=1000(system) android.anim expire 15 lines
11-19 18:18:48.146 I/chatty  ( 1165): uid=1000(system) Binder:1165_20 expire 19 lines
11-19 18:18:48.319 W/ViewRootImpl[Toast](22290): EGLdebug relayoutWindow Surface isSurface(name=null)  (appName =com.color.phone.flash.caller.screen) ( mSurfaceControllerIsValid =false) (mNativeObject  =0)/@0xd1e1a56,viewVisibility is0
11-19 18:18:48.325 W/ViewRootImpl[Toast](22290): EGLdebug relayoutWindow Surface isSurface(name=null)  (appName =com.color.phone.flash.caller.screen) ( mSurfaceControllerIsValid =true) (mNativeObject  =7a38dfb000)/@0xd1e1a56,relayoutResult is7
11-19 18:18:48.421 I/chatty  ( 1165): uid=1000(system) InputDispatcher expire 2 lines
11-19 18:18:49.123 E/wificond(  635): Failed to get NL80211_STA_INFO_CNAHLOAD
11-19 18:18:49.947 I/chatty  ( 1165): uid=1000(system) android.ui expire 19 lines
11-19 18:18:50.100 D/ActivityThread(22290): Remove activity client record, r= ActivityRecord{f266602 token=android.os.BinderProxy@ef96e4c {com.color.phone.flash.caller.screen/cn.cootek.colibrow.incomingcall.activity.CallDetailActivity}} token= android.os.BinderProxy@ef96e4c
11-19 18:18:50.140 I/CommandQueue( 1610): updateBarBgColor
11-19 18:18:50.140 D/CommandQueue( 1610): CommandQueue, setBarBackgroundColor
11-19 18:18:50.165 I/chatty  ( 1165): uid=1000(system) Binder:1165_3 expire 15 lines
11-19 18:18:50.213 D/ActivityThread(22290): Remove activity client record, r= ActivityRecord{295b1c9 token=android.os.BinderProxy@a8cc4ff {com.color.phone.flash.caller.screen/com.color.phone.flash.caller.screen.activity.AliasLaunchActivity}} token= android.os.BinderProxy@a8cc4ff
11-19 18:18:50.327 W/ViewRootImpl[Toast](22290): EGLdebug relayoutWindow Surface isSurface(name=null)  (appName =com.color.phone.flash.caller.screen) ( mSurfaceControllerIsValid =false) (mNativeObject  =0)/@0x4e4b43e,viewVisibility is0
11-19 18:18:50.332 W/ViewRootImpl[Toast](22290): EGLdebug relayoutWindow Surface isSurface(name=null)  (appName =com.color.phone.flash.caller.screen) ( mSurfaceControllerIsValid =true) (mNativeObject  =7a38dfb000)/@0x4e4b43e,relayoutResult is7
11-19 18:18:50.606 E/wificond(  635): Failed to get NL80211_STA_INFO_CNAHLOAD
11-19 18:18:50.609 E/wificond(  635): Failed to get NL80211_STA_INFO_CNAHLOAD
11-19 18:18:51.084 I/chatty  ( 1165): uid=1000(system) Binder:1165_1B expire 12 lines
11-19 18:18:51.105 V/ActivityThread(22290): ActivityThread,callActivityOnCreate
11-19 18:18:51.145 D/ActivityThread(22290): add activity client record, r= ActivityRecord{36db4dc token=android.os.BinderProxy@97c597b {com.color.phone.flash.caller.screen/cn.cootek.colibrow.incomingcall.activity.CallDetailActivity}} token= android.os.BinderProxy@97c597b
11-19 18:18:51.164 I/chatty  ( 1165): uid=1000 system_server expire 1 line
11-19 18:18:51.166 I/CommandQueue( 1610): updateBarBgColor
11-19 18:18:51.166 D/CommandQueue( 1610): CommandQueue, setBarBackgroundColor
11-19 18:18:51.173 I/chatty  ( 1165): uid=1000(system) Binder:1165_D expire 1 line
11-19 18:18:51.177 I/chatty  ( 1165): uid=1000(system) Binder:1165_20 expire 1 line
11-19 18:18:51.182 I/chatty  ( 1165): uid=1000(system) Binder:1165_D expire 18 lines
11-19 18:18:51.187 I/chatty  ( 1165): uid=1000(system) Binder:1165_20 expire 29 lines
11-19 18:18:51.188 I/chatty  ( 1165): uid=1000(system) android.anim expire 16 lines
11-19 18:18:51.203 I/chatty  ( 1165): uid=1000(system) Binder:1165_1 expire 43 lines
11-19 18:18:51.409 I/chatty  ( 1165): uid=1000(system) InputDispatcher expire 14 lines
11-19 18:18:52.026 I/chatty  ( 1165): uid=1000(system) LazyTaskWriterT expire 1 line
11-19 18:18:52.139 E/wificond(  635): Failed to get NL80211_STA_INFO_CNAHLOAD
11-19 18:18:52.325 I/chatty  ( 1165): uid=1000 system_server expire 14 lines
11-19 18:18:52.505 W/ViewRootImpl[Toast](22290): EGLdebug relayoutWindow Surface isSurface(name=null)  (appName =com.color.phone.flash.caller.screen) ( mSurfaceControllerIsValid =false) (mNativeObject  =0)/@0xe05a5cc,viewVisibility is0
11-19 18:18:52.542 W/ViewRootImpl[Toast](22290): EGLdebug relayoutWindow Surface isSurface(name=null)  (appName =com.color.phone.flash.caller.screen) ( mSurfaceControllerIsValid =true) (mNativeObject  =79ff5e7000)/@0xe05a5cc,relayoutResult is7
11-19 18:18:53.710 V/ActivityThread(22290): ActivityThread,callActivityOnCreate
11-19 18:18:53.723 D/ActivityThread(22290): add activity client record, r= ActivityRecord{2f1e692 token=android.os.BinderProxy@e1e3fa9 {com.color.phone.flash.caller.screen/com.color.phone.flash.caller.screen.activity.AliasLaunchActivity}} token= android.os.BinderProxy@e1e3fa9
11-19 18:18:53.767 I/chatty  ( 1165): uid=1000(system) Binder:1165_F expire 27 lines
11-19 18:18:54.250 I/chatty  ( 1165): uid=1000(system) watchdog expire 1 line
11-19 18:18:54.442 W/ViewRootImpl[Toast](22290): EGLdebug relayoutWindow Surface isSurface(name=null)  (appName =com.color.phone.flash.caller.screen) ( mSurfaceControllerIsValid =false) (mNativeObject  =0)/@0x35d7384,viewVisibility is0
11-19 18:18:54.476 W/ViewRootImpl[Toast](22290): EGLdebug relayoutWindow Surface isSurface(name=null)  (appName =com.color.phone.flash.caller.screen) ( mSurfaceControllerIsValid =true) (mNativeObject  =79ff5e7000)/@0x35d7384,relayoutResult is7
11-19 18:18:55.154 E/wificond(  635): Failed to get NL80211_STA_INFO_CNAHLOAD
11-19 18:18:55.730 D/ActivityThread(22290): Remove activity client record, r= ActivityRecord{36db4dc token=android.os.BinderProxy@97c597b {com.color.phone.flash.caller.screen/cn.cootek.colibrow.incomingcall.activity.CallDetailActivity}} token= android.os.BinderProxy@97c597b
11-19 18:18:55.734 I/chatty  ( 1165): uid=1000(system) Binder:1165_1B expire 32 lines
11-19 18:18:55.765 I/CommandQueue( 1610): updateBarBgColor
11-19 18:18:55.765 D/CommandQueue( 1610): CommandQueue, setBarBackgroundColor
11-19 18:18:55.809 D/ActivityThread(22290): Remove activity client record, r= ActivityRecord{2f1e692 token=android.os.BinderProxy@e1e3fa9 {com.color.phone.flash.caller.screen/com.color.phone.flash.caller.screen.activity.AliasLaunchActivity}} token= android.os.BinderProxy@e1e3fa9
11-19 18:18:55.892 I/CommandQueue( 1610): updateBarBgColor
11-19 18:18:55.892 D/CommandQueue( 1610): CommandQueue, setBarBackgroundColor
11-19 18:18:56.422 I/chatty  ( 1165): uid=1000(system) Binder:1165_1 expire 30 lines
11-19 18:18:56.465 W/ViewRootImpl[Toast](22290): EGLdebug relayoutWindow Surface isSurface(name=null)  (appName =com.color.phone.flash.caller.screen) ( mSurfaceControllerIsValid =false) (mNativeObject  =0)/@0x24b55c2,viewVisibility is0
11-19 18:18:56.472 I/chatty  ( 1165): uid=1000(system) Binder:1165_D expire 48 lines
11-19 18:18:56.481 W/ViewRootImpl[Toast](22290): EGLdebug relayoutWindow Surface isSurface(name=null)  (appName =com.color.phone.flash.caller.screen) ( mSurfaceControllerIsValid =true) (mNativeObject  =79ff5e7000)/@0x24b55c2,relayoutResult is7
11-19 18:18:56.568 I/chatty  ( 1165): uid=1000(system) Binder:1165_20 expire 12 lines
11-19 18:18:56.590 V/ActivityThread(22290): ActivityThread,callActivityOnCreate
11-19 18:18:56.603 D/ActivityThread(22290): add activity client record, r= ActivityRecord{beb9715 token=android.os.BinderProxy@a29d504 {com.color.phone.flash.caller.screen/cootek.matrix.flashlight.activity.NotiReminderActivity}} token= android.os.BinderProxy@a29d504
11-19 18:18:56.648 I/chatty  ( 1165): uid=1000(system) android.anim expire 16 lines
11-19 18:18:56.690 I/chatty  ( 1165): uid=1000(system) InputDispatcher expire 8 lines
11-19 18:18:57.187 I/chatty  ( 1165): uid=1000(system) LazyTaskWriterT expire 1 line
11-19 18:18:57.752 I/chatty  ( 1165): uid=1000(system) Binder:1165_F expire 16 lines
11-19 18:18:57.797 V/ActivityThread(22290): ActivityThread,callActivityOnCreate
11-19 18:18:57.810 D/ActivityThread(22290): add activity client record, r= ActivityRecord{52f0a34 token=android.os.BinderProxy@effd822 {com.color.phone.flash.caller.screen/com.color.phone.flash.caller.screen.activity.AliasLaunchActivity}} token= android.os.BinderProxy@effd822
11-19 18:18:57.828 I/CommandQueue( 1610): updateBarBgColor
11-19 18:18:57.828 D/CommandQueue( 1610): CommandQueue, setBarBackgroundColor
11-19 18:18:57.829 I/chatty  ( 1165): uid=1000 system_server expire 12 lines
11-19 18:18:58.175 E/wificond(  635): Failed to get NL80211_STA_INFO_CNAHLOAD
11-19 18:18:58.448 W/ViewRootImpl[Toast](22290): EGLdebug relayoutWindow Surface isSurface(name=null)  (appName =com.color.phone.flash.caller.screen) ( mSurfaceControllerIsValid =false) (mNativeObject  =0)/@0xd52c171,viewVisibility is0
11-19 18:18:58.454 W/ViewRootImpl[Toast](22290): EGLdebug relayoutWindow Surface isSurface(name=null)  (appName =com.color.phone.flash.caller.screen) ( mSurfaceControllerIsValid =true) (mNativeObject  =79ff5e7000)/@0xd52c171,relayoutResult is6
11-19 18:18:58.611 E/wificond(  635): Failed to get NL80211_STA_INFO_CNAHLOAD
11-19 18:18:58.613 E/wificond(  635): Failed to get NL80211_STA_INFO_CNAHLOAD
11-19 18:18:59.185 I/chatty  ( 1165): uid=1000(system) UEventObserver expire 2 lines
11-19 18:18:59.835 D/ActivityThread(22290): Remove activity client record, r= ActivityRecord{beb9715 token=android.os.BinderProxy@a29d504 {com.color.phone.flash.caller.screen/cootek.matrix.flashlight.activity.NotiReminderActivity}} token= android.os.BinderProxy@a29d504
11-19 18:18:59.878 I/CommandQueue( 1610): updateBarBgColor
11-19 18:18:59.878 D/CommandQueue( 1610): CommandQueue, setBarBackgroundColor
11-19 18:18:59.942 D/ActivityThread(22290): Remove activity client record, r= ActivityRecord{52f0a34 token=android.os.BinderProxy@effd822 {com.color.phone.flash.caller.screen/com.color.phone.flash.caller.screen.activity.AliasLaunchActivity}} token= android.os.BinderProxy@effd822
11-19 18:19:00.292 I/chatty  ( 1165): uid=1000(system) android.ui expire 13 lines
11-19 18:19:00.310 I/chatty  ( 1165): uid=1000(system) Binder:1165_1B expire 18 lines
11-19 18:19:00.338 I/chatty  ( 1165): uid=1000(system) Binder:1165_D expire 61 lines
11-19 18:19:00.343 W/ViewRootImpl[Toast](22290): EGLdebug relayoutWindow Surface isSurface(name=null)  (appName =com.color.phone.flash.caller.screen) ( mSurfaceControllerIsValid =true) (mNativeObject  =79ff5e7000)/@0xd52c171,viewVisibility is0
11-19 18:19:00.348 W/ViewRootImpl[Toast](22290): EGLdebug relayoutWindow Surface isSurface(name=null)  (appName =com.color.phone.flash.caller.screen) ( mSurfaceControllerIsValid =true) (mNativeObject  =79ff5e7000)/@0xd52c171,relayoutResult is2
11-19 18:19:00.358 I/chatty  ( 1165): uid=1000(system) android.anim expire 22 lines
11-19 18:19:00.429 I/chatty  ( 1165): uid=1000 system_server expire 19 lines
11-19 18:19:00.467 W/ViewRootImpl[Toast](22290): EGLdebug relayoutWindow Surface isSurface(name=null)  (appName =com.color.phone.flash.caller.screen) ( mSurfaceControllerIsValid =false) (mNativeObject  =0)/@0x27cf6bb,viewVisibility is0
11-19 18:19:00.484 W/ViewRootImpl[Toast](22290): EGLdebug relayoutWindow Surface isSurface(name=null)  (appName =com.color.phone.flash.caller.screen) ( mSurfaceControllerIsValid =true) (mNativeObject  =79ff5e7000)/@0x27cf6bb,relayoutResult is6
11-19 18:19:00.565 V/ActivityThread(22290): ActivityThread,callActivityOnCreate
11-19 18:19:00.579 D/ActivityThread(22290): add activity client record, r= ActivityRecord{4dd4087 token=android.os.BinderProxy@f38a56d {com.color.phone.flash.caller.screen/com.color.phone.flash.caller.screen.activity.AliasLaunchActivity}} token= android.os.BinderProxy@f38a56d
11-19 18:19:00.593 I/chatty  ( 1165): uid=1000(system) Binder:1165_F expire 38 lines
11-19 18:19:00.595 I/CommandQueue( 1610): updateBarBgColor
11-19 18:19:00.595 D/CommandQueue( 1610): CommandQueue, setBarBackgroundColor
11-19 18:19:00.626 I/chatty  ( 1165): uid=1000(system) Binder:1165_1 expire 14 lines
11-19 18:19:00.943 I/chatty  ( 1165): uid=1000(system) InputDispatcher expire 4 lines
11-19 18:19:01.192 E/wificond(  635): Failed to get NL80211_STA_INFO_CNAHLOAD
11-19 18:19:01.267 I/chatty  ( 1165): uid=1000(system) LazyTaskWriterT expire 1 line
11-19 18:19:02.475 W/ViewRootImpl[Toast](22290): EGLdebug relayoutWindow Surface isSurface(name=null)  (appName =com.color.phone.flash.caller.screen) ( mSurfaceControllerIsValid =false) (mNativeObject  =0)/@0x5c88cf1,viewVisibility is0
11-19 18:19:02.486 W/ViewRootImpl[Toast](22290): EGLdebug relayoutWindow Surface isSurface(name=null)  (appName =com.color.phone.flash.caller.screen) ( mSurfaceControllerIsValid =true) (mNativeObject  =79ff5e7000)/@0x5c88cf1,relayoutResult is7
11-19 18:19:02.619 I/CommandQueue( 1610): updateBarBgColor
11-19 18:19:02.619 D/CommandQueue( 1610): CommandQueue, setBarBackgroundColor
11-19 18:19:02.675 D/ActivityThread(22290): Remove activity client record, r= ActivityRecord{4dd4087 token=android.os.BinderProxy@f38a56d {com.color.phone.flash.caller.screen/com.color.phone.flash.caller.screen.activity.AliasLaunchActivity}} token= android.os.BinderProxy@f38a56d
11-19 18:19:04.211 E/wificond(  635): Failed to get NL80211_STA_INFO_CNAHLOAD
11-19 18:19:04.460 V/ActivityThread(22290): ActivityThread,callActivityOnCreate
11-19 18:19:04.467 I/chatty  ( 1165): uid=1000(system) Binder:1165_20 expire 20 lines
11-19 18:19:04.482 D/ActivityThread(22290): add activity client record, r= ActivityRecord{4eb42c1 token=android.os.BinderProxy@fd9560 {com.color.phone.flash.caller.screen/cootek.matrix.flashlight.activity.PermissionAct}} token= android.os.BinderProxy@fd9560
11-19 18:19:04.507 I/chatty  ( 1165): uid=1000(system) Binder:1165_1 expire 4 lines
11-19 18:19:04.511 I/chatty  ( 1165): uid=1000(system) Binder:1165_F expire 34 lines
11-19 18:19:04.523 I/chatty  ( 1165): uid=1000(system) Binder:1165_D expire 41 lines
11-19 18:19:04.534 I/chatty  ( 1165): uid=1000(system) android.anim expire 15 lines
11-19 18:19:04.542 I/chatty  ( 1165): uid=1000(system) Binder:1165_1B expire 5 lines
11-19 18:19:04.543 I/chatty  ( 1165): uid=1000(system) Binder:1165_8 expire 9 lines
11-19 18:19:04.553 W/ViewRootImpl[Toast](22290): EGLdebug relayoutWindow Surface isSurface(name=null)  (appName =com.color.phone.flash.caller.screen) ( mSurfaceControllerIsValid =false) (mNativeObject  =0)/@0x29dfd23,viewVisibility is0
11-19 18:19:04.602 W/ViewRootImpl[Toast](22290): EGLdebug relayoutWindow Surface isSurface(name=null)  (appName =com.color.phone.flash.caller.screen) ( mSurfaceControllerIsValid =true) (mNativeObject  =79ff5e7000)/@0x29dfd23,relayoutResult is7
11-19 18:19:05.023 V/ActivityThread(22290): ActivityThread,callActivityOnCreate
11-19 18:19:05.037 D/ActivityThread(22290): add activity client record, r= ActivityRecord{2821881 token=android.os.BinderProxy@f59c877 {com.color.phone.flash.caller.screen/com.color.phone.flash.caller.screen.activity.AliasLaunchActivity}} token= android.os.BinderProxy@f59c877
11-19 18:19:05.066 I/CommandQueue( 1610): updateBarBgColor
11-19 18:19:05.066 D/CommandQueue( 1610): CommandQueue, setBarBackgroundColor
11-19 18:19:05.067 I/chatty  ( 1165): uid=1000 system_server expire 7 lines
11-19 18:19:05.183 I/chatty  ( 1165): uid=1000(system) InputDispatcher expire 8 lines
11-19 18:19:06.190 I/chatty  ( 1165): uid=1000(system) LazyTaskWriterT expire 1 line
11-19 18:19:06.552 W/ViewRootImpl[Toast](22290): EGLdebug relayoutWindow Surface isSurface(name=null)  (appName =com.color.phone.flash.caller.screen) ( mSurfaceControllerIsValid =false) (mNativeObject  =0)/@0xede2d5b,viewVisibility is0
11-19 18:19:06.573 W/ViewRootImpl[Toast](22290): EGLdebug relayoutWindow Surface isSurface(name=null)  (appName =com.color.phone.flash.caller.screen) ( mSurfaceControllerIsValid =true) (mNativeObject  =79ff5e7000)/@0xede2d5b,relayoutResult is6
11-19 18:19:06.626 E/wificond(  635): Failed to get NL80211_STA_INFO_CNAHLOAD
11-19 18:19:06.632 E/wificond(  635): Failed to get NL80211_STA_INFO_CNAHLOAD
11-19 18:19:06.938 I/chatty  ( 1165): uid=1000(system) android.ui expire 27 lines
11-19 18:19:06.971 W/ViewRootImpl[Toast](22290): EGLdebug relayoutWindow Surface isSurface(name=null)  (appName =com.color.phone.flash.caller.screen) ( mSurfaceControllerIsValid =true) (mNativeObject  =79ff5e7000)/@0xede2d5b,viewVisibility is0
11-19 18:19:06.976 W/ViewRootImpl[Toast](22290): EGLdebug relayoutWindow Surface isSurface(name=null)  (appName =com.color.phone.flash.caller.screen) ( mSurfaceControllerIsValid =true) (mNativeObject  =79ff5e7000)/@0xede2d5b,relayoutResult is2
11-19 18:19:06.977 I/chatty  ( 1165): uid=1000(system) Binder:1165_13 expire 52 lines
11-19 18:19:07.034 D/ActivityThread(22290): Remove activity client record, r= ActivityRecord{4eb42c1 token=android.os.BinderProxy@fd9560 {com.color.phone.flash.caller.screen/cootek.matrix.flashlight.activity.PermissionAct}} token= android.os.BinderProxy@fd9560
11-19 18:19:07.067 I/chatty  ( 1165): uid=1000(system) Binder:1165_F expire 30 lines
11-19 18:19:07.068 I/CommandQueue( 1610): updateBarBgColor
11-19 18:19:07.068 D/CommandQueue( 1610): CommandQueue, setBarBackgroundColor
11-19 18:19:07.069 I/chatty  ( 1165): uid=1000 system_server expire 9 lines
11-19 18:19:07.073 I/chatty  ( 1165): uid=1000(system) android.anim expire 35 lines
11-19 18:19:07.148 D/ActivityThread(22290): Remove activity client record, r= ActivityRecord{2821881 token=android.os.BinderProxy@f59c877 {com.color.phone.flash.caller.screen/com.color.phone.flash.caller.screen.activity.AliasLaunchActivity}} token= android.os.BinderProxy@f59c877
11-19 18:19:07.152 I/chatty  ( 1165): uid=1000(system) Binder:1165_20 expire 1 line
11-19 18:19:07.224 E/wificond(  635): Failed to get NL80211_STA_INFO_CNAHLOAD
11-19 18:19:07.610 V/ActivityThread(22290): ActivityThread,callActivityOnCreate
11-19 18:19:07.623 D/ActivityThread(22290): add activity client record, r= ActivityRecord{50d52c7 token=android.os.BinderProxy@2d711ad {com.color.phone.flash.caller.screen/com.color.phone.flash.caller.screen.activity.AliasLaunchActivity}} token= android.os.BinderProxy@2d711ad
11-19 18:19:07.628 I/chatty  ( 1165): uid=1000(system) Binder:1165_8 expire 2 lines
11-19 18:19:07.641 I/chatty  ( 1165): uid=1000(system) Binder:1165_1B expire 27 lines
11-19 18:19:07.643 I/CommandQueue( 1610): updateBarBgColor
11-19 18:19:07.643 D/CommandQueue( 1610): CommandQueue, setBarBackgroundColor
11-19 18:19:07.989 I/chatty  ( 1165): uid=1000(system) android.ui expire 19 lines
11-19 18:19:08.031 W/ViewRootImpl[Toast](22290): EGLdebug relayoutWindow Surface isSurface(name=null)  (appName =com.color.phone.flash.caller.screen) ( mSurfaceControllerIsValid =true) (mNativeObject  =79ff5e7000)/@0xede2d5b,viewVisibility is0
11-19 18:19:08.033 W/ViewRootImpl[Toast](22290): EGLdebug relayoutWindow Surface isSurface(name=null)  (appName =com.color.phone.flash.caller.screen) ( mSurfaceControllerIsValid =true) (mNativeObject  =79ff5e7000)/@0xede2d5b,relayoutResult is3
11-19 18:19:08.562 W/ViewRootImpl[Toast](22290): EGLdebug relayoutWindow Surface isSurface(name=null)  (appName =com.color.phone.flash.caller.screen) ( mSurfaceControllerIsValid =false) (mNativeObject  =0)/@0x7d090fd,viewVisibility is0
11-19 18:19:08.576 W/ViewRootImpl[Toast](22290): EGLdebug relayoutWindow Surface isSurface(name=null)  (appName =com.color.phone.flash.caller.screen) ( mSurfaceControllerIsValid =true) (mNativeObject  =79ff5e7000)/@0x7d090fd,relayoutResult is7
11-19 18:19:09.504 I/chatty  ( 1165): uid=1000(system) InputDispatcher expire 2 lines
11-19 18:19:09.650 I/chatty  ( 1165): uid=1000(system) Binder:1165_11 expire 13 lines
11-19 18:19:09.678 I/CommandQueue( 1610): updateBarBgColor
11-19 18:19:09.678 D/CommandQueue( 1610): CommandQueue, setBarBackgroundColor
11-19 18:19:09.706 I/chatty  ( 1165): uid=1000(system) Binder:1165_1 expire 26 lines
11-19 18:19:09.707 I/chatty  ( 1165): uid=1000(system) android.anim expire 16 lines
11-19 18:19:09.717 I/chatty  ( 1165): uid=1000(system) Binder:1165_13 expire 54 lines
11-19 18:19:09.742 I/chatty  ( 1165): uid=1000(system) InputDispatcher expire 9 lines
11-19 18:19:09.750 D/ActivityThread(22290): Remove activity client record, r= ActivityRecord{50d52c7 token=android.os.BinderProxy@2d711ad {com.color.phone.flash.caller.screen/com.color.phone.flash.caller.screen.activity.AliasLaunchActivity}} token= android.os.BinderProxy@2d711ad
11-19 18:19:09.750 I/chatty  ( 1165): uid=1000(system) Binder:1165_11 expire 31 lines
11-19 18:19:09.774 I/chatty  ( 1165): uid=1000(system) Binder:1165_1B expire 23 lines
11-19 18:19:09.984 V/ActivityThread(22290): ActivityThread,callActivityOnCreate
11-19 18:19:09.996 D/ActivityThread(22290): add activity client record, r= ActivityRecord{2cf7826 token=android.os.BinderProxy@56c6c4d {com.color.phone.flash.caller.screen/com.color.phone.flash.caller.screen.activity.AliasLaunchActivity}} token= android.os.BinderProxy@56c6c4d
11-19 18:19:10.000 I/chatty  ( 1165): uid=1000(system) Binder:1165_6 expire 2 lines
11-19 18:19:10.015 I/CommandQueue( 1610): updateBarBgColor
11-19 18:19:10.015 D/CommandQueue( 1610): CommandQueue, setBarBackgroundColor
11-19 18:19:10.232 E/wificond(  635): Failed to get NL80211_STA_INFO_CNAHLOAD
11-19 18:19:10.345 I/chatty  ( 1165): uid=1000 system_server expire 14 lines
11-19 18:19:10.545 I/chatty  ( 1165): uid=1000(system) LazyTaskWriterT expire 1 line
11-19 18:19:10.555 W/ViewRootImpl[Toast](22290): EGLdebug relayoutWindow Surface isSurface(name=null)  (appName =com.color.phone.flash.caller.screen) ( mSurfaceControllerIsValid =false) (mNativeObject  =0)/@0x639b3f,viewVisibility is0
11-19 18:19:10.566 W/ViewRootImpl[Toast](22290): EGLdebug relayoutWindow Surface isSurface(name=null)  (appName =com.color.phone.flash.caller.screen) ( mSurfaceControllerIsValid =true) (mNativeObject  =79ff5e7000)/@0x639b3f,relayoutResult is7
11-19 18:19:11.772 W/ContextImpl( 5298): Calling a method in the system process without a qualified user: android.app.ContextImpl.sendBroadcast:1074 android.content.ContextWrapper.sendBroadcast:431 com.huawei.android.pushagent.model.channel.entity.a.b.ml:425 com.huawei.android.pushagent.model.channel.entity.a.b.ly:408 com.huawei.android.pushagent.model.channel.a.oj:156 
11-19 18:19:12.039 I/CommandQueue( 1610): updateBarBgColor
11-19 18:19:12.039 D/CommandQueue( 1610): CommandQueue, setBarBackgroundColor
11-19 18:19:12.046 I/chatty  ( 1165): uid=1000(system) android.display expire 2 lines
11-19 18:19:12.069 W/ContextImpl( 5298): Calling a method in the system process without a qualified user: android.app.ContextImpl.sendBroadcast:1074 android.content.ContextWrapper.sendBroadcast:431 com.huawei.android.pushagent.model.channel.entity.a.b.ml:425 com.huawei.android.pushagent.model.channel.entity.a.b.ly:405 com.huawei.android.pushagent.model.channel.entity.a.mq:55 
11-19 18:19:12.117 D/ActivityThread(22290): Remove activity client record, r= ActivityRecord{2cf7826 token=android.os.BinderProxy@56c6c4d {com.color.phone.flash.caller.screen/com.color.phone.flash.caller.screen.activity.AliasLaunchActivity}} token= android.os.BinderProxy@56c6c4d
11-19 18:19:12.574 W/ViewRootImpl[Toast](22290): EGLdebug relayoutWindow Surface isSurface(name=null)  (appName =com.color.phone.flash.caller.screen) ( mSurfaceControllerIsValid =false) (mNativeObject  =0)/@0x27556a5,viewVisibility is0
11-19 18:19:12.589 W/ViewRootImpl[Toast](22290): EGLdebug relayoutWindow Surface isSurface(name=null)  (appName =com.color.phone.flash.caller.screen) ( mSurfaceControllerIsValid =true) (mNativeObject  =79ff5e7000)/@0x27556a5,relayoutResult is7
11-19 18:19:12.721 I/chatty  ( 1165): uid=1000(system) AudioService expire 4 lines
11-19 18:19:13.264 E/wificond(  635): Failed to get NL80211_STA_INFO_CNAHLOAD
11-19 18:19:13.853 V/ActivityThread(22290): ActivityThread,callActivityOnCreate
11-19 18:19:13.865 I/chatty  ( 1165): uid=1000(system) Binder:1165_11 expire 29 lines
11-19 18:19:13.867 D/ActivityThread(22290): add activity client record, r= ActivityRecord{af47819 token=android.os.BinderProxy@f7f31eb {com.color.phone.flash.caller.screen/com.color.phone.flash.caller.screen.activity.AliasLaunchActivity}} token= android.os.BinderProxy@f7f31eb
11-19 18:19:13.870 I/chatty  ( 1165): uid=1000(system) Binder:1165_1B expire 6 lines
11-19 18:19:13.875 I/chatty  ( 1165): uid=1000(system) Binder:1165_1 expire 26 lines
11-19 18:19:13.889 I/CommandQueue( 1610): updateBarBgColor
11-19 18:19:13.889 D/CommandQueue( 1610): CommandQueue, setBarBackgroundColor
11-19 18:19:13.890 I/chatty  ( 1165): uid=1000 system_server expire 14 lines
11-19 18:19:13.898 I/chatty  ( 1165): uid=1000(system) Binder:1165_6 expire 35 lines
11-19 18:19:13.909 I/chatty  ( 1165): uid=1000(system) android.anim expire 18 lines
11-19 18:19:14.597 W/ViewRootImpl[Toast](22290): EGLdebug relayoutWindow Surface isSurface(name=null)  (appName =com.color.phone.flash.caller.screen) ( mSurfaceControllerIsValid =false) (mNativeObject  =0)/@0x5cf3bb,viewVisibility is0
11-19 18:19:14.621 W/ViewRootImpl[Toast](22290): EGLdebug relayoutWindow Surface isSurface(name=null)  (appName =com.color.phone.flash.caller.screen) ( mSurfaceControllerIsValid =true) (mNativeObject  =79ff5e7000)/@0x5cf3bb,relayoutResult is7
11-19 18:19:14.629 E/wificond(  635): Failed to get NL80211_STA_INFO_CNAHLOAD
11-19 18:19:14.634 E/wificond(  635): Failed to get NL80211_STA_INFO_CNAHLOAD
11-19 18:19:14.862 I/chatty  ( 1165): uid=1000(system) InputDispatcher expire 13 lines
11-19 18:19:15.632 I/chatty  ( 1165): uid=1000(system) LazyTaskWriterT expire 1 line
11-19 18:19:15.871 I/chatty  ( 1165): uid=1000(system) Binder:1165_13 expire 5 lines
11-19 18:19:15.919 I/CommandQueue( 1610): updateBarBgColor
11-19 18:19:15.919 D/CommandQueue( 1610): CommandQueue, setBarBackgroundColor
11-19 18:19:15.938 I/chatty  ( 1165): uid=1000(system) Binder:1165_20 expire 63 lines
11-19 18:19:15.971 D/ActivityThread(22290): Remove activity client record, r= ActivityRecord{af47819 token=android.os.BinderProxy@f7f31eb {com.color.phone.flash.caller.screen/com.color.phone.flash.caller.screen.activity.AliasLaunchActivity}} token= android.os.BinderProxy@f7f31eb
11-19 18:19:16.248 V/ActivityThread(22290): ActivityThread,callActivityOnCreate
11-19 18:19:16.263 D/ActivityThread(22290): add activity client record, r= ActivityRecord{59e72c9 token=android.os.BinderProxy@df3f5ae {com.color.phone.flash.caller.screen/com.cootek.tark.privacy.PrivacySettingsActivity}} token= android.os.BinderProxy@df3f5ae
11-19 18:19:16.273 E/wificond(  635): Failed to get NL80211_STA_INFO_CNAHLOAD
11-19 18:19:16.570 W/ViewRootImpl[Toast](22290): EGLdebug relayoutWindow Surface isSurface(name=null)  (appName =com.color.phone.flash.caller.screen) ( mSurfaceControllerIsValid =false) (mNativeObject  =0)/@0x459a38e,viewVisibility is0
11-19 18:19:16.575 W/ViewRootImpl[Toast](22290): EGLdebug relayoutWindow Surface isSurface(name=null)  (appName =com.color.phone.flash.caller.screen) ( mSurfaceControllerIsValid =true) (mNativeObject  =79ff5e7000)/@0x459a38e,relayoutResult is6
11-19 18:19:17.740 I/chatty  ( 1165): uid=1000(system) Binder:1165_1 expire 47 lines
11-19 18:19:17.859 I/chatty  ( 1165): uid=1000(system) Binder:1165_13 expire 15 lines
11-19 18:19:18.342 I/chatty  ( 1165): uid=1000(system) android.anim expire 26 lines
11-19 18:19:18.571 I/chatty  ( 1165): uid=1000 system_server expire 10 lines
11-19 18:19:18.690 W/ViewRootImpl[Toast](22290): EGLdebug relayoutWindow Surface isSurface(name=null)  (appName =com.color.phone.flash.caller.screen) ( mSurfaceControllerIsValid =false) (mNativeObject  =0)/@0x75b4761,viewVisibility is0
11-19 18:19:18.712 W/ViewRootImpl[Toast](22290): EGLdebug relayoutWindow Surface isSurface(name=null)  (appName =com.color.phone.flash.caller.screen) ( mSurfaceControllerIsValid =true) (mNativeObject  =79ff5e7000)/@0x75b4761,relayoutResult is6
11-19 18:19:18.806 I/chatty  ( 1165): uid=1000(system) Binder:1165_6 expire 25 lines
11-19 18:19:18.989 I/chatty  ( 1165): uid=1000(system) LazyTaskWriterT expire 1 line
11-19 18:19:19.277 V/ActivityThread(22290): ActivityThread,callActivityOnCreate
11-19 18:19:19.287 E/wificond(  635): Failed to get NL80211_STA_INFO_CNAHLOAD
11-19 18:19:19.289 D/ActivityThread(22290): add activity client record, r= ActivityRecord{13ab59c token=android.os.BinderProxy@4536058 {com.color.phone.flash.caller.screen/com.color.phone.flash.caller.screen.activity.AliasLaunchActivity}} token= android.os.BinderProxy@4536058
11-19 18:19:19.330 I/CommandQueue( 1610): updateBarBgColor
11-19 18:19:19.330 D/CommandQueue( 1610): CommandQueue, setBarBackgroundColor
11-19 18:19:20.483 I/chatty  ( 1165): uid=1000(system) InputDispatcher expire 4 lines
11-19 18:19:20.657 W/ViewRootImpl[Toast](22290): EGLdebug relayoutWindow Surface isSurface(name=null)  (appName =com.color.phone.flash.caller.screen) ( mSurfaceControllerIsValid =false) (mNativeObject  =0)/@0xfb035df,viewVisibility is0
11-19 18:19:20.676 W/ViewRootImpl[Toast](22290): EGLdebug relayoutWindow Surface isSurface(name=null)  (appName =com.color.phone.flash.caller.screen) ( mSurfaceControllerIsValid =true) (mNativeObject  =79ff5e7000)/@0xfb035df,relayoutResult is7
