11-19 18:21:02.928 I/wangchen( 5537): SysInfo.getSysParam: orientation=1||config d=3.0,w=1080,h=1808||metrics d=3.0,w=1080,h=1808||sdk=26,bar_h=72
11-19 18:21:02.928 I/KeymapLoader( 5537): w=1080 h=1808 ori=true appScale=3.3 s1=3.0
11-19 18:21:02.931 I/AppManager( 1776): dependence has been existed:22290 -> 15636
11-19 18:21:02.934 I/chatty  ( 1165): uid=1000(system) Binder:1165_1 expire 26 lines
11-19 18:21:02.940 D/KeyEvent( 5537): obtain, mHwFlags=0
11-19 18:21:02.940 D/KeyEvent( 5537): obtain, mHwFlags=0
11-19 18:21:02.968 V/ActivityThread(22290): ActivityThread,callActivityOnCreate
11-19 18:21:02.982 D/ActivityThread(22290): add activity client record, r= ActivityRecord{e6cafd3 token=android.os.BinderProxy@c3b3f3f {com.color.phone.flash.caller.screen/com.color.phone.flash.caller.screen.activity.AliasLaunchActivity}} token= android.os.BinderProxy@c3b3f3f
11-19 18:21:02.997 I/CommandQueue( 1610): updateBarBgColor
11-19 18:21:02.997 D/CommandQueue( 1610): CommandQueue, setBarBackgroundColor
11-19 18:21:02.997 D/TintManager( 1610): statusBarIconTint=#99FFFFFF,navigationBarIconTint=#FF000000
11-19 18:21:03.000 I/chatty  (22290): uid=10127(u0_a127) com.color.phone.flash.caller.screen expire 113 lines
11-19 18:21:03.004 I/CommandQueue( 1610): updateBarBgColor
11-19 18:21:03.004 D/CommandQueue( 1610): CommandQueue, setBarBackgroundColor
11-19 18:21:03.004 D/TintManager( 1610): statusBarIconTint=#99FFFFFF,navigationBarIconTint=#FF000000
11-19 18:21:03.027 I/CommandQueue( 1610): updateBarBgColor
11-19 18:21:03.027 D/CommandQueue( 1610): CommandQueue, setBarBackgroundColor
11-19 18:21:03.028 D/TintManager( 1610): statusBarIconTint=#99FFFFFF,navigationBarIconTint=#FF000000
11-19 18:21:03.055 I/chatty  (15561): uid=10019(u0_a19) netscheduler-qu expire 1 line
11-19 18:21:03.058 I/chatty  (15636): uid=10019(u0_a19) Measurement Wor expire 1 line
11-19 18:21:03.059 I/chatty  (15561): uid=10019(u0_a19) lowpool[40] expire 1 line
11-19 18:21:03.074 I/chatty  (15561): uid=10019(u0_a19) lowpool[45] expire 1 line
11-19 18:21:03.079 I/chatty  (15561): uid=10019(u0_a19) netscheduler-qu expire 1 line
11-19 18:21:03.082 I/chatty  (15561): uid=10019(u0_a19) lowpool[40] expire 2 lines
11-19 18:21:03.083 V/ActivityThread(22290): ActivityThread,callActivityOnCreate
11-19 18:21:03.086 I/chatty  (15636): uid=10019(u0_a19) Measurement Wor expire 2 lines
11-19 18:21:03.088 I/AwareLog(  641): IAWARE_PREREAD_FILE
11-19 18:21:03.088 D/AwareLog(  641): iawared: touch_file  PackageInstaller.odex
11-19 18:21:03.088 D/ActivityThread(22290): add activity client record, r= ActivityRecord{51b23f5 token=android.os.BinderProxy@5fe9100 {com.color.phone.flash.caller.screen/com.gz.gb.gbpermisson.PermissionActivity}} token= android.os.BinderProxy@5fe9100
11-19 18:21:03.089 D/AwareLog(  641): iawared: touch_file  PackageInstaller.vdex
11-19 18:21:03.089 D/AwareLog(  641): preread_pkgfile com.android.packageinstaller took 0 ms
11-19 18:21:03.089 D/AwareLog(  641): preread_pkgfile com.android.packageinstaller read 1847296 Bytes.
11-19 18:21:03.110 I/AppManager( 1776): dependence has been existed:22290 -> 15636
11-19 18:21:03.115 I/chatty  (15561): uid=10019(u0_a19) netscheduler-qu expire 1 line
11-19 18:21:03.115 I/CommandQueue( 1610): updateBarBgColor
11-19 18:21:03.115 D/CommandQueue( 1610): CommandQueue, setBarBackgroundColor
11-19 18:21:03.118 I/chatty  ( 1165): uid=1000(system) Binder:1165_F expire 20 lines
11-19 18:21:03.119 D/TintManager( 1610): statusBarIconTint=#99FFFFFF,navigationBarIconTint=#FF000000
11-19 18:21:03.121 D/HwRecentsLockUtils( 1610): Search
11-19 18:21:03.122 E/HsmCoreServiceImpl( 1761): onTransact in code is: 103
11-19 18:21:03.122 I/MediaProcessHandler( 1761): playingUids: 
11-19 18:21:03.125 W/SystemServicesProxy( 1610): getThumbnail taskId 151getTaskSnapshot new null
11-19 18:21:03.142 W/libc    (  499): Set property "hw.wifi.dns_stat" to "1790,1297,1252,1,20296"
11-19 18:21:03.145 I/AppManager( 1776): dependence has been existed:22290 -> 15636
11-19 18:21:03.145 I/chatty  (15561): uid=10019(u0_a19) lowpool[45] expire 1 line
11-19 18:21:03.154 I/chatty  ( 1165): uid=1000(system) Binder:1165_13 expire 7 lines
11-19 18:21:03.155 I/chatty  (15561): uid=10019(u0_a19) netscheduler-qu expire 1 line
11-19 18:21:03.193 I/wangchen( 5537): SysInfo.getSysParam: orientation=1||config d=3.0,w=1080,h=1808||metrics d=3.0,w=1080,h=1808||sdk=26,bar_h=72
11-19 18:21:03.193 I/KeymapLoader( 5537): w=1080 h=1808 ori=true appScale=3.3 s1=3.0
11-19 18:21:03.197 I/chatty  ( 1165): uid=1000 system_server expire 11 lines
11-19 18:21:03.200 I/chatty  (22290): uid=10127(u0_a127) Binder:22290_2 expire 7 lines
11-19 18:21:03.229 I/chatty  ( 1165): uid=1000(system) Binder:1165_B expire 1 line
11-19 18:21:03.240 I/wangchen( 5537): SysInfo.getSysParam: orientation=1||config d=3.0,w=1080,h=1808||metrics d=3.0,w=1080,h=1808||sdk=26,bar_h=72
11-19 18:21:03.240 I/KeymapLoader( 5537): w=1080 h=1808 ori=true appScale=3.3 s1=3.0
11-19 18:21:03.261 I/chatty  (15636): uid=10019(u0_a19) Measurement Wor expire 1 line
11-19 18:21:03.268 D/ActivityThread(22290): Remove activity client record, r= ActivityRecord{51b23f5 token=android.os.BinderProxy@5fe9100 {com.color.phone.flash.caller.screen/com.gz.gb.gbpermisson.PermissionActivity}} token= android.os.BinderProxy@5fe9100
11-19 18:21:03.268 I/chatty  ( 1165): uid=1000(system) InputDispatcher expire 4 lines
11-19 18:21:03.269 I/chatty  ( 1165): uid=1000(system) Binder:1165_1 expire 28 lines
11-19 18:21:03.271 D/KeyEvent( 5537): obtain, mHwFlags=0
11-19 18:21:03.272 I/chatty  ( 1165): uid=1000(system) Binder:1165_1B expire 5 lines
11-19 18:21:03.278 I/chatty  ( 1165): uid=1000(system) AudioService expire 2 lines
11-19 18:21:03.279 I/vol.Events( 1610): writeEvent active_stream_changed STREAM_RING
11-19 18:21:03.279 V/AudioManager( 1610): forceVolumeControlStream   streamType: 2
11-19 18:21:03.279 D/HwRecentsLockUtils( 1610): Search
11-19 18:21:03.279 E/HsmCoreServiceImpl( 1761): onTransact in code is: 103
11-19 18:21:03.279 I/MediaProcessHandler( 1761): playingUids: 
11-19 18:21:03.279 I/vol.Events( 1610): writeEvent key STREAM_RING 10
11-19 18:21:03.280 I/chatty  ( 1165): uid=1000(system) Binder:1165_F expire 36 lines
11-19 18:21:03.280 D/vol.VolumeDialog( 1610): rescheduleTimeout 3000 com.android.systemui.volume.VolumeDialog.onStateChangedH:752
11-19 18:21:03.280 D/vol.VolumeDialog( 1610): rescheduleTimeout 3000 com.android.systemui.volume.VolumeDialog.showH:532
11-19 18:21:03.281 I/chatty  (15561): uid=10019(u0_a19) lowpool[40] expire 1 line
11-19 18:21:03.282 D/OpenGLRenderer( 1610):   HWUI Binary is  enabled
11-19 18:21:03.283 D/HwCust  ( 1610): Create obj success use class android.view.HwCustRenderThreadMonitorImpl
11-19 18:21:03.285 D/KeyEvent( 5537): obtain, mHwFlags=0
11-19 18:21:03.285 I/chatty  ( 1165): uid=1000(system) Binder:1165_8 expire 2 lines
11-19 18:21:03.286 I/vol.Events( 1610): writeEvent show_dialog volume_changed keyguard=false
11-19 18:21:03.286 D/OpenGLRenderer( 1610):   HWUI Binary is  enabled
11-19 18:21:03.287 I/PressGestureDetector( 1610): HiTouch restricted: Sub windows restricted.
11-19 18:21:03.287 I/chatty  ( 1165): uid=1000(system) Binder:1165_16 expire 14 lines
11-19 18:21:03.287 W/SystemServicesProxy( 1610): getThumbnail taskId 151getTaskSnapshot new null
11-19 18:21:03.288 W/SystemServicesProxy( 1610): getThumbnail taskId 238getTaskSnapshot new null
11-19 18:21:03.288 I/chatty  (15561): uid=10019(u0_a19) netscheduler-qu expire 1 line
11-19 18:21:03.292 I/chatty  (15561): uid=10019(u0_a19) lowpool[45] expire 1 line
11-19 18:21:03.299 D/mali_winsys( 1610): EGLint new_window_surface(egl_winsys_display *, void *, EGLSurface, EGLConfig, egl_winsys_surface **, egl_color_buffer_format *, EGLBoolean) returns 0x3000
11-19 18:21:03.360 I/ash     ( 1776): view remove pid:22290 uid:10127
11-19 18:21:03.369 I/ash     ( 1776): view add pid:22290 uid:10127
11-19 18:21:03.380 W/ViewRootImpl[Toast](22290): EGLdebug relayoutWindow Surface isSurface(name=null)  (appName =com.color.phone.flash.caller.screen) ( mSurfaceControllerIsValid =false) (mNativeObject  =0)/@0x7d0d58b,viewVisibility is0
11-19 18:21:03.386 W/ViewRootImpl[Toast](22290): EGLdebug relayoutWindow Surface isSurface(name=null)  (appName =com.color.phone.flash.caller.screen) ( mSurfaceControllerIsValid =true) (mNativeObject  =7a457db000)/@0x7d0d58b,relayoutResult is6
11-19 18:21:03.405 I/AppManager( 1776): dependence has been existed:22290 -> 15636
11-19 18:21:03.432 I/chatty  (15636): uid=10019(u0_a19) Measurement Wor expire 1 line
11-19 18:21:03.434 I/DownloadState( 1776): @@@@@@@@@@@@ uid :10019 download :true
11-19 18:21:03.434 I/PGServer( 1776): report state:5 event type:1 pid:0 uid:10019 pkg:null to pid: 1165
11-19 18:21:03.434 I/DownloadState( 1776): @@@@@@@@@@@@ uid :10127 download :true
11-19 18:21:03.434 I/PGServer( 1776): report state:5 event type:1 pid:0 uid:10127 pkg:null to pid: 1165
11-19 18:21:03.457 I/chatty  (15561): uid=10019(u0_a19) lowpool[45] expire 1 line
11-19 18:21:03.461 I/chatty  (15561): uid=10019(u0_a19) netscheduler-qu expire 1 line
11-19 18:21:03.464 I/chatty  (15561): uid=10019(u0_a19) lowpool[40] expire 1 line
11-19 18:21:03.469 I/chatty  ( 1165): uid=1000(system) android.anim expire 15 lines
11-19 18:21:03.471 W/HwKeyguardDragHelper( 1610): AnimationBlocked
11-19 18:21:03.479 I/chatty  ( 1165): uid=1000(system) android.ui expire 67 lines
11-19 18:21:03.479 I/EventCenter( 1610): ContentChange for slot: 1
11-19 18:21:03.480 E/[HwRecSys]AppCache( 2782): getIsRportDirectService is false!
11-19 18:21:03.480 D/StatusBarIconController( 1610): setIconVisibility icon is null or visibility not change visibility=false
11-19 18:21:03.481 I/EventCenter( 1610): ContentChange for slot: 1
11-19 18:21:03.482 E/[HwRecSys]AppCache( 2782): getIsRportDirectService is false!
11-19 18:21:03.482 D/StatusBarIconController( 1610): setIconVisibility icon is null or visibility not change visibility=false
11-19 18:21:03.686 D/vol.VolumeDialog( 1610): rescheduleTimeout 3000 com.android.systemui.volume.VolumeDialog$CustomDialog.dispatchTouchEvent:1247
11-19 18:21:03.688 W/libEGL  ( 1610): EGLNativeWindowType 0x7a5aaa7010 disconnect failed
11-19 18:21:03.695 I/vol.Events( 1610): writeEvent dismiss_dialog touch_outside
11-19 18:21:03.695 W/InputEventReceiver( 1610): Attempted to finish an input event but the input event receiver has already been disposed.
11-19 18:21:03.696 I/vol.Events( 1610): writeEvent active_stream_changed UNKNOWN_STREAM_-1
11-19 18:21:03.696 V/AudioManager( 1610): forceVolumeControlStream   streamType: -1
11-19 18:21:03.696 D/vol.VolumeDialog( 1610): rescheduleTimeout 3000 com.android.systemui.volume.VolumeDialog.onStateChangedH:752
11-19 18:21:03.765 I/AppManager( 1776): dependence has been existed:22290 -> 15636
11-19 18:21:03.983 D/WeatherHelper( 1610): City info empty
11-19 18:21:03.984 I/chatty  ( 1610): uid=10027(u0_a27) com.android.systemui identical 60 lines
11-19 18:21:04.593 W//system/bin/hwservicemanager(  420): Cannot open /odm/manifest.xml
11-19 18:21:04.594 I/chatty  (22290): uid=10127(u0_a127) MediaCodec_loop expire 4 lines
11-19 18:21:04.594 I/OMXMaster(  640): makeComponentInstance(OMX.google.aac.decoder) in omx@1.0-service process
11-19 18:21:04.596 E/OMXNodeInstance(  640): setConfig(0xec8239e0:google.aac.decoder, ??(0x6f700006)) ERROR: Undefined(0x80001001)
11-19 18:21:04.597 E/OMXNodeInstance(  640): getConfig(0xec8239e0:google.aac.decoder, ConfigAndroidVendorExtension(0x6f100004)) ERROR: Undefined(0x80001001)
11-19 18:21:04.598 W/SimpleSoftOMXComponent(  640): onChangeState mState= 1, mTargetState = 1, state = 2
11-19 18:21:04.598 W/SimpleSoftOMXComponent(  640): checkTransitions port is not populate
11-19 18:21:04.598 W//system/bin/hw/android.hidl.allocator@1.0-service(  523): ashmem_create_region(8192) returning hidl_memory(0x7f8122c3c0, 8192)
11-19 18:21:04.599 I/chatty  (  523): uid=1000(system) allocator@1.0-s identical 6 lines
11-19 18:21:04.599 W//system/bin/hw/android.hidl.allocator@1.0-service(  523): ashmem_create_region(8192) returning hidl_memory(0x7f8122c3c0, 8192)
11-19 18:21:04.599 W/SimpleSoftOMXComponent(  640): checkTransitions port is not populate
11-19 18:21:04.600 W//system/bin/hw/android.hidl.allocator@1.0-service(  523): ashmem_create_region(32768) returning hidl_memory(0x7f8122c3c0, 32768)
11-19 18:21:04.600 W//system/bin/hw/android.hidl.allocator@1.0-service(  523): ashmem_create_region(32768) returning hidl_memory(0x7f8122c3c0, 32768)
11-19 18:21:04.600 W/SimpleSoftOMXComponent(  640): checkTransitions mState = 1, mTargetState = 2
11-19 18:21:04.601 W/SimpleSoftOMXComponent(  640): onChangeState mState= 2, mTargetState = 2, state = 3
11-19 18:21:04.601 W/SimpleSoftOMXComponent(  640): checkTransitions mState = 2, mTargetState = 3
11-19 18:21:04.602 I/HwExtendedUtils(  640): Warning: base time clock is rollback!!
11-19 18:21:04.603 I/SoftAAC2(  640): Reconfiguring decoder: 0->44100 Hz, 0->2 channels
11-19 18:21:04.605 W//system/bin/hw/android.hidl.allocator@1.0-service(  523): ashmem_create_region(32768) returning hidl_memory(0x7f8122c3c0, 32768)
11-19 18:21:04.605 W//system/bin/hw/android.hidl.allocator@1.0-service(  523): ashmem_create_region(32768) returning hidl_memory(0x7f8122c3c0, 32768)
11-19 18:21:04.613 I/APM_AudioPolicyManager(  615): getOutputForDevice() returns output 13
11-19 18:21:04.614 I/chatty  (  615): uid=1041(audioserver) Binder:615_1 identical 1 line
11-19 18:21:04.614 I/APM_AudioPolicyManager(  615): getOutputForDevice() returns output 13
11-19 18:21:04.615 D/AudioFlinger(  615): event 162 
11-19 18:21:04.616 I/APM_AudioPolicyManager(  615): getOutputForAttr() attr usage=1 content=2 flags=512
11-19 18:21:04.617 I/APM_AudioPolicyManager(  615): getOutputForDevice() returns output 13
11-19 18:21:04.617 I/APM_AudioPolicyManager(  615): getOutputForAttr() returns output 13 stream 3
11-19 18:21:04.617 I/hash_map_utils(  615): key: 'mode' value: ''
11-19 18:21:04.618 D/HuaweiAudioFlinger(  615): AudioException do not check.now is not communication state!
11-19 18:21:04.618 D/AudioFlinger(  615): event 162 
11-19 18:21:04.618 W/AudioFlinger(  615): createTrack_l(): mismatch between requested flags (00000008) and output flags (00000002)
11-19 18:21:04.620 D/AudioState( 1776): SESSION_ID_NEW, containsKey, pid: 22290, sessionId: 673,uid: 10127
11-19 18:21:04.620 I/AudioMixer(  615): Pid:615 add track (3)
11-19 18:21:04.620 D/AudioFlinger(  615): DevSched: uid is 10127, factor is 1.000000
11-19 18:21:04.620 I/chatty  (22290): uid=10127(u0_a127) i:Handler expire 4 lines
11-19 18:21:04.622 D/AudioFlinger(  615): event 162 
11-19 18:21:04.737 E/[HwRecSys]AppCache( 2782): getIsRportDirectService is false!
11-19 18:21:04.749 E/[HwRecSys]AppCache( 2782): getIsRportDirectService is false!
11-19 18:21:04.755 D/KeyEvent( 5537): obtain, mHwFlags=0
11-19 18:21:04.755 D/KeyEvent( 5537): obtain, mHwFlags=0
11-19 18:21:04.788 D/KeyEvent( 5537): obtain, mHwFlags=0
11-19 18:21:04.788 D/KeyEvent( 5537): obtain, mHwFlags=0
11-19 18:21:04.854 E/WifiHAL (  562): enter wifi_get_link_stats
11-19 18:21:04.864 E/wificond(  635): Failed to get NL80211_STA_INFO_CNAHLOAD
11-19 18:21:04.981 I/chatty  (29231): uid=2000(shell) com.android.commands.monkey expire 13 lines
11-19 18:21:04.991 I/PGServer( 1776): android calls fast hibernateApps
11-19 18:21:04.991 I/AppFastHibernation( 1776): fast hibernate duration: 1500 reason: start activity
11-19 18:21:04.991 I/AppFastHibernation( 1776): fast hibernate now, drop this request
11-19 18:21:04.997 D/KeyEvent( 5537): obtain, mHwFlags=0
11-19 18:21:05.020 W/ViewRootImpl[AliasLaunchActivity](22290): Dropping event due to no window focus: KeyEvent { action=ACTION_DOWN, keyCode=KEYCODE_DPAD_DOWN, scanCode=0, metaState=0, flags=0x400, hwFlags=0x0, repeatCount=0, eventTime=38334432, downTime=38334432, deviceId=-1, source=0x101 }
11-19 18:21:05.020 W/ViewRootImpl[AliasLaunchActivity](22290): Cancelling event due to no window focus: KeyEvent { action=ACTION_UP, keyCode=KEYCODE_DPAD_DOWN, scanCode=0, metaState=0, flags=0x420, hwFlags=0x0, repeatCount=0, eventTime=38334432, downTime=38334432, deviceId=-1, source=0x101 }
11-19 18:21:05.020 I/chatty  (22290): uid=10127(u0_a127) com.color.phone.flash.caller.screen identical 33 lines
11-19 18:21:05.020 W/ViewRootImpl[AliasLaunchActivity](22290): Cancelling event due to no window focus: KeyEvent { action=ACTION_UP, keyCode=KEYCODE_DPAD_DOWN, scanCode=0, metaState=0, flags=0x420, hwFlags=0x0, repeatCount=0, eventTime=38334432, downTime=38334432, deviceId=-1, source=0x101 }
11-19 18:21:05.020 W/ViewRootImpl[AliasLaunchActivity](22290): Dropping event due to no window focus: KeyEvent { action=ACTION_DOWN, keyCode=KEYCODE_DPAD_DOWN, scanCode=0, metaState=0, flags=0x400, hwFlags=0x0, repeatCount=0, eventTime=38334432, downTime=38334432, deviceId=-1, source=0x101 }
11-19 18:21:05.020 W/ViewRootImpl[AliasLaunchActivity](22290): Cancelling event due to no window focus: KeyEvent { action=ACTION_UP, keyCode=KEYCODE_DPAD_DOWN, scanCode=0, metaState=0, flags=0x420, hwFlags=0x0, repeatCount=0, eventTime=38334432, downTime=38334432, deviceId=-1, source=0x101 }
11-19 18:21:05.020 W/ViewRootImpl[AliasLaunchActivity](22290): Cancelling event due to no window focus: KeyEvent { action=ACTION_UP, keyCode=KEYCODE_DPAD_DOWN, scanCode=0, metaState=0, flags=0x420, hwFlags=0x0, repeatCount=0, eventTime=38334432, downTime=38334432, deviceId=-1, source=0x101 }
11-19 18:21:05.020 W/ViewRootImpl[AliasLaunchActivity](22290): Dropping event due to no window focus: KeyEvent { action=ACTION_DOWN, keyCode=KEYCODE_DPAD_DOWN, scanCode=0, metaState=0, flags=0x400, hwFlags=0x0, repeatCount=0, eventTime=38334432, downTime=38334432, deviceId=-1, source=0x101 }
11-19 18:21:05.020 W/ViewRootImpl[AliasLaunchActivity](22290): Cancelling event due to no window focus: KeyEvent { action=ACTION_UP, keyCode=KEYCODE_DPAD_DOWN, scanCode=0, metaState=0, flags=0x420, hwFlags=0x0, repeatCount=0, eventTime=38334432, downTime=38334432, deviceId=-1, source=0x101 }
11-19 18:21:05.020 W/ViewRootImpl[AliasLaunchActivity](22290): Cancelling event due to no window focus: KeyEvent { action=ACTION_UP, keyCode=KEYCODE_DPAD_DOWN, scanCode=0, metaState=0, flags=0x420, hwFlags=0x0, repeatCount=0, eventTime=38334432, downTime=38334432, deviceId=-1, source=0x101 }
11-19 18:21:05.020 W/ViewRootImpl[AliasLaunchActivity](22290): Dropping event due to no window focus: KeyEvent { action=ACTION_DOWN, keyCode=KEYCODE_DPAD_DOWN, scanCode=0, metaState=0, flags=0x400, hwFlags=0x0, repeatCount=0, eventTime=38334432, downTime=38334432, deviceId=-1, source=0x101 }
11-19 18:21:05.020 W/ViewRootImpl[AliasLaunchActivity](22290): Cancelling event due to no window focus: KeyEvent { action=ACTION_UP, keyCode=KEYCODE_DPAD_DOWN, scanCode=0, metaState=0, flags=0x420, hwFlags=0x0, repeatCount=0, eventTime=38334432, downTime=38334432, deviceId=-1, source=0x101 }
11-19 18:21:05.021 D/KeyEvent( 5537): obtain, mHwFlags=0
11-19 18:21:05.021 W/ViewRootImpl[AliasLaunchActivity](22290): Cancelling event due to no window focus: KeyEvent { action=ACTION_UP, keyCode=KEYCODE_DPAD_DOWN, scanCode=0, metaState=0, flags=0x420, hwFlags=0x0, repeatCount=0, eventTime=38334432, downTime=38334432, deviceId=-1, source=0x101 }
11-19 18:21:05.037 I/chatty  (15636): uid=10019(u0_a19) Measurement Wor expire 1 line
11-19 18:21:05.046 I/CommandQueue( 1610): updateBarBgColor
11-19 18:21:05.046 D/CommandQueue( 1610): CommandQueue, setBarBackgroundColor
11-19 18:21:05.049 I/chatty  ( 1165): uid=1000(system) android.ui expire 68 lines
11-19 18:21:05.049 W/ViewRootImpl[FlashLightHomeActivity](22290): Dropping event due to no window focus: KeyEvent { action=ACTION_DOWN, keyCode=KEYCODE_DPAD_CENTER, scanCode=0, metaState=0, flags=0x8, hwFlags=0x0, repeatCount=0, eventTime=38334389, downTime=38334389, deviceId=-1, source=0x101 }
11-19 18:21:05.049 I/chatty  ( 1165): uid=1000(system) InputDispatcher expire 132 lines
11-19 18:21:05.050 I/chatty  (22290): uid=10127(u0_a127) RenderThread expire 77 lines
11-19 18:21:05.052 I/chatty  ( 1165): uid=1000(system) LazyTaskWriterT expire 1 line
11-19 18:21:05.052 W/ViewRootImpl[FlashLightHomeActivity](22290): Cancelling event due to no window focus: KeyEvent { action=ACTION_UP, keyCode=KEYCODE_DPAD_CENTER, scanCode=0, metaState=0, flags=0x28, hwFlags=0x0, repeatCount=0, eventTime=38334472, downTime=38334472, deviceId=-1, source=0x101 }
11-19 18:21:05.053 W/ViewRootImpl[FlashLightHomeActivity](22290): Cancelling event due to no window focus: KeyEvent { action=ACTION_UP, keyCode=KEYCODE_DPAD_CENTER, scanCode=0, metaState=0, flags=0x28, hwFlags=0x0, repeatCount=0, eventTime=38334472, downTime=38334472, deviceId=-1, source=0x101 }
11-19 18:21:05.053 D/KeyEvent( 5537): obtain, mHwFlags=0
11-19 18:21:05.053 I/chatty  ( 1165): uid=1000(system) ActivityManager expire 1 line
11-19 18:21:05.056 I/chatty  (15561): uid=10019(u0_a19) lowpool[45] expire 1 line
11-19 18:21:05.058 I/chatty  (15561): uid=10019(u0_a19) netscheduler-qu expire 1 line
11-19 18:21:05.060 I/chatty  (15561): uid=10019(u0_a19) lowpool[40] expire 1 line
11-19 18:21:05.061 I/chatty  (15636): uid=10019(u0_a19) Measurement Wor expire 1 line
11-19 18:21:05.067 W/ViewRootImpl[FlashLightHomeActivity](22290): Cancelling event due to no window focus: KeyEvent { action=ACTION_UP, keyCode=KEYCODE_DPAD_CENTER, scanCode=0, metaState=0, flags=0x28, hwFlags=0x0, repeatCount=0, eventTime=38334472, downTime=38334472, deviceId=-1, source=0x101 }
11-19 18:21:05.067 W/ViewRootImpl[FlashLightHomeActivity](22290): Cancelling event due to no window focus: KeyEvent { action=ACTION_UP, keyCode=KEYCODE_DPAD_CENTER, scanCode=0, metaState=0, flags=0x28, hwFlags=0x0, repeatCount=0, eventTime=38334472, downTime=38334472, deviceId=-1, source=0x101 }
11-19 18:21:05.071 I/wangchen( 5537): SysInfo.getSysParam: orientation=1||config d=3.0,w=1080,h=1808||metrics d=3.0,w=1080,h=1808||sdk=26,bar_h=72
11-19 18:21:05.071 I/KeymapLoader( 5537): w=1080 h=1808 ori=true appScale=3.3 s1=3.0
11-19 18:21:05.072 I/chatty  ( 1165): uid=1000(system) android.anim expire 9 lines
11-19 18:21:05.073 I/chatty  ( 1165): uid=1000(system) Binder:1165_F expire 23 lines
11-19 18:21:05.074 I/chatty  (15561): uid=10019(u0_a19) lowpool[40] expire 1 line
11-19 18:21:05.079 I/chatty  (15561): uid=10019(u0_a19) netscheduler-qu expire 1 line
11-19 18:21:05.081 I/chatty  ( 1165): uid=1000(system) WiFiArpStateMac expire 20 lines
11-19 18:21:05.083 I/chatty  (15561): uid=10019(u0_a19) lowpool[45] expire 1 line
11-19 18:21:05.119 E/HsmCoreServiceImpl( 1761): onTransact in code is: 103
11-19 18:21:05.119 I/MediaProcessHandler( 1761): playingUids: 
11-19 18:21:05.120 I/chatty  ( 1165): uid=1000(system) Binder:1165_4 expire 52 lines
11-19 18:21:05.258 I/chatty  ( 1165): uid=1000(system) InputDispatcher expire 2 lines
11-19 18:21:05.270 D/KeyEvent( 5537): obtain, mHwFlags=0
11-19 18:21:05.270 D/KeyEvent( 5537): obtain, mHwFlags=0
11-19 18:21:05.288 D/KeyEvent( 5537): obtain, mHwFlags=0
11-19 18:21:05.288 D/KeyEvent( 5537): obtain, mHwFlags=0
11-19 18:21:05.288 D/KeyEvent( 5537): obtain, mHwFlags=0
11-19 18:21:05.290 I/wangchen( 5537): SysInfo.getSysParam: orientation=1||config d=3.0,w=1080,h=1808||metrics d=3.0,w=1080,h=1808||sdk=26,bar_h=72
11-19 18:21:05.290 I/KeymapLoader( 5537): w=1080 h=1808 ori=true appScale=3.3 s1=3.0
11-19 18:21:05.297 I/chatty  ( 1165): uid=1000(system) Binder:1165_1 expire 24 lines
11-19 18:21:05.318 I/chatty  (15636): uid=10019(u0_a19) Measurement Wor expire 1 line
11-19 18:21:05.335 I/chatty  ( 1165): uid=1000(system) Binder:1165_1B expire 24 lines
11-19 18:21:05.335 I/chatty  (15561): uid=10019(u0_a19) lowpool[40] expire 1 line
11-19 18:21:05.338 D/WorkSource(15561): Insert in WorkSource{} @ 0 uid 10019 name com.google.android.gms
11-19 18:21:05.342 D/WorkSource(15561): Insert in WorkSource{} @ 0 uid 10019 name com.google.android.gms
11-19 18:21:05.347 V/SQLiteDatabase(15636): triggerBuildingIndex(): invalid id, return.
11-19 18:21:05.357 I/chatty  ( 1165): uid=1000(system) Binder:1165_16 expire 28 lines
11-19 18:21:05.364 E/NetworkScheduler(15561): Invalid component specified.
11-19 18:21:05.364 I/chatty  ( 1165): uid=1000 system_server expire 6 lines
11-19 18:21:05.367 I/chatty  ( 1165): uid=1000 system_server expire 86 lines
11-19 18:21:05.370 V/SQLiteDatabase(15636): triggerBuildingIndex(): invalid id, return.
11-19 18:21:05.376 D/WorkSource(15561): Insert in WorkSource{} @ 0 uid 10019 name com.google.android.gms
11-19 18:21:05.381 D/KeyEvent( 5537): obtain, mHwFlags=0
11-19 18:21:05.389 I/ash     ( 1776): view remove pid:22290 uid:10127
11-19 18:21:05.391 E/NetworkScheduler(15561): Invalid component specified.
11-19 18:21:05.392 V/SQLiteDatabase(15636): triggerBuildingIndex(): invalid id, return.
11-19 18:21:05.394 I/ash     ( 1776): view add pid:22290 uid:10127
11-19 18:21:05.397 V/ActivityThread(22290): ActivityThread,callActivityOnCreate
11-19 18:21:05.401 I/AwareLog(  641): IAWARE_PREREAD_FILE
11-19 18:21:05.401 D/ActivityThread(22290): add activity client record, r= ActivityRecord{2d29a12 token=android.os.BinderProxy@e907461 {com.color.phone.flash.caller.screen/com.gz.gb.gbpermisson.PermissionActivity}} token= android.os.BinderProxy@e907461
11-19 18:21:05.401 D/AwareLog(  641): iawared: touch_file  PackageInstaller.odex
11-19 18:21:05.402 D/WorkSource(15561): Insert in WorkSource{} @ 0 uid 10019 name com.google.android.gms
11-19 18:21:05.402 D/AwareLog(  641): iawared: touch_file  PackageInstaller.vdex
11-19 18:21:05.402 D/AwareLog(  641): preread_pkgfile com.android.packageinstaller took 1 ms
11-19 18:21:05.402 D/AwareLog(  641): preread_pkgfile com.android.packageinstaller read 1847296 Bytes.
11-19 18:21:05.410 E/NetworkScheduler(15561): Invalid component specified.
11-19 18:21:05.412 W/ViewRootImpl[Toast](22290): EGLdebug relayoutWindow Surface isSurface(name=null)  (appName =com.color.phone.flash.caller.screen) ( mSurfaceControllerIsValid =false) (mNativeObject  =0)/@0x805d3f,viewVisibility is0
11-19 18:21:05.414 D/SurfaceFlinger(  567): duplicate layer name: changing Toast to Toast#1
11-19 18:21:05.415 D/WorkSource(15561): Insert in WorkSource{} @ 0 uid 10019 name com.google.android.gms
11-19 18:21:05.418 W/ViewRootImpl[Toast](22290): EGLdebug relayoutWindow Surface isSurface(name=null)  (appName =com.color.phone.flash.caller.screen) ( mSurfaceControllerIsValid =true) (mNativeObject  =7a457d8000)/@0x805d3f,relayoutResult is6
11-19 18:21:05.419 D/WorkSource(15561): Insert in WorkSource{} @ 0 uid 10019 name com.google.android.gms
11-19 18:21:05.424 I/CommandQueue( 1610): updateBarBgColor
11-19 18:21:05.424 D/CommandQueue( 1610): CommandQueue, setBarBackgroundColor
11-19 18:21:05.427 V/SQLiteDatabase(15636): triggerBuildingIndex(): invalid id, return.
11-19 18:21:05.431 W/ViewRootImpl[PermissionActivity](22290): Cancelling event due to no window focus: KeyEvent { action=ACTION_UP, keyCode=KEYCODE_DPAD_RIGHT, scanCode=0, metaState=0, flags=0x28, hwFlags=0x0, repeatCount=0, eventTime=38334710, downTime=38334710, deviceId=-1, source=0x101 }
11-19 18:21:05.431 I/chatty  (22290): uid=10127(u0_a127) com.color.phone.flash.caller.screen identical 40 lines
11-19 18:21:05.440 E/NetworkScheduler(15561): Invalid component specified.
11-19 18:21:05.446 D/WorkSource(15561): Insert in WorkSource{} @ 0 uid 10019 name com.google.android.gms
11-19 18:21:05.448 I/AppManager( 1776): dependence has been existed:22290 -> 15636
11-19 18:21:05.450 D/WorkSource(15561): Insert in WorkSource{} @ 0 uid 10019 name com.google.android.gms
11-19 18:21:05.465 I/wangchen( 5537): SysInfo.getSysParam: orientation=1||config d=3.0,w=1080,h=1808||metrics d=3.0,w=1080,h=1808||sdk=26,bar_h=72
11-19 18:21:05.465 I/KeymapLoader( 5537): w=1080 h=1808 ori=true appScale=3.3 s1=3.0
11-19 18:21:05.465 I/CommandQueue( 1610): updateBarBgColor
11-19 18:21:05.465 D/CommandQueue( 1610): CommandQueue, setBarBackgroundColor
11-19 18:21:05.487 I/AppManager( 1776): dependence has been existed:22290 -> 15636
11-19 18:21:05.492 E/Thermal-daemon(  634): [pa_0] temp_new :36  temp_old :37
11-19 18:21:05.492 I/ThermalService( 1776): Receive temperature change, type: 1, temp: 36 from thermald
11-19 18:21:05.492 E/Thermal-daemon(  634): Report temperature: [pa_0] temp :36  report_threshold:1
11-19 18:21:05.494 E/Thermal-daemon(  634): [ap] temp_new :47  temp_old :46
11-19 18:21:05.494 I/ThermalService( 1776): Receive temperature change, type: 0, temp: 47 from thermald
11-19 18:21:05.494 D/HwThermalStateManager( 1776): Thermal type: 0 cur_temperature:47
11-19 18:21:05.494 E/Thermal-daemon(  634): Report temperature: [ap] temp :47  report_threshold:1
11-19 18:21:05.501 I/wangchen( 5537): SysInfo.getSysParam: orientation=1||config d=3.0,w=1080,h=1808||metrics d=3.0,w=1080,h=1808||sdk=26,bar_h=72
11-19 18:21:05.501 I/KeymapLoader( 5537): w=1080 h=1808 ori=true appScale=3.3 s1=3.0
11-19 18:21:05.529 V/SQLiteDatabase(15636): triggerBuildingIndex(): invalid id, return.
11-19 18:21:05.539 E/HsmCoreServiceImpl( 1761): onTransact in code is: 103
11-19 18:21:05.539 I/MediaProcessHandler( 1761): playingUids: 
11-19 18:21:05.546 W/libc    (  499): Set property "hw.wifi.dns_stat" to "1793,1298,1252,1,20393"
11-19 18:21:05.554 E/NetworkScheduler(15561): Invalid component specified.
11-19 18:21:05.557 D/WorkSource(15561): Insert in WorkSource{} @ 0 uid 10019 name com.google.android.gms
11-19 18:21:05.562 D/WorkSource(15561): Insert in WorkSource{} @ 0 uid 10019 name com.google.android.gms
11-19 18:21:05.616 I/AudioState( 1776): start from audioTrack, pid: 22290 sessionId: 673
11-19 18:21:05.616 I/AudioState( 1776): not start auido out because auido inactive pid: 22290 uid:10127
11-19 18:21:05.678 I/CommandQueue( 1610): updateBarBgColor
11-19 18:21:05.678 D/CommandQueue( 1610): CommandQueue, setBarBackgroundColor
11-19 18:21:05.680 V/SQLiteDatabase(15636): triggerBuildingIndex(): invalid id, return.
11-19 18:21:05.693 E/NetworkScheduler(15561): Invalid component specified.
11-19 18:21:05.696 D/WorkSource(15561): Insert in WorkSource{} @ 0 uid 10019 name com.google.android.gms
11-19 18:21:05.697 V/SQLiteDatabase(15636): triggerBuildingIndex(): invalid id, return.
11-19 18:21:05.701 I/chatty  ( 1165): uid=1000(system) android.anim expire 29 lines
11-19 18:21:05.705 D/WorkSource(15561): Insert in WorkSource{} @ 0 uid 10019 name com.google.android.gms
11-19 18:21:05.709 I/wangchen( 5537): SysInfo.getSysParam: orientation=1||config d=3.0,w=1080,h=1808||metrics d=3.0,w=1080,h=1808||sdk=26,bar_h=72
11-19 18:21:05.709 I/KeymapLoader( 5537): w=1080 h=1808 ori=true appScale=3.3 s1=3.0
11-19 18:21:05.714 E/NetworkScheduler(15561): Invalid component specified.
11-19 18:21:05.718 D/WorkSource(15561): Insert in WorkSource{} @ 0 uid 10019 name com.google.android.gms
11-19 18:21:05.721 D/WorkSource(15561): Insert in WorkSource{} @ 0 uid 10019 name com.google.android.gms
11-19 18:21:05.747 I/chatty  ( 1610): uid=10027(u0_a27) Binder:1610_10 expire 14 lines
11-19 18:21:05.747 E/HsmCoreServiceImpl( 1761): onTransact in code is: 103
11-19 18:21:05.747 I/MediaProcessHandler( 1761): playingUids: 
11-19 18:21:05.889 I/AppManager( 1776): dependence has been existed:22290 -> 15636
11-19 18:21:05.961 I/AppManager( 1776): dependence has been existed:22290 -> 15636
11-19 18:21:06.200 I/chatty  (22290): uid=10127(u0_a127) Binder:22290_F expire 4 lines
11-19 18:21:06.452 I/chatty  ( 1165): uid=1000(system) android.ui expire 51 lines
11-19 18:21:06.453 E/[HwRecSys]AppCache( 2782): getIsRportDirectService is false!
11-19 18:21:06.457 E/[HwRecSys]AppCache( 2782): getIsRportDirectService is false!
11-19 18:21:06.457 E/TS_Service(  561): hwTsSetAftAlgoOrientation
11-19 18:21:06.458 I/TS_HAL  (  561): ts_set_aft_orientation:called
11-19 18:21:06.458 I/aptouch_daemon, [--aptouch_interface_client--](  561): thp_execute_cmd_parms starting. cmd: aftouch.orientation
11-19 18:21:06.458 I/aptouch_daemon, [--aptouch_interface_client--](  561): thp_get_cs, use vndbinder
11-19 18:21:06.458 I/aptouch_daemon(  572): get_cmd, =====>>find m_cmd=====>>aftouch.orientation
11-19 18:21:06.458 I/aptouch_daemon(  572): get_cmd, =====>>find m_cmd=====>>aftouch.orientation
11-19 18:21:06.458 I/aptouch_daemon(  572): aft_set_config, aft_set_config---2,2
11-19 18:21:06.458 I/aptouch_daemon(  572): thp_cmd_set_aftouch_config, aftouch_set_config: aft_cfg = 2, value = 2
11-19 18:21:06.459 D/SurfaceFlinger(  567): setSecureScreenRecShotFlag, value = 4, mask = 4
11-19 18:21:06.459 I/aptouch_daemon(  572): excute_long_cmd, ========>>aftouch.orientation excute done!
11-19 18:21:06.493 I/chatty  ( 1165): uid=1000 system_server expire 31 lines
11-19 18:21:06.493 E/TS_Service(  561): hwTsSetAftAlgoOrientation
11-19 18:21:06.493 I/TS_HAL  (  561): ts_set_aft_orientation:called
11-19 18:21:06.493 I/aptouch_daemon, [--aptouch_interface_client--](  561): thp_execute_cmd_parms starting. cmd: aftouch.orientation
11-19 18:21:06.493 I/aptouch_daemon, [--aptouch_interface_client--](  561): thp_get_cs, use vndbinder
11-19 18:21:06.494 I/aptouch_daemon(  572): get_cmd, =====>>find m_cmd=====>>aftouch.orientation
11-19 18:21:06.494 I/aptouch_daemon(  572): get_cmd, =====>>find m_cmd=====>>aftouch.orientation
11-19 18:21:06.494 I/aptouch_daemon(  572): aft_set_config, aft_set_config---2,0
11-19 18:21:06.494 I/aptouch_daemon(  572): thp_cmd_set_aftouch_config, aftouch_set_config: aft_cfg = 2, value = 0
11-19 18:21:06.494 I/aptouch_daemon(  572): excute_long_cmd, ========>>aftouch.orientation excute done!
11-19 18:21:06.496 D/Index   ( 1633): Deleting data for locale 'zh_CN_#Hans' took 5 millis
11-19 18:21:06.499 V/SQLiteDatabase( 1633): triggerBuildingIndex(): invalid id, return.
11-19 18:21:06.500 V/SQLiteDatabase( 1633): triggerBuildingIndex(): invalid id, return.
11-19 18:21:06.502 D/Index   ( 1633): Indexing locale 'zh_CN_#Hans' took 5 millis
11-19 18:21:06.505 I/chatty  ( 1165): uid=1000(system) Binder:1165_4 expire 132 lines
11-19 18:21:06.510 D/Index   ( 1633): Deleting data for locale 'zh_CN_#Hans' took 5 millis
11-19 18:21:06.512 V/SQLiteDatabase( 1633): triggerBuildingIndex(): invalid id, return.
11-19 18:21:06.513 V/SQLiteDatabase( 1633): triggerBuildingIndex(): invalid id, return.
11-19 18:21:06.514 I/chatty  ( 1165): uid=1000(system) Binder:1165_16 expire 111 lines
11-19 18:21:06.515 D/Index   ( 1633): Indexing locale 'zh_CN_#Hans' took 5 millis
11-19 18:21:06.531 I/chatty  ( 1165): uid=1000(system) android.anim expire 68 lines
11-19 18:21:06.684 I/chatty  (29231): uid=2000(shell) com.android.commands.monkey expire 123 lines
11-19 18:21:06.710 V/SQLiteDatabase(15636): triggerBuildingIndex(): invalid id, return.
11-19 18:21:06.722 E/NetworkScheduler(15561): Invalid component specified.
11-19 18:21:06.724 D/WorkSource(15561): Insert in WorkSource{} @ 0 uid 10019 name com.google.android.gms
11-19 18:21:06.730 D/WorkSource(15561): Insert in WorkSource{} @ 0 uid 10019 name com.google.android.gms
11-19 18:21:06.735 E/wificond(  635): Failed to get NL80211_STA_INFO_CNAHLOAD
11-19 18:21:06.737 E/wificond(  635): Failed to get NL80211_STA_INFO_CNAHLOAD
11-19 18:21:06.893 I/chatty  ( 1165): uid=1000(system) Binder:1165_16 expire 21 lines
11-19 18:21:06.894 I/chatty  ( 1165): uid=1000(system) InputDispatcher expire 12 lines
11-19 18:21:06.899 D/KeyEvent( 5537): obtain, mHwFlags=0
11-19 18:21:06.900 D/KeyEvent( 5537): obtain, mHwFlags=0
11-19 18:21:07.382 I/ash     ( 1776): view remove pid:22290 uid:10127
11-19 18:21:07.406 I/ash     ( 1776): view add pid:22290 uid:10127
11-19 18:21:07.523 I/chatty  ( 1165): uid=1000(system) Binder:1165_4 expire 12 lines
11-19 18:21:07.544 D/KeyEvent( 5537): obtain, mHwFlags=0
11-19 18:21:07.590 D/KeyEvent( 5537): obtain, mHwFlags=0
11-19 18:21:07.628 D/KeyEvent( 5537): obtain, mHwFlags=0
11-19 18:21:07.670 D/KeyEvent( 5537): obtain, mHwFlags=0
11-19 18:21:07.691 I/PGServer( 1776): android calls fast hibernateApps
11-19 18:21:07.691 I/AppFastHibernation( 1776): fast hibernate duration: 1500 reason: start activity
11-19 18:21:07.691 I/Pged-IPgedBinderService(  641): ****action is 1, pid num is 2***
11-19 18:21:07.691 I/Pged-Freezer(  641): freezePids
11-19 18:21:07.691 I/Pged-Freezer(  641): Freeze process: 18689
11-19 18:21:07.692 D/PgedBinderAdapter( 1776): frz ok, pid: [18689]
11-19 18:21:07.704 I/chatty  ( 1165): uid=1000(system) Binder:1165_F expire 56 lines
11-19 18:21:07.725 V/SQLiteDatabase(15636): triggerBuildingIndex(): invalid id, return.
11-19 18:21:07.739 I/CommandQueue( 1610): updateBarBgColor
11-19 18:21:07.739 D/CommandQueue( 1610): CommandQueue, setBarBackgroundColor
11-19 18:21:07.741 E/NetworkScheduler(15561): Invalid component specified.
11-19 18:21:07.745 V/SQLiteDatabase(15636): triggerBuildingIndex(): invalid id, return.
11-19 18:21:07.748 D/WorkSource(15561): Insert in WorkSource{} @ 0 uid 10019 name com.google.android.gms
11-19 18:21:07.750 I/wangchen( 5537): SysInfo.getSysParam: orientation=1||config d=3.0,w=1080,h=1808||metrics d=3.0,w=1080,h=1808||sdk=26,bar_h=72
11-19 18:21:07.750 I/KeymapLoader( 5537): w=1080 h=1808 ori=true appScale=3.3 s1=3.0
11-19 18:21:07.751 D/WorkSource(15561): Insert in WorkSource{} @ 0 uid 10019 name com.google.android.gms
11-19 18:21:07.757 E/NetworkScheduler(15561): Invalid component specified.
11-19 18:21:07.762 D/WorkSource(15561): Insert in WorkSource{} @ 0 uid 10019 name com.google.android.gms
11-19 18:21:07.765 D/WorkSource(15561): Insert in WorkSource{} @ 0 uid 10019 name com.google.android.gms
11-19 18:21:07.810 E/HsmCoreServiceImpl( 1761): onTransact in code is: 103
11-19 18:21:07.810 I/MediaProcessHandler( 1761): playingUids: 
11-19 18:21:07.820 I/chatty  ( 1165): uid=1000(system) Binder:1165_1 expire 94 lines
11-19 18:21:07.821 I/chatty  ( 1610): uid=10027(u0_a27) SystemUI_recent expire 18 lines
11-19 18:21:07.868 E/WifiHAL (  562): enter wifi_get_link_stats
11-19 18:21:07.869 W/libc    (  499): Set property "hw.wifi.dns_stat" to "1794,1299,1252,1,20393"
11-19 18:21:07.873 E/wificond(  635): Failed to get NL80211_STA_INFO_CNAHLOAD
11-19 18:21:07.873 I/chatty  ( 1165): uid=1000(system) WifiStateMachin expire 19 lines
11-19 18:21:07.873 I/chatty  ( 1165): uid=1000(system) HwWifiCHRStateM expire 15 lines
11-19 18:21:07.874 I/CommandQueue( 1610): updateBarBgColor
11-19 18:21:07.874 D/CommandQueue( 1610): CommandQueue, setBarBackgroundColor
11-19 18:21:07.878 V/SQLiteDatabase(15636): triggerBuildingIndex(): invalid id, return.
11-19 18:21:07.894 E/NetworkScheduler(15561): Invalid component specified.
11-19 18:21:07.899 V/SQLiteDatabase(15636): triggerBuildingIndex(): invalid id, return.
11-19 18:21:07.900 D/WorkSource(15561): Insert in WorkSource{} @ 0 uid 10019 name com.google.android.gms
11-19 18:21:07.903 D/WorkSource(15561): Insert in WorkSource{} @ 0 uid 10019 name com.google.android.gms
11-19 18:21:07.904 I/wangchen( 5537): SysInfo.getSysParam: orientation=1||config d=3.0,w=1080,h=1808||metrics d=3.0,w=1080,h=1808||sdk=26,bar_h=72
11-19 18:21:07.904 I/KeymapLoader( 5537): w=1080 h=1808 ori=true appScale=3.3 s1=3.0
11-19 18:21:07.912 E/NetworkScheduler(15561): Invalid component specified.
11-19 18:21:07.920 D/WorkSource(15561): Insert in WorkSource{} @ 0 uid 10019 name com.google.android.gms
11-19 18:21:07.936 E/HsmCoreServiceImpl( 1761): onTransact in code is: 103
11-19 18:21:07.936 I/MediaProcessHandler( 1761): playingUids: 
11-19 18:21:08.008 I/AppManager( 1776): dependence has been existed:22290 -> 15636
11-19 18:21:09.087 D/KeyEvent( 5537): obtain, mHwFlags=0
11-19 18:21:09.088 D/KeyEvent( 5537): obtain, mHwFlags=0
11-19 18:21:09.193 I/Pged-IPgedBinderService(  641): ****action is 2, pid num is 2***
11-19 18:21:09.194 I/Pged-Freezer(  641): thawPids
11-19 18:21:09.194 D/PgedBinderAdapter( 1776): unfrz ok, pid: [18689]
11-19 18:21:09.386 I/ash     ( 1776): view remove pid:22290 uid:10127
11-19 18:21:09.417 I/ash     ( 1776): view add pid:22290 uid:10127
11-19 18:21:09.444 I/chatty  (  531): uid=1000(system) allocator@2.0-s expire 165 lines
11-19 18:21:09.455 D/SurfaceFlinger(  567): duplicate layer name: changing Toast to Toast#1
11-19 18:21:09.752 W/libc    (  793): Set property "ril.hw_modem0.rssi" to "-72"
11-19 18:21:09.760 W/libc    ( 1785): Set property "gsm.rssi.sim1" to "-72"
11-19 18:21:09.809 I/chatty  ( 1165): uid=1000(system) LazyTaskWriterT expire 3 lines
11-19 18:21:09.870 I/PGServer( 1776): android calls fast hibernateApps
11-19 18:21:09.870 I/AppFastHibernation( 1776): fast hibernate duration: 1500 reason: start activity
11-19 18:21:09.870 I/AppFastHibernation( 1776): fast hibernate now, drop this request
11-19 18:21:09.925 V/SQLiteDatabase(15636): triggerBuildingIndex(): invalid id, return.
11-19 18:21:09.926 I/CommandQueue( 1610): updateBarBgColor
11-19 18:21:09.926 D/CommandQueue( 1610): CommandQueue, setBarBackgroundColor
11-19 18:21:09.941 I/chatty  ( 1165): uid=1000(system) Binder:1165_13 expire 90 lines
11-19 18:21:09.942 E/NetworkScheduler(15561): Invalid component specified.
11-19 18:21:09.945 D/WorkSource(15561): Insert in WorkSource{} @ 0 uid 10019 name com.google.android.gms
11-19 18:21:09.946 V/SQLiteDatabase(15636): triggerBuildingIndex(): invalid id, return.
11-19 18:21:09.954 D/WorkSource(15561): Insert in WorkSource{} @ 0 uid 10019 name com.google.android.gms
11-19 18:21:09.958 I/wangchen( 5537): SysInfo.getSysParam: orientation=1||config d=3.0,w=1080,h=1808||metrics d=3.0,w=1080,h=1808||sdk=26,bar_h=72
11-19 18:21:09.958 I/KeymapLoader( 5537): w=1080 h=1808 ori=true appScale=3.3 s1=3.0
11-19 18:21:09.959 E/NetworkScheduler(15561): Invalid component specified.
11-19 18:21:09.966 D/WorkSource(15561): Insert in WorkSource{} @ 0 uid 10019 name com.google.android.gms
11-19 18:21:09.993 E/HsmCoreServiceImpl( 1761): onTransact in code is: 103
11-19 18:21:09.993 I/MediaProcessHandler( 1761): playingUids: 
11-19 18:21:10.497 E/Thermal-daemon(  634): [pa_0] temp_new :37  temp_old :36
11-19 18:21:10.498 I/ThermalService( 1776): Receive temperature change, type: 1, temp: 37 from thermald
11-19 18:21:10.498 E/Thermal-daemon(  634): Report temperature: [pa_0] temp :37  report_threshold:1
11-19 18:21:10.499 D/HwThermalStateManager( 1776): Thermal type: 1 cur_temperature:37
11-19 18:21:10.789 I/chatty  ( 1165): uid=1000(system) Binder:1165_13 expire 10 lines
11-19 18:21:10.804 D/KeyEvent( 5537): obtain, mHwFlags=0
11-19 18:21:10.820 D/KeyEvent( 5537): obtain, mHwFlags=0
11-19 18:21:10.842 I/wangchen( 5537): SysInfo.getSysParam: orientation=1||config d=3.0,w=1080,h=1808||metrics d=3.0,w=1080,h=1808||sdk=26,bar_h=72
11-19 18:21:10.843 I/KeymapLoader( 5537): w=1080 h=1808 ori=true appScale=3.3 s1=3.0
11-19 18:21:10.879 E/WifiHAL (  562): enter wifi_get_link_stats
11-19 18:21:10.891 E/wificond(  635): Failed to get NL80211_STA_INFO_CNAHLOAD
11-19 18:21:11.262 D/KeyEvent( 5537): obtain, mHwFlags=0
11-19 18:21:11.263 I/chatty  ( 5537): uid=10054(u0_a54) com.baidu.input_huawei identical 19 lines
11-19 18:21:11.263 D/KeyEvent( 5537): obtain, mHwFlags=0
11-19 18:21:11.315 D/KeyEvent( 5537): obtain, mHwFlags=0
11-19 18:21:11.315 D/KeyEvent( 5537): obtain, mHwFlags=0
11-19 18:21:11.317 I/wangchen( 5537): SysInfo.getSysParam: orientation=1||config d=3.0,w=1080,h=1808||metrics d=3.0,w=1080,h=1808||sdk=26,bar_h=72
11-19 18:21:11.317 I/KeymapLoader( 5537): w=1080 h=1808 ori=true appScale=3.3 s1=3.0
11-19 18:21:11.360 I/wangchen( 5537): SysInfo.getSysParam: orientation=1||config d=3.0,w=1080,h=1808||metrics d=3.0,w=1080,h=1808||sdk=26,bar_h=72
11-19 18:21:11.360 I/KeymapLoader( 5537): w=1080 h=1808 ori=true appScale=3.3 s1=3.0
11-19 18:21:11.407 I/ash     ( 1776): view remove pid:22290 uid:10127
11-19 18:21:11.494 I/ash     ( 1776): view add pid:22290 uid:10127
11-19 18:21:11.685 D/WorkSource(15561): Insert in WorkSource{} @ 0 uid 10019 name com.google.android.gms
11-19 18:21:11.706 D/WorkSource(15561): Insert in WorkSource{} @ 0 uid 10019 name com.google.android.gms
11-19 18:21:11.766 V/SQLiteDatabase(15636): triggerBuildingIndex(): invalid id, return.
11-19 18:21:11.789 E/NetworkScheduler(15561): Invalid component specified.
11-19 18:21:11.796 D/WorkSource(15561): Insert in WorkSource{} @ 0 uid 10019 name com.google.android.gms
11-19 18:21:11.808 D/WorkSource(15561): Insert in WorkSource{} @ 0 uid 10019 name com.google.android.gms
11-19 18:21:11.873 I/AppManager( 1776): dependence has been existed:22290 -> 15636
11-19 18:21:12.123 I/PGServer( 1776): android calls fast hibernateApps
11-19 18:21:12.123 I/AppFastHibernation( 1776): fast hibernate duration: 1500 reason: start activity
11-19 18:21:12.123 I/AppFastHibernation( 1776): fast hibernate now, drop this request
11-19 18:21:12.156 V/SQLiteDatabase(15636): triggerBuildingIndex(): invalid id, return.
11-19 18:21:12.170 I/chatty  (22290): uid=10127(u0_a127) com.color.phone.flash.caller.screen expire 1 line
11-19 18:21:12.176 E/NetworkScheduler(15561): Invalid component specified.
11-19 18:21:12.178 D/WorkSource(15561): Insert in WorkSource{} @ 0 uid 10019 name com.google.android.gms
11-19 18:21:12.182 D/WorkSource(15561): Insert in WorkSource{} @ 0 uid 10019 name com.google.android.gms
11-19 18:21:12.200 V/SQLiteDatabase(15636): triggerBuildingIndex(): invalid id, return.
11-19 18:21:12.220 I/wangchen( 5537): SysInfo.getSysParam: orientation=1||config d=3.0,w=1080,h=1808||metrics d=3.0,w=1080,h=1808||sdk=26,bar_h=72
11-19 18:21:12.220 I/KeymapLoader( 5537): w=1080 h=1808 ori=true appScale=3.3 s1=3.0
11-19 18:21:12.226 E/NetworkScheduler(15561): Invalid component specified.
11-19 18:21:12.229 D/WorkSource(15561): Insert in WorkSource{} @ 0 uid 10019 name com.google.android.gms
11-19 18:21:12.235 D/WorkSource(15561): Insert in WorkSource{} @ 0 uid 10019 name com.google.android.gms
11-19 18:21:12.244 E/HsmCoreServiceImpl( 1761): onTransact in code is: 103
11-19 18:21:12.244 I/MediaProcessHandler( 1761): playingUids: 
11-19 18:21:12.330 I/CommandQueue( 1610): updateBarBgColor
11-19 18:21:12.330 D/CommandQueue( 1610): CommandQueue, setBarBackgroundColor
11-19 18:21:12.345 V/SQLiteDatabase(15636): triggerBuildingIndex(): invalid id, return.
11-19 18:21:12.355 I/wangchen( 5537): SysInfo.getSysParam: orientation=1||config d=3.0,w=1080,h=1808||metrics d=3.0,w=1080,h=1808||sdk=26,bar_h=72
11-19 18:21:12.356 I/KeymapLoader( 5537): w=1080 h=1808 ori=true appScale=3.3 s1=3.0
11-19 18:21:12.365 E/NetworkScheduler(15561): Invalid component specified.
11-19 18:21:12.370 V/SQLiteDatabase(15636): triggerBuildingIndex(): invalid id, return.
11-19 18:21:12.375 D/WorkSource(15561): Insert in WorkSource{} @ 0 uid 10019 name com.google.android.gms
11-19 18:21:12.401 E/NetworkScheduler(15561): Invalid component specified.
11-19 18:21:12.402 E/HsmCoreServiceImpl( 1761): onTransact in code is: 103
11-19 18:21:12.402 I/MediaProcessHandler( 1761): playingUids: 
11-19 18:21:12.406 D/WorkSource(15561): Insert in WorkSource{} @ 0 uid 10019 name com.google.android.gms
11-19 18:21:12.411 D/WorkSource(15561): Insert in WorkSource{} @ 0 uid 10019 name com.google.android.gms
11-19 18:21:12.464 I/AppManager( 1776): dependence has been existed:22290 -> 15636
11-19 18:21:12.497 I/chatty  ( 1610): uid=10027(u0_a27) KG_Background_H expire 12 lines
11-19 18:21:12.497 E/[HwRecSys]AppCache( 2782): getIsRportDirectService is false!
11-19 18:21:12.498 E/TS_Service(  561): hwTsSetAftAlgoOrientation
11-19 18:21:12.498 I/TS_HAL  (  561): ts_set_aft_orientation:called
11-19 18:21:12.498 I/aptouch_daemon, [--aptouch_interface_client--](  561): thp_execute_cmd_parms starting. cmd: aftouch.orientation
11-19 18:21:12.498 I/aptouch_daemon, [--aptouch_interface_client--](  561): thp_get_cs, use vndbinder
11-19 18:21:12.499 I/aptouch_daemon(  572): get_cmd, =====>>find m_cmd=====>>aftouch.orientation
11-19 18:21:12.499 I/aptouch_daemon(  572): get_cmd, =====>>find m_cmd=====>>aftouch.orientation
11-19 18:21:12.499 I/aptouch_daemon(  572): aft_set_config, aft_set_config---2,2
11-19 18:21:12.499 I/aptouch_daemon(  572): thp_cmd_set_aftouch_config, aftouch_set_config: aft_cfg = 2, value = 2
11-19 18:21:12.499 I/aptouch_daemon(  572): excute_long_cmd, ========>>aftouch.orientation excute done!
11-19 18:21:12.499 D/SurfaceFlinger(  567): setSecureScreenRecShotFlag, value = 4, mask = 4
11-19 18:21:12.530 D/Index   ( 1633): Deleting data for locale 'zh_CN_#Hans' took 5 millis
11-19 18:21:12.533 V/SQLiteDatabase( 1633): triggerBuildingIndex(): invalid id, return.
11-19 18:21:12.535 V/SQLiteDatabase( 1633): triggerBuildingIndex(): invalid id, return.
11-19 18:21:12.536 I/chatty  ( 1610): uid=10027(u0_a27) RenderThread expire 16 lines
11-19 18:21:12.537 D/Index   ( 1633): Indexing locale 'zh_CN_#Hans' took 7 millis
11-19 18:21:13.414 I/ash     ( 1776): view remove pid:22290 uid:10127
11-19 18:21:13.438 I/ash     ( 1776): view add pid:22290 uid:10127
11-19 18:21:13.441 I/DownloadState( 1776): 10019 stop download, curr: 38626228, base: 38619139, delta: 7089
11-19 18:21:13.441 I/DownloadState( 1776): @@@@@@@@@@@@ uid :10019 download :false
11-19 18:21:13.441 I/PGServer( 1776): report state:5 event type:2 pid:0 uid:10019 pkg:null to pid: 1165
11-19 18:21:13.464 D/SurfaceFlinger(  567): duplicate layer name: changing Toast to Toast#1
11-19 18:21:13.474 I/chatty  (22290): uid=10127(u0_a127) com.color.phone.flash.caller.screen expire 220 lines
11-19 18:21:13.590 W/libc    (  793): Set property "persist.radio.nitz_hw_name" to ""
11-19 18:21:13.601 W/libc    (  793): Set property "ril.balong_cid" to "13380515"
11-19 18:21:13.608 W/libc    (  793): Set property "ril.balong_cid" to "13380515"
11-19 18:21:13.626 W/libc    (  793): Set property "persist.radio.nitz_hw_name" to ""
11-19 18:21:13.631 D/KeyEvent( 5537): obtain, mHwFlags=0
11-19 18:21:13.631 D/KeyEvent( 5537): obtain, mHwFlags=0
11-19 18:21:13.633 W/libc    (  793): Set property "ril.balong_cid" to "13380515"
11-19 18:21:13.645 D/KeyEvent( 5537): obtain, mHwFlags=0
11-19 18:21:13.645 D/KeyEvent( 5537): obtain, mHwFlags=0
11-19 18:21:13.647 W/libc    (  793): Set property "ril.balong_cid" to "13380515"
