11-19 18:21:54.005 D/KeyEvent( 5537): obtain, mHwFlags=0
11-19 18:21:54.011 V/AudioManager(22290): playSoundEffect   effectType: 0
11-19 18:21:54.135 D/HwRTBlurUtils(22290): check blur style for HwToast-Toast, themeResId : 0x0103013f, context : com.color.phone.flash.caller.screen.app.MainApplication@7e0b44, Nhwext : 6, get Blur : disable with , android.graphics.drawable.NinePatchDrawable@2075d29
11-19 18:21:54.194 I/Monkey  (29231): :Switch: #Intent;action=android.intent.action.MAIN;category=android.intent.category.LAUNCHER;launchFlags=0x10200000;component=com.color.phone.flash.caller.screen/.activity.AliasLaunchActivity;end
11-19 18:21:54.208 I/PresentationSystem(22290): not needQuiet
11-19 18:21:54.208 I/Monkey  (29231):     // Allowing start of Intent { act=android.intent.action.MAIN cat=[android.intent.category.LAUNCHER] cmp=com.color.phone.flash.caller.screen/.activity.AliasLaunchActivity } in package com.color.phone.flash.caller.screen
11-19 18:21:54.244 V/SQLiteDatabase(15636): triggerBuildingIndex(): invalid id, return.
11-19 18:21:54.259 E/NetworkScheduler(15561): Invalid component specified.
11-19 18:21:54.259 I/chatty  ( 1165): uid=1000(system) watchdog expire 1 line
11-19 18:21:54.264 D/WorkSource(15561): Insert in WorkSource{} @ 0 uid 10019 name com.google.android.gms
11-19 18:21:54.271 D/WorkSource(15561): Insert in WorkSource{} @ 0 uid 10019 name com.google.android.gms
11-19 18:21:54.413 I/Monkey  (29231): :Sending Touch (ACTION_DOWN): 0:(1078.0,1106.0)
11-19 18:21:54.415 I/Monkey  (29231): :Sending Touch (ACTION_UP): 0:(1080.0,1091.2025)
11-19 18:21:54.617 I/Monkey  (29231): :Sending Touch (ACTION_DOWN): 0:(1069.0,302.0)
11-19 18:21:54.621 I/Monkey  (29231): :Sending Touch (ACTION_UP): 0:(1070.5032,296.2971)
11-19 18:21:54.779 E/wificond(  635): Failed to get NL80211_STA_INFO_CNAHLOAD
11-19 18:21:54.784 E/wificond(  635): Failed to get NL80211_STA_INFO_CNAHLOAD
11-19 18:21:54.784 I/chatty  ( 1165): uid=1000(system) HuaweiWifiWatch expire 42 lines
11-19 18:21:54.789 I/chatty  ( 1165): uid=1000(system) MobileQosDetect expire 3 lines
11-19 18:21:54.790 I/chatty  ( 1165): uid=1000(system) wifipro_uid_tcp expire 9 lines
11-19 18:21:54.791 I/chatty  ( 1165): uid=1000(system) HwWifiConnectiv expire 3 lines
11-19 18:21:54.828 D/KeyEvent(22290): obtain, mHwFlags=0
11-19 18:21:54.828 D/KeyEvent( 5537): obtain, mHwFlags=0
11-19 18:21:54.842 D/KeyEvent(22290): obtain, mHwFlags=0
11-19 18:21:54.843 D/KeyEvent( 5537): obtain, mHwFlags=0
11-19 18:21:54.923 I/chatty  ( 1165): uid=1000(system) LazyTaskWriterT expire 1 line
11-19 18:21:55.008 I/Monkey  (29231):     // Allowing start of Intent { cmp=com.color.phone.flash.caller.screen/.activity.FlashLightHomeActivity } in package com.color.phone.flash.caller.screen
11-19 18:21:55.018 I/Monkey  (29231):     // activityResuming(com.color.phone.flash.caller.screen)
11-19 18:21:55.030 D/ActivityThread(22290): Remove activity client record, r= ActivityRecord{be38132 token=android.os.BinderProxy@22505ce {com.color.phone.flash.caller.screen/cn.cootek.colibrow.incomingcall.activity.CallDetailActivity}} token= android.os.BinderProxy@22505ce
11-19 18:21:55.072 I/CommandQueue( 1610): updateBarBgColor
11-19 18:21:55.072 D/CommandQueue( 1610): CommandQueue, setBarBackgroundColor
11-19 18:21:55.072 D/TintManager( 1610): statusBarIconTint=#99FFFFFF,navigationBarIconTint=#FF000000
11-19 18:21:55.073 V/SQLiteDatabase(15636): triggerBuildingIndex(): invalid id, return.
11-19 18:21:55.075 D/KeyEvent(22290): obtain, mHwFlags=0
11-19 18:21:55.075 W/ViewRootImpl[FlashLightHomeActivity](22290): Dropping event due to no window focus: KeyEvent { action=ACTION_DOWN, keyCode=KEYCODE_DPAD_UP, scanCode=0, metaState=0, flags=0x8, hwFlags=0x0, repeatCount=0, eventTime=38384465, downTime=38384465, deviceId=-1, source=0x101 }
11-19 18:21:55.080 D/KeyEvent(22290): obtain, mHwFlags=0
11-19 18:21:55.080 W/ViewRootImpl[FlashLightHomeActivity](22290): Cancelling event due to no window focus: KeyEvent { action=ACTION_UP, keyCode=KEYCODE_DPAD_UP, scanCode=0, metaState=0, flags=0x28, hwFlags=0x0, repeatCount=0, eventTime=38384497, downTime=38384497, deviceId=-1, source=0x101 }
11-19 18:21:55.081 I/chatty  (22290): uid=10127(u0_a127) com.color.phone.flash.caller.screen identical 5 lines
11-19 18:21:55.081 W/ViewRootImpl[FlashLightHomeActivity](22290): Cancelling event due to no window focus: KeyEvent { action=ACTION_UP, keyCode=KEYCODE_DPAD_UP, scanCode=0, metaState=0, flags=0x28, hwFlags=0x0, repeatCount=0, eventTime=38384497, downTime=38384497, deviceId=-1, source=0x101 }
11-19 18:21:55.081 D/KeyEvent( 5537): obtain, mHwFlags=0
11-19 18:21:55.083 D/mali_winsys(22290): EGLint new_window_surface(egl_winsys_display *, void *, EGLSurface, EGLConfig, egl_winsys_surface **, egl_color_buffer_format *, EGLBoolean) returns 0x3000
11-19 18:21:55.094 E/NetworkScheduler(15561): Invalid component specified.
11-19 18:21:55.097 W/ViewRootImpl[FlashLightHomeActivity](22290): Cancelling event due to no window focus: KeyEvent { action=ACTION_UP, keyCode=KEYCODE_DPAD_UP, scanCode=0, metaState=0, flags=0x28, hwFlags=0x0, repeatCount=0, eventTime=38384497, downTime=38384497, deviceId=-1, source=0x101 }
11-19 18:21:55.098 W/ViewRootImpl[FlashLightHomeActivity](22290): Cancelling event due to no window focus: KeyEvent { action=ACTION_UP, keyCode=KEYCODE_DPAD_UP, scanCode=0, metaState=0, flags=0x28, hwFlags=0x0, repeatCount=0, eventTime=38384497, downTime=38384497, deviceId=-1, source=0x101 }
11-19 18:21:55.098 W/InputMethodManager(22290): startInputReason = 1
11-19 18:21:55.098 D/WorkSource(15561): Insert in WorkSource{} @ 0 uid 10019 name com.google.android.gms
11-19 18:21:55.103 D/WorkSource(15561): Insert in WorkSource{} @ 0 uid 10019 name com.google.android.gms
11-19 18:21:55.103 D/HwRTBlurUtils(22290): check blur style for HwToast-Toast, themeResId : 0x0103013f, context : com.color.phone.flash.caller.screen.app.MainApplication@7e0b44, Nhwext : 6, get Blur : disable with , android.graphics.drawable.NinePatchDrawable@adb2636
11-19 18:21:55.105 I/wangchen( 5537): SysInfo.getSysParam: orientation=1||config d=3.0,w=1080,h=1808||metrics d=3.0,w=1080,h=1808||sdk=26,bar_h=72
11-19 18:21:55.105 I/KeymapLoader( 5537): w=1080 h=1808 ori=true appScale=3.3 s1=3.0
11-19 18:21:55.125 W/libEGL  (22290): EGLNativeWindowType 0x7a09cdb010 disconnect failed
11-19 18:21:55.142 D/HwRecentsLockUtils( 1610): Search
11-19 18:21:55.142 E/HsmCoreServiceImpl( 1761): onTransact in code is: 103
11-19 18:21:55.142 I/MediaProcessHandler( 1761): playingUids: 
11-19 18:21:55.144 W/SystemServicesProxy( 1610): getThumbnail taskId 151getTaskSnapshot new null
11-19 18:21:55.145 W/SystemServicesProxy( 1610): getThumbnail taskId 241getTaskSnapshot new null
11-19 18:21:55.159 D/ActivityThread(22290): Remove activity client record, r= ActivityRecord{259c925 token=android.os.BinderProxy@73dbb31 {com.color.phone.flash.caller.screen/com.color.phone.flash.caller.screen.activity.AliasLaunchActivity}} token= android.os.BinderProxy@73dbb31
11-19 18:21:55.279 I/Monkey  (29231): :Sending rotation degree=2, persist=false
11-19 18:21:55.284 I/EventCenter( 1610): ContentChange for slot: 1
11-19 18:21:55.285 I/chatty  ( 1165): uid=1000(system) android.ui expire 16 lines
11-19 18:21:55.285 E/[HwRecSys]AppCache( 2782): getIsRportDirectService is false!
11-19 18:21:55.285 D/StatusBarIconController( 1610): setIconVisibility icon is null or visibility not change visibility=false
11-19 18:21:55.286 E/TS_Service(  561): hwTsSetAftAlgoOrientation
11-19 18:21:55.286 I/TS_HAL  (  561): ts_set_aft_orientation:called
11-19 18:21:55.286 I/aptouch_daemon, [--aptouch_interface_client--](  561): thp_execute_cmd_parms starting. cmd: aftouch.orientation
11-19 18:21:55.286 I/aptouch_daemon, [--aptouch_interface_client--](  561): thp_get_cs, use vndbinder
11-19 18:21:55.287 I/aptouch_daemon(  572): get_cmd, =====>>find m_cmd=====>>aftouch.orientation
11-19 18:21:55.287 I/aptouch_daemon(  572): get_cmd, =====>>find m_cmd=====>>aftouch.orientation
11-19 18:21:55.287 I/aptouch_daemon(  572): aft_set_config, aft_set_config---2,0
11-19 18:21:55.287 I/aptouch_daemon(  572): thp_cmd_set_aftouch_config, aftouch_set_config: aft_cfg = 2, value = 0
11-19 18:21:55.288 I/aptouch_daemon(  572): excute_long_cmd, ========>>aftouch.orientation excute done!
11-19 18:21:55.288 D/SurfaceFlinger(  567): setSecureScreenRecShotFlag, value = 4, mask = 4
11-19 18:21:55.316 D/Index   ( 1633): Deleting data for locale 'zh_CN_#Hans' took 5 millis
11-19 18:21:55.318 V/SQLiteDatabase( 1633): triggerBuildingIndex(): invalid id, return.
11-19 18:21:55.319 V/SQLiteDatabase( 1633): triggerBuildingIndex(): invalid id, return.
11-19 18:21:55.321 D/Index   ( 1633): Indexing locale 'zh_CN_#Hans' took 5 millis
11-19 18:21:55.325 W/libEGL  ( 1610): EGLNativeWindowType 0x7a6a963010 disconnect failed
11-19 18:21:55.326 D/mali_winsys( 1610): EGLint new_window_surface(egl_winsys_display *, void *, EGLSurface, EGLConfig, egl_winsys_surface **, egl_color_buffer_format *, EGLBoolean) returns 0x3000
11-19 18:21:55.331 W/libEGL  (22290): EGLNativeWindowType 0x7a3c887010 disconnect failed
11-19 18:21:55.332 D/mali_winsys(22290): EGLint new_window_surface(egl_winsys_display *, void *, EGLSurface, EGLConfig, egl_winsys_surface **, egl_color_buffer_format *, EGLBoolean) returns 0x3000
11-19 18:21:55.334 W/libEGL  ( 1610): EGLNativeWindowType 0x7a4f44c010 disconnect failed
11-19 18:21:55.335 D/mali_winsys( 1610): EGLint new_window_surface(egl_winsys_display *, void *, EGLSurface, EGLConfig, egl_winsys_surface **, egl_color_buffer_format *, EGLBoolean) returns 0x3000
11-19 18:21:55.336 W/ViewRootImpl[Toast](22290): EGLdebug relayoutWindow Surface isSurface(name=null)  (appName =com.color.phone.flash.caller.screen) ( mSurfaceControllerIsValid =true) (mNativeObject  =7a5709f000)/@0xc12c098,viewVisibility is0
11-19 18:21:55.341 W/ViewRootImpl[Toast](22290): EGLdebug relayoutWindow Surface isSurface(name=null)  (appName =com.color.phone.flash.caller.screen) ( mSurfaceControllerIsValid =true) (mNativeObject  =7a5709f000)/@0xc12c098,relayoutResult is3
11-19 18:21:55.342 W/libEGL  (22290): EGLNativeWindowType 0x7a5709f010 disconnect failed
11-19 18:21:55.342 D/mali_winsys(22290): EGLint new_window_surface(egl_winsys_display *, void *, EGLSurface, EGLConfig, egl_winsys_surface **, egl_color_buffer_format *, EGLBoolean) returns 0x3000
11-19 18:21:55.354 D/HwRTBlurUtils(22290): check blur style for HwToast-Toast, themeResId : 0x0103013f, context : com.color.phone.flash.caller.screen.app.MainApplication@7e0b44, Nhwext : 6, get Blur : disable with , android.graphics.drawable.NinePatchDrawable@6b16e40
11-19 18:21:55.425 I/chatty  ( 1165): uid=1000(system) HWExtMotionServ expire 12 lines
11-19 18:21:55.487 I/Monkey  (29231): :Sending Touch (ACTION_DOWN): 0:(436.0,613.0)
11-19 18:21:55.494 I/Monkey  (29231): :Sending Touch (ACTION_UP): 0:(419.29333,573.9588)
11-19 18:21:55.503 V/AudioManager(22290): playSoundEffect   effectType: 0
11-19 18:21:55.511 I/Monkey  (29231):     // Allowing start of Intent { cmp=com.color.phone.flash.caller.screen/cn.cootek.colibrow.incomingcall.activity.CallDetailActivity } in package com.color.phone.flash.caller.screen
11-19 18:21:55.535 E/Thermal-daemon(  634): [ap] temp_new :46  temp_old :47
11-19 18:21:55.536 E/Thermal-daemon(  634): Report temperature: [ap] temp :46  report_threshold:1
11-19 18:21:55.537 V/SQLiteDatabase(15636): triggerBuildingIndex(): invalid id, return.
11-19 18:21:55.544 E/IncomingCallSettings(22290):  url = ime.cdn.service.cootek.com
11-19 18:21:55.546 E/IncomingCallSettings(22290):  url = ime.cdn.service.cootek.com
11-19 18:21:55.551 I/chatty  ( 1165): uid=1000(system) Binder:1165_1B expire 42 lines
11-19 18:21:55.555 E/NetworkScheduler(15561): Invalid component specified.
11-19 18:21:55.565 D/WorkSource(15561): Insert in WorkSource{} @ 0 uid 10019 name com.google.android.gms
11-19 18:21:55.569 D/WorkSource(15561): Insert in WorkSource{} @ 0 uid 10019 name com.google.android.gms
11-19 18:21:55.570 D/HwCust  (22290): Create obj success use class android.app.HwCustActivityImpl
11-19 18:21:55.570 D/HwCust  (22290): Create obj success use class android.app.HwCustHwWallpaperManagerImpl
11-19 18:21:55.571 V/ActivityThread(22290): ActivityThread,callActivityOnCreate
11-19 18:21:55.575 D/HwRTBlurUtils(22290): check blur style for HwPhoneWindow, themeResId : 0x7f0f00c4, context : cn.cootek.colibrow.incomingcall.activity.CallDetailActivity@92f2c07, Nhwext : 0, get Blur : disable with , null
11-19 18:21:55.575 D/HwRTBlurUtils(22290): check blur style for HwPhoneWindow, themeResId : 0x7f0f00c4, context : cn.cootek.colibrow.incomingcall.activity.CallDetailActivity@92f2c07, Nhwext : 0, get Blur : disable with , null
11-19 18:21:55.576 V/SQLiteDatabase(15636): triggerBuildingIndex(): invalid id, return.
11-19 18:21:55.591 E/NetworkScheduler(15561): Invalid component specified.
11-19 18:21:55.594 D/WorkSource(15561): Insert in WorkSource{} @ 0 uid 10019 name com.google.android.gms
11-19 18:21:55.598 D/WorkSource(15561): Insert in WorkSource{} @ 0 uid 10019 name com.google.android.gms
11-19 18:21:55.598 D/ActivityThread(22290): add activity client record, r= ActivityRecord{a1ec42a token=android.os.BinderProxy@c8d7246 {com.color.phone.flash.caller.screen/cn.cootek.colibrow.incomingcall.activity.CallDetailActivity}} token= android.os.BinderProxy@c8d7246
11-19 18:21:55.601 D/OpenGLRenderer(22290):   HWUI Binary is  enabled
11-19 18:21:55.607 I/chatty  ( 1165): uid=1000(system) android.anim expire 21 lines
11-19 18:21:55.612 I/PressGestureDetector(22290): enabledInPad = false,isPcCastMode = false
11-19 18:21:55.613 I/zygote64(22290): Background concurrent copying GC freed 292323(15MB) AllocSpace objects, 96(1920KB) LOS objects, 50% free, 18MB/36MB, paused 436us total 105.411ms
11-19 18:21:55.617 I/CommandQueue( 1610): updateBarBgColor
11-19 18:21:55.617 D/CommandQueue( 1610): CommandQueue, setBarBackgroundColor
11-19 18:21:55.618 D/TintManager( 1610): statusBarIconTint=#99FFFFFF,navigationBarIconTint=#FF000000
11-19 18:21:55.618 I/chatty  ( 1165): uid=1000 system_server expire 17 lines
11-19 18:21:55.624 D/mali_winsys(22290): EGLint new_window_surface(egl_winsys_display *, void *, EGLSurface, EGLConfig, egl_winsys_surface **, egl_color_buffer_format *, EGLBoolean) returns 0x3000
11-19 18:21:55.629 D/OpenGLRenderer(22290):   HWUI Binary is  enabled
11-19 18:21:55.630 V/SQLiteDatabase(15636): triggerBuildingIndex(): invalid id, return.
11-19 18:21:55.640 I/chatty  ( 1165): uid=1000(system) Binder:1165_D expire 9 lines
11-19 18:21:55.641 W/InputMethodManager(22290): startInputReason = 1
11-19 18:21:55.646 E/NetworkScheduler(15561): Invalid component specified.
11-19 18:21:55.649 I/wangchen( 5537): SysInfo.getSysParam: orientation=1||config d=3.0,w=1080,h=1808||metrics d=3.0,w=1080,h=1808||sdk=26,bar_h=72
11-19 18:21:55.649 I/KeymapLoader( 5537): w=1080 h=1808 ori=true appScale=3.3 s1=3.0
11-19 18:21:55.655 D/WorkSource(15561): Insert in WorkSource{} @ 0 uid 10019 name com.google.android.gms
11-19 18:21:55.655 I/chatty  ( 1165): uid=1000(system) Binder:1165_13 expire 34 lines
11-19 18:21:55.656 D/BarTransitions.HwPhoneStatusBarView( 1610): MODE_TRANSPARENT -> MODE_TRANSLUCENT animate=false
11-19 18:21:55.656 D/BarTransitions.HwPhoneStatusBarView( 1610): applyModeBackground oldMode=MODE_TRANSPARENT newMode=MODE_TRANSLUCENT animate=false
11-19 18:21:55.656 D/BarTransitions.HwNavigationBarView( 1610): MODE_TRANSPARENT -> MODE_TRANSLUCENT animate=false
11-19 18:21:55.656 D/BarTransitions.HwNavigationBarView( 1610): applyModeBackground oldMode=MODE_TRANSPARENT newMode=MODE_TRANSLUCENT animate=false
11-19 18:21:55.659 D/HwRecentsLockUtils( 1610): Search
11-19 18:21:55.660 E/HsmCoreServiceImpl( 1761): onTransact in code is: 103
11-19 18:21:55.660 I/MediaProcessHandler( 1761): playingUids: 
11-19 18:21:55.665 W/SystemServicesProxy( 1610): getThumbnail taskId 151getTaskSnapshot new null
11-19 18:21:55.666 W/SystemServicesProxy( 1610): getThumbnail taskId 241getTaskSnapshot new null
11-19 18:21:55.668 W/libEGL  (22290): EGLNativeWindowType 0x7a3c887010 disconnect failed
11-19 18:21:55.696 I/Monkey  (29231): :Sending Touch (ACTION_DOWN): 0:(391.0,1689.0)
11-19 18:21:55.697 I/Monkey  (29231): :Sending Touch (ACTION_UP): 0:(391.99976,1697.4961)
11-19 18:21:55.717 W/libEGL  (22290): EGLNativeWindowType 0x7a5709f010 disconnect failed
11-19 18:21:55.720 V/AudioManager(22290): playSoundEffect   effectType: 0
11-19 18:21:55.726 D/HwRTBlurUtils(22290): check blur style for HwToast-Toast, themeResId : 0x0103013f, context : com.color.phone.flash.caller.screen.app.MainApplication@7e0b44, Nhwext : 6, get Blur : disable with , android.graphics.drawable.NinePatchDrawable@1037edf
11-19 18:21:55.730 D/OpenGLRenderer(22290):   HWUI Binary is  enabled
11-19 18:21:55.741 W/ViewRootImpl[Toast](22290): EGLdebug relayoutWindow Surface isSurface(name=null)  (appName =com.color.phone.flash.caller.screen) ( mSurfaceControllerIsValid =false) (mNativeObject  =0)/@0x7bd2fc4,viewVisibility is0
11-19 18:21:55.744 V/SQLiteDatabase(15636): triggerBuildingIndex(): invalid id, return.
11-19 18:21:55.748 W/ViewRootImpl[Toast](22290): EGLdebug relayoutWindow Surface isSurface(name=null)  (appName =com.color.phone.flash.caller.screen) ( mSurfaceControllerIsValid =true) (mNativeObject  =7a3c887000)/@0x7bd2fc4,relayoutResult is7
11-19 18:21:55.748 W/ViewRootImpl[Toast](22290): EGLdebug Surface isSurface(name=null)  (appName =com.color.phone.flash.caller.screen) ( mSurfaceControllerIsValid =true) (mNativeObject  =7a3c887000)/@0x7bd2fc4
11-19 18:21:55.748 D/mali_winsys(22290): EGLint new_window_surface(egl_winsys_display *, void *, EGLSurface, EGLConfig, egl_winsys_surface **, egl_color_buffer_format *, EGLBoolean) returns 0x3000
11-19 18:21:55.748 D/OpenGLRenderer(22290):   HWUI Binary is  enabled
11-19 18:21:55.757 E/NetworkScheduler(15561): Invalid component specified.
11-19 18:21:55.763 D/WorkSource(15561): Insert in WorkSource{} @ 0 uid 10019 name com.google.android.gms
11-19 18:21:55.763 V/SQLiteDatabase(15636): triggerBuildingIndex(): invalid id, return.
11-19 18:21:55.772 D/WorkSource(15561): Insert in WorkSource{} @ 0 uid 10019 name com.google.android.gms
11-19 18:21:55.774 E/IncomingCallSettings(22290):  url = ime.cdn.service.cootek.com
11-19 18:21:55.775 E/IncomingCallSettings(22290):  url = ime.cdn.service.cootek.com
11-19 18:21:55.779 E/NetworkScheduler(15561): Invalid component specified.
11-19 18:21:55.783 D/WorkSource(15561): Insert in WorkSource{} @ 0 uid 10019 name com.google.android.gms
11-19 18:21:55.786 D/WeatherHelper( 1610): City info empty
11-19 18:21:55.788 D/WorkSource(15561): Insert in WorkSource{} @ 0 uid 10019 name com.google.android.gms
11-19 18:21:55.789 D/WeatherHelper( 1610): City info empty
11-19 18:21:55.885 D/WeatherHelper( 1610): City info empty
11-19 18:21:55.885 D/DateTimeView( 1610): Change to single clock mode!
11-19 18:21:55.886 D/WeatherHelper( 1610): City info empty
11-19 18:21:55.886 D/WeatherHelper( 1610): City info empty
11-19 18:21:55.887 D/DateTimeView( 1610): Change to single clock mode!
11-19 18:21:55.887 D/WeatherHelper( 1610): City info empty
11-19 18:21:55.899 I/Monkey  (29231): :Sending Touch (ACTION_DOWN): 0:(338.0,1715.0)
11-19 18:21:55.900 I/Monkey  (29231): :Sending Touch (ACTION_UP): 0:(338.021,1719.8806)
11-19 18:21:55.922 V/AudioManager(22290): playSoundEffect   effectType: 0
11-19 18:21:55.930 D/HwRTBlurUtils(22290): check blur style for HwToast-Toast, themeResId : 0x0103013f, context : com.color.phone.flash.caller.screen.app.MainApplication@7e0b44, Nhwext : 6, get Blur : disable with , android.graphics.drawable.NinePatchDrawable@7257e19
11-19 18:21:55.965 V/SQLiteDatabase(15636): triggerBuildingIndex(): invalid id, return.
11-19 18:21:55.965 I/chatty  ( 1165): uid=1000(system) WiFiArpStateMac expire 14 lines
11-19 18:21:55.971 E/IncomingCallSettings(22290):  url = ime.cdn.service.cootek.com
11-19 18:21:55.972 E/IncomingCallSettings(22290):  url = ime.cdn.service.cootek.com
11-19 18:21:55.999 E/NetworkScheduler(15561): Invalid component specified.
11-19 18:21:56.004 V/SQLiteDatabase(15636): triggerBuildingIndex(): invalid id, return.
11-19 18:21:56.019 D/WorkSource(15561): Insert in WorkSource{} @ 0 uid 10019 name com.google.android.gms
11-19 18:21:56.032 E/NetworkScheduler(15561): Invalid component specified.
11-19 18:21:56.041 D/WorkSource(15561): Insert in WorkSource{} @ 0 uid 10019 name com.google.android.gms
11-19 18:21:56.047 D/WorkSource(15561): Insert in WorkSource{} @ 0 uid 10019 name com.google.android.gms
11-19 18:21:56.093 E/WifiHAL (  562): enter wifi_get_link_stats
11-19 18:21:56.099 E/wificond(  635): Failed to get NL80211_STA_INFO_CNAHLOAD
11-19 18:21:56.103 I/Monkey  (29231): :Sending Touch (ACTION_DOWN): 0:(117.0,511.0)
11-19 18:21:56.106 I/Monkey  (29231): :Sending Touch (ACTION_UP): 0:(95.579796,511.2309)
11-19 18:21:56.123 V/AudioManager(22290): playSoundEffect   effectType: 0
11-19 18:21:56.310 I/chatty  ( 1165): uid=1000(system) Binder:1165_1B expire 12 lines
11-19 18:21:56.315 I/chatty  ( 1165): uid=1000(system) InputDispatcher expire 8 lines
11-19 18:21:56.319 D/KeyEvent(22290): obtain, mHwFlags=0
11-19 18:21:56.320 D/KeyEvent( 5537): obtain, mHwFlags=0
11-19 18:21:56.372 D/KeyEvent(22290): obtain, mHwFlags=0
11-19 18:21:56.373 D/KeyEvent( 5537): obtain, mHwFlags=0
11-19 18:21:56.412 V/AudioManager(22290): playSoundEffect   effectType: 0
11-19 18:21:56.546 E/Input   (29231): getAxisValue(): y--1.0-0.0--1.0
11-19 18:21:56.547 I/Monkey  (29231): :Sending Trackball (ACTION_MOVE): 0:(2.0,-1.0)
11-19 18:21:56.582 I/Monkey  (29231): :Sending Touch (ACTION_DOWN): 0:(40.0,872.0)
11-19 18:21:56.588 E/Input   (22290): getAxisValue(): x--5.0-0.0--5.0
11-19 18:21:56.597 D/KeyEvent( 5537): obtain, mHwFlags=0
11-19 18:21:56.598 D/KeyEvent( 5537): obtain, mHwFlags=0
11-19 18:21:56.613 I/Monkey  (29231): :Sending Touch (ACTION_UP): 0:(19.99104,868.2552)
11-19 18:21:56.637 E/Input   (22290): getAxisValue(): y--1.0-0.0--1.0
11-19 18:21:56.644 D/KeyEvent( 5537): obtain, mHwFlags=0
11-19 18:21:56.645 D/KeyEvent( 5537): obtain, mHwFlags=0
11-19 18:21:56.668 W/InputMethodManager(22290): startInputReason = 4
11-19 18:21:56.668 I/chatty  ( 1165): uid=1000(system) Binder:1165_11 expire 19 lines
11-19 18:21:56.677 I/wangchen( 5537): SysInfo.getSysParam: orientation=1||config d=3.0,w=1080,h=1808||metrics d=3.0,w=1080,h=1808||sdk=26,bar_h=72
11-19 18:21:56.677 I/KeymapLoader( 5537): w=1080 h=1808 ori=true appScale=3.3 s1=3.0
11-19 18:21:56.697 V/AudioManager(22290): playSoundEffect   effectType: 0
11-19 18:21:56.735 D/HwRTBlurUtils(22290): check blur style for HwToast-Toast, themeResId : 0x0103013f, context : com.color.phone.flash.caller.screen.app.MainApplication@7e0b44, Nhwext : 6, get Blur : disable with , android.graphics.drawable.NinePatchDrawable@c30e64a
11-19 18:21:56.817 I/Monkey  (29231): :Sending Touch (ACTION_DOWN): 0:(1042.0,652.0)
11-19 18:21:56.856 I/Monkey  (29231): :Sending Touch (ACTION_UP): 0:(958.0344,683.9012)
11-19 18:21:56.891 V/AudioManager(22290): playSoundEffect   effectType: 0
11-19 18:21:57.069 I/Monkey  (29231): :Sending Touch (ACTION_DOWN): 0:(447.0,146.0)
11-19 18:21:57.075 I/Monkey  (29231): :Sending Touch (ACTION_UP): 0:(445.9029,152.27028)
11-19 18:21:57.154 V/AudioManager(22290): playSoundEffect   effectType: 0
11-19 18:21:57.211 I/PresentationSystem(22290): not needQuiet
11-19 18:21:57.287 I/Monkey  (29231): :Sending Touch (ACTION_DOWN): 0:(714.0,1048.0)
11-19 18:21:57.297 I/Monkey  (29231): :Sending Touch (ACTION_UP): 0:(698.5964,1050.4021)
11-19 18:21:57.362 V/AudioManager(22290): playSoundEffect   effectType: 0
11-19 18:21:57.503 I/Monkey  (29231): :Sending Touch (ACTION_DOWN): 0:(335.0,1755.0)
11-19 18:21:57.507 I/Monkey  (29231): :Sending Touch (ACTION_UP): 0:(338.65253,1751.2971)
11-19 18:21:57.522 V/AudioManager(22290): playSoundEffect   effectType: 0
11-19 18:21:57.711 I/Monkey  (29231): :Sending Touch (ACTION_DOWN): 0:(1053.0,673.0)
11-19 18:21:57.712 W/libEGL  (22290): EGLNativeWindowType 0x7a3c887010 disconnect failed
11-19 18:21:57.717 I/Monkey  (29231): :Sending Touch (ACTION_UP): 0:(1054.7096,660.9133)
11-19 18:21:57.758 D/OpenGLRenderer(22290):   HWUI Binary is  enabled
11-19 18:21:57.805 W/ViewRootImpl[Toast](22290): EGLdebug relayoutWindow Surface isSurface(name=null)  (appName =com.color.phone.flash.caller.screen) ( mSurfaceControllerIsValid =false) (mNativeObject  =0)/@0xdcdd126,viewVisibility is0
11-19 18:21:57.814 D/SurfaceFlinger(  567): duplicate layer name: changing Toast to Toast#1
11-19 18:21:57.827 W/ViewRootImpl[Toast](22290): EGLdebug relayoutWindow Surface isSurface(name=null)  (appName =com.color.phone.flash.caller.screen) ( mSurfaceControllerIsValid =true) (mNativeObject  =7a3c888000)/@0xdcdd126,relayoutResult is7
11-19 18:21:57.827 W/ViewRootImpl[Toast](22290): EGLdebug Surface isSurface(name=null)  (appName =com.color.phone.flash.caller.screen) ( mSurfaceControllerIsValid =true) (mNativeObject  =7a3c888000)/@0xdcdd126
11-19 18:21:57.829 V/AudioManager(22290): playSoundEffect   effectType: 0
11-19 18:21:57.838 D/mali_winsys(22290): EGLint new_window_surface(egl_winsys_display *, void *, EGLSurface, EGLConfig, egl_winsys_surface **, egl_color_buffer_format *, EGLBoolean) returns 0x3000
11-19 18:21:57.903 D/OpenGLRenderer(22290):   HWUI Binary is  enabled
11-19 18:21:57.924 I/Monkey  (29231): :Sending Touch (ACTION_DOWN): 0:(57.0,1275.0)
11-19 18:21:57.934 I/Monkey  (29231): :Sending Touch (ACTION_UP): 0:(52.437202,1285.3397)
11-19 18:21:57.995 V/AudioManager(22290): playSoundEffect   effectType: 0
11-19 18:21:58.089 D/HwRTBlurUtils(22290): check blur style for HwToast-Toast, themeResId : 0x0103013f, context : com.color.phone.flash.caller.screen.app.MainApplication@7e0b44, Nhwext : 6, get Blur : disable with , android.graphics.drawable.NinePatchDrawable@42c297b
11-19 18:21:58.143 I/Monkey  (29231): :Sending Touch (ACTION_DOWN): 0:(583.0,794.0)
11-19 18:21:58.154 I/Monkey  (29231): :Sending Touch (ACTION_UP): 0:(573.7016,804.36316)
11-19 18:21:58.224 V/AudioManager(22290): playSoundEffect   effectType: 0
11-19 18:21:58.388 D/KeyEvent(22290): obtain, mHwFlags=0
11-19 18:21:58.392 D/KeyEvent( 5537): obtain, mHwFlags=0
11-19 18:21:58.467 D/KeyEvent(22290): obtain, mHwFlags=0
11-19 18:21:58.467 D/KeyEvent( 5537): obtain, mHwFlags=0
11-19 18:21:58.563 I/chatty  ( 1165): uid=1000(system) LazyTaskWriterT expire 1 line
11-19 18:21:58.625 I/Monkey  (29231): :Switch: #Intent;action=android.intent.action.MAIN;category=android.intent.category.LAUNCHER;launchFlags=0x10200000;component=com.color.phone.flash.caller.screen/.activity.AliasLaunchActivity;end
11-19 18:21:58.634 I/Monkey  (29231):     // Allowing start of Intent { act=android.intent.action.MAIN cat=[android.intent.category.LAUNCHER] cmp=com.color.phone.flash.caller.screen/.activity.AliasLaunchActivity } in package com.color.phone.flash.caller.screen
11-19 18:21:58.644 I/Pged-IPgedBinderService(  641): ****action is 1, pid num is 2***
11-19 18:21:58.644 I/Pged-Freezer(  641): freezePids
11-19 18:21:58.644 I/Pged-Freezer(  641): Freeze process: 18689
11-19 18:21:58.687 D/HwCust  (22290): Create obj success use class android.app.HwCustActivityImpl
11-19 18:21:58.687 D/HwCust  (22290): Create obj success use class android.app.HwCustHwWallpaperManagerImpl
11-19 18:21:58.687 V/ActivityThread(22290): ActivityThread,callActivityOnCreate
11-19 18:21:58.689 W/B-BASE  (22290): FirebaseToken->dEtKIsVpx80:APA91bECmVLQbvaEDGig1xeTA42tBZh9R7_wYfbx5cH9wlJW5aBegRUS8BUDfXU9Fy6jr9uKg7m9QFxBLnrK7c3RfmvoScx79Sn6rpejUbwc2HdFNShZZ7ggSm-dztpKzCWmMhcLCtMR
11-19 18:21:58.691 V/SQLiteDatabase(15636): triggerBuildingIndex(): invalid id, return.
11-19 18:21:58.699 D/HwRTBlurUtils(22290): check blur style for HwPhoneWindow, themeResId : 0x7f0f00c4, context : com.color.phone.flash.caller.screen.activity.FlashLightMainActivity@803109d, Nhwext : 0, get Blur : disable with , null
11-19 18:21:58.699 D/HwRTBlurUtils(22290): check blur style for HwPhoneWindow, themeResId : 0x7f0f00c4, context : com.color.phone.flash.caller.screen.activity.FlashLightMainActivity@803109d, Nhwext : 0, get Blur : disable with , null
11-19 18:21:58.702 D/ActivityThread(22290): add activity client record, r= ActivityRecord{206f136 token=android.os.BinderProxy@d625374 {com.color.phone.flash.caller.screen/com.color.phone.flash.caller.screen.activity.AliasLaunchActivity}} token= android.os.BinderProxy@d625374
11-19 18:21:58.706 D/OpenGLRenderer(22290):   HWUI Binary is  enabled
11-19 18:21:58.709 E/NetworkScheduler(15561): Invalid component specified.
11-19 18:21:58.714 D/WorkSource(15561): Insert in WorkSource{} @ 0 uid 10019 name com.google.android.gms
11-19 18:21:58.718 I/PressGestureDetector(22290): enabledInPad = false,isPcCastMode = false
11-19 18:21:58.720 D/WorkSource(15561): Insert in WorkSource{} @ 0 uid 10019 name com.google.android.gms
11-19 18:21:58.725 I/chatty  ( 1165): uid=1000(system) Binder:1165_13 expire 8 lines
11-19 18:21:58.728 D/mali_winsys(22290): EGLint new_window_surface(egl_winsys_display *, void *, EGLSurface, EGLConfig, egl_winsys_surface **, egl_color_buffer_format *, EGLBoolean) returns 0x3000
11-19 18:21:58.729 V/SQLiteDatabase(15636): triggerBuildingIndex(): invalid id, return.
11-19 18:21:58.742 E/NetworkScheduler(15561): Invalid component specified.
11-19 18:21:58.748 D/OpenGLRenderer(22290):   HWUI Binary is  enabled
11-19 18:21:58.748 V/SQLiteDatabase(15636): triggerBuildingIndex(): invalid id, return.
11-19 18:21:58.749 W/InputMethodManager(22290): startInputReason = 1
11-19 18:21:58.753 D/WorkSource(15561): Insert in WorkSource{} @ 0 uid 10019 name com.google.android.gms
11-19 18:21:58.754 D/BarTransitions.HwPhoneStatusBarView( 1610): MODE_TRANSLUCENT -> MODE_TRANSPARENT animate=false
11-19 18:21:58.754 D/BarTransitions.HwPhoneStatusBarView( 1610): applyModeBackground oldMode=MODE_TRANSLUCENT newMode=MODE_TRANSPARENT animate=false
11-19 18:21:58.757 I/chatty  ( 1165): uid=1000(system) Binder:1165_4 expire 43 lines
11-19 18:21:58.757 I/wangchen( 5537): SysInfo.getSysParam: orientation=1||config d=3.0,w=1080,h=1808||metrics d=3.0,w=1080,h=1808||sdk=26,bar_h=72
11-19 18:21:58.758 I/KeymapLoader( 5537): w=1080 h=1808 ori=true appScale=3.3 s1=3.0
11-19 18:21:58.758 D/WorkSource(15561): Insert in WorkSource{} @ 0 uid 10019 name com.google.android.gms
11-19 18:21:58.765 E/NetworkScheduler(15561): Invalid component specified.
11-19 18:21:58.767 D/BarTransitions.HwNavigationBarView( 1610): MODE_TRANSLUCENT -> MODE_TRANSPARENT animate=false
11-19 18:21:58.767 D/BarTransitions.HwNavigationBarView( 1610): applyModeBackground oldMode=MODE_TRANSLUCENT newMode=MODE_TRANSPARENT animate=false
11-19 18:21:58.773 D/WorkSource(15561): Insert in WorkSource{} @ 0 uid 10019 name com.google.android.gms
11-19 18:21:58.775 D/HwRecentsLockUtils( 1610): Search
11-19 18:21:58.775 E/HsmCoreServiceImpl( 1761): onTransact in code is: 103
11-19 18:21:58.775 I/MediaProcessHandler( 1761): playingUids: 
11-19 18:21:58.778 W/SystemServicesProxy( 1610): getThumbnail taskId 151getTaskSnapshot new null
11-19 18:21:58.778 W/SystemServicesProxy( 1610): getThumbnail taskId 241getTaskSnapshot new null
11-19 18:21:58.779 W/libEGL  (22290): EGLNativeWindowType 0x7a388b3010 disconnect failed
11-19 18:21:58.779 D/OpenGLRenderer(22290): endAllActiveAnimators on 0x7a3905d400 (RelativeLayout) with handle 0x7a44391360
11-19 18:21:58.852 I/Monkey  (29231): :Sending Touch (ACTION_DOWN): 0:(11.0,378.0)
11-19 18:21:58.854 I/Monkey  (29231): :Sending Touch (ACTION_UP): 0:(9.095237,353.004)
11-19 18:21:59.055 I/Monkey  (29231): :Switch: #Intent;action=android.intent.action.MAIN;category=android.intent.category.LAUNCHER;launchFlags=0x10200000;component=com.color.phone.flash.caller.screen/.activity.AliasLaunchActivity;end
11-19 18:21:59.059 I/Monkey  (29231):     // Allowing start of Intent { act=android.intent.action.MAIN cat=[android.intent.category.LAUNCHER] cmp=com.color.phone.flash.caller.screen/.activity.AliasLaunchActivity } in package com.color.phone.flash.caller.screen
11-19 18:21:59.105 E/WifiHAL (  562): enter wifi_get_link_stats
11-19 18:21:59.113 E/wificond(  635): Failed to get NL80211_STA_INFO_CNAHLOAD
11-19 18:21:59.267 D/KeyEvent(22290): obtain, mHwFlags=0
11-19 18:21:59.267 D/KeyEvent( 5537): obtain, mHwFlags=0
11-19 18:21:59.268 D/KeyEvent(22290): obtain, mHwFlags=0
11-19 18:21:59.268 D/KeyEvent( 5537): obtain, mHwFlags=0
11-19 18:21:59.278 D/NetWorkUtils( 1610): mVSimCurCardType is -1
11-19 18:21:59.279 D/NetWorkUtils( 1610): mVSimCurCardType is -1
11-19 18:21:59.282 D/HwRTBlurUtils(22290): check blur style for HwToast-Toast, themeResId : 0x0103013f, context : com.color.phone.flash.caller.screen.app.MainApplication@7e0b44, Nhwext : 6, get Blur : disable with , android.graphics.drawable.NinePatchDrawable@29ea37a
11-19 18:21:59.470 I/Monkey  (29231): :Sending Touch (ACTION_DOWN): 0:(331.0,1216.0)
11-19 18:21:59.473 I/Monkey  (29231): :Sending Touch (ACTION_UP): 0:(337.32733,1211.005)
11-19 18:21:59.677 I/Monkey  (29231): :Sending Touch (ACTION_DOWN): 0:(11.0,876.0)
11-19 18:21:59.682 I/Monkey  (29231): :Sending Touch (ACTION_UP): 0:(10.032734,881.18823)
11-19 18:21:59.735 W/libEGL  (22290): EGLNativeWindowType 0x7a3c888010 disconnect failed
11-19 18:21:59.769 D/OpenGLRenderer(22290):   HWUI Binary is  enabled
11-19 18:21:59.788 W/ViewRootImpl[Toast](22290): EGLdebug relayoutWindow Surface isSurface(name=null)  (appName =com.color.phone.flash.caller.screen) ( mSurfaceControllerIsValid =false) (mNativeObject  =0)/@0xa4a27d2,viewVisibility is0
11-19 18:21:59.804 W/ViewRootImpl[Toast](22290): EGLdebug relayoutWindow Surface isSurface(name=null)  (appName =com.color.phone.flash.caller.screen) ( mSurfaceControllerIsValid =true) (mNativeObject  =7a3c888000)/@0xa4a27d2,relayoutResult is7
11-19 18:21:59.804 W/ViewRootImpl[Toast](22290): EGLdebug Surface isSurface(name=null)  (appName =com.color.phone.flash.caller.screen) ( mSurfaceControllerIsValid =true) (mNativeObject  =7a3c888000)/@0xa4a27d2
11-19 18:21:59.808 D/mali_winsys(22290): EGLint new_window_surface(egl_winsys_display *, void *, EGLSurface, EGLConfig, egl_winsys_surface **, egl_color_buffer_format *, EGLBoolean) returns 0x3000
11-19 18:21:59.808 D/OpenGLRenderer(22290):   HWUI Binary is  enabled
11-19 18:21:59.883 E/Input   (29231): getAxisValue(): x--1.0-0.0--1.0
11-19 18:21:59.884 E/Input   (29231): getAxisValue(): y--3.0-0.0--3.0
11-19 18:21:59.884 I/Monkey  (29231): :Sending Trackball (ACTION_MOVE): 0:(-1.0,-3.0)
11-19 18:21:59.898 I/Monkey  (29231):     //[calendar_time:2018-11-19 18:21:59.898  system_uptime:94436057]
11-19 18:21:59.899 I/Monkey  (29231):     // Sending event #53600
11-19 18:21:59.902 I/Monkey  (29231): :Sending Touch (ACTION_DOWN): 0:(293.0,828.0)
11-19 18:21:59.908 I/Monkey  (29231): :Sending Touch (ACTION_UP): 0:(295.9858,786.91144)
11-19 18:21:59.924 E/Input   (22290): getAxisValue(): x--2.0-0.0--2.0
11-19 18:21:59.925 D/KeyEvent( 5537): obtain, mHwFlags=0
11-19 18:21:59.942 D/KeyEvent( 5537): obtain, mHwFlags=0
11-19 18:22:00.014 W/HwKeyguardDragHelper( 1610): AnimationBlocked
11-19 18:22:00.016 E/DateView( 1610): DateView,mCurrentTime: 1542622920016
11-19 18:22:00.024 I/EventCenter( 1610): EventCenter Get :android.intent.action.TIME_TICK
11-19 18:22:00.034 W/HwKeyguardDragHelper( 1610): AnimationBlocked
11-19 18:22:00.037 W/ResourceType( 1610): No known package when getting value for resource number 0xffffffff
11-19 18:22:00.038 E/DateLunarView( 1610): mDateString is: 1119
11-19 18:22:00.038 W/ResourceType( 1610): No known package when getting value for resource number 0xffffffff
11-19 18:22:00.039 E/DateLunarView( 1610): mDateString is: 1119
11-19 18:22:00.041 I/HwLauncher( 1813): Model  onReceive intent=Intent { act=android.intent.action.TIME_TICK flg=0x50200014 hwFlg=0x900 (has extras) }
11-19 18:22:00.041 I/HwLauncher( 1813): Model  onReceive user=UserHandle{0}
11-19 18:22:00.043 D/WeatherHelper( 1610): City info empty
11-19 18:22:00.049 D/WeatherHelper( 1610): City info empty
11-19 18:22:00.058 D/KeyguardUpdateMonitor( 1610): received broadcast android.intent.action.TIME_TICK
11-19 18:22:00.059 D/KeyguardUpdateMonitor( 1610): handleTimeUpdate
11-19 18:22:00.059 I/KeyguardStatusView( 1610): Runnable for refresh
11-19 18:22:00.062 D/WeatherHelper( 1610): City info empty
11-19 18:22:00.089 I/[HwRecSys]TimerController( 2782): onMinuteChange requestWeather
11-19 18:22:00.109 E/Input   (29231): getAxisValue(): x--3.0-0.0--3.0
11-19 18:22:00.110 E/Input   (29231): getAxisValue(): y--3.0-0.0--3.0
11-19 18:22:00.110 I/Monkey  (29231): :Sending Trackball (ACTION_MOVE): 0:(-3.0,-3.0)
11-19 18:22:00.114 W/HwKeyguardDragHelper( 1610): AnimationBlocked
11-19 18:22:00.124 I/Monkey  (29231): :Sending Touch (ACTION_DOWN): 0:(583.0,1678.0)
11-19 18:22:00.125 D/WeatherHelper( 1610): City info empty
11-19 18:22:00.126 D/DateTimeView( 1610): Change to single clock mode!
11-19 18:22:00.128 D/WeatherHelper( 1610): City info empty
11-19 18:22:00.130 D/WeatherHelper( 1610): City info empty
11-19 18:22:00.131 D/DateTimeView( 1610): Change to single clock mode!
11-19 18:22:00.133 D/WeatherHelper( 1610): City info empty
11-19 18:22:00.133 I/Monkey  (29231): :Sending Touch (ACTION_UP): 0:(596.00836,1663.3945)
11-19 18:22:00.144 D/KeyEvent( 5537): obtain, mHwFlags=0
11-19 18:22:00.145 D/KeyEvent( 5537): obtain, mHwFlags=0
11-19 18:22:00.148 I/Pged-IPgedBinderService(  641): ****action is 2, pid num is 2***
11-19 18:22:00.148 I/Pged-Freezer(  641): thawPids
11-19 18:22:00.210 I/PresentationSystem(22290): not needQuiet
11-19 18:22:00.287 D/NetWorkUtils( 1610): mVSimCurCardType is -1
11-19 18:22:00.288 D/NetWorkUtils( 1610): mVSimCurCardType is -1
11-19 18:22:00.339 I/Monkey  (29231): :Sending Touch (ACTION_DOWN): 0:(279.0,984.0)
11-19 18:22:00.344 I/Monkey  (29231): :Sending Touch (ACTION_UP): 0:(284.791,995.94507)
11-19 18:22:00.433 I/chatty  ( 1165): uid=1000(system) UEventObserver expire 2 lines
11-19 18:22:00.453 D/KeyguardUpdateMonitor( 1610): received broadcast android.intent.action.BATTERY_CHANGED
11-19 18:22:00.453 W/KeyguardUpdateMonitor( 1610): ACTION_BATTERY_CHANGED AMP: 1400000; Volt: 4897000
11-19 18:22:00.454 V/KeyguardUpdateMonitor( 1610): RefreshBatteryInfo isBatteryLow: 100
11-19 18:22:00.454 W/KeyguardUpdateMonitor( 1610): ChargingSpeed  Wattage: 6855800 ST: 5000000 --> 7500000
11-19 18:22:00.454 I/KgBattery( 1610): BatteryInfo updated:  5lPC1
11-19 18:22:00.454 W/AppHandler( 1610): sendMessage with obj100
11-19 18:22:00.454 D/KeyguardUpdateMonitor( 1610): handleBatteryUpdate
11-19 18:22:00.454 V/KeyguardUpdateMonitor( 1610): RefreshBatteryInfo isBatteryLow: 100
11-19 18:22:00.454 W/HwKeyguardBottomArea( 1610): updateBatteryInfo : false  true
11-19 18:22:00.454 W/HwKeyguardBottomArea( 1610): updateBatteryInfo : false  true
11-19 18:22:00.456 W/HwLockScreenPanel( 1610): refreshBatteryInfo: null
11-19 18:22:00.456 W/HwLockScreenPanel( 1610): Handle message: 100
11-19 18:22:00.458 E/battery (22290): current--->100
11-19 18:22:00.459 E/battery (22290): set----->0
11-19 18:22:00.520 D/HwRTBlurUtils(22290): check blur style for HwToast-Toast, themeResId : 0x0103013f, context : com.color.phone.flash.caller.screen.app.MainApplication@7e0b44, Nhwext : 6, get Blur : disable with , android.graphics.drawable.NinePatchDrawable@1834015
11-19 18:22:00.549 I/Monkey  (29231): :Sending Touch (ACTION_DOWN): 0:(1051.0,471.0)
11-19 18:22:00.553 I/Monkey  (29231): :Sending Touch (ACTION_UP): 0:(1058.8228,471.74)
11-19 18:22:00.718 I/Monkey  (29231):     // Allowing start of Intent { cmp=com.color.phone.flash.caller.screen/.activity.FlashLightHomeActivity } in package com.color.phone.flash.caller.screen
11-19 18:22:00.733 I/Monkey  (29231):     // activityResuming(com.color.phone.flash.caller.screen)
11-19 18:22:00.746 D/ActivityThread(22290): Remove activity client record, r= ActivityRecord{a1ec42a token=android.os.BinderProxy@c8d7246 {com.color.phone.flash.caller.screen/cn.cootek.colibrow.incomingcall.activity.CallDetailActivity}} token= android.os.BinderProxy@c8d7246
11-19 18:22:00.754 W/libc    (  499): Set property "hw.wifi.dns_stat" to "1807,1310,1252,1,20509"
11-19 18:22:00.777 V/SQLiteDatabase(15636): triggerBuildingIndex(): invalid id, return.
11-19 18:22:00.785 I/CommandQueue( 1610): updateBarBgColor
11-19 18:22:00.785 D/CommandQueue( 1610): CommandQueue, setBarBackgroundColor
11-19 18:22:00.785 D/TintManager( 1610): statusBarIconTint=#99FFFFFF,navigationBarIconTint=#FF000000
11-19 18:22:00.789 D/KeyEvent(22290): obtain, mHwFlags=0
11-19 18:22:00.789 W/ViewRootImpl[FlashLightHomeActivity](22290): Dropping event due to no window focus: KeyEvent { action=ACTION_DOWN, keyCode=KEYCODE_MENU, scanCode=0, metaState=0, flags=0x8, hwFlags=0x0, repeatCount=0, eventTime=38390180, downTime=38390180, deviceId=-1, source=0x101 }
11-19 18:22:00.790 I/chatty  (  531): uid=1000(system) allocator@2.0-s expire 95 lines
11-19 18:22:00.790 D/mali_winsys(22290): EGLint new_window_surface(egl_winsys_display *, void *, EGLSurface, EGLConfig, egl_winsys_surface **, egl_color_buffer_format *, EGLBoolean) returns 0x3000
11-19 18:22:00.794 E/NetworkScheduler(15561): Invalid component specified.
11-19 18:22:00.794 D/KeyEvent(22290): obtain, mHwFlags=0
11-19 18:22:00.794 W/ViewRootImpl[FlashLightHomeActivity](22290): Cancelling event due to no window focus: KeyEvent { action=ACTION_UP, keyCode=KEYCODE_MENU, scanCode=0, metaState=0, flags=0x28, hwFlags=0x0, repeatCount=0, eventTime=38390210, downTime=38390210, deviceId=-1, source=0x101 }
11-19 18:22:00.794 I/chatty  (22290): uid=10127(u0_a127) com.color.phone.flash.caller.screen identical 2 lines
11-19 18:22:00.794 W/ViewRootImpl[FlashLightHomeActivity](22290): Cancelling event due to no window focus: KeyEvent { action=ACTION_UP, keyCode=KEYCODE_MENU, scanCode=0, metaState=0, flags=0x28, hwFlags=0x0, repeatCount=0, eventTime=38390210, downTime=38390210, deviceId=-1, source=0x101 }
11-19 18:22:00.795 D/KeyEvent( 5537): obtain, mHwFlags=0
11-19 18:22:00.798 V/SQLiteDatabase(15636): triggerBuildingIndex(): invalid id, return.
11-19 18:22:00.799 D/WorkSource(15561): Insert in WorkSource{} @ 0 uid 10019 name com.google.android.gms
11-19 18:22:00.803 D/WorkSource(15561): Insert in WorkSource{} @ 0 uid 10019 name com.google.android.gms
11-19 18:22:00.807 W/ViewRootImpl[FlashLightHomeActivity](22290): Cancelling event due to no window focus: KeyEvent { action=ACTION_UP, keyCode=KEYCODE_MENU, scanCode=0, metaState=0, flags=0x28, hwFlags=0x0, repeatCount=0, eventTime=38390210, downTime=38390210, deviceId=-1, source=0x101 }
11-19 18:22:00.808 W/ViewRootImpl[FlashLightHomeActivity](22290): Cancelling event due to no window focus: KeyEvent { action=ACTION_UP, keyCode=KEYCODE_MENU, scanCode=0, metaState=0, flags=0x28, hwFlags=0x0, repeatCount=0, eventTime=38390210, downTime=38390210, deviceId=-1, source=0x101 }
11-19 18:22:00.808 V/AudioManager(22290): playSoundEffect   effectType: 0
11-19 18:22:00.808 I/chatty  ( 1165): uid=1000(system) InputDispatcher expire 60 lines
11-19 18:22:00.808 D/HwRTBlurUtils(22290): check blur style for HwToast-Toast, themeResId : 0x0103013f, context : com.color.phone.flash.caller.screen.app.MainApplication@7e0b44, Nhwext : 6, get Blur : disable with , android.graphics.drawable.NinePatchDrawable@72b16a6
11-19 18:22:00.810 W/InputMethodManager(22290): startInputReason = 1
11-19 18:22:00.812 E/NetworkScheduler(15561): Invalid component specified.
11-19 18:22:00.815 I/wangchen( 5537): SysInfo.getSysParam: orientation=1||config d=3.0,w=1080,h=1808||metrics d=3.0,w=1080,h=1808||sdk=26,bar_h=72
11-19 18:22:00.815 I/KeymapLoader( 5537): w=1080 h=1808 ori=true appScale=3.3 s1=3.0
11-19 18:22:00.820 D/WorkSource(15561): Insert in WorkSource{} @ 0 uid 10019 name com.google.android.gms
11-19 18:22:00.829 W/libEGL  (22290): EGLNativeWindowType 0x7a5709f010 disconnect failed
11-19 18:22:00.845 D/ActivityThread(22290): Remove activity client record, r= ActivityRecord{206f136 token=android.os.BinderProxy@d625374 {com.color.phone.flash.caller.screen/com.color.phone.flash.caller.screen.activity.AliasLaunchActivity}} token= android.os.BinderProxy@d625374
11-19 18:22:00.849 I/chatty  ( 1165): uid=1000(system) Binder:1165_D expire 28 lines
11-19 18:22:00.859 D/HwRecentsLockUtils( 1610): Search
11-19 18:22:00.859 E/HsmCoreServiceImpl( 1761): onTransact in code is: 103
11-19 18:22:00.859 I/MediaProcessHandler( 1761): playingUids: 
11-19 18:22:00.859 I/chatty  ( 1165): uid=1000(system) Binder:1165_4 expire 28 lines
11-19 18:22:00.861 W/SystemServicesProxy( 1610): getThumbnail taskId 151getTaskSnapshot new null
11-19 18:22:00.862 W/SystemServicesProxy( 1610): getThumbnail taskId 241getTaskSnapshot new null
11-19 18:22:00.994 I/Monkey  (29231): :Sending Touch (ACTION_DOWN): 0:(316.0,1385.0)
11-19 18:22:00.996 I/Monkey  (29231): :Sending Touch (ACTION_UP): 0:(331.2982,1412.2858)
11-19 18:22:00.997 V/AudioManager(22290): playSoundEffect   effectType: 0
11-19 18:22:01.001 I/Monkey  (29231):     // Allowing start of Intent { cmp=com.color.phone.flash.caller.screen/cn.cootek.colibrow.incomingcall.activity.CallDetailActivity } in package com.color.phone.flash.caller.screen
11-19 18:22:01.020 V/SQLiteDatabase(15636): triggerBuildingIndex(): invalid id, return.
11-19 18:22:01.028 E/IncomingCallSettings(22290):  url = ime.cdn.service.cootek.com
11-19 18:22:01.033 E/NetworkScheduler(15561): Invalid component specified.
11-19 18:22:01.046 D/WorkSource(15561): Insert in WorkSource{} @ 0 uid 10019 name com.google.android.gms
11-19 18:22:01.046 I/chatty  ( 1165): uid=1000(system) Binder:1165_13 expire 16 lines
11-19 18:22:01.051 V/ActivityThread(22290): ActivityThread,callActivityOnCreate
11-19 18:22:01.057 V/SQLiteDatabase(15636): triggerBuildingIndex(): invalid id, return.
11-19 18:22:01.070 E/NetworkScheduler(15561): Invalid component specified.
11-19 18:22:01.072 D/ActivityThread(22290): add activity client record, r= ActivityRecord{8c156b6 token=android.os.BinderProxy@9d4f692 {com.color.phone.flash.caller.screen/cn.cootek.colibrow.incomingcall.activity.CallDetailActivity}} token= android.os.BinderProxy@9d4f692
11-19 18:22:01.074 D/WorkSource(15561): Insert in WorkSource{} @ 0 uid 10019 name com.google.android.gms
11-19 18:22:01.080 D/WorkSource(15561): Insert in WorkSource{} @ 0 uid 10019 name com.google.android.gms
11-19 18:22:01.088 I/chatty  ( 1165): uid=1000(system) android.ui expire 61 lines
11-19 18:22:01.088 I/CommandQueue( 1610): updateBarBgColor
11-19 18:22:01.089 D/CommandQueue( 1610): CommandQueue, setBarBackgroundColor
11-19 18:22:01.089 D/TintManager( 1610): statusBarIconTint=#99FFFFFF,navigationBarIconTint=#FF000000
11-19 18:22:01.090 I/chatty  ( 1165): uid=1000(system) Binder:1165_4 expire 4 lines
11-19 18:22:01.094 V/SQLiteDatabase(15636): triggerBuildingIndex(): invalid id, return.
11-19 18:22:01.100 D/OpenGLRenderer(22290):   HWUI Binary is  enabled
11-19 18:22:01.102 I/chatty  ( 1165): uid=1000(system) Binder:1165_11 expire 31 lines
11-19 18:22:01.106 E/NetworkScheduler(15561): Invalid component specified.
11-19 18:22:01.112 I/chatty  ( 1165): uid=1000(system) android.anim expire 18 lines
11-19 18:22:01.112 W/InputMethodManager(22290): startInputReason = 1
11-19 18:22:01.113 I/chatty  ( 1165): uid=1000(system) android.anim expire 22 lines
11-19 18:22:01.115 D/WorkSource(15561): Insert in WorkSource{} @ 0 uid 10019 name com.google.android.gms
11-19 18:22:01.118 D/BarTransitions.HwPhoneStatusBarView( 1610): MODE_TRANSPARENT -> MODE_TRANSLUCENT animate=false
11-19 18:22:01.118 D/BarTransitions.HwPhoneStatusBarView( 1610): applyModeBackground oldMode=MODE_TRANSPARENT newMode=MODE_TRANSLUCENT animate=false
11-19 18:22:01.119 D/BarTransitions.HwNavigationBarView( 1610): MODE_TRANSPARENT -> MODE_TRANSLUCENT animate=false
11-19 18:22:01.119 D/BarTransitions.HwNavigationBarView( 1610): applyModeBackground oldMode=MODE_TRANSPARENT newMode=MODE_TRANSLUCENT animate=false
11-19 18:22:01.119 D/WorkSource(15561): Insert in WorkSource{} @ 0 uid 10019 name com.google.android.gms
11-19 18:22:01.120 I/wangchen( 5537): SysInfo.getSysParam: orientation=1||config d=3.0,w=1080,h=1808||metrics d=3.0,w=1080,h=1808||sdk=26,bar_h=72
11-19 18:22:01.120 I/KeymapLoader( 5537): w=1080 h=1808 ori=true appScale=3.3 s1=3.0
11-19 18:22:01.142 D/HwRecentsLockUtils( 1610): Search
11-19 18:22:01.142 E/HsmCoreServiceImpl( 1761): onTransact in code is: 103
11-19 18:22:01.142 I/MediaProcessHandler( 1761): playingUids: 
11-19 18:22:01.142 W/libEGL  (22290): EGLNativeWindowType 0x7a387a2010 disconnect failed
11-19 18:22:01.146 W/SystemServicesProxy( 1610): getThumbnail taskId 151getTaskSnapshot new null
11-19 18:22:01.146 W/SystemServicesProxy( 1610): getThumbnail taskId 241getTaskSnapshot new null
11-19 18:22:01.155 I/chatty  ( 1776): uid=1000(system) core expire 10 lines
11-19 18:22:01.197 I/Monkey  (29231): :Switch: #Intent;action=android.intent.action.MAIN;category=android.intent.category.LAUNCHER;launchFlags=0x10200000;component=com.color.phone.flash.caller.screen/.activity.AliasLaunchActivity;end
11-19 18:22:01.201 I/Monkey  (29231):     // Allowing start of Intent { act=android.intent.action.MAIN cat=[android.intent.category.LAUNCHER] cmp=com.color.phone.flash.caller.screen/.activity.AliasLaunchActivity } in package com.color.phone.flash.caller.screen
11-19 18:22:01.235 D/HwCust  (22290): Create obj success use class android.app.HwCustActivityImpl
11-19 18:22:01.235 D/HwCust  (22290): Create obj success use class android.app.HwCustHwWallpaperManagerImpl
11-19 18:22:01.235 V/ActivityThread(22290): ActivityThread,callActivityOnCreate
11-19 18:22:01.237 W/B-BASE  (22290): FirebaseToken->dEtKIsVpx80:APA91bECmVLQbvaEDGig1xeTA42tBZh9R7_wYfbx5cH9wlJW5aBegRUS8BUDfXU9Fy6jr9uKg7m9QFxBLnrK7c3RfmvoScx79Sn6rpejUbwc2HdFNShZZ7ggSm-dztpKzCWmMhcLCtMR
