11-18 12:57:27.716 I/aptouch_daemon(  552): excute_long_cmd, ========>>aftouch.orientation excute done!
11-18 12:57:27.717 I/chatty  (  514): uid=1000(system) allocator@2.0-s expire 34 lines
11-18 12:57:27.740 I/chatty  ( 1187): uid=1000(system) android.display expire 25 lines
11-18 12:57:27.748 D/Index   ( 4502): Deleting data for locale 'zh_CN_#Hans' took 5 millis
11-18 12:57:27.751 V/SQLiteDatabase( 4502): triggerBuildingIndex(): invalid id, return.
11-18 12:57:27.752 V/SQLiteDatabase( 4502): triggerBuildingIndex(): invalid id, return.
11-18 12:57:27.755 D/Index   ( 4502): Indexing locale 'zh_CN_#Hans' took 7 millis
11-18 12:57:28.047 W/libc    ( 6180): Set property "ril.hw_modem0.rssi" to "-78"
11-18 12:57:28.127 W/libc    ( 6180): Set property "ril.hw_modem0.rssi" to "-78"
11-18 12:57:28.758 D/KeyEvent(23826): obtain, mHwFlags=0
11-18 12:57:28.759 D/KeyEvent(23826): obtain, mHwFlags=0
11-18 12:57:28.780 D/KeyEvent(23826): obtain, mHwFlags=0
11-18 12:57:28.780 D/KeyEvent(23826): obtain, mHwFlags=0
11-18 12:57:29.010 I/Pged-IPgedBinderService(  627): ****action is 2, pid num is 3***
11-18 12:57:29.010 I/Pged-Freezer(  627): thawPids
11-18 12:57:29.012 D/PgedBinderAdapter( 2153): unfrz ok, pid: [31009, 29326]
11-18 12:57:29.648 I/PGServer( 2153): android calls fast hibernateApps
11-18 12:57:29.648 I/AppFastHibernation( 2153): fast hibernate duration: 1500 reason: start activity
11-18 12:57:29.648 I/AppFastHibernation( 2153): fast hibernate now, drop this request
11-18 12:57:29.728 I/chatty  ( 2017): uid=10027(u0_a27) com.android.systemui expire 123 lines
11-18 12:57:30.069 E/BDLog   ( 2124): BD.FilterImpl:com.android.systemui 39 times= 100 over threshold
11-18 12:57:30.069 E/BDLog   ( 2124): BD.FilterImpl:com.android.systemui39 is illLegal
11-18 12:57:30.691 D/KeyEvent(23826): obtain, mHwFlags=0
11-18 12:57:30.696 D/KeyEvent(23826): obtain, mHwFlags=0
11-18 12:57:30.729 I/chatty  ( 2017): uid=10027(u0_a27) PhoneStatusBar expire 12 lines
11-18 12:57:30.996 I/chatty  (16997): uid=10019(u0_a19) Measurement Wor expire 390 lines
11-18 12:57:31.064 I/chatty  (16206): uid=10019(u0_a19) netscheduler-qu expire 43 lines
11-18 12:57:31.071 I/chatty  (16206): uid=10019(u0_a19) com.google.android.gms.persistent expire 32 lines
11-18 12:57:31.087 W/libc    ( 6180): Set property "ril.hw_modem0.rssi" to "-77"
11-18 12:57:31.093 I/AppManager( 2153): dependence has been existed:3438 -> 16997
11-18 12:57:31.098 W/libc    ( 2168): Set property "gsm.rssi.sim1" to "-77"
11-18 12:57:31.108 I/chatty  ( 2017): uid=10027(u0_a27) SystemUI_subThr expire 50 lines
11-18 12:57:31.196 W/libc    ( 6180): Set property "ril.hw_modem0.rssi" to "-77"
11-18 12:57:31.247 W/libc    ( 6180): Set property "ril.hw_modem0.rssi" to "-77"
11-18 12:57:31.487 W/libc    ( 6180): Set property "ril.hw_modem0.rssi" to "-77"
11-18 12:57:31.542 D/KeyEvent(23826): obtain, mHwFlags=0
11-18 12:57:31.543 D/KeyEvent(23826): obtain, mHwFlags=0
11-18 12:57:31.562 D/KeyEvent(23826): obtain, mHwFlags=0
11-18 12:57:31.562 D/KeyEvent(23826): obtain, mHwFlags=0
11-18 12:57:31.594 I/wangchen(23826): SysInfo.getSysParam: orientation=1||config d=3.0,w=1080,h=1808||metrics d=3.0,w=1080,h=1808||sdk=26,bar_h=72
11-18 12:57:31.595 I/KeymapLoader(23826): w=1080 h=1808 ori=true appScale=3.3 s1=3.0
11-18 12:57:31.596 D/KeyEvent(23826): obtain, mHwFlags=0
11-18 12:57:31.596 D/KeyEvent(23826): obtain, mHwFlags=0
11-18 12:57:31.611 I/wangchen(23826): SysInfo.getSysParam: orientation=1||config d=3.0,w=1080,h=1808||metrics d=3.0,w=1080,h=1808||sdk=26,bar_h=72
11-18 12:57:31.611 I/KeymapLoader(23826): w=1080 h=1808 ori=true appScale=3.3 s1=3.0
11-18 12:57:31.801 I/PGServer( 2153): android calls fast hibernateApps
11-18 12:57:31.801 I/AppFastHibernation( 2153): fast hibernate duration: 1500 reason: start activity
11-18 12:57:31.801 I/AppFastHibernation( 2153): fast hibernate now, drop this request
11-18 12:57:31.807 W/libc    ( 6180): Set property "ril.hw_modem0.rssi" to "-77"
11-18 12:57:31.887 W/libc    ( 6180): Set property "ril.hw_modem0.rssi" to "-77"
11-18 12:57:32.006 W/OkHttpClient( 1959): A connection to http://tools.3g.qq.com/ was leaked. Did you forget to close a response body?
11-18 12:57:32.007 I/chatty  ( 1187): uid=1000(system) Binder:1187_9 expire 16 lines
11-18 12:57:32.400 I/AppManager( 2153): dependence has been existed:3438 -> 16997
11-18 12:57:32.426 I/chatty  ( 1187): uid=1000(system) InputDispatcher expire 192 lines
11-18 12:57:32.429 D/KeyEvent(23826): obtain, mHwFlags=0
11-18 12:57:32.434 D/KeyEvent(23826): obtain, mHwFlags=0
11-18 12:57:32.634 I/chatty  (18074): uid=2000(shell) com.android.commands.monkey expire 62 lines
11-18 12:57:32.637 I/chatty  ( 2017): uid=10027(u0_a27) KG_Background_H expire 1 line
11-18 12:57:32.644 E/TS_Service(  542): hwTsSetAftAlgoOrientation
11-18 12:57:32.644 I/TS_HAL  (  542): ts_set_aft_orientation:called
11-18 12:57:32.644 I/aptouch_daemon, [--aptouch_interface_client--](  542): thp_execute_cmd_parms starting. cmd: aftouch.orientation
11-18 12:57:32.644 I/aptouch_daemon, [--aptouch_interface_client--](  542): thp_get_cs, use vndbinder
11-18 12:57:32.647 I/aptouch_daemon(  552): get_cmd, =====>>find m_cmd=====>>aftouch.orientation
11-18 12:57:32.647 I/aptouch_daemon(  552): get_cmd, =====>>find m_cmd=====>>aftouch.orientation
11-18 12:57:32.647 I/aptouch_daemon(  552): aft_set_config, aft_set_config---2,0
11-18 12:57:32.647 I/aptouch_daemon(  552): thp_cmd_set_aftouch_config, aftouch_set_config: aft_cfg = 2, value = 0
11-18 12:57:32.648 D/SurfaceFlinger(  547): setSecureScreenRecShotFlag, value = 4, mask = 4
11-18 12:57:32.648 I/aptouch_daemon(  552): excute_long_cmd, ========>>aftouch.orientation excute done!
11-18 12:57:32.657 E/Thermal-daemon(  622): [ap] temp_new :43  temp_old :42
11-18 12:57:32.658 E/Thermal-daemon(  622): Report temperature: [ap] temp :43  report_threshold:1
11-18 12:57:32.678 I/chatty  ( 2017): uid=10027(u0_a27) RenderThread expire 4 lines
11-18 12:57:32.683 I/chatty  ( 1187): uid=1000(system) Binder:1187_1B expire 5 lines
11-18 12:57:32.685 I/chatty  ( 4502): uid=1000(system) com.android.settings expire 4 lines
11-18 12:57:32.735 I/chatty  ( 2017): uid=10027(u0_a27) PhoneStatusBar expire 1 line
11-18 12:57:32.740 I/chatty  ( 2017): uid=10027(u0_a27) com.android.systemui expire 7 lines
11-18 12:57:32.744 D/HwCustMobileSignalControllerImpl( 2017): isCurrentBySim()=false
11-18 12:57:32.745 D/HwCustMobileSignalControllerImpl( 2017): sub =0,strMccMnc =null,hashMccMnc =[],strPlmn =hw_hspap_show_4g
11-18 12:57:32.745 D/HwCustMobileSignalControllerImpl( 2017): isCurrentBySim()=false
11-18 12:57:32.745 D/HwCustMobileSignalControllerImpl( 2017): sub =0,strMccMnc =null,hashMccMnc =[],strPlmn =hw_show_4_5G_for_mcc
11-18 12:57:32.745 D/HwCustMobileSignalControllerImpl( 2017): isCurrentBySim()=false
11-18 12:57:32.745 D/HwCustMobileSignalControllerImpl( 2017): sub =0,strMccMnc =null,hashMccMnc =[],strPlmn =hw_show_4g_to_4_5g_ca
11-18 12:57:32.746 D/HwCustMobileSignalControllerImpl( 2017): isCurrentBySim()=false
11-18 12:57:32.747 I/HwCustMobileSignalControllerImpl( 2017): updateDataType, mDataNetType: 13, isCAstate: false
11-18 12:57:32.747 D/NetWorkUtils( 2017): is3GCalling is false,mCdmaSlot is -1
11-18 12:57:32.748 D/NetWorkUtils( 2017): mVSimCurCardType is -1
11-18 12:57:32.749 D/NetWorkUtils( 2017): is3GCalling is false,mCdmaSlot is -1
11-18 12:57:32.749 D/NetWorkUtils( 2017): mVSimCurCardType is -1
11-18 12:57:32.836 W/libc    ( 6180): Set property "ril.hw_modem0.rssi" to "-78"
11-18 12:57:32.847 W/libc    ( 2168): Set property "gsm.rssi.sim1" to "-78"
11-18 12:57:32.848 W/libc    ( 6180): Set property "ril.hw_modem0.rssi" to "-77"
11-18 12:57:32.854 W/libc    ( 2168): Set property "gsm.rssi.sim1" to "-77"
11-18 12:57:32.859 I/HwMobileSignalController(0)( 2017): subId:0 phoneType:1 networktype:13 targetClass:3 masterLevel:5 slaveLevel:-1
11-18 12:57:32.992 I/chatty  ( 1187): uid=1000(system) Binder:1187_14 expire 3 lines
11-18 12:57:32.995 D/StatusBar( 2017): updateNotification(StatusBarNotification(pkg=com.eyefilter.night user=UserHandle{0} id=4321 tag=null key=0|com.eyefilter.night|4321|null|10125: Notification(channel=BlueFilter_Update pri=0 contentView=com.eyefilter.night/0x7f0b00d4 vibrate=null sound=null defaults=0x0 flags=0x6a color=0x00000000 vis=PRIVATE)))
11-18 12:57:32.997 D/HwPhoneStatusBar( 2017): No peeking: not allowed notification: 0|com.eyefilter.night|4321|null|10125
11-18 12:57:32.997 D/StatusBar( 2017): applyInPlace=false shouldPeek=false alertAgain=true
11-18 12:57:32.997 D/StatusBar( 2017): not reusing notification for key: 0|com.eyefilter.night|4321|null|10125
11-18 12:57:33.005 I/chatty  ( 1187): uid=1000(system) android.display expire 1 line
11-18 12:57:33.006 W/HwPhoneLayoutInflater( 2017): onCreateView : ClassNotFoundException, In this case we want to let the base class take a crack at it
11-18 12:57:33.008 W/HwPhoneLayoutInflater( 2017): onCreateView : ClassNotFoundException, In this case we want to let the base class take a crack at it
11-18 12:57:33.008 W/ResourceType( 2017): Failure getting entry for 0x01040255 (t=3 e=597) (error -75)
11-18 12:57:33.011 W/HwPhoneLayoutInflater( 2017): onCreateView : ClassNotFoundException, In this case we want to let the base class take a crack at it
11-18 12:57:33.013 W/HwPhoneLayoutInflater( 2017): onCreateView : ClassNotFoundException, In this case we want to let the base class take a crack at it
11-18 12:57:33.013 W/ResourceType( 2017): Failure getting entry for 0x01040255 (t=3 e=597) (error -75)
11-18 12:57:33.014 I/chatty  ( 1187): uid=1000(system) Binder:1187_13 expire 1 line
11-18 12:57:33.022 I/PhoneStatusBar( 2017): updateNotificationShade: total=3, active=3
11-18 12:57:33.022 W/PhoneStatusBar( 2017): updateNotificationShade hasFaceDT: false; Detected:false
11-18 12:57:33.025 W/HwKeyguardDragHelper( 2017): AnimationBlocked
11-18 12:57:33.030 D/HwCust  ( 2017): Create obj success use class com.android.systemui.statusbar.notification.HwCustNotificationInflaterImpl
11-18 12:57:33.031 I/FakeShadowView( 2017): radius18
11-18 12:57:33.033 I/chatty  ( 1187): uid=1000(system) Binder:1187_12 expire 1 line
11-18 12:57:33.042 I/chatty  (16206): uid=10019(u0_a19) lowpool[88] expire 10 lines
11-18 12:57:33.044 W/HwPhoneLayoutInflater( 2017): onCreateView : ClassNotFoundException, In this case we want to let the base class take a crack at it
11-18 12:57:33.045 W/HwPhoneLayoutInflater( 2017): onCreateView : ClassNotFoundException, In this case we want to let the base class take a crack at it
11-18 12:57:33.048 W/HwPhoneLayoutInflater( 2017): onCreateView : ClassNotFoundException, In this case we want to let the base class take a crack at it
11-18 12:57:33.048 W/HwPhoneLayoutInflater( 2017): onCreateView : ClassNotFoundException, In this case we want to let the base class take a crack at it
11-18 12:57:33.048 W/ResourceType( 2017): Failure getting entry for 0x01040255 (t=3 e=597) (error -75)
11-18 12:57:33.065 W/HwPhoneLayoutInflater( 2017): onCreateView : ClassNotFoundException, In this case we want to let the base class take a crack at it
11-18 12:57:33.065 W/HwPhoneLayoutInflater( 2017): onCreateView : ClassNotFoundException, In this case we want to let the base class take a crack at it
11-18 12:57:33.066 W/HwPhoneLayoutInflater( 2017): onCreateView : ClassNotFoundException, In this case we want to let the base class take a crack at it
11-18 12:57:33.067 W/HwPhoneLayoutInflater( 2017): onCreateView : ClassNotFoundException, In this case we want to let the base class take a crack at it
11-18 12:57:33.067 I/chatty  ( 1187): uid=1000(system) Binder:1187_B expire 6 lines
11-18 12:57:33.067 W/ResourceType( 2017): Failure getting entry for 0x01040255 (t=3 e=597) (error -75)
11-18 12:57:33.072 I/chatty  ( 1187): uid=1000(system) Binder:1187_18 expire 51 lines
11-18 12:57:33.076 I/chatty  ( 1187): uid=1000(system) Binder:1187_5 expire 2 lines
11-18 12:57:33.083 W/HwPhoneLayoutInflater( 2017): onCreateView : ClassNotFoundException, In this case we want to let the base class take a crack at it
11-18 12:57:33.085 W/HwPhoneLayoutInflater( 2017): onCreateView : ClassNotFoundException, In this case we want to let the base class take a crack at it
11-18 12:57:33.085 W/ResourceType( 2017): Failure getting entry for 0x01040255 (t=3 e=597) (error -75)
11-18 12:57:33.087 W/libc    ( 6180): Set property "ril.hw_modem0.rssi" to "-78"
11-18 12:57:33.090 W/libc    ( 2168): Set property "gsm.rssi.sim1" to "-78"
11-18 12:57:33.093 W/HwPhoneLayoutInflater( 2017): onCreateView : ClassNotFoundException, In this case we want to let the base class take a crack at it
11-18 12:57:33.095 W/HwPhoneLayoutInflater( 2017): onCreateView : ClassNotFoundException, In this case we want to let the base class take a crack at it
11-18 12:57:33.095 W/ResourceType( 2017): Failure getting entry for 0x01040255 (t=3 e=597) (error -75)
11-18 12:57:33.103 W/HwPhoneLayoutInflater( 2017): onCreateView : ClassNotFoundException, In this case we want to let the base class take a crack at it
11-18 12:57:33.104 W/HwPhoneLayoutInflater( 2017): onCreateView : ClassNotFoundException, In this case we want to let the base class take a crack at it
11-18 12:57:33.105 W/ResourceType( 2017): Failure getting entry for 0x01040255 (t=3 e=597) (error -75)
11-18 12:57:33.110 D/StatusBar( 2017): No peeking: unimportant notification: 0|android|0|com.android.server.wm.AlertWindowNotification - com.eyefilter.night|1000
11-18 12:57:33.110 I/PhoneStatusBar( 2017): updateNotificationShade: total=4, active=4
11-18 12:57:33.110 W/PhoneStatusBar( 2017): updateNotificationShade hasFaceDT: false; Detected:false
11-18 12:57:33.112 D/ReporterUtil( 2017):  e id:344 type:{pkg:android,hw_type:null,hw_btw:false,onGoing:true,importance:1}
11-18 12:57:33.112 E/BDLog   ( 2124): BD.FilterImpl:com.android.systemui 344 times= 100 over threshold
11-18 12:57:33.112 E/BDLog   ( 2124): BD.FilterImpl:com.android.systemui344 is illLegal
11-18 12:57:33.117 W/StaticLayout( 2017): maxLineHeight should not be -1.  maxLines:1 lineCount:1
11-18 12:57:33.117 W/StaticLayout( 2017): maxLineHeight should not be -1.  maxLines:1 lineCount:1
11-18 12:57:33.117 W/HwKeyguardDragHelper( 2017): AnimationBlocked
11-18 12:57:33.138 D/WeatherHelper( 2017): City info empty
11-18 12:57:33.139 D/WeatherHelper( 2017): City info empty
11-18 12:57:33.167 W/libc    ( 6180): Set property "ril.hw_modem0.rssi" to "-78"
11-18 12:57:33.238 D/WeatherHelper( 2017): City info empty
11-18 12:57:33.238 D/DateTimeView( 2017): Change to single clock mode!
11-18 12:57:33.239 D/WeatherHelper( 2017): City info empty
11-18 12:57:33.239 D/WeatherHelper( 2017): City info empty
11-18 12:57:33.239 D/DateTimeView( 2017): Change to single clock mode!
11-18 12:57:33.239 D/WeatherHelper( 2017): City info empty
11-18 12:57:33.246 W/libc    ( 6180): Set property "ril.hw_modem0.rssi" to "-78"
11-18 12:57:33.327 W/libc    ( 6180): Set property "ril.hw_modem0.rssi" to "-78"
11-18 12:57:33.474 I/chatty  ( 3438): uid=10125(u0_a125) com.eyefilter.night expire 46 lines
11-18 12:57:33.474 D/KeyEvent(23826): obtain, mHwFlags=0
11-18 12:57:33.478 D/KeyEvent(23826): obtain, mHwFlags=0
11-18 12:57:33.487 W/libc    ( 6180): Set property "ril.hw_modem0.rssi" to "-78"
11-18 12:57:33.491 W/OkHttpClient( 2325): A connection to http://tools.3g.qq.com/ was leaked. Did you forget to close a response body?
11-18 12:57:33.589 W/libc    ( 6180): Set property "ril.hw_modem0.rssi" to "-78"
11-18 12:57:33.807 W/libc    ( 6180): Set property "ril.hw_modem0.rssi" to "-78"
11-18 12:57:33.898 I/chatty  ( 1187): uid=1000(system) Binder:1187_1E expire 24 lines
11-18 12:57:33.901 D/KeyEvent(23826): obtain, mHwFlags=0
11-18 12:57:33.903 D/KeyEvent(23826): obtain, mHwFlags=0
11-18 12:57:33.907 I/chatty  (11454): uid=10125(u0_a125) Timer-0 expire 35 lines
11-18 12:57:33.911 I/wangchen(23826): SysInfo.getSysParam: orientation=1||config d=3.0,w=1080,h=1808||metrics d=3.0,w=1080,h=1808||sdk=26,bar_h=72
11-18 12:57:33.911 I/KeymapLoader(23826): w=1080 h=1808 ori=true appScale=3.3 s1=3.0
11-18 12:57:33.967 W/libc    ( 6180): Set property "ril.hw_modem0.rssi" to "-78"
11-18 12:57:34.115 I/Pged-IPgedBinderService(  627): ****action is 1, pid num is 3***
11-18 12:57:34.115 I/Pged-Freezer(  627): freezePids
11-18 12:57:34.116 I/Pged-Freezer(  627): Freeze process: 31009
11-18 12:57:34.116 I/Pged-Freezer(  627): Freeze process: 29326
11-18 12:57:34.116 I/chatty  ( 2153): uid=1000(system) fast_hibernatio expire 10 lines
11-18 12:57:34.287 W/libc    ( 6180): Set property "ril.hw_modem0.rssi" to "-78"
11-18 12:57:34.527 W/libc    ( 6180): Set property "ril.hw_modem0.rssi" to "-78"
11-18 12:57:35.163 I/EventCenter( 2017): ContentChange for slot: 1
11-18 12:57:35.168 I/EventCenter( 2017): ContentChange for slot: 1
11-18 12:57:35.168 E/[HwRecSys]AppCache( 3043): getIsRportDirectService is false!
11-18 12:57:35.168 D/StatusBarIconController( 2017): setIconVisibility icon is null or visibility not change visibility=false
11-18 12:57:35.170 I/chatty  ( 1187): uid=1000(system) android.ui expire 75 lines
11-18 12:57:35.311 I/chatty  ( 1187): uid=1000(system) HWExtMotionServ expire 16 lines
11-18 12:57:35.312 I/chatty  ( 1187): uid=1000(system) AudioService expire 12 lines
11-18 12:57:35.327 W/libc    ( 6180): Set property "ril.hw_modem0.rssi" to "-78"
11-18 12:57:35.487 W/libc    ( 6180): Set property "ril.hw_modem0.rssi" to "-78"
11-18 12:57:35.583 I/chatty  ( 1187): uid=1000(system) Binder:1187_1E expire 20 lines
11-18 12:57:35.618 I/Pged-IPgedBinderService(  627): ****action is 2, pid num is 3***
11-18 12:57:35.618 I/Pged-Freezer(  627): thawPids
11-18 12:57:35.647 W/libc    ( 6180): Set property "ril.hw_modem0.rssi" to "-78"
11-18 12:57:35.670 D/WeatherHelper( 2017): City info empty
11-18 12:57:35.671 D/WeatherHelper( 2017): City info empty
11-18 12:57:35.727 W/libc    ( 6180): Set property "ril.hw_modem0.rssi" to "-77"
11-18 12:57:35.730 W/libc    ( 2168): Set property "gsm.rssi.sim1" to "-77"
11-18 12:57:35.771 D/WeatherHelper( 2017): City info empty
11-18 12:57:35.771 D/DateTimeView( 2017): Change to single clock mode!
11-18 12:57:35.774 D/WeatherHelper( 2017): City info empty
11-18 12:57:35.777 D/WeatherHelper( 2017): City info empty
11-18 12:57:35.777 D/DateTimeView( 2017): Change to single clock mode!
11-18 12:57:35.780 D/WeatherHelper( 2017): City info empty
11-18 12:57:35.799 I/EventCenter( 2017): ContentChange for slot: 1
11-18 12:57:35.799 I/EventCenter( 2017): ContentChange for slot: 1
11-18 12:57:35.799 E/[HwRecSys]AppCache( 3043): getIsRportDirectService is false!
11-18 12:57:35.799 D/StatusBarIconController( 2017): setIconVisibility icon is null or visibility not change visibility=false
11-18 12:57:35.801 I/EventCenter( 2017): ContentChange for slot: 1
11-18 12:57:35.801 I/chatty  ( 1187): uid=1000 system_server expire 3 lines
11-18 12:57:35.801 E/TS_Service(  542): hwTsSetAftAlgoOrientation
11-18 12:57:35.801 I/TS_HAL  (  542): ts_set_aft_orientation:called
11-18 12:57:35.801 I/aptouch_daemon, [--aptouch_interface_client--](  542): thp_execute_cmd_parms starting. cmd: aftouch.orientation
11-18 12:57:35.801 I/aptouch_daemon, [--aptouch_interface_client--](  542): thp_get_cs, use vndbinder
11-18 12:57:35.801 E/[HwRecSys]AppCache( 3043): getIsRportDirectService is false!
11-18 12:57:35.802 D/StatusBarIconController( 2017): setIconVisibility icon is null or visibility not change visibility=false
11-18 12:57:35.802 I/aptouch_daemon(  552): get_cmd, =====>>find m_cmd=====>>aftouch.orientation
11-18 12:57:35.802 I/aptouch_daemon(  552): get_cmd, =====>>find m_cmd=====>>aftouch.orientation
11-18 12:57:35.802 I/aptouch_daemon(  552): aft_set_config, aft_set_config---2,2
11-18 12:57:35.802 I/aptouch_daemon(  552): thp_cmd_set_aftouch_config, aftouch_set_config: aft_cfg = 2, value = 2
11-18 12:57:35.802 I/aptouch_daemon(  552): excute_long_cmd, ========>>aftouch.orientation excute done!
11-18 12:57:35.805 D/SurfaceFlinger(  547): setSecureScreenRecShotFlag, value = 4, mask = 4
11-18 12:57:35.807 W/libc    ( 6180): Set property "ril.hw_modem0.rssi" to "-78"
11-18 12:57:35.811 W/libc    ( 2168): Set property "gsm.rssi.sim1" to "-78"
11-18 12:57:35.845 E/TS_Service(  542): hwTsSetAftAlgoOrientation
11-18 12:57:35.845 I/TS_HAL  (  542): ts_set_aft_orientation:called
11-18 12:57:35.845 I/aptouch_daemon, [--aptouch_interface_client--](  542): thp_execute_cmd_parms starting. cmd: aftouch.orientation
11-18 12:57:35.846 I/aptouch_daemon, [--aptouch_interface_client--](  542): thp_get_cs, use vndbinder
11-18 12:57:35.846 I/aptouch_daemon(  552): get_cmd, =====>>find m_cmd=====>>aftouch.orientation
11-18 12:57:35.846 I/aptouch_daemon(  552): get_cmd, =====>>find m_cmd=====>>aftouch.orientation
11-18 12:57:35.846 I/aptouch_daemon(  552): aft_set_config, aft_set_config---2,0
11-18 12:57:35.846 I/aptouch_daemon(  552): thp_cmd_set_aftouch_config, aftouch_set_config: aft_cfg = 2, value = 0
11-18 12:57:35.847 I/aptouch_daemon(  552): excute_long_cmd, ========>>aftouch.orientation excute done!
11-18 12:57:35.858 I/chatty  ( 3438): uid=10125(u0_a125) com.eyefilter.night expire 10 lines
11-18 12:57:35.863 W/libEGL  ( 2017): EGLNativeWindowType 0x7be251a010 disconnect failed
11-18 12:57:35.864 D/mali_winsys( 2017): EGLint new_window_surface(egl_winsys_display *, void *, EGLSurface, EGLConfig, egl_winsys_surface **, egl_color_buffer_format *, EGLBoolean) returns 0x3000
11-18 12:57:35.869 I/chatty  ( 1187): uid=1000(system) Binder:1187_12 expire 8 lines
11-18 12:57:35.880 I/chatty  ( 4502): uid=1000(system) com.android.settings expire 4 lines
11-18 12:57:35.880 W/libEGL  ( 2017): EGLNativeWindowType 0x7bdfd92010 disconnect failed
11-18 12:57:35.881 D/mali_winsys( 2017): EGLint new_window_surface(egl_winsys_display *, void *, EGLSurface, EGLConfig, egl_winsys_surface **, egl_color_buffer_format *, EGLBoolean) returns 0x3000
11-18 12:57:35.887 W/libc    ( 6180): Set property "ril.hw_modem0.rssi" to "-78"
11-18 12:57:35.907 W/libEGL  ( 2017): EGLNativeWindowType 0x7be251a010 disconnect failed
11-18 12:57:35.907 D/mali_winsys( 2017): EGLint new_window_surface(egl_winsys_display *, void *, EGLSurface, EGLConfig, egl_winsys_surface **, egl_color_buffer_format *, EGLBoolean) returns 0x3000
11-18 12:57:35.908 I/chatty  ( 1187): uid=1000(system) android.anim expire 8 lines
11-18 12:57:35.919 W/libEGL  ( 2017): EGLNativeWindowType 0x7bdfd92010 disconnect failed
11-18 12:57:35.920 D/mali_winsys( 2017): EGLint new_window_surface(egl_winsys_display *, void *, EGLSurface, EGLConfig, egl_winsys_surface **, egl_color_buffer_format *, EGLBoolean) returns 0x3000
11-18 12:57:35.984 W/libc    ( 6180): Set property "ril.hw_modem0.rssi" to "-77"
11-18 12:57:35.987 W/libc    ( 2168): Set property "gsm.rssi.sim1" to "-77"
11-18 12:57:36.127 W/libc    ( 6180): Set property "ril.hw_modem0.rssi" to "-77"
11-18 12:57:36.304 D/WeatherHelper( 2017): City info empty
11-18 12:57:36.404 D/WeatherHelper( 2017): City info empty
11-18 12:57:36.405 D/DateTimeView( 2017): Change to single clock mode!
11-18 12:57:36.409 D/WeatherHelper( 2017): City info empty
11-18 12:57:36.410 D/WeatherHelper( 2017): City info empty
11-18 12:57:36.411 D/DateTimeView( 2017): Change to single clock mode!
11-18 12:57:36.415 D/WeatherHelper( 2017): City info empty
11-18 12:57:36.449 W/libc    ( 6180): Set property "ril.hw_modem0.rssi" to "-78"
11-18 12:57:36.457 W/libc    ( 2168): Set property "gsm.rssi.sim1" to "-78"
11-18 12:57:36.465 I/chatty  ( 1187): uid=1000(system) InputDispatcher expire 2 lines
11-18 12:57:36.468 D/KeyEvent(23826): obtain, mHwFlags=0
11-18 12:57:36.477 D/KeyEvent(23826): obtain, mHwFlags=0
11-18 12:57:36.491 I/wangchen(23826): SysInfo.getSysParam: orientation=1||config d=3.0,w=1080,h=1808||metrics d=3.0,w=1080,h=1808||sdk=26,bar_h=72
11-18 12:57:36.491 I/KeymapLoader(23826): w=1080 h=1808 ori=true appScale=3.3 s1=3.0
11-18 12:57:36.527 W/libc    ( 6180): Set property "ril.hw_modem0.rssi" to "-78"
11-18 12:57:36.690 W/libc    ( 6180): Set property "ril.hw_modem0.rssi" to "-77"
11-18 12:57:36.696 W/libc    ( 2168): Set property "gsm.rssi.sim1" to "-77"
11-18 12:57:36.748 D/NetworkController.MobileSignalController(0)( 2017): mSimSubId:0 onDataActivity: direction=0
11-18 12:57:36.759 D/HwCustMobileSignalControllerImpl( 2017): sub =0,strMccMnc =null,hashMccMnc =[],strPlmn =hw_customized_networkType_entry
11-18 12:57:36.761 D/HwCustMobileSignalControllerImpl( 2017): isCurrentBySim()=false
11-18 12:57:36.762 D/HwCustMobileSignalControllerImpl( 2017): sub =0,strMccMnc =null,hashMccMnc =[],strPlmn =hw_mcc_mnc
11-18 12:57:36.763 D/HwCustMobileSignalControllerImpl( 2017): isCurrentBySim()=false
11-18 12:57:36.763 D/HwCustMobileSignalControllerImpl( 2017): sub =0,strMccMnc =null,hashMccMnc =[],strPlmn =hw_show_4g
11-18 12:57:36.764 D/HwCustMobileSignalControllerImpl( 2017): isCurrentBySim()=false
11-18 12:57:36.764 D/HwCustMobileSignalControllerImpl( 2017): sub =0,strMccMnc =null,hashMccMnc =[],strPlmn =hw_show_lte
11-18 12:57:36.765 D/HwCustMobileSignalControllerImpl( 2017): isCurrentBySim()=false
11-18 12:57:36.765 D/HwCustMobileSignalControllerImpl( 2017): sub =0,strMccMnc =null,hashMccMnc =[],strPlmn =hw_hspap_show_4g
11-18 12:57:36.765 D/HwCustMobileSignalControllerImpl( 2017): isCurrentBySim()=false
11-18 12:57:36.765 D/HwCustMobileSignalControllerImpl( 2017): sub =0,strMccMnc =null,hashMccMnc =[],strPlmn =hw_show_4_5G_for_mcc
11-18 12:57:36.766 D/HwCustMobileSignalControllerImpl( 2017): isCurrentBySim()=false
11-18 12:57:36.766 D/HwCustMobileSignalControllerImpl( 2017): sub =0,strMccMnc =null,hashMccMnc =[],strPlmn =hw_show_4g_to_4_5g_ca
11-18 12:57:36.766 D/HwCustMobileSignalControllerImpl( 2017): isCurrentBySim()=false
11-18 12:57:36.768 I/HwCustMobileSignalControllerImpl( 2017): updateDataType, mDataNetType: 13, isCAstate: false
11-18 12:57:36.768 D/NetWorkUtils( 2017): is3GCalling is false,mCdmaSlot is -1
11-18 12:57:36.769 D/NetWorkUtils( 2017): mVSimCurCardType is -1
11-18 12:57:36.771 D/NetWorkUtils( 2017): is3GCalling is false,mCdmaSlot is -1
11-18 12:57:36.774 D/NetWorkUtils( 2017): mVSimCurCardType is -1
11-18 12:57:36.836 W/libc    ( 6180): Set property "ril.hw_modem0.rssi" to "-78"
11-18 12:57:36.844 W/libc    ( 2168): Set property "gsm.rssi.sim1" to "-78"
11-18 12:57:37.007 W/libc    ( 6180): Set property "ril.hw_modem0.rssi" to "-77"
11-18 12:57:37.010 W/libc    ( 2168): Set property "gsm.rssi.sim1" to "-77"
11-18 12:57:37.134 D/KeyEvent(23826): obtain, mHwFlags=0
11-18 12:57:37.134 D/KeyEvent(23826): obtain, mHwFlags=0
11-18 12:57:37.144 I/EventCenter( 2017): ContentChange for slot: 1
11-18 12:57:37.144 I/EventCenter( 2017): ContentChange for slot: 1
11-18 12:57:37.146 E/[HwRecSys]AppCache( 3043): getIsRportDirectService is false!
11-18 12:57:37.156 D/KeyEvent(23826): obtain, mHwFlags=0
11-18 12:57:37.156 D/KeyEvent(23826): obtain, mHwFlags=0
11-18 12:57:37.156 D/StatusBarIconController( 2017): setIconVisibility icon is null or visibility not change visibility=false
11-18 12:57:37.168 W/libc    ( 6180): Set property "ril.hw_modem0.rssi" to "-78"
11-18 12:57:37.176 W/libc    ( 2168): Set property "gsm.rssi.sim1" to "-78"
11-18 12:57:37.404 I/chatty  ( 3438): uid=10125(u0_a125) com.eyefilter.night expire 9 lines
11-18 12:57:37.412 V/ActivityThread( 3438): ActivityThread,callActivityOnCreate
11-18 12:57:37.420 I/AwareLog(  627): IAWARE_PREREAD_FILE
11-18 12:57:37.421 D/AwareLog(  627): iawared: touch_file  PackageInstaller.odex
11-18 12:57:37.422 D/AwareLog(  627): iawared: touch_file  PackageInstaller.vdex
11-18 12:57:37.422 D/AwareLog(  627): preread_pkgfile com.android.packageinstaller took 1 ms
11-18 12:57:37.422 D/AwareLog(  627): preread_pkgfile com.android.packageinstaller read 1847296 Bytes.
11-18 12:57:37.436 D/ActivityThread( 3438): add activity client record, r= ActivityRecord{3e40a81 token=android.os.BinderProxy@fc75f23 {com.eyefilter.night/com.cootek.colibrow.sharekits.ShareActivity}} token= android.os.BinderProxy@fc75f23
11-18 12:57:37.449 I/chatty  ( 1187): uid=1000(system) Binder:1187_5 expire 16 lines
11-18 12:57:37.456 I/CommandQueue( 2017): updateBarBgColor
11-18 12:57:37.456 D/CommandQueue( 2017): CommandQueue, setBarBackgroundColor
11-18 12:57:37.458 D/TintManager( 2017): statusBarIconTint=#99FFFFFF,navigationBarIconTint=#FF000000
11-18 12:57:37.468 E/AndroidRuntime( 3438): FATAL EXCEPTION: main
11-18 12:57:37.468 E/AndroidRuntime( 3438): Process: com.eyefilter.night, PID: 3438
11-18 12:57:37.468 E/AndroidRuntime( 3438): java.lang.RuntimeException: Failure delivering result ResultInfo{who=@android:requestPermissions:, request=1, result=0, data=null} to activity {com.eyefilter.night/com.cootek.colibrow.sharekits.ShareActivity}: java.lang.ArrayIndexOutOfBoundsException: length=0; index=0
11-18 12:57:37.468 E/AndroidRuntime( 3438): 	at android.app.ActivityThread.deliverResults(ActivityThread.java:4932)
11-18 12:57:37.468 E/AndroidRuntime( 3438): 	at android.app.ActivityThread.handleSendResult(ActivityThread.java:4975)
11-18 12:57:37.468 E/AndroidRuntime( 3438): 	at android.app.ActivityThread.-wrap20(Unknown Source:0)
11-18 12:57:37.468 E/AndroidRuntime( 3438): 	at android.app.ActivityThread$H.handleMessage(ActivityThread.java:1950)
11-18 12:57:37.468 E/AndroidRuntime( 3438): 	at android.os.Handler.dispatchMessage(Handler.java:108)
11-18 12:57:37.468 E/AndroidRuntime( 3438): 	at android.os.Looper.loop(Looper.java:166)
11-18 12:57:37.468 E/AndroidRuntime( 3438): 	at android.app.ActivityThread.main(ActivityThread.java:7425)
11-18 12:57:37.468 E/AndroidRuntime( 3438): 	at java.lang.reflect.Method.invoke(Native Method)
11-18 12:57:37.468 E/AndroidRuntime( 3438): 	at com.android.internal.os.Zygote$MethodAndArgsCaller.run(Zygote.java:245)
11-18 12:57:37.468 E/AndroidRuntime( 3438): 	at com.android.internal.os.ZygoteInit.main(ZygoteInit.java:921)
11-18 12:57:37.468 E/AndroidRuntime( 3438): Caused by: java.lang.ArrayIndexOutOfBoundsException: length=0; index=0
11-18 12:57:37.468 E/AndroidRuntime( 3438): 	at com.cootek.colibrow.sharekits.ShareActivity.onRequestPermissionsResult(SourceFile:296)
11-18 12:57:37.468 E/AndroidRuntime( 3438): 	at android.app.Activity.dispatchRequestPermissionsResult(Activity.java:7843)
11-18 12:57:37.468 E/AndroidRuntime( 3438): 	at android.app.Activity.dispatchActivityResult(Activity.java:7694)
11-18 12:57:37.468 E/AndroidRuntime( 3438): 	at android.app.ActivityThread.deliverResults(ActivityThread.java:4928)
11-18 12:57:37.468 E/AndroidRuntime( 3438): 	... 9 more
11-18 12:57:37.470 E/iMonitor(  634): FaultDetect: DUMPTOOL_PRINTF return.
11-18 12:57:37.471 I/chatty  (  634): uid=0(root) engine identical 8 lines
11-18 12:57:37.473 I/chatty  ( 1187): uid=1000(system) Binder:1187_B expire 10 lines
11-18 12:57:37.509 D/HwRecentsLockUtils( 2017): Search
11-18 12:57:37.509 E/HsmCoreServiceImpl( 1881): onTransact in code is: 103
11-18 12:57:37.509 I/MediaProcessHandler( 1881): playingUids: 
11-18 12:57:37.511 I/chatty  ( 1187): uid=1000(system) Binder:1187_1B expire 15 lines
11-18 12:57:37.521 I/chatty  (16206): uid=10019(u0_a19) GoogleApiHandle expire 2 lines
11-18 12:57:37.548 E/SELinux (  423): avc:  denied  { find } for interface=android.hardware.memtrack::IMemtrack pid=3438 scontext=u:r:untrusted_app:s0:c512,c768 tcontext=u:object_r:hal_memtrack_hwservice:s0 tclass=hwservice_manager
11-18 12:57:37.600 I/chatty  (16206): uid=10019(u0_a19) lowpool[89] expire 26 lines
11-18 12:57:37.643 I/CommandQueue( 2017): updateBarBgColor
11-18 12:57:37.643 D/CommandQueue( 2017): CommandQueue, setBarBackgroundColor
11-18 12:57:37.643 D/TintManager( 2017): statusBarIconTint=#99FFFFFF,navigationBarIconTint=#FF000000
11-18 12:57:37.644 E/TS_Service(  542): hwTsSetAftAlgoOrientation
11-18 12:57:37.644 I/TS_HAL  (  542): ts_set_aft_orientation:called
11-18 12:57:37.644 I/aptouch_daemon, [--aptouch_interface_client--](  542): thp_execute_cmd_parms starting. cmd: aftouch.orientation
11-18 12:57:37.644 I/aptouch_daemon, [--aptouch_interface_client--](  542): thp_get_cs, use vndbinder
11-18 12:57:37.644 D/WeatherHelper( 2017): City info empty
11-18 12:57:37.645 I/aptouch_daemon(  552): get_cmd, =====>>find m_cmd=====>>aftouch.orientation
11-18 12:57:37.645 I/aptouch_daemon(  552): get_cmd, =====>>find m_cmd=====>>aftouch.orientation
11-18 12:57:37.645 I/aptouch_daemon(  552): aft_set_config, aft_set_config---2,1
11-18 12:57:37.645 I/aptouch_daemon(  552): thp_cmd_set_aftouch_config, aftouch_set_config: aft_cfg = 2, value = 1
11-18 12:57:37.645 I/aptouch_daemon(  552): excute_long_cmd, ========>>aftouch.orientation excute done!
11-18 12:57:37.645 D/SurfaceFlinger(  547): setSecureScreenRecShotFlag, value = 4, mask = 4
11-18 12:57:37.645 D/WeatherHelper( 2017): City info empty
11-18 12:57:37.665 I/chatty  ( 1187): uid=1000(system) android.display expire 8 lines
11-18 12:57:37.668 D/emcomd  (  592): [EMCOMD_NET] parse_dns_tlv# ip num is exceed 10
11-18 12:57:37.668 D/emcomd  (  592): [EMCOMD_NET] parse_dns_tlv# ip num is exceed 10
11-18 12:57:37.679 I/HiBoard_LauncherOverlayService(22781): onConfigurationChanged
11-18 12:57:37.680 I/HiBoard_Workspace(22781): updateViewWidth mScreenW = 1920.0
11-18 12:57:37.681 D/HiBoard_Utils(22781): getScreenHeightWidthInch mScreenHeight =1080mScreenWidth =1920mScreenInch =5.864638727449824
11-18 12:57:37.681 E/HiBoard_LauncherOverlayService(22781): IllegalArgumentException, mWorkspace have not attach,errmsg:View=com.huawei.intelligent.ui.view.Workspace{d68f851 V.E...... ......I. 0,0-0,0} not attached to window manager
11-18 12:57:37.687 D/MSG_APP_Mms( 4334): onConfigurationChanged...
11-18 12:57:37.692 E/FontFamily(19553): Error mapping font file /system/fonts/slim.ttf
11-18 12:57:37.692 E/FontsUtils(19553): Create typeface cause a exception!
11-18 12:57:37.692 E/BDLog   ( 2124): BD.FilterImpl:com.android.mms2220 is illLegal
11-18 12:57:37.701 I/chatty  ( 1187): uid=1000(system) ActivityManager expire 1 line
11-18 12:57:37.702 I/MSG_APP_Mms( 4334): Broadcast ACTION_CONFIGURATION_CHANGED received.
11-18 12:57:37.702 E/baidu_asr_interface(  522): asr_baidu_set_parameters_data-not baidu asr
11-18 12:57:37.703 D/PhoneInterfaceManager( 2168): [PhoneIntfMgr] getTetherApnRequired: subId=0 phoneId=0
11-18 12:57:37.703 D/GlobalParamsAdaptor( 2168): waitingForSetupData = false
11-18 12:57:37.703 D/GlobalParamsAdaptor( 2168): IS_PRE_POST_PAY = false
11-18 12:57:37.703 E/baidu_asr_interface(  522): asr_baidu_set_parameters_data-not baidu asr
11-18 12:57:37.705 I/HwLauncher( 3336): Model  onReceive intent=Intent { act=android.intent.action.CONFIGURATION_CHANGED flg=0x70200010 }
11-18 12:57:37.705 I/HwLauncher( 3336): Model  onReceive user=UserHandle{0}
11-18 12:57:37.705 I/HiBoard_IntelligentPKM(22781): receiver action:android.intent.action.CONFIGURATION_CHANGED
11-18 12:57:37.707 I/HwLauncher( 3336): Launcher.Settings  updateIconTitleSize fontSize = 10.5
11-18 12:57:37.709 I/chatty  ( 4502): uid=1000(system) com.android.settings expire 4 lines
11-18 12:57:37.710 D/Tinker.DefaultAppLike(23826): onConfigurationChanged:{1.0 460mcc1mnc [zh_CN_#Hans] ldltr sw360dp w603dp h336dp 480dpi nrml long land finger -keyb/v/h -nav/h appBounds=Rect(0, 0 - 1809, 1080) nonFullScreen=0 suim:1 s.47}
11-18 12:57:37.710 I/wangchen(23826): ImeService.onConfigurationChanged: old portrait true, new config orientation 2, new res orientation 2
11-18 12:57:37.710 I/wangchen(23826): ImeService.onConfigurationChanged: reloadSkin
11-18 12:57:37.711 I/chatty  (  515): uid=1000(system) android.hardwar expire 2 lines
11-18 12:57:37.718 I/GRALLOC (  515): 	 shrFd=54,fmt=0x1,intFmt=0x200000001,btStrd=4352,size=8609792,pid=515 
11-18 12:57:37.718 I/GRALLOC (  515): 	 yuv=2,w=1080,h=1920,Stride u=0 v=0,offset u=0 v=0 
11-18 12:57:37.718 I/GRALLOC (  515): 	 iova_size=8609792,conUsg=0x0,proUsg=0x8000100,	 strd=1088,[afbc]HdrStrd=1088 PyldStrd=70656 Scrmbl=2,ionhnd = 6 
11-18 12:57:37.720 W/libEGL  ( 2017): EGLNativeWindowType 0x7bdfd92010 disconnect failed
11-18 12:57:37.720 I/GRALLOC (  515): 	 shrFd=57,fmt=0x1,intFmt=0x200000001,btStrd=4352,size=8609792,pid=515 
11-18 12:57:37.720 I/GRALLOC (  515): 	 yuv=2,w=1080,h=1920,Stride u=0 v=0,offset u=0 v=0 
11-18 12:57:37.720 I/GRALLOC (  515): 	 iova_size=8609792,conUsg=0x0,proUsg=0x8000100,	 strd=1088,[afbc]HdrStrd=1088 PyldStrd=70656 Scrmbl=2,ionhnd = 7 
11-18 12:57:37.720 D/BarTransitions.HwNavigationBarView( 2017): applyModeBackground oldMode=Unknown mode -1 newMode=MODE_TRANSPARENT animate=false
11-18 12:57:37.720 I/KeymapLoader(23826): appScale=3.3 selfScale=3.3 3.3
11-18 12:57:37.721 D/mali_winsys( 2017): EGLint new_window_surface(egl_winsys_display *, void *, EGLSurface, EGLConfig, egl_winsys_surface **, egl_color_buffer_format *, EGLBoolean) returns 0x3000
11-18 12:57:37.722 E/HwSplitScreenArrowView( 2017):  onAnimationUpdate() View=com.android.systemui.statusbar.policy.HwSplitScreenArrowView{f654584 G.E...... ......ID 0,0-1920,1080} not attached to window manager
11-18 12:57:37.722 I/wangchen(23826): RootCssLoader.<init>: Global.portrait true, res orientation 2
11-18 12:57:37.722 D/OpenGLRenderer( 2017):   HWUI Binary is  enabled
11-18 12:57:37.723 D/HwCust  ( 2017): Create obj success use class android.view.HwCustRenderThreadMonitorImpl
11-18 12:57:37.724 I/GRALLOC (  515): 	 shrFd=61,fmt=0x1,intFmt=0x200000001,btStrd=4352,size=8609792,pid=515 
11-18 12:57:37.724 I/GRALLOC (  515): 	 yuv=2,w=1080,h=1920,Stride u=0 v=0,offset u=0 v=0 
11-18 12:57:37.724 I/GRALLOC (  515): 	 iova_size=8609792,conUsg=0x0,proUsg=0x8000100,	 strd=1088,[afbc]HdrStrd=1088 PyldStrd=70656 Scrmbl=2,ionhnd = 8 
11-18 12:57:37.726 D/OpenGLRenderer( 2017):   HWUI Binary is  enabled
11-18 12:57:37.726 I/GRALLOC (  515): 	 shrFd=74,fmt=0x1,intFmt=0x200000001,btStrd=4352,size=8609792,pid=515 
11-18 12:57:37.726 I/GRALLOC (  515): 	 yuv=2,w=1080,h=1920,Stride u=0 v=0,offset u=0 v=0 
11-18 12:57:37.726 I/GRALLOC (  515): 	 iova_size=8609792,conUsg=0x0,proUsg=0x8000100,	 strd=1088,[afbc]HdrStrd=1088 PyldStrd=70656 Scrmbl=2,ionhnd = 9 
11-18 12:57:37.726 D/HwCust  ( 2017): Create obj success use class android.view.HwCustRenderThreadMonitorImpl
11-18 12:57:37.729 I/chatty  (  514): uid=1000(system) allocator@2.0-s expire 50 lines
11-18 12:57:37.740 D/HwRecentsLockUtils( 2017): Search
11-18 12:57:37.740 E/HsmCoreServiceImpl( 1881): onTransact in code is: 103
11-18 12:57:37.740 I/MediaProcessHandler( 1881): playingUids: 
11-18 12:57:37.741 I/chatty  ( 1187): uid=1000(system) Binder:1187_A expire 17 lines
11-18 12:57:37.744 E/FrameworkListener(  500): read() failed (Connection reset by peer)
11-18 12:57:37.745 D/WeatherHelper( 2017): City info empty
11-18 12:57:37.745 D/WeatherHelper( 2017): City info empty
11-18 12:57:37.746 W/ResourceType( 2017): No known package when getting value for resource number 0xffffffff
11-18 12:57:37.746 E/DateLunarView( 2017): mDateString is: 1118
11-18 12:57:37.749 D/CubicBezierInterpolator( 2017): CubicBezierInterpolator  mControlPoint1x = 0.23, mControlPoint1y = 0.06, mControlPoint2x = 0.09, mControlPoint2y = 0.97
11-18 12:57:37.749 D/CubicBezierInterpolator( 2017): CubicBezierInterpolator  mControlPoint1x = 0.6, mControlPoint1y = 0.9, mControlPoint2x = 0.8, mControlPoint2y = 1.0
11-18 12:57:37.749 D/CubicBezierInterpolator( 2017): CubicBezierInterpolator  mControlPoint1x = 0.23, mControlPoint1y = 0.06, mControlPoint2x = 0.09, mControlPoint2y = 0.97
11-18 12:57:37.749 D/CubicBezierInterpolator( 2017): CubicBezierInterpolator  mControlPoint1x = 0.6, mControlPoint1y = 0.9, mControlPoint2x = 0.8, mControlPoint2y = 1.0
11-18 12:57:37.750 D/TimeKeeper( 2017): getTimeTickInfo:[mMillisUntilFinished:0, mHour:0, mMinute:0, mSecond:0]
11-18 12:57:37.750 E/KeyguardUpdateMonitor( 2017): isSimPinSecure mSimDatas is null or empty 
11-18 12:57:37.750 D/TimeKeeper( 2017): getTimeTickInfo:[mMillisUntilFinished:0, mHour:0, mMinute:0, mSecond:0]
11-18 12:57:37.750 W/LockIcon( 2017): getState 1 <-> 0; fp running false
11-18 12:57:37.751 W/LockIcon( 2017): getHintTextRes isMethodSecure: false  isUserTrustIsManaged false
11-18 12:57:37.751 W/LockIcon( 2017): update state from 1 -->. 1
11-18 12:57:37.751 W/HwKeyguardBottomArea( 2017): updateBatteryInfo : false  true
11-18 12:57:37.751 D/WeatherHelper( 2017): City info empty
11-18 12:57:37.773 I/chatty  ( 1187): uid=1000(system) Binder:1187_19 expire 2 lines
11-18 12:57:37.773 I/chatty  ( 1187): uid=1000(system) Binder:1187_10 expire 1 line
11-18 12:57:37.773 I/chatty  ( 1187): uid=1000(system) ConnectivitySer expire 2 lines
11-18 12:57:37.776 I/chatty  ( 1187): uid=1000(system) Binder:1187_4 expire 4 lines
11-18 12:57:37.777 V/WindowManager( 1187): postWindowRemoveCleanupLocked: Window{85457f8 u0 com.eyefilter.night/com.eyefilter.night.activity.AstigmatismTestActivity}
11-18 12:57:37.777 V/WindowManager( 1187): Removing Window{85457f8 u0 com.eyefilter.night/com.eyefilter.night.activity.AstigmatismTestActivity} from AppWindowToken{3d82cc8 token=Token{e64e96b ActivityRecord{4dff6ba u0 com.eyefilter.night/.activity.AstigmatismTestActivity t110}}}
11-18 12:57:37.778 I/WindowManager( 1187): WIN DEATH: Window{9728bbe u0 com.eyefilter.night/com.eyefilter.night.activity.MainFilterActivity}
11-18 12:57:37.778 V/WindowManager( 1187): removeIfPossible: Window{9728bbe u0 com.eyefilter.night/com.eyefilter.night.activity.MainFilterActivity} callers=com.android.server.wm.WindowState.-wrap1:0 com.android.server.wm.WindowState$DeathRecipient.binderDied:2481 android.os.BinderProxy.sendDeathNotice:840 <bottom of call stack> <bottom of call stack> 
11-18 12:57:37.778 V/WindowManager( 1187): postWindowRemoveCleanupLocked: Window{9728bbe u0 com.eyefilter.night/com.eyefilter.night.activity.MainFilterActivity}
11-18 12:57:37.779 V/WindowManager( 1187): Removing Window{9728bbe u0 com.eyefilter.night/com.eyefilter.night.activity.MainFilterActivity} from AppWindowToken{ec4d8c5 token=Token{f7b033c ActivityRecord{254012f u0 com.eyefilter.night/.activity.MainFilterActivity t110}}}
11-18 12:57:37.780 I/WindowManager( 1187): WIN DEATH: Window{a2a17b7 u0 com.eyefilter.night/com.cootek.tark.windmill.LuckyWindmillLoadActivity}
11-18 12:57:37.781 V/WindowManager( 1187): removeIfPossible: Window{a2a17b7 u0 com.eyefilter.night/com.cootek.tark.windmill.LuckyWindmillLoadActivity} callers=com.android.server.wm.WindowState.-wrap1:0 com.android.server.wm.WindowState$DeathRecipient.binderDied:2481 android.os.BinderProxy.sendDeathNotice:840 <bottom of call stack> <bottom of call stack> 
11-18 12:57:37.781 V/WindowManager( 1187): postWindowRemoveCleanupLocked: Window{a2a17b7 u0 com.eyefilter.night/com.cootek.tark.windmill.LuckyWindmillLoadActivity}
11-18 12:57:37.781 V/WindowManager( 1187): Removing Window{a2a17b7 u0 com.eyefilter.night/com.cootek.tark.windmill.LuckyWindmillLoadActivity} from AppWindowToken{608ae71 token=Token{3af3418 ActivityRecord{ac13bfb u0 com.eyefilter.night/com.cootek.tark.windmill.LuckyWindmillLoadActivity t111}}}
11-18 12:57:37.783 I/WindowManager( 1187): orientation change is complete, call stopFreezingDisplayLocked
11-18 12:57:37.783 I/WindowManager( 1187): Screen frozen for +139ms due to Window{aa37a9f u0 StatusBar}
11-18 12:57:37.783 I/chatty  ( 1187): uid=1000(system) android.anim expire 21 lines
11-18 12:57:37.785 E/HsmCoreServiceImpl( 1881): onTransact in code is: 102
11-18 12:57:37.785 I/MediaProcessHandler( 1881): processOp opType: 1, uid: 10125, pid: 3438
11-18 12:57:37.786 W/MediaProcessHandler( 1881): remove target not exist, maybe the UI process: uid: 10125, pid: 3438
11-18 12:57:37.786 I/MediaProcessHandler( 1881): executedCallBack opType: 1 mMediaStatusObservers.size=0
11-18 12:57:37.786 I/chatty  ( 1187): uid=1000(system) sManagerService expire 9 lines
11-18 12:57:37.788 V/WindowManager( 1187): Adding Window{cddf796 u0 DividerMenusView} to WindowToken{ff64f17 android.os.BinderProxy@1b706b1}
11-18 12:57:37.789 V/WindowManager( 1187): addWindow: New client android.os.BinderProxy@1b706b1: window=Window{cddf796 u0 DividerMenusView} Callers=com.android.server.wm.HwWindowManagerService.addWindow:574 com.android.server.wm.Session.addToDisplay:199 android.view.IWindowSession$Stub.onTransact:124 com.android.server.wm.Session.onTransact:161 android.os.Binder.execTransact:675 
11-18 12:57:37.789 V/WindowManager( 1187): removeAppToken: AppWindowToken{1eb5d29 token=Token{d790ab0 ActivityRecord{3386df3 u0 com.eyefilter.night/com.cootek.colibrow.sharekits.ShareActivity t110}}} delayed=false Callers=com.android.server.wm.DisplayContent.removeAppToken:994 com.android.server.wm.AppWindowContainerController.removeContainer:355 com.android.server.am.ActivityRecord.removeWindowContainer:1041 com.android.server.am.ActivityStack.removeActivityFromHistoryLocked:4486 
11-18 12:57:37.789 V/WindowManager( 1187): removeAppToken: AppWindowToken{3d82cc8 token=Token{e64e96b ActivityRecord{4dff6ba u0 com.eyefilter.night/.activity.AstigmatismTestActivity t110}}} delayed=false Callers=com.android.server.wm.DisplayContent.removeAppToken:994 com.android.server.wm.AppWindowContainerController.removeContainer:355 com.android.server.am.ActivityRecord.removeWindowContainer:1041 com.android.server.am.ActivityStack.removeActivityFromHistoryLocked:4486 
11-18 12:57:37.790 V/ActivityManager( 1187): startProcess: name=com.eyefilter.night app=null knownToBeDead=true thread=null pid=-1
11-18 12:57:37.791 V/WindowManager( 1187): Adding Window{79f722 u0 DockedStackDivider} to WindowToken{386c5b3 android.os.BinderProxy@6045ced}
11-18 12:57:37.791 V/WindowManager( 1187): addWindow: New client android.os.BinderProxy@6045ced: window=Window{79f722 u0 DockedStackDivider} Callers=com.android.server.wm.HwWindowManagerService.addWindow:574 com.android.server.wm.Session.addToDisplay:199 android.view.IWindowSession$Stub.onTransact:124 com.android.server.wm.Session.onTransact:161 android.os.Binder.execTransact:675 
11-18 12:57:37.796 V/WindowManager( 1187): Adding Window{963488 u0 Splash Screen com.eyefilter.night} to AppWindowToken{ec4d8c5 token=Token{f7b033c ActivityRecord{254012f u0 com.eyefilter.night/.activity.MainFilterActivity t110}}}
11-18 12:57:37.797 V/WindowManager( 1187): addWindow: New client android.view.ViewRootImpl$W@3b382b: window=Window{963488 u0 Splash Screen com.eyefilter.night} Callers=com.android.server.wm.HwWindowManagerService.addWindow:574 com.android.server.wm.Session.addToDisplay:199 android.view.ViewRootImpl.setView:845 android.view.WindowManagerGlobal.addView:372 android.view.WindowManagerImpl.addView:128 
11-18 12:57:37.800 I/ActivityManager( 1187): Start proc 4423:com.eyefilter.night/u0a125 for activity com.eyefilter.night/.activity.MainFilterActivity
11-18 12:57:37.800 I/        ( 4423): power log dlsym ok
11-18 12:57:37.801 V/WindowManager( 1187): No longer Stopped: AppWindowToken{ec4d8c5 token=Token{f7b033c ActivityRecord{254012f u0 com.eyefilter.night/.activity.MainFilterActivity t110}}}
11-18 12:57:37.801 V/ActivityManager( 1187): startProcess: name=com.eyefilter.night app=ProcessRecord{ac2df04 4423:com.eyefilter.night/u0a125} knownToBeDead=true thread=null pid=4423
11-18 12:57:37.802 D/OpenGLRenderer( 2017):   HWUI Binary is  enabled
11-18 12:57:37.802 D/HwCust  ( 2017): Create obj success use class android.view.HwCustRenderThreadMonitorImpl
11-18 12:57:37.803 I/chatty  ( 4423): uid=10125(u0_a125) com.eyefilter.night expire 429 lines
11-18 12:57:37.803 V/WindowManager( 1187): Adding Window{b217246 u0 AssistPreviewPanel} to WindowToken{6332c07 android.os.BinderProxy@d25fe21}
11-18 12:57:37.804 V/WindowManager( 1187): addWindow: New client android.os.BinderProxy@d25fe21: window=Window{b217246 u0 AssistPreviewPanel} Callers=com.android.server.wm.HwWindowManagerService.addWindow:574 com.android.server.wm.Session.addToDisplay:199 android.view.IWindowSession$Stub.onTransact:124 com.android.server.wm.Session.onTransact:161 android.os.Binder.execTransact:675 
11-18 12:57:37.810 D/ActivityThread( 4423): ActivityThread,attachApplication
11-18 12:57:37.812 W/ActivityManager( 1187): setHasOverlayUi called on unknown pid: 3438
11-18 12:57:37.813 D/ActivityManager( 1187): ActivityManagerService,attachApplication,callingPid = 4423
11-18 12:57:37.817 V/WindowManager( 1187): No longer Stopped: AppWindowToken{ec4d8c5 token=Token{f7b033c ActivityRecord{254012f u0 com.eyefilter.night/.activity.MainFilterActivity t110}}}
11-18 12:57:37.822 V/WindowManager( 1187): Checking 1 opening apps (frozen=false timeout=false)...
11-18 12:57:37.822 I/WindowManager( 1187): rotationForOrientationLw(orient=1, last=1); user=1 USER_ROTATION_LOCKED
11-18 12:57:37.822 D/HwPhoneWindowManager( 1187): face_rotation: not enabled,use sensor real
11-18 12:57:37.822 D/HwPhoneWindowManager( 1187): face_rotation:real sensor rotation = -1
11-18 12:57:37.822 D/HwPhoneWindowManager( 1187): face_rotation: rotation = 1
11-18 12:57:37.823 W/WindowManager( 1187): EGLdebug Created surface WindowStateAnimator{1c35b5d Splash Screen com.eyefilter.night}
11-18 12:57:37.825 D/HwGameAssistantController( 1187): pid=4423, uid=10125, foreground=true
11-18 12:57:37.827 W//system/bin/hwservicemanager(  423): Cannot open /odm/manifest.xml
11-18 12:57:37.828 I/HwNetworkPolicy( 1187): onTransact, code = 203
11-18 12:57:37.828 I/HwNetworkPolicyManager( 1959): getHwUidPolicy uid = 10125 policy = 0
11-18 12:57:37.829 I/HwAudioService( 1187): now type = 15,reportForegroundAppType = 15,systemload = 15
11-18 12:57:37.829 I/ActivityManager( 1187): Killing 5813:com.android.printspooler/u0a88 (adj 906): empty for 1821s
11-18 12:57:37.840 V/WindowManager( 1187): Checking 1 opening apps (frozen=false timeout=false)...
11-18 12:57:37.841 I/WindowManager( 1187): rotationForOrientationLw(orient=1, last=1); user=1 USER_ROTATION_LOCKED
11-18 12:57:37.841 D/HwPhoneWindowManager( 1187): face_rotation: not enabled,use sensor real
11-18 12:57:37.841 D/HwPhoneWindowManager( 1187): face_rotation:real sensor rotation = -1
11-18 12:57:37.841 D/HwPhoneWindowManager( 1187): face_rotation: rotation = 1
