11-18 12:56:56.453 E/9.0.4.304-1018-16:30-DataSrv--9.0.4.304-O-1018-16:30-FenceCache(28354): fenceData is null !
11-18 12:56:56.453 W/AlarmManager(28354): Unrecognized alarm listener o.wv$c@3a0ce94
11-18 12:56:56.454 I/9.0.4.304-1018-16:30-DataSrv--9.0.4.304-O-1018-16:30-GeoStateMachine-GeoBaseState(28354): process message: 1current state: GeneralState
11-18 12:56:56.455 I/chatty  ( 1187): uid=1000(system) Binder:1187_1 expire 7 lines
11-18 12:56:56.455 I/9.0.4.304-1018-16:30-DataSrv--9.0.4.304-O-1018-16:30-VSimCommonTimer(28354): requestAlarmManagerTimer set Timer success :GeneratePolicyRunner_COLLECT_REPEAT_TAG to be triggerred after 900000 millis.
11-18 12:56:56.459 E/9.0.4.304-1018-16:30-DataSrv--9.0.4.304-O-1018-16:30-VSimTripleCardInterface(28354): subId is invalid, mode: 0
11-18 12:56:56.459 E/9.0.4.304-1018-16:30-DataSrv--9.0.4.304-O-1018-16:30-VSimUtils(28354): vsim subId is illegal:-1
11-18 12:56:56.459 W/9.0.4.304-1018-16:30-DataSrv--9.0.4.304-O-1018-16:30-Utils(28354): plmn is null.
11-18 12:56:56.459 E/9.0.4.304-1018-16:30-DataSrv--9.0.4.304-O-1018-16:30-CoverageMgr(28354): getMasterMcc, input mcc is empty.
11-18 12:56:56.485 I/9.0.4.304-1018-16:30-DataSrv--9.0.4.304-O-1018-16:30-ReportRecorder(28354): locationInfo's fenceId is invalid, take last fenceId.
11-18 12:56:56.486 I/9.0.4.304-1018-16:30-DataSrv--9.0.4.304-O-1018-16:30-ReportRecorder(28354): there is no valid fenceId, discard.
11-18 12:56:56.487 I/9.0.4.304-1018-16:30-DataSrv--9.0.4.304-O-1018-16:30-GeoStateMachine(28354): To new Fence. Type: -1
11-18 12:56:56.487 I/9.0.4.304-1018-16:30-DataSrv--9.0.4.304-O-1018-16:30-GeoLocationHistory(28354): currentStableType: -1
11-18 12:56:56.487 I/9.0.4.304-1018-16:30-DataSrv--9.0.4.304-O-1018-16:30-GeoLocationHistory(28354): isEnableBayesianClassification: false
11-18 12:56:56.487 I/9.0.4.304-1018-16:30-DataSrv--9.0.4.304-O-1018-16:30-GeoStateMachine(28354): Publish new fence event. Type: -1
11-18 12:56:56.487 I/9.0.4.304-1018-16:30-DataSrv--9.0.4.304-O-1018-16:30-FenceEvent(28354): Public new FenceEvent: FenceEvent{fenceType=-1, timestamp=1542517016487, expireTime=1542517916487, cityCode='null', mcc='null', toMcc='null', fenceId=-1, targetFenceId=[-1], isOutbound=false, strictMode=true}
11-18 12:56:56.487 I/9.0.4.304-1018-16:30-DataSrv--9.0.4.304-O-1018-16:30-GeoStateMachine(28354): set fenceEvent strict mode true
11-18 12:56:56.488 I/9.0.4.304-1018-16:30-DataSrv--9.0.4.304-O-1018-16:30-FastSmartExecuteFlow(28354): event: FenceEvent{fenceType=-1, timestamp=1542517016487, expireTime=1542517916487, cityCode='null', mcc='null', toMcc='null', fenceId=-1, targetFenceId=[-1], isOutbound=false, strictMode=true}
11-18 12:56:56.488 I/9.0.4.304-1018-16:30-DataSrv--9.0.4.304-O-1018-16:30-FastSmartExecuteFlow(28354): onFenceEvent, not port type.
11-18 12:56:56.488 I/9.0.4.304-1018-16:30-DataSrv--9.0.4.304-O-1018-16:30-FeatureDataFlow(28354): event: FenceEvent{fenceType=-1, timestamp=1542517016487, expireTime=1542517916487, cityCode='null', mcc='null', toMcc='null', fenceId=-1, targetFenceId=[-1], isOutbound=false, strictMode=true}
11-18 12:56:56.488 I/9.0.4.304-1018-16:30-DataSrv--9.0.4.304-O-1018-16:30-FeatureDataFlow(28354): onFenceEvent, not PORT_GUARDIAN or PORT type.
11-18 12:56:56.488 I/9.0.4.304-1018-16:30-DataSrv--9.0.4.304-O-1018-16:30-FeatureDataFlow(28354): onFenceEvent, fenceIds is invaild.
11-18 12:56:56.488 I/9.0.4.304-1018-16:30-DataSrv--9.0.4.304-O-1018-16:30-GeoFenceProcessor(28354): doProcess.-1
11-18 12:56:56.488 W/9.0.4.304-1018-16:30-DataSrv--9.0.4.304-O-1018-16:30-GeoFenceProcessor(28354): [LeaveFence] event was discarded for there is no matched [GeoFence] event.
11-18 12:56:56.488 I/9.0.4.304-1018-16:30-DataSrv--9.0.4.304-O-1018-16:30-GeoFenceProcessor(28354): do geoFenceProcess not strictly.
11-18 12:56:56.488 I/9.0.4.304-1018-16:30-DataSrv--9.0.4.304-O-1018-16:30-LocationSpManager(28354): no any data in sp.
11-18 12:56:56.490 I/9.0.4.304-1018-16:30-DataSrv--9.0.4.304-O-1018-16:30-GeoStateMachine-GeoBaseState(28354): process message: 7current state: GeneralState
11-18 12:56:56.539 D/KeyEvent(23826): obtain, mHwFlags=0
11-18 12:56:56.543 I/chatty  ( 1187): uid=1000(system) AudioService expire 2 lines
11-18 12:56:56.545 D/KeyEvent(23826): obtain, mHwFlags=0
11-18 12:56:56.550 I/chatty  ( 2017): uid=10027(u0_a27) RenderThread expire 20 lines
11-18 12:56:56.777 I/audio_hw_primary(  522): usb_ext_get_parameters: check show hires (false)
11-18 12:56:56.777 I/hash_map_utils(  607): key: 'typec_need_show_hires' value: ''
11-18 12:56:56.968 D/KeyEvent(23826): obtain, mHwFlags=0
11-18 12:56:56.976 D/KeyEvent(23826): obtain, mHwFlags=0
11-18 12:56:57.149 I/chatty  ( 1187): uid=1000(system) watchdog expire 1 line
11-18 12:56:57.153 I/chatty  ( 1187): uid=1000(system) android.fg expire 5 lines
11-18 12:56:57.626 E/Thermal-daemon(  622): [ap] temp_new :43  temp_old :45
11-18 12:56:57.628 E/Thermal-daemon(  622): Report temperature: [ap] temp :43  report_threshold:1
11-18 12:56:57.802 I/chatty  ( 1187): uid=1000(system) Binder:1187_1 expire 18 lines
11-18 12:56:57.828 I/chatty  ( 1187): uid=1000(system) Binder:1187_1C expire 37 lines
11-18 12:56:57.835 I/Pged-IPgedBinderService(  627): ****action is 1, pid num is 4***
11-18 12:56:57.835 I/Pged-Freezer(  627): freezePids
11-18 12:56:57.835 I/Pged-Freezer(  627): Freeze process: 3855
11-18 12:56:57.835 I/Pged-Freezer(  627): Freeze process: 31009
11-18 12:56:57.836 I/Pged-Freezer(  627): Freeze process: 29326
11-18 12:56:58.448 W/libc    ( 6180): Set property "ril.hw_modem0.rssi" to "-78"
11-18 12:56:58.455 I/chatty  ( 2017): uid=10027(u0_a27) SystemUI_subThr expire 26 lines
11-18 12:56:58.527 W/libc    ( 6180): Set property "ril.hw_modem0.rssi" to "-78"
11-18 12:56:58.607 W/libc    ( 6180): Set property "ril.hw_modem0.rssi" to "-78"
11-18 12:56:58.607 I/chatty  ( 2017): uid=10027(u0_a27) com.android.systemui expire 332 lines
11-18 12:56:58.767 W/libc    ( 6180): Set property "ril.hw_modem0.rssi" to "-78"
11-18 12:56:58.870 I/chatty  (  542): uid=1000(system) /vendor/bin/hw/vendor.huawei.hardware.tp@1.0-service expire 11 lines
11-18 12:56:58.871 I/aptouch_daemon(  552): get_cmd, =====>>find m_cmd=====>>aftouch.orientation
11-18 12:56:58.871 I/aptouch_daemon(  552): get_cmd, =====>>find m_cmd=====>>aftouch.orientation
11-18 12:56:58.871 I/aptouch_daemon(  552): aft_set_config, aft_set_config---2,2
11-18 12:56:58.871 I/aptouch_daemon(  552): thp_cmd_set_aftouch_config, aftouch_set_config: aft_cfg = 2, value = 2
11-18 12:56:58.872 I/aptouch_daemon(  552): excute_long_cmd, ========>>aftouch.orientation excute done!
11-18 12:56:58.873 D/SurfaceFlinger(  547): setSecureScreenRecShotFlag, value = 4, mask = 4
11-18 12:56:58.909 D/Index   ( 4502): Deleting data for locale 'zh_CN_#Hans' took 4 millis
11-18 12:56:58.911 V/SQLiteDatabase( 4502): triggerBuildingIndex(): invalid id, return.
11-18 12:56:58.912 V/SQLiteDatabase( 4502): triggerBuildingIndex(): invalid id, return.
11-18 12:56:58.915 D/Index   ( 4502): Indexing locale 'zh_CN_#Hans' took 6 millis
11-18 12:56:58.931 I/chatty  ( 1187): uid=1000(system) Binder:1187_11 expire 4 lines
11-18 12:56:58.945 I/chatty  ( 1187): uid=1000(system) android.anim expire 9 lines
11-18 12:56:58.945 I/chatty  ( 1187): uid=1000(system) android.anim expire 19 lines
11-18 12:56:59.327 W/libc    ( 6180): Set property "ril.hw_modem0.rssi" to "-78"
11-18 12:56:59.338 I/Pged-IPgedBinderService(  627): ****action is 2, pid num is 4***
11-18 12:56:59.338 I/Pged-Freezer(  627): thawPids
11-18 12:56:59.709 D/KeyEvent(23826): obtain, mHwFlags=0
11-18 12:56:59.715 D/KeyEvent(23826): obtain, mHwFlags=0
11-18 12:56:59.808 W/libc    ( 6180): Set property "ril.hw_modem0.rssi" to "-78"
11-18 12:57:00.047 W/libc    ( 6180): Set property "ril.hw_modem0.rssi" to "-78"
11-18 12:57:00.050 I/HwLauncher( 3336): Model  onReceive intent=Intent { act=android.intent.action.TIME_TICK flg=0x50200014 hwFlg=0x900 (has extras) }
11-18 12:57:00.050 I/HwLauncher( 3336): Model  onReceive user=UserHandle{0}
11-18 12:57:00.081 I/[HwRecSys]TimerController( 3043): onMinuteChange requestWeather
11-18 12:57:00.114 I/Step_LSC(20120): 90003362|processHandleBroadcastAction action:android.intent.action.TIME_TICK
11-18 12:57:00.127 W/libc    ( 6180): Set property "ril.hw_modem0.rssi" to "-78"
11-18 12:57:00.132 I/Step_SPUtils(20120): 90003362|setAliveRecord  success: timestampArg=1542517020115 elapsedRealtimeArg=149194383
11-18 12:57:00.447 W/libc    ( 6180): Set property "ril.hw_modem0.rssi" to "-78"
11-18 12:57:00.528 W/libc    ( 6180): Set property "ril.hw_modem0.rssi" to "-78"
11-18 12:57:00.687 W/libc    ( 6180): Set property "ril.hw_modem0.rssi" to "-78"
11-18 12:57:00.837 W/libc    ( 6180): Set property "ril.hw_modem0.rssi" to "-78"
11-18 12:57:01.034 I/chatty  (  514): uid=1000(system) allocator@2.0-s expire 19 lines
11-18 12:57:01.443 I/chatty  ( 3438): uid=10125(u0_a125) com.eyefilter.night expire 128 lines
11-18 12:57:01.443 D/KeyEvent(23826): obtain, mHwFlags=0
11-18 12:57:01.453 D/KeyEvent(23826): obtain, mHwFlags=0
11-18 12:57:01.635 W/libc    ( 6180): Set property "ril.hw_modem0.rssi" to "-78"
11-18 12:57:01.647 W/libc    ( 6180): Set property "ril.hw_modem0.rssi" to "-77"
11-18 12:57:01.661 W/libc    ( 2168): Set property "gsm.rssi.sim1" to "-77"
11-18 12:57:01.662 I/chatty  (18074): uid=2000(shell) com.android.commands.monkey expire 90 lines
11-18 12:57:01.908 D/KeyEvent(23826): obtain, mHwFlags=0
11-18 12:57:01.931 I/chatty  (23826): uid=10054(u0_a54) com.baidu.input_huawei identical 14 lines
11-18 12:57:01.931 D/KeyEvent(23826): obtain, mHwFlags=0
11-18 12:57:01.954 I/wangchen(23826): SysInfo.getSysParam: orientation=1||config d=3.0,w=1080,h=1808||metrics d=3.0,w=1080,h=1808||sdk=26,bar_h=72
11-18 12:57:01.954 I/KeymapLoader(23826): w=1080 h=1808 ori=true appScale=3.3 s1=3.0
11-18 12:57:01.967 W/libc    ( 6180): Set property "ril.hw_modem0.rssi" to "-78"
11-18 12:57:01.978 W/libc    ( 2168): Set property "gsm.rssi.sim1" to "-78"
11-18 12:57:01.987 I/chatty  ( 1187): uid=1000 system_server expire 22 lines
11-18 12:57:02.128 W/libc    ( 6180): Set property "ril.hw_modem0.rssi" to "-78"
11-18 12:57:02.435 W/libc    ( 6180): Set property "ril.hw_modem0.rssi" to "-78"
11-18 12:57:02.447 W/libc    ( 6180): Set property "ril.hw_modem0.rssi" to "-78"
11-18 12:57:02.624 D/LogUtil_LogConfig(20120): getLogFile(): logFilePath = /data/data/com.huawei.health/files/com.huawei.health/com.huawei.health_DaemonService/
11-18 12:57:02.624 D/LogUtil_LogConfig(20120): obtainSavePath(): path = 1
11-18 12:57:02.625 D/LogUtil_LogConfig(20120): acquireMaxLogFileLengthContainsOffset describe: com.huawei.health:DaemonService result:5242880
11-18 12:57:02.625 D/LogUtil_LogConfig(20120): getLogFileRoot(): logFilePath = /data/data/com.huawei.health/files/com.huawei.health/com.huawei.health_DaemonService/
11-18 12:57:02.631 E/Thermal-daemon(  622): [ap] temp_new :42  temp_old :43
11-18 12:57:02.632 I/chatty  ( 2153): uid=1000(system) Binder:2153_2 expire 7 lines
11-18 12:57:02.632 E/Thermal-daemon(  622): Report temperature: [ap] temp :42  report_threshold:1
11-18 12:57:02.633 I/chatty  ( 2153): uid=1000(system) thermal-core-th expire 12 lines
11-18 12:57:02.756 I/chatty  ( 1187): uid=1000(system) Binder:1187_16 expire 16 lines
11-18 12:57:02.762 D/KeyEvent(23826): obtain, mHwFlags=0
11-18 12:57:02.768 D/KeyEvent(23826): obtain, mHwFlags=0
11-18 12:57:02.784 I/wangchen(23826): SysInfo.getSysParam: orientation=1||config d=3.0,w=1080,h=1808||metrics d=3.0,w=1080,h=1808||sdk=26,bar_h=72
11-18 12:57:02.784 I/KeymapLoader(23826): w=1080 h=1808 ori=true appScale=3.3 s1=3.0
11-18 12:57:02.988 E/BDLog   ( 2124): BD.FilterImpl:com.android.systemui 39 times= 100 over threshold
11-18 12:57:02.988 E/BDLog   ( 2124): BD.FilterImpl:com.android.systemui39 is illLegal
11-18 12:57:03.070 I/chatty  ( 3438): uid=10125(u0_a125) com.eyefilter.night expire 37 lines
11-18 12:57:03.247 W/libc    ( 6180): Set property "ril.hw_modem0.rssi" to "-78"
11-18 12:57:03.327 W/libc    ( 6180): Set property "ril.hw_modem0.rssi" to "-78"
11-18 12:57:03.615 I/Pged-IPgedBinderService(  627): ****action is 1, pid num is 4***
11-18 12:57:03.615 I/Pged-Freezer(  627): freezePids
11-18 12:57:03.615 I/Pged-Freezer(  627): Freeze process: 3855
11-18 12:57:03.615 I/Pged-Freezer(  627): Freeze process: 31009
11-18 12:57:03.615 I/Pged-Freezer(  627): Freeze process: 29326
11-18 12:57:03.887 W/libc    ( 6180): Set property "ril.hw_modem0.rssi" to "-78"
11-18 12:57:03.901 I/chatty  (11454): uid=10125(u0_a125) Timer-0 expire 43 lines
11-18 12:57:03.984 W/libc    ( 6180): Set property "ril.hw_modem0.rssi" to "-78"
11-18 12:57:04.408 I/chatty  ( 2153): uid=1000(system) core expire 17 lines
11-18 12:57:04.527 W/libc    ( 6180): Set property "ril.hw_modem0.rssi" to "-78"
11-18 12:57:04.687 W/libc    ( 6180): Set property "ril.hw_modem0.rssi" to "-78"
11-18 12:57:04.882 D/KeyEvent(23826): obtain, mHwFlags=0
11-18 12:57:04.882 D/KeyEvent(23826): obtain, mHwFlags=0
11-18 12:57:04.883 D/KeyEvent(23826): obtain, mHwFlags=0
11-18 12:57:04.883 D/KeyEvent(23826): obtain, mHwFlags=0
11-18 12:57:04.884 D/KeyEvent(23826): obtain, mHwFlags=0
11-18 12:57:04.886 D/KeyEvent(23826): obtain, mHwFlags=0
11-18 12:57:05.119 I/Pged-IPgedBinderService(  627): ****action is 2, pid num is 4***
11-18 12:57:05.120 I/Pged-Freezer(  627): thawPids
11-18 12:57:05.520 D/KeyEvent(23826): obtain, mHwFlags=0
11-18 12:57:05.525 D/KeyEvent(23826): obtain, mHwFlags=0
11-18 12:57:06.156 I/chatty  ( 1187): uid=1000(system) Binder:1187_15 expire 16 lines
11-18 12:57:06.165 D/KeyEvent(23826): obtain, mHwFlags=0
11-18 12:57:06.175 D/KeyEvent(23826): obtain, mHwFlags=0
11-18 12:57:06.639 I/chatty  ( 2017): uid=10027(u0_a27) PhoneStatusBar expire 10 lines
11-18 12:57:06.902 I/chatty  (16997): uid=10019(u0_a19) Measurement Wor expire 256 lines
11-18 12:57:06.915 I/wangchen(23826): SysInfo.getSysParam: orientation=1||config d=3.0,w=1080,h=1808||metrics d=3.0,w=1080,h=1808||sdk=26,bar_h=72
11-18 12:57:06.915 I/KeymapLoader(23826): w=1080 h=1808 ori=true appScale=3.3 s1=3.0
11-18 12:57:06.916 I/chatty  ( 3438): uid=10125(u0_a125) com.eyefilter.night expire 14 lines
11-18 12:57:06.935 I/chatty  (16206): uid=10019(u0_a19) lowpool[88] expire 15 lines
11-18 12:57:06.943 I/chatty  (16206): uid=10019(u0_a19) netscheduler-qu expire 18 lines
11-18 12:57:06.944 I/chatty  ( 1187): uid=1000(system) Binder:1187_14 expire 51 lines
11-18 12:57:06.945 D/PhoneInterfaceManager( 2168): [PhoneIntfMgr] getDataEnabled: subId=0 phoneId=0
11-18 12:57:06.945 D/PhoneInterfaceManager( 2168): [PhoneIntfMgr] getDataEnabled: subId=0 retVal=true
11-18 12:57:06.956 I/chatty  ( 1187): uid=1000(system) Binder:1187_1C expire 22 lines
11-18 12:57:06.966 I/        ( 4309): power log dlsym ok
11-18 12:57:06.967 E//system/bin/webview_zygote32( 4309): failed to make and chown /acct/uid_99161: Permission denied
11-18 12:57:06.967 E/Zygote  ( 4309): createProcessGroup(99161, 0) failed: Permission denied
11-18 12:57:06.968 I//system/bin/webview_zygote32( 4309): Reinit property: dalvik.vm.checkjni= false
11-18 12:57:06.975 W/re-initialized>( 4309): type=1400 audit(0.0:1186): avc: denied { read } for name="u:object_r:mmi_prop:s0" dev="tmpfs" ino=4571 scontext=u:r:isolated_app:s0:c512,c768 tcontext=u:object_r:mmi_prop:s0 tclass=file permissive=0
11-18 12:57:06.978 I/SamplingProfilerIntegration( 4309): Profiling disabled.
11-18 12:57:06.979 E/libc    ( 4309): Access denied finding property "runtime.mmitest.isrunning"
11-18 12:57:06.982 D/ActivityThread( 4309): ActivityThread,attachApplication
11-18 12:57:06.982 I/chatty  ( 1187): uid=1000(system) Binder:1187_11 expire 7 lines
11-18 12:57:06.985 I/chatty  ( 1187): uid=1000(system) Binder:1187_16 expire 6 lines
11-18 12:57:06.991 W//system/bin/hwservicemanager(  423): Cannot open /odm/manifest.xml
11-18 12:57:06.992 I/chatty  ( 1187): uid=1000(system) Binder:1187_11 expire 5 lines
11-18 12:57:07.000 I/HwCust  ( 4309): Constructor found for class android.app.HwCustApplicationPackageManagerImpl
11-18 12:57:07.000 D/HwCust  ( 4309): Create obj success use class android.app.HwCustApplicationPackageManagerImpl
11-18 12:57:07.008 I/chatty  ( 1187): uid=1000(system) Binder:1187_1 expire 8 lines
11-18 12:57:07.008 E/ServiceManager(  422): try to find service failed, not allowed access from isolated processes.
11-18 12:57:07.011 W//system/bin/hwservicemanager(  423): Cannot open /odm/manifest.xml
11-18 12:57:07.011 I/chatty  (16997): uid=10019(u0_a19) com.google.android.gms expire 2 lines
11-18 12:57:07.015 D/HwFLClassLoader( 4309): USE_FEATURE_LIST had not init! 
11-18 12:57:07.016 I/chatty  ( 1187): uid=1000(system) Binder:1187_14 expire 6 lines
11-18 12:57:07.020 I/chatty  ( 1187): uid=1000(system) Binder:1187_F expire 1 line
11-18 12:57:07.024 E/asset   ( 4309): createFromFile(): lock file /data/resource-cache/product@overlay@frameworkResOverlay.apk@idmap.
11-18 12:57:07.027 E/BDLog   ( 2124): BD.FilterImpl:com.android.systemui 39 times= 100 over threshold
11-18 12:57:07.027 E/BDLog   ( 2124): BD.FilterImpl:com.android.systemui39 is illLegal
11-18 12:57:07.028 E/asset   ( 4332): setgid: Operation not permitted
11-18 12:57:07.046 E/EasyInvokeUtils( 4309): no target fieldName
11-18 12:57:07.047 I/chatty  ( 4309): uid=99161(u0_i161) identical 6 lines
11-18 12:57:07.047 E/EasyInvokeUtils( 4309): no target fieldName
11-18 12:57:07.053 E/ServiceManager(  422): try to find service failed, not allowed access from isolated processes.
11-18 12:57:07.054 I/LoadedApk( 4309): No resource references to update in package com.google.android.webview
11-18 12:57:07.054 E/MemoryLeakMonitorManager( 4309): MemoryLeakMonitor.jar is not exist!
11-18 12:57:07.055 I/chatty  ( 1187): uid=1000(system) Binder:1187_15 expire 26 lines
11-18 12:57:07.087 W/libc    ( 6180): Set property "ril.hw_modem0.rssi" to "-78"
11-18 12:57:07.103 E/Minikin ( 4309): Could not get cmap table size!
11-18 12:57:07.105 I/cr_ChildProcessService( 4309): Creating new ChildProcessService pid=4309
11-18 12:57:07.106 I/chatty  (16206): uid=10019(u0_a19) com.google.android.gms.persistent expire 10 lines
11-18 12:57:07.135 I/cr_LibraryLoader( 4309): Time to load native libraries: 0 ms (timestamps 5527-5527)
11-18 12:57:07.136 I/chromium( 4309): [INFO:library_loader_hooks.cc(36)] Chromium logging enabled: level = 0, default verbosity = 0
11-18 12:57:07.136 I/cr_LibraryLoader( 4309): Expected native library version number "70.0.3538.80", actual native library version number "70.0.3538.80"
11-18 12:57:07.227 I/chatty  ( 1187): uid=1000(system) InputDispatcher expire 14 lines
11-18 12:57:07.228 D/KeyEvent(23826): obtain, mHwFlags=0
11-18 12:57:07.230 D/KeyEvent(23826): obtain, mHwFlags=0
11-18 12:57:07.239 I/wangchen(23826): SysInfo.getSysParam: orientation=1||config d=3.0,w=1080,h=1808||metrics d=3.0,w=1080,h=1808||sdk=26,bar_h=72
11-18 12:57:07.239 I/KeymapLoader(23826): w=1080 h=1808 ori=true appScale=3.3 s1=3.0
11-18 12:57:07.293 I/chatty  ( 3438): uid=10125(u0_a125) com.eyefilter.night expire 4 lines
11-18 12:57:07.327 W/libc    ( 6180): Set property "ril.hw_modem0.rssi" to "-78"
11-18 12:57:07.411 W/libc    ( 6180): Set property "ril.hw_modem0.rssi" to "-78"
11-18 12:57:07.487 W/libc    ( 6180): Set property "ril.hw_modem0.rssi" to "-78"
11-18 12:57:07.510 V/ActivityThread( 3438): ActivityThread,callActivityOnCreate
11-18 12:57:07.593 I/chatty  (16997): uid=10019(u0_a19) com.google.android.gms expire 1 line
11-18 12:57:07.593 D/ActivityThread( 3438): add activity client record, r= ActivityRecord{7bf95f9 token=android.os.BinderProxy@b4fb90b {com.eyefilter.night/com.eyefilter.night.activity.AstigmatismTestActivity}} token= android.os.BinderProxy@b4fb90b
11-18 12:57:07.624 D/ActivityThread( 3438): Remove activity client record, r= ActivityRecord{a83c406 token=android.os.BinderProxy@87c1834 {com.eyefilter.night/com.eyefilter.night.activity.EyeExerciseActivity}} token= android.os.BinderProxy@87c1834
11-18 12:57:07.636 E/Thermal-daemon(  622): [ap] temp_new :44  temp_old :42
11-18 12:57:07.639 E/Thermal-daemon(  622): Report temperature: [ap] temp :44  report_threshold:1
11-18 12:57:07.639 I/chatty  ( 1187): uid=1000(system) android.anim expire 11 lines
11-18 12:57:07.649 I/wangchen(23826): SysInfo.getSysParam: orientation=1||config d=3.0,w=1080,h=1808||metrics d=3.0,w=1080,h=1808||sdk=26,bar_h=72
11-18 12:57:07.649 I/KeymapLoader(23826): w=1080 h=1808 ori=true appScale=3.3 s1=3.0
11-18 12:57:07.968 I/chatty  ( 1187): uid=1000(system) UEventObserver expire 2 lines
11-18 12:57:07.979 I/chatty  ( 1187): uid=1000(system) Binder:1187_2 expire 10 lines
11-18 12:57:07.983 I/chatty  ( 1187): uid=1000 system_server expire 15 lines
11-18 12:57:08.067 D/KeyEvent(23826): obtain, mHwFlags=0
11-18 12:57:08.069 D/KeyEvent(23826): obtain, mHwFlags=0
11-18 12:57:08.079 I/wangchen(23826): SysInfo.getSysParam: orientation=1||config d=3.0,w=1080,h=1808||metrics d=3.0,w=1080,h=1808||sdk=26,bar_h=72
11-18 12:57:08.079 I/KeymapLoader(23826): w=1080 h=1808 ori=true appScale=3.3 s1=3.0
11-18 12:57:08.367 W/libc    ( 6180): Set property "ril.hw_modem0.rssi" to "-77"
11-18 12:57:08.374 W/libc    ( 2168): Set property "gsm.rssi.sim1" to "-77"
11-18 12:57:08.447 W/libc    ( 6180): Set property "ril.hw_modem0.rssi" to "-78"
11-18 12:57:08.450 W/libc    ( 2168): Set property "gsm.rssi.sim1" to "-78"
11-18 12:57:08.483 D/KeyEvent(23826): obtain, mHwFlags=0
11-18 12:57:08.489 D/KeyEvent(23826): obtain, mHwFlags=0
11-18 12:57:08.531 W/libc    ( 6180): Set property "ril.hw_modem0.rssi" to "-78"
11-18 12:57:08.607 W/libc    ( 6180): Set property "ril.hw_modem0.rssi" to "-78"
11-18 12:57:08.693 D/KeyEvent(23826): obtain, mHwFlags=0
11-18 12:57:08.696 D/KeyEvent(23826): obtain, mHwFlags=0
11-18 12:57:08.997 E/PF_HM   (  539): [checkHandleType:458] invalid handle: 7130
11-18 12:57:08.997 E/PF_CM   (  539): [perfRelease:2222] perfRelease Invalid handle: 7130
11-18 12:57:09.023 I/Pged-IPgedBinderService(  627): ****action is 1, pid num is 4***
11-18 12:57:09.024 I/Pged-Freezer(  627): freezePids
11-18 12:57:09.024 I/Pged-Freezer(  627): Freeze process: 3855
11-18 12:57:09.025 I/Pged-Freezer(  627): Freeze process: 31009
11-18 12:57:09.026 I/Pged-Freezer(  627): Freeze process: 29326
11-18 12:57:09.085 I/chatty  (16997): uid=10019(u0_a19) com.google.android.gms expire 1 line
11-18 12:57:09.167 W/libc    ( 6180): Set property "ril.hw_modem0.rssi" to "-78"
11-18 12:57:09.247 W/libc    ( 6180): Set property "ril.hw_modem0.rssi" to "-78"
11-18 12:57:09.487 W/libc    ( 6180): Set property "ril.hw_modem0.rssi" to "-78"
11-18 12:57:09.596 W/libc    ( 6180): Set property "ril.hw_modem0.rssi" to "-78"
11-18 12:57:10.134 I/chatty  ( 1187): uid=1000(system) ConnectivitySer expire 1 line
11-18 12:57:10.204 I/chatty  ( 1881): uid=1000(system) Binder:1881_5 expire 7 lines
11-18 12:57:10.438 E/BDLog   ( 2124): BD.FilterImpl:com.android.systemui 39 times= 100 over threshold
11-18 12:57:10.438 E/BDLog   ( 2124): BD.FilterImpl:com.android.systemui39 is illLegal
11-18 12:57:10.531 I/Pged-IPgedBinderService(  627): ****action is 2, pid num is 4***
11-18 12:57:10.531 I/Pged-Freezer(  627): thawPids
11-18 12:57:10.607 W/libc    ( 6180): Set property "ril.hw_modem0.rssi" to "-78"
11-18 12:57:10.687 W/libc    ( 6180): Set property "ril.hw_modem0.rssi" to "-78"
11-18 12:57:10.691 I/audio_hw_primary(  522): usb_ext_get_parameters: check show hires (false)
11-18 12:57:10.691 I/hash_map_utils(  607): key: 'typec_need_show_hires' value: ''
11-18 12:57:11.304 D/KeyEvent(23826): obtain, mHwFlags=0
11-18 12:57:11.309 D/KeyEvent(23826): obtain, mHwFlags=0
11-18 12:57:11.569 W/libc    ( 6180): Set property "ril.hw_modem0.rssi" to "-78"
11-18 12:57:11.647 W/libc    ( 6180): Set property "ril.hw_modem0.rssi" to "-78"
11-18 12:57:11.978 I/chatty  (16997): uid=10019(u0_a19) com.google.android.gms expire 1 line
11-18 12:57:11.995 W/MediaProcessHandler( 1881): processOp uid 1000 is not concerned!
11-18 12:57:11.995 I/MediaProcessHandler( 1881): executedCallBack opType: 1 mMediaStatusObservers.size=0
11-18 12:57:12.015 I/chatty  ( 1187): uid=1000(system) Binder:1187_9 expire 14 lines
11-18 12:57:12.016 E/HsmCoreServiceImpl( 1881): onTransact in code is: 102
11-18 12:57:12.016 I/MediaProcessHandler( 1881): processOp opType: 1, uid: 10096, pid: 3855
11-18 12:57:12.016 W/MediaProcessHandler( 1881): remove target not exist, maybe the UI process: uid: 10096, pid: 3855
11-18 12:57:12.016 I/MediaProcessHandler( 1881): executedCallBack opType: 1 mMediaStatusObservers.size=0
11-18 12:57:12.020 I/chatty  ( 1187): uid=1000(system) android.display expire 1 line
11-18 12:57:12.143 I/chatty  (18074): uid=2000(shell) com.android.commands.monkey expire 91 lines
11-18 12:57:12.202 I/chatty  ( 1187): uid=1000(system) Binder:1187_9 expire 10 lines
11-18 12:57:12.367 W/libc    ( 6180): Set property "ril.hw_modem0.rssi" to "-78"
11-18 12:57:12.485 I/audio_hw_primary(  522): usb_ext_get_parameters: check show hires (false)
11-18 12:57:12.485 I/hash_map_utils(  607): key: 'typec_need_show_hires' value: ''
11-18 12:57:12.494 I/audio_hw_primary(  522): usb_ext_get_parameters: check show hires (false)
11-18 12:57:12.495 I/hash_map_utils(  607): key: 'typec_need_show_hires' value: ''
11-18 12:57:12.515 I/audio_hw_primary(  522): usb_ext_get_parameters: check show hires (false)
11-18 12:57:12.515 I/hash_map_utils(  607): key: 'typec_need_show_hires' value: ''
11-18 12:57:12.527 W/libc    ( 6180): Set property "ril.hw_modem0.rssi" to "-78"
11-18 12:57:12.556 D/KeyEvent(23826): obtain, mHwFlags=0
11-18 12:57:12.558 D/KeyEvent(23826): obtain, mHwFlags=0
11-18 12:57:13.837 D/KeyEvent(23826): obtain, mHwFlags=0
11-18 12:57:13.838 I/chatty  (23826): uid=10054(u0_a54) com.baidu.input_huawei identical 52 lines
11-18 12:57:13.838 D/KeyEvent(23826): obtain, mHwFlags=0
11-18 12:57:13.856 D/KeyEvent(23826): obtain, mHwFlags=0
11-18 12:57:13.856 D/KeyEvent(23826): obtain, mHwFlags=0
11-18 12:57:13.866 I/chatty  ( 1187): uid=1000(system) Binder:1187_12 expire 10 lines
11-18 12:57:13.870 I/chatty  ( 1187): uid=1000(system) android.ui expire 23 lines
11-18 12:57:13.874 E/[HwRecSys]AppCache( 3043): getIsRportDirectService is false!
11-18 12:57:13.882 I/chatty  ( 1187): uid=1000(system) android.ui expire 77 lines
11-18 12:57:13.884 I/chatty  ( 1187): uid=1000(system) InputDispatcher expire 117 lines
11-18 12:57:13.886 I/aptouch_daemon(  552): get_cmd, =====>>find m_cmd=====>>aftouch.orientation
11-18 12:57:13.886 I/aptouch_daemon(  552): get_cmd, =====>>find m_cmd=====>>aftouch.orientation
11-18 12:57:13.886 I/aptouch_daemon(  552): aft_set_config, aft_set_config---2,0
11-18 12:57:13.886 I/aptouch_daemon(  552): thp_cmd_set_aftouch_config, aftouch_set_config: aft_cfg = 2, value = 0
11-18 12:57:13.888 I/aptouch_daemon(  552): excute_long_cmd, ========>>aftouch.orientation excute done!
11-18 12:57:13.891 D/SurfaceFlinger(  547): setSecureScreenRecShotFlag, value = 4, mask = 4
11-18 12:57:13.894 I/chatty  (  514): uid=1000(system) allocator@2.0-s expire 21 lines
11-18 12:57:13.931 I/wangchen(23826): SysInfo.getSysParam: orientation=1||config d=3.0,w=1080,h=1808||metrics d=3.0,w=1080,h=1808||sdk=26,bar_h=72
11-18 12:57:13.931 I/KeymapLoader(23826): w=1080 h=1808 ori=true appScale=3.3 s1=3.0
11-18 12:57:13.935 I/chatty  ( 1187): uid=1000(system) InputReader expire 18 lines
11-18 12:57:13.945 D/Index   ( 4502): Deleting data for locale 'zh_CN_#Hans' took 5 millis
11-18 12:57:13.947 V/SQLiteDatabase( 4502): triggerBuildingIndex(): invalid id, return.
11-18 12:57:13.949 V/SQLiteDatabase( 4502): triggerBuildingIndex(): invalid id, return.
11-18 12:57:13.952 D/Index   ( 4502): Indexing locale 'zh_CN_#Hans' took 7 millis
11-18 12:57:13.966 I/chatty  ( 1187): uid=1000(system) ActivityManager expire 1 line
11-18 12:57:13.978 I/chatty  ( 1187): uid=1000(system) Binder:1187_1C expire 29 lines
11-18 12:57:13.998 I/chatty  ( 1187): uid=1000(system) Binder:1187_1B expire 14 lines
11-18 12:57:13.999 E/HsmCoreServiceImpl( 1881): onTransact in code is: 102
11-18 12:57:13.999 I/MediaProcessHandler( 1881): processOp opType: 1, uid: 10005, pid: 2606
11-18 12:57:13.999 W/MediaProcessHandler( 1881): remove target not exist, maybe the UI process: uid: 10005, pid: 2606
11-18 12:57:13.999 I/MediaProcessHandler( 1881): executedCallBack opType: 1 mMediaStatusObservers.size=0
11-18 12:57:14.000 I/chatty  ( 1187): uid=1000(system) Binder:1187_4 expire 10 lines
11-18 12:57:14.013 I/chatty  ( 1187): uid=1000(system) Binder:1187_1E expire 2 lines
11-18 12:57:14.091 D/KeyEvent(23826): obtain, mHwFlags=0
11-18 12:57:14.094 D/KeyEvent(23826): obtain, mHwFlags=0
11-18 12:57:14.447 W/libc    ( 6180): Set property "ril.hw_modem0.rssi" to "-77"
11-18 12:57:14.458 I/chatty  ( 1187): uid=1000(system) android.display expire 26 lines
11-18 12:57:14.458 I/chatty  ( 1187): uid=1000 system_server expire 37 lines
11-18 12:57:14.460 W/libc    ( 2168): Set property "gsm.rssi.sim1" to "-77"
11-18 12:57:14.499 I/audio_hw_primary(  522): usb_ext_get_parameters: check show hires (false)
11-18 12:57:14.499 I/hash_map_utils(  607): key: 'typec_need_show_hires' value: ''
11-18 12:57:14.511 I/chatty  ( 2153): uid=1000(system) Binder:2153_9 expire 3 lines
11-18 12:57:14.511 I/Pged-IPgedBinderService(  627): ****action is 1, pid num is 3***
11-18 12:57:14.511 I/Pged-Freezer(  627): freezePids
11-18 12:57:14.511 I/Pged-Freezer(  627): Freeze process: 31009
11-18 12:57:14.512 I/Pged-Freezer(  627): Freeze process: 29326
11-18 12:57:14.527 W/libc    ( 6180): Set property "ril.hw_modem0.rssi" to "-78"
11-18 12:57:14.530 W/libc    ( 2168): Set property "gsm.rssi.sim1" to "-78"
11-18 12:57:14.607 W/libc    ( 6180): Set property "ril.hw_modem0.rssi" to "-78"
11-18 12:57:14.687 W/libc    ( 6180): Set property "ril.hw_modem0.rssi" to "-78"
11-18 12:57:14.767 W/libc    ( 6180): Set property "ril.hw_modem0.rssi" to "-78"
11-18 12:57:14.847 W/libc    ( 6180): Set property "ril.hw_modem0.rssi" to "-78"
11-18 12:57:15.100 I/chatty  ( 1187): uid=1000(system) Binder:1187_4 expire 23 lines
11-18 12:57:15.561 D/KeyEvent(23826): obtain, mHwFlags=0
11-18 12:57:15.562 D/KeyEvent(23826): obtain, mHwFlags=0
11-18 12:57:15.807 W/libc    ( 6180): Set property "ril.hw_modem0.rssi" to "-78"
11-18 12:57:16.014 I/Pged-IPgedBinderService(  627): ****action is 2, pid num is 3***
11-18 12:57:16.014 I/Pged-Freezer(  627): thawPids
11-18 12:57:16.127 W/libc    ( 6180): Set property "ril.hw_modem0.rssi" to "-78"
11-18 12:57:16.367 W/libc    ( 6180): Set property "ril.hw_modem0.rssi" to "-78"
11-18 12:57:16.400 D/KeyEvent(23826): obtain, mHwFlags=0
11-18 12:57:16.401 D/KeyEvent(23826): obtain, mHwFlags=0
11-18 12:57:16.423 I/wangchen(23826): SysInfo.getSysParam: orientation=1||config d=3.0,w=1080,h=1808||metrics d=3.0,w=1080,h=1808||sdk=26,bar_h=72
11-18 12:57:16.423 I/KeymapLoader(23826): w=1080 h=1808 ori=true appScale=3.3 s1=3.0
11-18 12:57:16.424 D/KeyEvent(23826): obtain, mHwFlags=0
11-18 12:57:16.424 D/KeyEvent(23826): obtain, mHwFlags=0
11-18 12:57:16.440 I/wangchen(23826): SysInfo.getSysParam: orientation=1||config d=3.0,w=1080,h=1808||metrics d=3.0,w=1080,h=1808||sdk=26,bar_h=72
11-18 12:57:16.440 I/KeymapLoader(23826): w=1080 h=1808 ori=true appScale=3.3 s1=3.0
11-18 12:57:16.447 W/libc    ( 6180): Set property "ril.hw_modem0.rssi" to "-78"
11-18 12:57:16.527 I/chatty  ( 6180): uid=0(root) balong_modem0 identical 4 lines
11-18 12:57:16.607 W/libc    ( 6180): Set property "ril.hw_modem0.rssi" to "-78"
11-18 12:57:16.624 I/chatty  ( 1187): uid=1000(system) android.ui expire 130 lines
11-18 12:57:16.624 E/[HwRecSys]AppCache( 3043): getIsRportDirectService is false!
11-18 12:57:16.628 I/chatty  ( 1187): uid=1000(system) Binder:1187_1E expire 21 lines
11-18 12:57:16.641 E/[HwRecSys]AppCache( 3043): getIsRportDirectService is false!
11-18 12:57:17.642 W/libc    ( 6180): Set property "ril.hw_modem0.rssi" to "-78"
11-18 12:57:17.645 E/Thermal-daemon(  622): [ap] temp_new :43  temp_old :44
11-18 12:57:17.646 E/Thermal-daemon(  622): Report temperature: [ap] temp :43  report_threshold:1
11-18 12:57:17.658 I/chatty  ( 1187): uid=1000(system) Binder:1187_1B expire 3 lines
11-18 12:57:17.670 I/chatty  ( 1187): uid=1000(system) Binder:1187_1B expire 12 lines
11-18 12:57:17.699 I/chatty  (16206): uid=10019(u0_a19) netscheduler-qu expire 12 lines
11-18 12:57:17.700 I/chatty  ( 1187): uid=1000(system) Binder:1187_1C expire 36 lines
11-18 12:57:17.727 W/libc    ( 6180): Set property "ril.hw_modem0.rssi" to "-78"
11-18 12:57:17.888 W/libc    ( 6180): Set property "ril.hw_modem0.rssi" to "-78"
11-18 12:57:17.943 I/chatty  ( 1187): uid=1000(system) InputDispatcher expire 9 lines
11-18 12:57:17.945 D/KeyEvent(23826): obtain, mHwFlags=0
11-18 12:57:17.953 D/KeyEvent(23826): obtain, mHwFlags=0
11-18 12:57:17.968 W/libc    ( 6180): Set property "ril.hw_modem0.rssi" to "-78"
11-18 12:57:18.165 D/KeyEvent(23826): obtain, mHwFlags=0
11-18 12:57:18.165 D/KeyEvent(23826): obtain, mHwFlags=0
11-18 12:57:18.181 D/KeyEvent(23826): obtain, mHwFlags=0
11-18 12:57:18.181 D/KeyEvent(23826): obtain, mHwFlags=0
11-18 12:57:18.182 D/KeyEvent(23826): obtain, mHwFlags=0
11-18 12:57:18.182 D/KeyEvent(23826): obtain, mHwFlags=0
11-18 12:57:18.197 D/KeyEvent(23826): obtain, mHwFlags=0
11-18 12:57:18.197 D/KeyEvent(23826): obtain, mHwFlags=0
11-18 12:57:18.207 W/libc    ( 6180): Set property "ril.hw_modem0.rssi" to "-78"
11-18 12:57:18.214 I/wangchen(23826): SysInfo.getSysParam: orientation=1||config d=3.0,w=1080,h=1808||metrics d=3.0,w=1080,h=1808||sdk=26,bar_h=72
11-18 12:57:18.214 I/KeymapLoader(23826): w=1080 h=1808 ori=true appScale=3.3 s1=3.0
11-18 12:57:18.436 W/libc    ( 6180): Set property "ril.hw_modem0.rssi" to "-77"
11-18 12:57:18.439 W/libc    ( 2168): Set property "gsm.rssi.sim1" to "-77"
11-18 12:57:18.553 D/KeyEvent(23826): obtain, mHwFlags=0
11-18 12:57:18.556 I/chatty  ( 1187): uid=1000 system_server expire 8 lines
11-18 12:57:18.556 I/chatty  ( 1187): uid=1000(system) AudioService expire 2 lines
11-18 12:57:18.557 I/chatty  ( 2017): uid=10027(u0_a27) VolumeDialogCon expire 10 lines
11-18 12:57:18.557 D/KeyEvent(23826): obtain, mHwFlags=0
11-18 12:57:18.560 I/chatty  ( 2017): uid=10027(u0_a27) com.android.systemui expire 192 lines
11-18 12:57:18.609 W/libc    ( 6180): Set property "ril.hw_modem0.rssi" to "-77"
11-18 12:57:18.711 I/chatty  (16206): uid=10019(u0_a19) com.google.android.gms.persistent expire 10 lines
11-18 12:57:18.763 E/[HwRecSys]AppCache( 3043): getIsRportDirectService is false!
11-18 12:57:18.767 W/libc    ( 6180): Set property "ril.hw_modem0.rssi" to "-77"
11-18 12:57:18.770 E/[HwRecSys]AppCache( 3043): getIsRportDirectService is false!
11-18 12:57:19.002 I/chatty  ( 1187): uid=1000(system) Binder:1187_9 expire 5 lines
11-18 12:57:19.236 W/libc    ( 6180): Set property "ril.hw_modem0.rssi" to "-78"
11-18 12:57:19.241 W/libc    ( 2168): Set property "gsm.rssi.sim1" to "-78"
11-18 12:57:19.247 W/libc    ( 6180): Set property "ril.hw_modem0.rssi" to "-78"
11-18 12:57:19.808 W/libc    ( 6180): Set property "ril.hw_modem0.rssi" to "-78"
11-18 12:57:20.048 W/libc    ( 6180): Set property "ril.hw_modem0.rssi" to "-78"
11-18 12:57:20.085 E/[HwRecSys]AppCache( 3043): getIsRportDirectService is false!
11-18 12:57:20.088 I/chatty  ( 3438): uid=10125(u0_a125) com.eyefilter.night expire 54 lines
11-18 12:57:20.091 D/KeyEvent(23826): obtain, mHwFlags=0
11-18 12:57:20.092 D/KeyEvent(23826): obtain, mHwFlags=0
11-18 12:57:20.092 E/[HwRecSys]AppCache( 3043): getIsRportDirectService is false!
11-18 12:57:20.127 W/libc    ( 6180): Set property "ril.hw_modem0.rssi" to "-78"
11-18 12:57:20.287 W/libc    ( 6180): Set property "ril.hw_modem0.rssi" to "-78"
11-18 12:57:20.318 D/KeyEvent(23826): obtain, mHwFlags=0
11-18 12:57:20.318 D/KeyEvent(23826): obtain, mHwFlags=0
11-18 12:57:20.349 D/KeyEvent(23826): obtain, mHwFlags=0
11-18 12:57:20.349 D/KeyEvent(23826): obtain, mHwFlags=0
11-18 12:57:20.360 I/wangchen(23826): SysInfo.getSysParam: orientation=1||config d=3.0,w=1080,h=1808||metrics d=3.0,w=1080,h=1808||sdk=26,bar_h=72
11-18 12:57:20.361 I/KeymapLoader(23826): w=1080 h=1808 ori=true appScale=3.3 s1=3.0
11-18 12:57:20.361 D/KeyEvent(23826): obtain, mHwFlags=0
11-18 12:57:20.397 I/chatty  ( 3438): uid=10125(u0_a125) com.eyefilter.night expire 12 lines
11-18 12:57:20.449 W/libc    ( 6180): Set property "ril.hw_modem0.rssi" to "-78"
11-18 12:57:20.527 W/libc    ( 6180): Set property "ril.hw_modem0.rssi" to "-78"
11-18 12:57:20.569 I/chatty  (16206): uid=10019(u0_a19) lowpool[88] expire 10 lines
11-18 12:57:20.589 D/KeyEvent(23826): obtain, mHwFlags=0
11-18 12:57:20.589 D/KeyEvent(23826): obtain, mHwFlags=0
11-18 12:57:20.598 D/KeyEvent(23826): obtain, mHwFlags=0
11-18 12:57:20.598 D/KeyEvent(23826): obtain, mHwFlags=0
11-18 12:57:20.599 D/KeyEvent(23826): obtain, mHwFlags=0
11-18 12:57:20.600 D/KeyEvent(23826): obtain, mHwFlags=0
11-18 12:57:20.603 I/wangchen(23826): SysInfo.getSysParam: orientation=1||config d=3.0,w=1080,h=1808||metrics d=3.0,w=1080,h=1808||sdk=26,bar_h=72
11-18 12:57:20.603 I/KeymapLoader(23826): w=1080 h=1808 ori=true appScale=3.3 s1=3.0
11-18 12:57:20.605 D/KeyEvent(23826): obtain, mHwFlags=0
11-18 12:57:20.642 I/chatty  ( 1187): uid=1000(system) Binder:1187_13 expire 7 lines
11-18 12:57:20.833 I/Pged-IPgedBinderService(  627): ****action is 1, pid num is 3***
11-18 12:57:20.833 I/Pged-Freezer(  627): freezePids
11-18 12:57:20.833 I/Pged-Freezer(  627): Freeze process: 31009
11-18 12:57:20.833 I/Pged-Freezer(  627): Freeze process: 29326
11-18 12:57:20.927 W/libc    ( 6180): Set property "ril.hw_modem0.rssi" to "-78"
11-18 12:57:20.934 I/chatty  ( 2017): uid=10027(u0_a27) SystemUI_subThr expire 13 lines
11-18 12:57:20.943 I/chatty  ( 1187): uid=1000(system) android.anim expire 4 lines
11-18 12:57:20.973 I/PlayCommon(14986): [436] com.google.android.play.b.g.f(547): Preparing logs for uploading
11-18 12:57:20.975 W/PlayCommon(14986): [436] com.google.android.play.b.g.a(219): No account for auth token provided
11-18 12:57:20.976 I/PlayCommon(14986): [436] com.google.android.play.b.g.a(801): Connecting to server: https://play.googleapis.com/play/log?format=raw&proto_v2=true
11-18 12:57:21.007 W/libc    ( 6180): Set property "ril.hw_modem0.rssi" to "-78"
11-18 12:57:21.081 E/emcomd  (  592): [EMCOMD_NET] parse_dns_tlv# usItemType(3) error
11-18 12:57:21.081 I/chatty  (  592): uid=0(root) /system/bin/emcomd identical 7 lines
11-18 12:57:21.081 E/emcomd  (  592): [EMCOMD_NET] parse_dns_tlv# usItemType(3) error
11-18 12:57:21.167 W/libc    ( 6180): Set property "ril.hw_modem0.rssi" to "-78"
11-18 12:57:21.327 W/libc    ( 6180): Set property "ril.hw_modem0.rssi" to "-78"
11-18 12:57:21.407 W/libc    ( 6180): Set property "ril.hw_modem0.rssi" to "-78"
11-18 12:57:21.637 W/libc    ( 6180): Set property "ril.hw_modem0.rssi" to "-77"
11-18 12:57:21.643 W/libc    ( 2168): Set property "gsm.rssi.sim1" to "-77"
11-18 12:57:21.656 I/chatty  ( 2017): uid=10027(u0_a27) KG_Background_H expire 17 lines
11-18 12:57:21.659 E/[HwRecSys]AppCache( 3043): getIsRportDirectService is false!
11-18 12:57:21.666 E/[HwRecSys]AppCache( 3043): getIsRportDirectService is false!
11-18 12:57:21.667 I/aptouch_daemon, [--aptouch_interface_client--](  542): thp_get_cs, use vndbinder
11-18 12:57:21.668 I/aptouch_daemon(  552): get_cmd, =====>>find m_cmd=====>>aftouch.orientation
11-18 12:57:21.668 I/aptouch_daemon(  552): get_cmd, =====>>find m_cmd=====>>aftouch.orientation
11-18 12:57:21.668 I/aptouch_daemon(  552): aft_set_config, aft_set_config---2,2
11-18 12:57:21.668 I/aptouch_daemon(  552): thp_cmd_set_aftouch_config, aftouch_set_config: aft_cfg = 2, value = 2
11-18 12:57:21.668 I/aptouch_daemon(  552): excute_long_cmd, ========>>aftouch.orientation excute done!
11-18 12:57:21.670 D/SurfaceFlinger(  547): setSecureScreenRecShotFlag, value = 4, mask = 4
11-18 12:57:21.706 I/chatty  ( 1187): uid=1000(system) Binder:1187_10 expire 14 lines
11-18 12:57:21.708 E/TS_Service(  542): hwTsSetAftAlgoOrientation
11-18 12:57:21.708 I/TS_HAL  (  542): ts_set_aft_orientation:called
11-18 12:57:21.708 I/aptouch_daemon, [--aptouch_interface_client--](  542): thp_execute_cmd_parms starting. cmd: aftouch.orientation
11-18 12:57:21.708 I/aptouch_daemon, [--aptouch_interface_client--](  542): thp_get_cs, use vndbinder
11-18 12:57:21.708 I/chatty  ( 2017): uid=10027(u0_a27) RenderThread expire 17 lines
11-18 12:57:21.708 I/aptouch_daemon(  552): get_cmd, =====>>find m_cmd=====>>aftouch.orientation
11-18 12:57:21.708 I/aptouch_daemon(  552): get_cmd, =====>>find m_cmd=====>>aftouch.orientation
11-18 12:57:21.708 I/aptouch_daemon(  552): aft_set_config, aft_set_config---2,0
11-18 12:57:21.708 I/aptouch_daemon(  552): thp_cmd_set_aftouch_config, aftouch_set_config: aft_cfg = 2, value = 0
11-18 12:57:21.709 I/aptouch_daemon(  552): excute_long_cmd, ========>>aftouch.orientation excute done!
11-18 12:57:21.727 W/libc    ( 6180): Set property "ril.hw_modem0.rssi" to "-78"
11-18 12:57:21.728 I/chatty  ( 1187): uid=1000(system) android.ui expire 50 lines
11-18 12:57:21.731 D/Index   ( 4502): Deleting data for locale 'zh_CN_#Hans' took 5 millis
11-18 12:57:21.733 W/libc    ( 2168): Set property "gsm.rssi.sim1" to "-78"
11-18 12:57:21.733 I/chatty  ( 1187): uid=1000(system) Binder:1187_1E expire 31 lines
11-18 12:57:21.734 V/SQLiteDatabase( 4502): triggerBuildingIndex(): invalid id, return.
11-18 12:57:21.736 V/SQLiteDatabase( 4502): triggerBuildingIndex(): invalid id, return.
11-18 12:57:21.739 D/Index   ( 4502): Indexing locale 'zh_CN_#Hans' took 8 millis
11-18 12:57:21.743 I/chatty  ( 1187): uid=1000(system) Binder:1187_1C expire 20 lines
11-18 12:57:21.767 I/chatty  ( 1187): uid=1000(system) android.anim expire 22 lines
11-18 12:57:21.807 W/libc    ( 6180): Set property "ril.hw_modem0.rssi" to "-78"
11-18 12:57:21.905 I/chatty  (11454): uid=10125(u0_a125) Timer-0 expire 27 lines
11-18 12:57:22.110 I/chatty  ( 1187): uid=1000(system) InputDispatcher expire 18 lines
11-18 12:57:22.111 D/KeyEvent(23826): obtain, mHwFlags=0
11-18 12:57:22.113 D/KeyEvent(23826): obtain, mHwFlags=0
11-18 12:57:22.130 I/wangchen(23826): SysInfo.getSysParam: orientation=1||config d=3.0,w=1080,h=1808||metrics d=3.0,w=1080,h=1808||sdk=26,bar_h=72
11-18 12:57:22.130 I/KeymapLoader(23826): w=1080 h=1808 ori=true appScale=3.3 s1=3.0
11-18 12:57:22.167 D/        (  500): Received kernel message payload: chr_event 9
11-18 12:57:22.167 I/        (  500): netd received web stat infomation,trigger chr report!
11-18 12:57:22.167 I/        (  500): netd received web stat infomation,trigger chr report!
11-18 12:57:22.167 I/        (  500): ReportType 0 22414 1268 3 0 0 3 84 1 1 0 1 0 0 2 21 12 6 43 3 0 0 363 0 0 0 0 0 2 0 0 0 0 0 0 0 0 0 1 0 1 0 0 0 0 0 0 0 0 0 0 0 0 0 0 0 0 0 0 0 0 0 0 0 0 0 0 0 0 0 0 0 0 0 0 0 0 0 0 0 0 0 0 0 0 0 0 0 0 0 0 0 0 0 0 0 0 0 0 0 0 0 0 0 0 0 0 0 0 0 0 0 0 0 0 0 0 0 0 0 0 0 0 0 0 0 0 0 0 0 0 0 0 0 0 0 0 0 0 0 0 0 0 0 0 0 0 0 0 0 0 0 0 0 0 0 0 0 0 0 0 0 0 0 0 0 0 0 0 0 0 0 0 0 0 0 0 0 0 0 0 0 0 0 0 0 0 0 0 0 0 0 0 0 0 0 0 0 0 0 0 0 0 0 0 0 0 0 0 0 0 0 ReportType 0 0 0 0 0 0 0 0 0 0 0 0 0 0 0 0 0 0 0 0 0 0 0 0 0 0 0 0 0 0 0 0 0 0 0 0 0 0 0 0 0 0 0 0 0 0 0 0 0 0 0 0 0 0 0 0 0 0 0 0 0 0 0 0 0 0 0 0 0 0 0 0 0 0 0 0 0 0 0 0 0 0 0 0 0 0 0 0 0 0 0 0 0 0 0 0 0 0 0 0 0 0 0 0 0 0 0 0 0 0 0 0 0 0 0 0 0 0 0 0 0 0 0 0 0 0 0 0 0 0 0 0 0 0 0 0 0 0 0 0 0 0 0 0 0 0 0 0 0 0 0 0 0 0 0 0 0 0 0 0 0 0 0 0 0 0 0 0 0 0 0 0 0 0 0 0 0 0 0 0 0 0 0 0 0 0 0 0 0 0 0 0 0 0 0 0 0 0 0 0 0 0 0 0 0 0 0 0 0 0 0 0
11-18 12:57:22.167 W/SocketListener(  500): sending broadcast to Pid = 1187, Uid = 1000 
11-18 12:57:22.168 I/chatty  ( 1187): uid=1000(system) NetdConnector expire 2 lines
11-18 12:57:22.169 I/chatty  ( 1187): uid=1000(system) android.fg expire 3 lines
11-18 12:57:22.208 W/libc    ( 6180): Set property "ril.hw_modem0.rssi" to "-77"
11-18 12:57:22.211 W/libc    ( 2168): Set property "gsm.rssi.sim1" to "-77"
11-18 12:57:22.287 W/libc    ( 6180): Set property "ril.hw_modem0.rssi" to "-77"
11-18 12:57:22.314 I/chatty  (18074): uid=2000(shell) com.android.commands.monkey expire 96 lines
11-18 12:57:22.335 I/Pged-IPgedBinderService(  627): ****action is 2, pid num is 3***
11-18 12:57:22.335 I/Pged-Freezer(  627): thawPids
11-18 12:57:22.396 W/libc    ( 6180): Set property "ril.hw_modem0.rssi" to "-77"
11-18 12:57:22.447 W/libc    ( 6180): Set property "ril.hw_modem0.rssi" to "-77"
11-18 12:57:22.528 W/libc    ( 6180): Set property "ril.hw_modem0.rssi" to "-77"
11-18 12:57:22.607 W/libc    ( 6180): Set property "ril.hw_modem0.rssi" to "-77"
11-18 12:57:22.743 D/KeyEvent(23826): obtain, mHwFlags=0
11-18 12:57:22.747 D/KeyEvent(23826): obtain, mHwFlags=0
11-18 12:57:22.751 D/KeyEvent(23826): obtain, mHwFlags=0
11-18 12:57:22.759 D/KeyEvent(23826): obtain, mHwFlags=0
11-18 12:57:22.967 I/chatty  ( 2153): uid=1000(system) Binder:2153_3 expire 16 lines
11-18 12:57:23.186 I/chatty  ( 3438): uid=10125(u0_a125) com.eyefilter.night expire 11 lines
11-18 12:57:23.230 I/chatty  ( 1187): uid=1000(system) Binder:1187_10 expire 11 lines
11-18 12:57:23.234 I/chatty  ( 1187): uid=1000(system) Binder:1187_4 expire 21 lines
11-18 12:57:23.327 W/libc    ( 6180): Set property "ril.hw_modem0.rssi" to "-77"
11-18 12:57:23.338 I/chatty  ( 2153): uid=1000(system) core expire 40 lines
11-18 12:57:23.381 E/BDLog   ( 2124): BD.FilterImpl:com.android.systemui 39 times= 100 over threshold
11-18 12:57:23.381 E/BDLog   ( 2124): BD.FilterImpl:com.android.systemui39 is illLegal
11-18 12:57:23.407 W/libc    ( 6180): Set property "ril.hw_modem0.rssi" to "-78"
11-18 12:57:23.409 W/libc    ( 2168): Set property "gsm.rssi.sim1" to "-78"
11-18 12:57:24.207 W/libc    ( 6180): Set property "ril.hw_modem0.rssi" to "-77"
11-18 12:57:24.212 W/libc    ( 2168): Set property "gsm.rssi.sim1" to "-77"
11-18 12:57:24.224 I/chatty  ( 1187): uid=1000(system) android.ui expire 58 lines
11-18 12:57:24.225 I/chatty  ( 1187): uid=1000(system) Binder:1187_1C expire 5 lines
11-18 12:57:24.225 D/KeyEvent(23826): obtain, mHwFlags=0
11-18 12:57:24.226 D/KeyEvent(23826): obtain, mHwFlags=0
11-18 12:57:24.287 W/libc    ( 6180): Set property "ril.hw_modem0.rssi" to "-77"
11-18 12:57:24.447 W/libc    ( 6180): Set property "ril.hw_modem0.rssi" to "-77"
11-18 12:57:24.527 W/libc    ( 6180): Set property "ril.hw_modem0.rssi" to "-78"
11-18 12:57:24.531 W/libc    ( 2168): Set property "gsm.rssi.sim1" to "-78"
11-18 12:57:24.847 W/libc    ( 6180): Set property "ril.hw_modem0.rssi" to "-77"
11-18 12:57:24.852 W/libc    ( 2168): Set property "gsm.rssi.sim1" to "-77"
11-18 12:57:24.927 W/libc    ( 6180): Set property "ril.hw_modem0.rssi" to "-77"
11-18 12:57:25.636 W/libc    ( 6180): Set property "ril.hw_modem0.rssi" to "-77"
11-18 12:57:25.727 W/libc    ( 6180): Set property "ril.hw_modem0.rssi" to "-77"
11-18 12:57:25.958 I/chatty  ( 1187): uid=1000(system) Binder:1187_4 expire 15 lines
11-18 12:57:25.968 D/KeyEvent(23826): obtain, mHwFlags=0
11-18 12:57:25.974 D/KeyEvent(23826): obtain, mHwFlags=0
11-18 12:57:26.415 D/KeyEvent(23826): obtain, mHwFlags=0
11-18 12:57:26.415 D/KeyEvent(23826): obtain, mHwFlags=0
11-18 12:57:26.415 I/chatty  (23826): uid=10054(u0_a54) com.baidu.input_huawei identical 24 lines
11-18 12:57:26.416 D/KeyEvent(23826): obtain, mHwFlags=0
11-18 12:57:26.445 I/wangchen(23826): SysInfo.getSysParam: orientation=1||config d=3.0,w=1080,h=1808||metrics d=3.0,w=1080,h=1808||sdk=26,bar_h=72
11-18 12:57:26.445 I/KeymapLoader(23826): w=1080 h=1808 ori=true appScale=3.3 s1=3.0
11-18 12:57:26.446 D/KeyEvent(23826): obtain, mHwFlags=0
11-18 12:57:26.447 D/KeyEvent(23826): obtain, mHwFlags=0
11-18 12:57:26.507 I/wangchen(23826): SysInfo.getSysParam: orientation=1||config d=3.0,w=1080,h=1808||metrics d=3.0,w=1080,h=1808||sdk=26,bar_h=72
11-18 12:57:26.507 I/KeymapLoader(23826): w=1080 h=1808 ori=true appScale=3.3 s1=3.0
11-18 12:57:27.007 W/libc    ( 6180): Set property "ril.hw_modem0.rssi" to "-78"
11-18 12:57:27.013 W/libc    ( 2168): Set property "gsm.rssi.sim1" to "-78"
11-18 12:57:27.030 I/chatty  ( 1187): uid=1000 system_server expire 33 lines
11-18 12:57:27.087 W/libc    ( 6180): Set property "ril.hw_modem0.rssi" to "-78"
11-18 12:57:27.151 I/chatty  ( 1187): uid=1000(system) watchdog expire 1 line
11-18 12:57:27.505 I/Pged-IPgedBinderService(  627): ****action is 1, pid num is 3***
11-18 12:57:27.505 I/Pged-Freezer(  627): freezePids
11-18 12:57:27.505 I/Pged-Freezer(  627): Freeze process: 31009
11-18 12:57:27.506 I/Pged-Freezer(  627): Freeze process: 29326
11-18 12:57:27.506 I/chatty  ( 2153): uid=1000(system) fast_hibernatio expire 1 line
11-18 12:57:27.652 E/Thermal-daemon(  622): [ap] temp_new :42  temp_old :43
11-18 12:57:27.652 I/chatty  ( 2153): uid=1000(system) Binder:2153_3 expire 1 line
11-18 12:57:27.653 E/Thermal-daemon(  622): Report temperature: [ap] temp :42  report_threshold:1
11-18 12:57:27.653 I/chatty  ( 2153): uid=1000(system) thermal-core-th expire 1 line
11-18 12:57:27.712 E/[HwRecSys]AppCache( 3043): getIsRportDirectService is false!
11-18 12:57:27.713 I/chatty  ( 1187): uid=1000 system_server expire 4 lines
11-18 12:57:27.713 E/TS_Service(  542): hwTsSetAftAlgoOrientation
11-18 12:57:27.714 I/TS_HAL  (  542): ts_set_aft_orientation:called
11-18 12:57:27.714 I/aptouch_daemon, [--aptouch_interface_client--](  542): thp_execute_cmd_parms starting. cmd: aftouch.orientation
11-18 12:57:27.714 I/aptouch_daemon, [--aptouch_interface_client--](  542): thp_get_cs, use vndbinder
11-18 12:57:27.715 I/aptouch_daemon(  552): get_cmd, =====>>find m_cmd=====>>aftouch.orientation
11-18 12:57:27.715 I/aptouch_daemon(  552): get_cmd, =====>>find m_cmd=====>>aftouch.orientation
11-18 12:57:27.715 I/aptouch_daemon(  552): aft_set_config, aft_set_config---2,2
11-18 12:57:27.715 I/aptouch_daemon(  552): thp_cmd_set_aftouch_config, aftouch_set_config: aft_cfg = 2, value = 2
11-18 12:57:27.715 D/SurfaceFlinger(  547): setSecureScreenRecShotFlag, value = 4, mask = 4
