11-18 12:57:38.342 D/CubicBezierInterpolator( 4423): CubicBezierInterpolator  mControlPoint1x = 0.23, mControlPoint1y = 0.06, mControlPoint2x = 0.09, mControlPoint2y = 0.97
11-18 12:57:38.342 D/CubicBezierInterpolator( 4423): CubicBezierInterpolator  mControlPoint1x = 0.6, mControlPoint1y = 0.9, mControlPoint2x = 0.8, mControlPoint2y = 1.0
11-18 12:57:38.357 I/audio_hw_primary(  522): usb_ext_get_parameters: check show hires (false)
11-18 12:57:38.357 I/hash_map_utils(  607): key: 'typec_need_show_hires' value: ''
11-18 12:57:38.358 I/HwAudioService( 1187): check HiRes Icon false
11-18 12:57:38.358 I/HwAudioService( 1187): broadcastHiresIntent : false
11-18 12:57:38.359 D/StatusBarIconController( 2017): setIconVisibility icon is null or visibility not change visibility=false
11-18 12:57:38.362 I/FA      ( 4423): Tag Manager is not found and thus will not be used
11-18 12:57:38.364 D/FA      ( 4423): Logging event (FE): notification_show, Bundle[{firebase_event_origin(_o)=app, value=1}]
11-18 12:57:38.373 I/HwCust  ( 4423): Constructor found for class android.net.HwCustConnectivityManagerImpl
11-18 12:57:38.373 D/HwCust  ( 4423): Create obj success use class android.net.HwCustConnectivityManagerImpl
11-18 12:57:38.387 W/libc    ( 6180): Set property "ril.hw_modem0.rssi" to "-78"
11-18 12:57:38.392 V/FA      ( 4423): Connection attempt already in progress
11-18 12:57:38.394 D/CubicBezierInterpolator( 4423): CubicBezierInterpolator  mControlPoint1x = 0.23, mControlPoint1y = 0.06, mControlPoint2x = 0.09, mControlPoint2y = 0.97
11-18 12:57:38.395 D/CubicBezierInterpolator( 4423): CubicBezierInterpolator  mControlPoint1x = 0.6, mControlPoint1y = 0.9, mControlPoint2x = 0.8, mControlPoint2y = 1.0
11-18 12:57:38.395 D/CubicBezierInterpolator( 4423): CubicBezierInterpolator  mControlPoint1x = 0.23, mControlPoint1y = 0.06, mControlPoint2x = 0.09, mControlPoint2y = 0.97
11-18 12:57:38.395 D/CubicBezierInterpolator( 4423): CubicBezierInterpolator  mControlPoint1x = 0.6, mControlPoint1y = 0.9, mControlPoint2x = 0.8, mControlPoint2y = 1.0
11-18 12:57:38.396 D/FA      ( 4423): Logging event (FE): RAINBOW_FEATURE_PV_545, Bundle[{firebase_event_origin(_o)=app, value=1}]
11-18 12:57:38.414 V/FA      ( 4423): Connection attempt already in progress
11-18 12:57:38.417 D/FA      ( 4423): Logging event (FE): RAINBOW_AD_SHOULD_SHOW_545, Bundle[{firebase_event_origin(_o)=app, value=1}]
11-18 12:57:38.434 V/FA      ( 4423): Connection attempt already in progress
11-18 12:57:38.437 D/FA      ( 4423): Logging event (FE): B_upgrade_request, Bundle[{firebase_event_origin(_o)=app, value=1}]
11-18 12:57:38.450 V/FA      ( 4423): Connection attempt already in progress
11-18 12:57:38.455 D/FA      ( 4423): Logging event (FE): what_bluelight_show, Bundle[{firebase_event_origin(_o)=app, value=1}]
11-18 12:57:38.461 D/CubicBezierInterpolator( 4423): CubicBezierInterpolator  mControlPoint1x = 0.23, mControlPoint1y = 0.06, mControlPoint2x = 0.09, mControlPoint2y = 0.97
11-18 12:57:38.461 D/CubicBezierInterpolator( 4423): CubicBezierInterpolator  mControlPoint1x = 0.6, mControlPoint1y = 0.9, mControlPoint2x = 0.8, mControlPoint2y = 1.0
11-18 12:57:38.461 D/CubicBezierInterpolator( 4423): CubicBezierInterpolator  mControlPoint1x = 0.23, mControlPoint1y = 0.06, mControlPoint2x = 0.09, mControlPoint2y = 0.97
11-18 12:57:38.461 D/CubicBezierInterpolator( 4423): CubicBezierInterpolator  mControlPoint1x = 0.6, mControlPoint1y = 0.9, mControlPoint2x = 0.8, mControlPoint2y = 1.0
11-18 12:57:38.468 V/FA      ( 4423): Connection attempt already in progress
11-18 12:57:38.493 I/zygote  ( 4423): Deoptimizing boolean com.huawei.android.hwcontrol.HwWidgetFactoryImpl.isHwTheme(android.content.Context) due to JIT same target
11-18 12:57:38.498 D/FA      ( 4423): Logging event (FE): RAINBOW_FEATURE_PV_2918, Bundle[{firebase_event_origin(_o)=app, value=1}]
11-18 12:57:38.507 D/CubicBezierInterpolator( 4423): CubicBezierInterpolator  mControlPoint1x = 0.23, mControlPoint1y = 0.06, mControlPoint2x = 0.09, mControlPoint2y = 0.97
11-18 12:57:38.507 D/CubicBezierInterpolator( 4423): CubicBezierInterpolator  mControlPoint1x = 0.6, mControlPoint1y = 0.9, mControlPoint2x = 0.8, mControlPoint2y = 1.0
11-18 12:57:38.507 D/CubicBezierInterpolator( 4423): CubicBezierInterpolator  mControlPoint1x = 0.23, mControlPoint1y = 0.06, mControlPoint2x = 0.09, mControlPoint2y = 0.97
11-18 12:57:38.507 D/CubicBezierInterpolator( 4423): CubicBezierInterpolator  mControlPoint1x = 0.6, mControlPoint1y = 0.9, mControlPoint2x = 0.8, mControlPoint2y = 1.0
11-18 12:57:38.507 V/FA      ( 4423): Connection attempt already in progress
11-18 12:57:38.510 W/InputManager( 1187): Input event injection from pid 18074 failed.
11-18 12:57:38.511 W/InputManager( 1187): Input event injection from pid 18074 failed.
11-18 12:57:38.512 D/FA      ( 4423): Logging event (FE): RAINBOW_AD_SHOULD_SHOW_2918, Bundle[{firebase_event_origin(_o)=app, value=1}]
11-18 12:57:38.525 I/zygote  ( 4423): Do full code cache collection, code=125KB, data=94KB
11-18 12:57:38.526 I/zygote  ( 4423): After code cache collection, code=104KB, data=66KB
11-18 12:57:38.526 W/libc    ( 6180): Set property "ril.hw_modem0.rssi" to "-78"
11-18 12:57:38.531 V/FA      ( 4423): Connection attempt already in progress
11-18 12:57:38.543 D/CubicBezierInterpolator( 4423): CubicBezierInterpolator  mControlPoint1x = 0.23, mControlPoint1y = 0.06, mControlPoint2x = 0.09, mControlPoint2y = 0.97
11-18 12:57:38.544 D/CubicBezierInterpolator( 4423): CubicBezierInterpolator  mControlPoint1x = 0.6, mControlPoint1y = 0.9, mControlPoint2x = 0.8, mControlPoint2y = 1.0
11-18 12:57:38.544 D/CubicBezierInterpolator( 4423): CubicBezierInterpolator  mControlPoint1x = 0.23, mControlPoint1y = 0.06, mControlPoint2x = 0.09, mControlPoint2y = 0.97
11-18 12:57:38.544 D/CubicBezierInterpolator( 4423): CubicBezierInterpolator  mControlPoint1x = 0.6, mControlPoint1y = 0.9, mControlPoint2x = 0.8, mControlPoint2y = 1.0
11-18 12:57:38.549 I/WindowManager( 1187): rotationForOrientationLw(orient=1, last=0); user=1 USER_ROTATION_LOCKED
11-18 12:57:38.550 D/HwPhoneWindowManager( 1187): face_rotation: not enabled,use sensor real
11-18 12:57:38.550 D/HwPhoneWindowManager( 1187): face_rotation:real sensor rotation = -1
11-18 12:57:38.550 D/HwPhoneWindowManager( 1187): face_rotation: rotation = 0
11-18 12:57:38.550 I/WindowManager( 1187): Selected orientation 1, got rotation 0 which has compatible metrics
11-18 12:57:38.563 D/ManufacturerUtil( 4423): Manufactory: huawei
11-18 12:57:38.586 D/FA      ( 4423): Logging event (FE): notification_allow, Bundle[{firebase_event_origin(_o)=app, value=false}]
11-18 12:57:38.593 D/ActivityThread( 4423): add activity client record, r= ActivityRecord{6c3f771 token=android.os.BinderProxy@d0819f5 {com.eyefilter.night/com.eyefilter.night.activity.MainFilterActivity}} token= android.os.BinderProxy@d0819f5
11-18 12:57:38.598 V/FA      ( 4423): Connection attempt already in progress
11-18 12:57:38.601 D/FA      ( 4423): Logging event (FE): TAB_SHOWN_FILTER, Bundle[{firebase_event_origin(_o)=app, value=1}]
11-18 12:57:38.609 D/OpenGLRenderer( 4423):   HWUI Binary is  enabled
11-18 12:57:38.611 D/SurfaceFlinger(  547): SurfaceFlinger: getDisplayConfigs--3.000000, 1080, 1920
11-18 12:57:38.611 I/chatty  (  547): uid=1000(system) Binder:547_2 identical 1 line
11-18 12:57:38.611 D/SurfaceFlinger(  547): SurfaceFlinger: getDisplayConfigs--3.000000, 1080, 1920
11-18 12:57:38.611 D/OpenGLRenderer( 4423): HWUI GL Pipeline
11-18 12:57:38.615 V/WindowManager( 1187): Adding Window{c707dfd u0 com.eyefilter.night/com.eyefilter.night.activity.MainFilterActivity} to AppWindowToken{ec4d8c5 token=Token{f7b033c ActivityRecord{254012f u0 com.eyefilter.night/.activity.MainFilterActivity t110}}}
11-18 12:57:38.616 V/WindowManager( 1187): addWindow: New client android.os.BinderProxy@a559a54: window=Window{c707dfd u0 com.eyefilter.night/com.eyefilter.night.activity.MainFilterActivity} Callers=com.android.server.wm.HwWindowManagerService.addWindow:574 com.android.server.wm.Session.addToDisplay:199 android.view.IWindowSession$Stub.onTransact:124 com.android.server.wm.Session.onTransact:161 android.os.Binder.execTransact:675 
11-18 12:57:38.619 V/FA      ( 4423): Connection attempt already in progress
11-18 12:57:38.626 D/FA      ( 4423): Logging event (FE): TAB_SHOWN_EYECARE, Bundle[{firebase_event_origin(_o)=app, value=1}]
11-18 12:57:38.635 V/BroadcastQueue( 1187): Finished with ordered broadcast BroadcastRecord{9712fc4 u0 com.cootek.usage.alarm_operation}
11-18 12:57:38.639 V/BroadcastQueue( 1187): Finished with ordered broadcast BroadcastRecord{7573ead u0 com.android.utils.hades.ACTION_START_SYS_WRAPPER}
11-18 12:57:38.644 V/FA      ( 4423): Connection attempt already in progress
11-18 12:57:38.648 D/FA      ( 4423): Logging event (FE): screen_view(_vs), Bundle[{firebase_event_origin(_o)=auto, firebase_screen_class(_sc)=MainFilterActivity, firebase_screen_id(_si)=-229873912289150907}]
11-18 12:57:38.650 D/GraphRequest( 4423): Warning: Request without access token missing application ID or client token.
11-18 12:57:38.659 D/HwFLClassLoader( 4423): USE_FEATURE_LIST had not init! 
11-18 12:57:38.663 V/FA      ( 4423): Connection attempt already in progress
11-18 12:57:38.664 V/FA      ( 4423): Connection attempt already in progress
11-18 12:57:38.664 V/FA      ( 4423): Activity resumed, time: 149232863
11-18 12:57:38.667 D/FA      ( 4423): Logging event (FE): main_page, Bundle[{firebase_event_origin(_o)=app, firebase_screen_class(_sc)=MainFilterActivity, firebase_screen_id(_si)=-229873912289150907, value=1}]
11-18 12:57:38.680 V/FA      ( 4423): Connection attempt already in progress
11-18 12:57:38.683 I/DynamiteModule( 4423): Considering local module com.google.android.gms.ads.dynamite:0 and remote module com.google.android.gms.ads.dynamite:324
11-18 12:57:38.683 I/DynamiteModule( 4423): Selected remote version of com.google.android.gms.ads.dynamite, version >= 324
11-18 12:57:38.705 I/zygote  ( 4423): Deoptimizing void com.google.gson.internal.bind.ReflectiveTypeAdapterFactory$1.read(com.google.gson.stream.JsonReader, java.lang.Object) due to JIT inline cache
11-18 12:57:38.709 V/BroadcastQueue( 1187): Finished with ordered broadcast BroadcastRecord{741e06d u0 com.google.android.gms.gcm.ACTION_SCHEDULE}
11-18 12:57:38.714 D/HwGameAssistantController( 1187): Keycontrol mode is 2 for user 0
11-18 12:57:38.723 W/HwAlarmManagerService( 1187): isContainsAppUidInWorksource-->happend NameNotFoundException
11-18 12:57:38.767 W/libc    ( 6180): Set property "ril.hw_modem0.rssi" to "-78"
11-18 12:57:38.778 D/DynamitePackage( 4423): Instantiated singleton DynamitePackage.
11-18 12:57:38.778 D/DynamitePackage( 4423): Instantiating com.google.android.gms.ads.ChimeraMobileAdsSettingManagerCreatorImpl
11-18 12:57:38.828 E/FlurryAgent( 4423): Listener cannot be null
11-18 12:57:38.844 I/HisiKeyMaster(  438): hisi_km_get_key_characteristics start
11-18 12:57:38.844 I/HisiKeyMaster(  438): Disable the enhanced crypto!
11-18 12:57:38.850 W/cr_ChildProcLH( 4423): Create a new ChildConnectionAllocator with package name = com.google.android.webview, sandboxed = true
11-18 12:57:38.850 I/HisiKeyMaster(  438): hisi_km_get_key_characteristics success
11-18 12:57:38.853 I/HisiKeyMaster(  438): hisi_km_get_key_characteristics start
11-18 12:57:38.853 I/HisiKeyMaster(  438): Disable the enhanced crypto!
11-18 12:57:38.854 I/chatty  ( 1187): uid=1000(system) android.display expire 106 lines
11-18 12:57:38.855 I/cr_BrowserStartup( 4423): Initializing chromium process, singleProcess=false
11-18 12:57:38.855 V/ActivityManager( 1187): startProcess: name=com.google.android.webview:sandboxed_process0 app=null knownToBeDead=true thread=null pid=-1
11-18 12:57:38.857 I/HwMobileSignalController(0)( 2017): subId:0 phoneType:1 networktype:13 targetClass:3 masterLevel:5 slaveLevel:-1
11-18 12:57:38.863 W/eyefilter.night( 4423): type=1400 audit(0.0:1188): avc: denied { read } for name="vmstat" dev="proc" ino=4026532210 scontext=u:r:untrusted_app:s0:c512,c768 tcontext=u:object_r:proc:s0 tclass=file permissive=0
11-18 12:57:38.864 I/ActivityManager( 1187): Start proc 4596:com.google.android.webview:sandboxed_process0/u0i162 for webview_service com.eyefilter.night/org.chromium.content.app.SandboxedProcessService0
11-18 12:57:38.864 I/        ( 4596): power log dlsym ok
11-18 12:57:38.865 I/HisiKeyMaster(  438): hisi_km_get_key_characteristics success
11-18 12:57:38.865 E//system/bin/webview_zygote32( 4596): failed to make and chown /acct/uid_99162: Permission denied
11-18 12:57:38.865 E/Zygote  ( 4596): createProcessGroup(99162, 0) failed: Permission denied
11-18 12:57:38.866 I//system/bin/webview_zygote32( 4596): Reinit property: dalvik.vm.checkjni= false
11-18 12:57:38.866 I/HisiKeyMaster(  438): hisi_km_begin start
11-18 12:57:38.866 I/HisiKeyMaster(  438): Disable the enhanced crypto!
11-18 12:57:38.871 W/re-initialized>( 4596): type=1400 audit(0.0:1189): avc: denied { read } for name="u:object_r:mmi_prop:s0" dev="tmpfs" ino=4571 scontext=u:r:isolated_app:s0:c512,c768 tcontext=u:object_r:mmi_prop:s0 tclass=file permissive=0
11-18 12:57:38.876 I/SamplingProfilerIntegration( 4596): Profiling disabled.
11-18 12:57:38.877 E/libc    ( 4596): Access denied finding property "runtime.mmitest.isrunning"
11-18 12:57:38.878 I/HisiKeyMaster(  438): out_params_buffer_len = 4096
11-18 12:57:38.878 D/ActivityThread( 4596): ActivityThread,attachApplication
11-18 12:57:38.878 I/HisiKeyMaster(  438): hisi_km_begin success
11-18 12:57:38.879 D/ActivityManager( 1187): ActivityManagerService,attachApplication,callingPid = 4596
11-18 12:57:38.879 I/HisiKeyMaster(  438): Disable the enhanced crypto!
11-18 12:57:38.886 W//system/bin/hwservicemanager(  423): Cannot open /odm/manifest.xml
11-18 12:57:38.893 I/HisiKeyMaster(  438): hisi_km_finish start
11-18 12:57:38.893 I/HisiKeyMaster(  438): Disable the enhanced crypto!
11-18 12:57:38.893 I/HwCust  ( 4596): Constructor found for class android.app.HwCustApplicationPackageManagerImpl
11-18 12:57:38.893 D/HwCust  ( 4596): Create obj success use class android.app.HwCustApplicationPackageManagerImpl
11-18 12:57:38.898 W//system/bin/hwservicemanager(  423): Cannot open /odm/manifest.xml
11-18 12:57:38.898 I/zygote  ( 4423): Do partial code cache collection, code=123KB, data=85KB
11-18 12:57:38.898 I/HisiKeyMaster(  438): output data size=0
11-18 12:57:38.898 I/HisiKeyMaster(  438): hisi_km_finish success
11-18 12:57:38.899 E/ServiceManager(  422): try to find service failed, not allowed access from isolated processes.
11-18 12:57:38.899 I/zygote  ( 4423): After code cache collection, code=122KB, data=85KB
11-18 12:57:38.899 I/zygote  ( 4423): Increasing code cache capacity to 512KB
11-18 12:57:38.901 I/zygote  ( 4423): Deoptimizing void com.mobutils.android.mediation.sdk.q.a(android.content.Context, com.mobutils.android.mediation.sdk.l, java.util.Set) due to JIT inline cache
11-18 12:57:38.901 D/HwFLClassLoader( 4596): USE_FEATURE_LIST had not init! 
11-18 12:57:38.906 E/asset   ( 4596): createFromFile(): lock file /data/resource-cache/product@overlay@frameworkResOverlay.apk@idmap.
11-18 12:57:38.910 E/asset   ( 4639): setgid: Operation not permitted
11-18 12:57:38.910 W/Settings( 4423): mValues not put! needsGenerationTracker: true currentGeneration: -1 name: hw_op_nw_default_sub_plmn value: null
11-18 12:57:38.911 D/ConnectivityService( 1187): listenForNetwork for uid/pid:10125/4423 NetworkRequest [ LISTEN id=304, [ Capabilities: INTERNET&NOT_RESTRICTED&TRUSTED&FOREGROUND] ]
11-18 12:57:38.911 D/ConnectivityService( 1187): rematching NetworkAgentInfo [MOBILE (LTE) - 113]
11-18 12:57:38.912 D/PhoneInterfaceManager( 2168): [PhoneIntfMgr] getDataEnabled: subId=0 phoneId=0
11-18 12:57:38.912 D/PhoneInterfaceManager( 2168): [PhoneIntfMgr] getDataEnabled: subId=0 retVal=true
11-18 12:57:38.913 D/ConnectivityService( 1187):  network has: [ Transports: CELLULAR Capabilities: SUPL&INTERNET&NOT_RESTRICTED&TRUSTED&NOT_VPN&VALIDATED&FOREGROUND LinkUpBandwidth>=51200Kbps LinkDnBandwidth>=102400Kbps Specifier: <0>]
11-18 12:57:38.913 D/ConnectivityService( 1187): Network NetworkAgentInfo [MOBILE (LTE) - 113] was already satisfying request 1. No change.
11-18 12:57:38.913 D/ConnectivityService( 1187): Network NetworkAgentInfo [MOBILE (LTE) - 113] was already satisfying request 4. No change.
11-18 12:57:38.913 D/ConnectivityService( 1187): Network NetworkAgentInfo [MOBILE (LTE) - 113] was already satisfying request 3. No change.
11-18 12:57:38.913 I/PressGestureDetector( 4423): enabledInPad = false,isPcCastMode = false
11-18 12:57:38.921 E/EasyInvokeUtils( 4596): no target fieldName
11-18 12:57:38.922 I/chatty  ( 4596): uid=99162(u0_i162) identical 6 lines
11-18 12:57:38.922 E/EasyInvokeUtils( 4596): no target fieldName
11-18 12:57:38.925 E/ServiceManager(  422): try to find service failed, not allowed access from isolated processes.
11-18 12:57:38.926 I/LoadedApk( 4596): No resource references to update in package com.google.android.webview
11-18 12:57:38.926 E/MemoryLeakMonitorManager( 4596): MemoryLeakMonitor.jar is not exist!
11-18 12:57:38.926 W/libc    ( 6180): Set property "ril.hw_modem0.rssi" to "-78"
11-18 12:57:38.939 I/HwMobileSignalController(0)( 2017): subId:0 phoneType:1 networktype:13 targetClass:3 masterLevel:5 slaveLevel:-1
11-18 12:57:38.944 W/WindowManager( 1187): EGLdebug Created surface WindowStateAnimator{b26de76 com.eyefilter.night/com.eyefilter.night.activity.MainFilterActivity}
11-18 12:57:38.949 I/chatty  ( 1187): uid=1000(system) android.ui expire 60 lines
11-18 12:57:38.951 D/HwGameAssistantController( 1187): Keycontrol mode is 2 for user 0
11-18 12:57:38.957 I/iGraphics( 4423): [0020080c] pn: com.eyefilter.night, p: 4423
11-18 12:57:38.958 I/iGraphics( 4423): [0030050a] lv: 1.0, cv: 5, BT: Jul 12 2018, 10:11:58
11-18 12:57:38.958 W/iGraphics( 4423): [needUseHookMode] com.eyefilter.night is not in the whitelist of xml
11-18 12:57:38.958 I/iGraphics( 4423): [0030080c] opt app: 0
11-18 12:57:38.959 I/OpenGLRenderer( 4423): Initialized EGL, version 1.4
11-18 12:57:38.959 D/OpenGLRenderer( 4423): Swap behavior 2
11-18 12:57:38.959 D/KeyEvent( 4423): obtain, mHwFlags=7966
11-18 12:57:38.959 W/ViewRootImpl[MainFilterActivity]( 4423): Dropping event due to no window focus: KeyEvent { action=ACTION_DOWN, keyCode=KEYCODE_DPAD_DOWN, scanCode=0, metaState=0, flags=0x8, hwFlags=0x1f1e, repeatCount=0, eventTime=24277117, downTime=24277117, deviceId=-1, source=0x101 }
11-18 12:57:38.962 I/chatty  ( 1187): uid=1000(system) Binder:1187_9 expire 5 lines
11-18 12:57:38.966 D/mali_winsys( 4423): EGLint new_window_surface(egl_winsys_display *, void *, EGLSurface, EGLConfig, egl_winsys_surface **, egl_color_buffer_format *, EGLBoolean) returns 0x3000
11-18 12:57:38.967 D/KeyEvent( 4423): obtain, mHwFlags=7966
11-18 12:57:38.967 W/ViewRootImpl[MainFilterActivity]( 4423): Cancelling event due to no window focus: KeyEvent { action=ACTION_UP, keyCode=KEYCODE_DPAD_DOWN, scanCode=0, metaState=0, flags=0x28, hwFlags=0x1f1e, repeatCount=0, eventTime=24277354, downTime=24277354, deviceId=-1, source=0x101 }
11-18 12:57:38.967 E/vndksupport( 4423): Could not load vendor/lib/egl/libGLES_mali_v2.so from sphal namespace: dlopen failed: library "vendor/lib/egl/libGLES_mali_v2.so" not found.
11-18 12:57:38.967 I/chatty  ( 4423): uid=10125(u0_a125) com.eyefilter.night identical 7 lines
11-18 12:57:38.967 W/ViewRootImpl[MainFilterActivity]( 4423): Cancelling event due to no window focus: KeyEvent { action=ACTION_UP, keyCode=KEYCODE_DPAD_DOWN, scanCode=0, metaState=0, flags=0x28, hwFlags=0x1f1e, repeatCount=0, eventTime=24277354, downTime=24277354, deviceId=-1, source=0x101 }
11-18 12:57:38.978 E/Minikin ( 4596): Could not get cmap table size!
11-18 12:57:38.980 I/cr_ChildProcessService( 4596): Creating new ChildProcessService pid=4596
11-18 12:57:39.008 D/WindowManager( 1187): finishDrawingWindow: Window{c707dfd u0 com.eyefilter.night/com.eyefilter.night.activity.MainFilterActivity} mDrawState=DRAW_PENDING
11-18 12:57:39.028 D/FA      ( 4423): Logging event (FE): service_state, Bundle[{firebase_event_origin(_o)=app, firebase_screen_class(_sc)=MainFilterActivity, firebase_screen_id(_si)=-229873912289150907, value=true}]
11-18 12:57:39.040 W/TrustSpaceManagerService( 1187): unknown Intent, type: service calleePackage: com.eyefilter.night callerPid:4423 callerUid:10125 callerPackage:null userId:0
11-18 12:57:39.040 V/FA      ( 4423): Connection attempt already in progress
11-18 12:57:39.043 V/WindowManager( 1187): removeIfPossible: Window{963488 u0 Splash Screen com.eyefilter.night} callers=com.android.server.wm.WindowState.removeIfPossible:1914 com.android.server.wm.WindowManagerService.removeWindow:2031 com.android.server.wm.Session.remove:218 android.view.ViewRootImpl.dispatchDetachedFromWindow:3767 android.view.ViewRootImpl.doDie:6835 
11-18 12:57:39.044 V/WindowManager( 1187): Not removing Window{963488 u0 Splash Screen com.eyefilter.night EXITING} due to exit animation 
11-18 12:57:39.047 I/Finsky  (16226): [487] com.google.android.finsky.billing.iab.aa.b(161): com.eyefilter.night: Account determined from library ownership - [Lh7nOXc0gBsGp2flRlcR09hM77w]
11-18 12:57:39.048 D/billingkit--BillingManager( 4423): Setup finished. Response code: 0
11-18 12:57:39.048 D/billingkit--BillingManager( 4423): Setup successful. Querying inventory.
11-18 12:57:39.051 I/billingkit--BiPurchaseManager( 4423): onBillingClientSetupFinished: 0
11-18 12:57:39.054 I/Finsky  (16226): [487] com.google.android.finsky.billing.iab.aa.b(161): com.eyefilter.night: Account determined from library ownership - [Lh7nOXc0gBsGp2flRlcR09hM77w]
11-18 12:57:39.054 W/System.err( 4423): com.cootek.business.func.firebase.push.exception.ResultWrapperException
11-18 12:57:39.054 W/System.err( 4423): 	at com.cootek.business.func.firebase.push.FPushManagerImpl$7.apply(SourceFile:368)
11-18 12:57:39.054 W/System.err( 4423): 	at com.cootek.business.func.firebase.push.FPushManagerImpl$7.apply(SourceFile:356)
11-18 12:57:39.054 W/System.err( 4423): 	at io.reactivex.internal.operators.observable.ObservableFlatMap$MergeObserver.onNext(SourceFile:121)
11-18 12:57:39.054 W/System.err( 4423): 	at io.reactivex.internal.operators.observable.z$a.onNext(SourceFile:103)
11-18 12:57:39.054 W/System.err( 4423): 	at io.reactivex.internal.operators.observable.aw$a.onNext(SourceFile:64)
11-18 12:57:39.054 W/System.err( 4423): 	at retrofit2.adapter.rxjava2.BodyObservable$BodyObserver.onNext(SourceFile:51)
11-18 12:57:39.055 W/System.err( 4423): 	at retrofit2.adapter.rxjava2.BodyObservable$BodyObserver.onNext(SourceFile:37)
11-18 12:57:39.055 W/System.err( 4423): 	at retrofit2.adapter.rxjava2.CallExecuteObservable.subscribeActual(SourceFile:44)
11-18 12:57:39.055 W/System.err( 4423): 	at io.reactivex.q.subscribe(SourceFile:12036)
11-18 12:57:39.055 W/System.err( 4423): 	at retrofit2.adapter.rxjava2.BodyObservable.subscribeActual(SourceFile:34)
11-18 12:57:39.055 W/System.err( 4423): 	at io.reactivex.q.subscribe(SourceFile:12036)
11-18 12:57:39.055 W/System.err( 4423): 	at io.reactivex.internal.operators.observable.aw.subscribeActual(SourceFile:33)
11-18 12:57:39.055 W/System.err( 4423): 	at io.reactivex.q.subscribe(SourceFile:12036)
11-18 12:57:39.055 W/System.err( 4423): 	at io.reactivex.internal.operators.observable.z.subscribeActual(SourceFile:42)
11-18 12:57:39.055 W/System.err( 4423): 	at io.reactivex.q.subscribe(SourceFile:12036)
11-18 12:57:39.055 W/System.err( 4423): 	at io.reactivex.internal.operators.observable.ObservableFlatMap.subscribeActual(SourceFile:55)
11-18 12:57:39.055 W/System.err( 4423): 	at io.reactivex.q.subscribe(SourceFile:12036)
11-18 12:57:39.055 W/System.err( 4423): 	at io.reactivex.internal.operators.observable.z.subscribeActual(SourceFile:42)
11-18 12:57:39.055 W/System.err( 4423): 	at io.reactivex.q.subscribe(SourceFile:12036)
11-18 12:57:39.055 W/System.err( 4423): 	at io.reactivex.internal.operators.observable.ObservableSubscribeOn$a.run(SourceFile:96)
11-18 12:57:39.055 W/System.err( 4423): 	at io.reactivex.y$a.run(SourceFile:579)
11-18 12:57:39.055 W/System.err( 4423): 	at io.reactivex.internal.schedulers.ScheduledRunnable.run(SourceFile:66)
11-18 12:57:39.055 W/System.err( 4423): 	at io.reactivex.internal.schedulers.ScheduledRunnable.call(SourceFile:57)
11-18 12:57:39.055 W/System.err( 4423): 	at java.util.concurrent.FutureTask.run(FutureTask.java:266)
11-18 12:57:39.055 W/System.err( 4423): 	at java.util.concurrent.ScheduledThreadPoolExecutor$ScheduledFutureTask.run(ScheduledThreadPoolExecutor.java:301)
11-18 12:57:39.055 W/System.err( 4423): 	at java.util.concurrent.ThreadPoolExecutor.runWorker(ThreadPoolExecutor.java:1162)
11-18 12:57:39.055 W/System.err( 4423): 	at java.util.concurrent.ThreadPoolExecutor$Worker.run(ThreadPoolExecutor.java:636)
11-18 12:57:39.055 W/System.err( 4423): 	at java.lang.Thread.run(Thread.java:784)
11-18 12:57:39.055 D/OpenGLRenderer( 4423):   HWUI Binary is  enabled
11-18 12:57:39.062 W/ActivityManager( 1187): Unable to start service Intent { act=android.support.customtabs.action.CustomTabsService pkg=com.android.chrome } U=0: not found
11-18 12:57:39.083 V/BroadcastQueue( 1187): Finished with ordered broadcast BroadcastRecord{c0c95e2 u0 com.android.utils.hades.ACTION_REGISTER_IMPLICIT_RECEIVERS}
11-18 12:57:39.087 W/libc    ( 6180): Set property "ril.hw_modem0.rssi" to "-77"
11-18 12:57:39.088 D/FA      ( 4423): Logging event (FE): B_upgrade_response, Bundle[{firebase_event_origin(_o)=app, firebase_screen_class(_sc)=MainFilterActivity, firebase_screen_id(_si)=-229873912289150907, value=200}]
11-18 12:57:39.088 I/ConsentInformation( 4423): Use ConsentInformation.getInstance(context).addTestDevice("95D43196D507BB81B85FE9C6BA8A5654") to get test ads on this device.
11-18 12:57:39.091 W/InputMethodManager( 4423): startInputReason = 1
11-18 12:57:39.095 W/libc    ( 2168): Set property "gsm.rssi.sim1" to "-77"
11-18 12:57:39.096 I/PresentationSystem( 4423): setUpdateAlarm
11-18 12:57:39.098 I/PresentConfigUpdater( 4423): delay time: 0
11-18 12:57:39.099 I/wangchen(23826): SysInfo.getSysParam: orientation=1||config d=3.0,w=1080,h=1808||metrics d=3.0,w=1080,h=1808||sdk=26,bar_h=72
11-18 12:57:39.099 I/KeymapLoader(23826): w=1080 h=1808 ori=true appScale=3.3 s1=3.0
11-18 12:57:39.101 I/HwMobileSignalController(0)( 2017): subId:0 phoneType:1 networktype:13 targetClass:3 masterLevel:5 slaveLevel:-1
11-18 12:57:39.103 E/PresentConfigLoader( 4423): ***************** parse success ****************
11-18 12:57:39.104 E/PresentConfigLoader( 4423): pts static size: 0
11-18 12:57:39.104 E/PresentConfigLoader( 4423): pts dynamic size: 0
11-18 12:57:39.109 D/WindowManager( 1187): finishDrawingWindow: Window{c707dfd u0 com.eyefilter.night/com.eyefilter.night.activity.MainFilterActivity} mDrawState=HAS_DRAWN
11-18 12:57:39.109 D/HwFLClassLoader( 4423): USE_FEATURE_LIST had not init! 
11-18 12:57:39.111 D/DynamitePackage( 4423): Instantiating com.google.android.gms.ads.ChimeraAdLoaderBuilderCreatorImpl
11-18 12:57:39.121 W/InputMethodManager( 4423): startInputReason = 5
11-18 12:57:39.121 I/PresentationSystem( 4423): clearDownloadListFids: 
11-18 12:57:39.122 I/PresentationSystem( 4423): setUpdateAlarm
11-18 12:57:39.124 V/FA      ( 4423): Connection attempt already in progress
11-18 12:57:39.124 D/FA      ( 4423): Connected to remote service
11-18 12:57:39.125 I/zygote  (16226): Do full code cache collection, code=509KB, data=368KB
11-18 12:57:39.125 V/FA      ( 4423): Processing queued up service tasks: 17
11-18 12:57:39.126 I/zygote  (16226): After code cache collection, code=508KB, data=338KB
11-18 12:57:39.127 D/OpenGLRenderer( 4423):   HWUI Binary is  enabled
11-18 12:57:39.129 W/Finsky  (16226): [1] com.google.android.finsky.billing.a.j.a(24): Got an exception trying to get proto method: java.lang.NoSuchMethodException: getFingerprintValid []
11-18 12:57:39.129 W/Finsky  (16226): [1] com.google.android.finsky.billing.a.j.a(24): Got an exception trying to get proto method: java.lang.NoSuchMethodException: getDesiredAuthMethod []
11-18 12:57:39.129 V/WindowManager( 1187): Adding Window{6a8b655 u0 com.eyefilter.night} to WindowToken{821b86a android.os.BinderProxy@5d49d0c}
11-18 12:57:39.130 W/Finsky  (16226): [1] com.google.android.finsky.billing.a.j.a(24): Got an exception trying to get proto method: java.lang.NoSuchMethodException: getAuthFrequency []
11-18 12:57:39.130 W/Finsky  (16226): [1] com.google.android.finsky.billing.a.j.a(24): Got an exception trying to get proto method: java.lang.NoSuchMethodException: getUserHasFop []
11-18 12:57:39.130 V/WindowManager( 1187): addWindow: New client android.os.BinderProxy@5d49d0c: window=Window{6a8b655 u0 com.eyefilter.night} Callers=com.android.server.wm.HwWindowManagerService.addWindow:574 com.android.server.wm.Session.addToDisplay:199 android.view.IWindowSession$Stub.onTransact:124 com.android.server.wm.Session.onTransact:161 android.os.Binder.execTransact:675 
11-18 12:57:39.131 I/Finsky  (16226): [1] com.google.android.finsky.billing.a.m.run(15): Skipping a request to /bulkAcquire since cache has all the records.
11-18 12:57:39.146 W/WindowManager( 1187): EGLdebug Created surface WindowStateAnimator{9b47df8 }
11-18 12:57:39.147 V/BroadcastQueue( 1187): Finished with ordered broadcast BroadcastRecord{888015b u0 com.google.android.gms.gcm.ACTION_SCHEDULE}
11-18 12:57:39.148 I/chatty  ( 1187): uid=1000(system) Binder:1187_15 expire 12 lines
11-18 12:57:39.152 V/BroadcastQueue( 1187): Finished with ordered broadcast BroadcastRecord{60b62d1 u0 com.google.android.gms.gcm.ACTION_SCHEDULE}
11-18 12:57:39.152 I/PresentConfigUpdater( 4423): delay time: 0
11-18 12:57:39.157 V/BroadcastQueue( 1187): Finished with ordered broadcast BroadcastRecord{aa889e5 u0 com.cootek.presentation.action.MESSAGE_READY}
11-18 12:57:39.158 D/mali_winsys( 4423): EGLint new_window_surface(egl_winsys_display *, void *, EGLSurface, EGLConfig, egl_winsys_surface **, egl_color_buffer_format *, EGLBoolean) returns 0x3000
11-18 12:57:39.158 D/OpenGLRenderer( 4423):   HWUI Binary is  enabled
11-18 12:57:39.159 W/HwAlarmManagerService( 1187): isContainsAppUidInWorksource-->happend NameNotFoundException
11-18 12:57:39.166 W/HwAlarmManagerService( 1187): isContainsAppUidInWorksource-->happend NameNotFoundException
11-18 12:57:39.167 V/BroadcastQueue( 1187): Finished with ordered broadcast BroadcastRecord{6340d3 u0 com.google.android.gms.gcm.ACTION_SCHEDULE}
11-18 12:57:39.172 V/BroadcastQueue( 1187): Finished with ordered broadcast BroadcastRecord{d169b09 u0 com.google.android.gms.gcm.ACTION_SCHEDULE}
11-18 12:57:39.176 I/Ads     ( 4423): Updating ad debug logging enablement.
11-18 12:57:39.177 W/Ads     ( 4423): Can not cast Context to Application
11-18 12:57:39.181 W/zygote  ( 4423): Skipping duplicate class check due to unrecognized classloader
11-18 12:57:39.185 W/HwAlarmManagerService( 1187): isContainsAppUidInWorksource-->happend NameNotFoundException
11-18 12:57:39.192 W/ws001   ( 4423): NRH lcl.fc: c=com.google.android.ads.z__.m
11-18 12:57:39.192 W/HwAlarmManagerService( 1187): isContainsAppUidInWorksource-->happend NameNotFoundException
11-18 12:57:39.193 W/ws001   ( 4423): NRH lcl.fc: c=com.google.android.ads.z__.v
11-18 12:57:39.193 W/ws001   ( 4423): NRH lcl.fc: c=com.google.android.ads.z__.ae
11-18 12:57:39.193 W/ws001   ( 4423): NRH lcl.fc: c=com.google.android.ads.z__.p
11-18 12:57:39.193 W/ws001   ( 4423): NRH lcl.fc: c=com.google.android.ads.z__.r
11-18 12:57:39.193 W/ws001   ( 4423): NRH lcl.fc: c=com.google.android.ads.z__.x
11-18 12:57:39.193 W/ws001   ( 4423): NRH lcl.fc: c=com.google.android.ads.z__.u
11-18 12:57:39.194 W/ws001   ( 4423): NRH lcl.fc: c=com.google.android.ads.z__.t
11-18 12:57:39.194 W/ws001   ( 4423): NRH lcl.fc: c=com.google.android.ads.z__.ad
11-18 12:57:39.194 W/ws001   ( 4423): NRH lcl.fc: c=com.google.android.ads.z__.ac
11-18 12:57:39.194 W/ws001   ( 4423): NRH lcl.fc: c=com.google.android.ads.z__.z
11-18 12:57:39.194 W/ws001   ( 4423): NRH lcl.fc: c=com.google.android.ads.z__.af
11-18 12:57:39.194 W/ws001   ( 4423): NRH lcl.fc: c=com.google.android.ads.z__.l
11-18 12:57:39.197 W/ws001   ( 4423): NRH lcl.fc: c=com.google.android.ads.z__.w
11-18 12:57:39.197 W/ws001   ( 4423): NRH lcl.fc: c=com.google.android.ads.z__.ab
11-18 12:57:39.197 W/ws001   ( 4423): NRH lcl.fc: c=com.google.android.ads.z__.o
11-18 12:57:39.197 W/ws001   ( 4423): NRH lcl.fc: c=com.google.android.ads.z__.y
11-18 12:57:39.197 W/ws001   ( 4423): NRH lcl.fc: c=com.google.android.ads.z__.q
11-18 12:57:39.197 W/ws001   ( 4423): NRH lcl.fc: c=com.google.android.ads.z__.k
11-18 12:57:39.197 W/ws001   ( 4423): NRH lcl.fc: c=com.google.android.ads.z__.n
11-18 12:57:39.197 W/ws001   ( 4423): NRH lcl.fc: c=com.google.android.ads.z__.aa
11-18 12:57:39.197 W/ws001   ( 4423): NRH lcl.fc: c=com.google.android.ads.z__.s
11-18 12:57:39.198 W/ws001   ( 4423): NRH lcl.fc: c=com.google.android.ads.z__.j
11-18 12:57:39.202 V/BroadcastQueue( 1187): Finished with ordered broadcast BroadcastRecord{fcb4296 u0 com.google.android.gms.gcm.ACTION_SCHEDULE}
11-18 12:57:39.209 I/Ads     ( 4423): Starting ad request.
11-18 12:57:39.209 I/Ads     ( 4423): SDK version: afma-sdk-a-v14170999.12451000.1
11-18 12:57:39.210 I/Ads     ( 4423): Use AdRequest.Builder.addTestDevice("95D43196D507BB81B85FE9C6BA8A5654") to get test ads on this device.
11-18 12:57:39.210 I/Ads     ( 4423): Webview loading for native ads.
11-18 12:57:39.221 V/BroadcastQueue( 1187): Finished with ordered broadcast BroadcastRecord{334a204 u0 com.google.android.gms.gcm.ACTION_SCHEDULE}
11-18 12:57:39.226 W/HwAlarmManagerService( 1187): isContainsAppUidInWorksource-->happend NameNotFoundException
11-18 12:57:39.232 W/HwAlarmManagerService( 1187): isContainsAppUidInWorksource-->happend NameNotFoundException
11-18 12:57:39.232 V/BroadcastQueue( 1187): Finished with ordered broadcast BroadcastRecord{c70f222 u0 com.google.android.gms.gcm.ACTION_SCHEDULE}
11-18 12:57:39.237 V/BroadcastQueue( 1187): Finished with ordered broadcast BroadcastRecord{e29a4b3 u0 com.google.android.gms.gcm.ACTION_SCHEDULE}
11-18 12:57:39.240 V/WindowManager( 1187): Exit animation finished in Window{963488 u0 Splash Screen com.eyefilter.night EXITING}: remove=true
11-18 12:57:39.241 E/WindowManager( 1187): win=Window{963488 u0 Splash Screen com.eyefilter.night EXITING} destroySurfaces: appStopped=false win.mWindowRemovalAllowed=true win.mRemoveOnExit=true
11-18 12:57:39.241 I/WindowManager( 1187): Destroying surface Surface(name=Splash Screen com.eyefilter.night) called by com.android.server.wm.WindowStateAnimator.destroySurface:2072 com.android.server.wm.WindowStateAnimator.destroySurfaceLocked:884 com.android.server.wm.HwWindowStateAnimator.destroySurfaceLocked:1006 com.android.server.wm.WindowState.destroyOrSaveSurfaceUnchecked:2998 com.android.server.wm.WindowState.destroySurface:2951 com.android.server.wm.AppWindowToken.destroySurfaces:664 com.android.server.wm.AppWindowToken.destroySurfaces:648 com.android.server.wm.WindowState.onExitAnimationDone:4424 
11-18 12:57:39.244 V/WindowManager( 1187): postWindowRemoveCleanupLocked: Window{963488 u0 Splash Screen com.eyefilter.night}
11-18 12:57:39.244 V/WindowManager( 1187): Removing Window{963488 u0 Splash Screen com.eyefilter.night} from AppWindowToken{ec4d8c5 token=Token{f7b033c ActivityRecord{254012f u0 com.eyefilter.night/.activity.MainFilterActivity t110}}}
11-18 12:57:39.245 D/ConnectivityService( 1187): listenForNetwork for uid/pid:10125/4423 NetworkRequest [ LISTEN id=305, [ Capabilities: INTERNET&NOT_RESTRICTED&TRUSTED&FOREGROUND] ]
11-18 12:57:39.246 D/ConnectivityService( 1187): rematching NetworkAgentInfo [MOBILE (LTE) - 113]
11-18 12:57:39.247 D/PhoneInterfaceManager( 2168): [PhoneIntfMgr] getDataEnabled: subId=0 phoneId=0
11-18 12:57:39.247 D/PhoneInterfaceManager( 2168): [PhoneIntfMgr] getDataEnabled: subId=0 retVal=true
11-18 12:57:39.247 D/ConnectivityService( 1187):  network has: [ Transports: CELLULAR Capabilities: SUPL&INTERNET&NOT_RESTRICTED&TRUSTED&NOT_VPN&VALIDATED&FOREGROUND LinkUpBandwidth>=51200Kbps LinkDnBandwidth>=102400Kbps Specifier: <0>]
11-18 12:57:39.247 D/ConnectivityService( 1187): Network NetworkAgentInfo [MOBILE (LTE) - 113] was already satisfying request 1. No change.
11-18 12:57:39.247 D/ConnectivityService( 1187): Network NetworkAgentInfo [MOBILE (LTE) - 113] was already satisfying request 4. No change.
11-18 12:57:39.247 D/ConnectivityService( 1187): Network NetworkAgentInfo [MOBILE (LTE) - 113] was already satisfying request 3. No change.
11-18 12:57:39.252 V/BroadcastQueue( 1187): Finished with ordered broadcast BroadcastRecord{97c2d9c u0 com.google.android.gms.gcm.ACTION_SCHEDULE}
11-18 12:57:39.258 V/BroadcastQueue( 1187): Finished with ordered broadcast BroadcastRecord{26d23a5 u0 com.google.android.gms.gcm.ACTION_SCHEDULE}
11-18 12:57:39.265 I/zygote  ( 4423): Deoptimizing java.lang.Object com.google.android.gms.ads.internal.util.bp.a(android.content.Context, java.util.concurrent.Callable) due to JIT inline cache
11-18 12:57:39.268 W/HwAlarmManagerService( 1187): isContainsAppUidInWorksource-->happend NameNotFoundException
11-18 12:57:39.271 V/BroadcastQueue( 1187): Finished with ordered broadcast BroadcastRecord{27af72b u0 com.google.android.gms.gcm.ACTION_SCHEDULE}
11-18 12:57:39.271 W/HwAlarmManagerService( 1187): isContainsAppUidInWorksource-->happend NameNotFoundException
11-18 12:57:39.276 V/BroadcastQueue( 1187): Finished with ordered broadcast BroadcastRecord{315521 u0 com.google.android.gms.gcm.ACTION_SCHEDULE}
11-18 12:57:39.283 I/iGraphics( 4423): [0030080c] opt app: 0
11-18 12:57:39.288 W/cr_media( 4423): Requires BLUETOOTH permission
11-18 12:57:39.292 W/libEGL  ( 4423): load: so=libEGL_vr.so
11-18 12:57:39.292 W/libEGL  ( 4423): dlopen failed: library "libEGL_vr.so" not found
11-18 12:57:39.292 D/emcomd  (  592): [EMCOMD_NET] parse_dns_tlv# ip num is exceed 10
11-18 12:57:39.292 D/emcomd  (  592): [EMCOMD_NET] parse_dns_tlv# ip num is exceed 10
11-18 12:57:39.292 I/emcomd  (  592): [EMCOMD_NET] parse_dns_process# dns query duplication
11-18 12:57:39.293 D/emcomd  (  592): [EMCOMD_NET] parse_dns_tlv# ip num is exceed 10
11-18 12:57:39.293 D/emcomd  (  592): [EMCOMD_NET] parse_dns_tlv# ip num is exceed 10
11-18 12:57:39.293 I/emcomd  (  592): [EMCOMD_NET] parse_dns_process# dns query duplication
11-18 12:57:39.293 W/libEGL  ( 4423): load: so=libEGL_vr.so
11-18 12:57:39.293 W/libEGL  ( 4423): dlopen failed: library "libEGL_vr.so" not found
11-18 12:57:39.302 W/ws001   ( 4423): NRH lcl.fc: c=com.google.android.ads.z__.c
11-18 12:57:39.303 W/ws001   ( 4423): NRH lcl.fc: c=com.google.android.ads.z__.a
11-18 12:57:39.305 W/ws001   ( 4423): NRH lcl.fc: c=com.google.android.ads.z__.h
11-18 12:57:39.305 W/ws001   ( 4423): NRH lcl.fc: c=com.google.android.ads.z__.d
11-18 12:57:39.305 I/cr_LibraryLoader( 4596): Time to load native libraries: 0 ms (timestamps 7697-7697)
11-18 12:57:39.306 I/chromium( 4596): [INFO:library_loader_hooks.cc(36)] Chromium logging enabled: level = 0, default verbosity = 0
11-18 12:57:39.306 I/cr_LibraryLoader( 4596): Expected native library version number "70.0.3538.80", actual native library version number "70.0.3538.80"
11-18 12:57:39.306 I/hwaps   ( 4423): JNI_OnLoad
11-18 12:57:39.316 W/ws001   ( 4423): NRH lcl.fc: c=com.google.android.ads.z__.f
11-18 12:57:39.327 D/WindowManager( 1187): finishDrawingWindow: Window{6a8b655 u0 com.eyefilter.night} mDrawState=DRAW_PENDING
11-18 12:57:39.328 W/Ezalter ( 4423): EzalterProcessor##initialize: app_name=[com.eyefilter.night], identifier=[7e23c413f2c8639c91f6bd648521d6c8], serverAddress=[]
11-18 12:57:39.332 W/HwAlarmManagerService( 1187): isContainsAppUidInWorksource-->happend NameNotFoundException
11-18 12:57:39.336 I/chatty  ( 1187): uid=1000(system) Binder:1187_19 expire 10 lines
11-18 12:57:39.336 W/HwAlarmManagerService( 1187): isContainsAppUidInWorksource-->happend NameNotFoundException
11-18 12:57:39.337 W/ws001   ( 4423): NRH lcl.fc: c=com.google.android.ads.z__.b
11-18 12:57:39.353 W/VideoCapabilities( 4423): Unrecognized profile/level 1/32 for video/mp4v-es
11-18 12:57:39.353 W/VideoCapabilities( 4423): Unrecognized profile/level 32768/2 for video/mp4v-es
11-18 12:57:39.353 W/VideoCapabilities( 4423): Unrecognized profile/level 32768/64 for video/mp4v-es
11-18 12:57:39.355 W/AlertWindowNotification( 1187): createNotificationChannel for appName:, PackageName is:com.eyefilter.night,nameChannel is:
11-18 12:57:39.356 W/HwAlarmManagerService( 1187): isContainsAppUidInWorksource-->happend NameNotFoundException
11-18 12:57:39.357 W/VideoCapabilities( 4423): Unsupported mime video/mpeg
11-18 12:57:39.359 W/VideoCapabilities( 4423): Unrecognized profile/level 0/0 for video/mpeg2
11-18 12:57:39.359 W/VideoCapabilities( 4423): Unrecognized profile/level 0/2 for video/mpeg2
11-18 12:57:39.359 W/VideoCapabilities( 4423): Unrecognized profile/level 0/3 for video/mpeg2
11-18 12:57:39.359 I/VideoCapabilities( 4423): Unsupported profile 5 for video/mpeg2
11-18 12:57:39.360 I/chatty  ( 4423): uid=10125(u0_a125) Chrome_InProcGp identical 10 lines
11-18 12:57:39.362 D/libc    (  500): GetAddrInfoHandler addr: xxx.12.1.227
11-18 12:57:39.365 I/chatty  ( 4423): uid=10125(u0_a125) com.eyefilter.night expire 1 line
11-18 12:57:39.366 V/BroadcastQueue( 1187): Finished with ordered broadcast BroadcastRecord{fe4acba u0 com.cootek.presentation.action.CHECK_STATUS_TOAST}
11-18 12:57:39.374 I/ActivityManager( 1187): START u0 {cmp=com.eyefilter.night/.activity.EyeExerciseActivity} from uid 10125
11-18 12:57:39.375 I/chatty  (18074): uid=2000(shell) com.android.commands.monkey expire 3 lines
11-18 12:57:39.375 I/ActivityManager( 1187): ActivityRecord info: ActivityInfo{d236911 com.eyefilter.night.activity.EyeExerciseActivity}
11-18 12:57:39.378 V/WindowManager( 1187): addAppToken: AppWindowToken{de83c94 token=Token{7a768e7 ActivityRecord{fbf16a6 u0 com.eyefilter.night/.activity.EyeExerciseActivity t110}}} controller={TaskWindowContainerController taskId=110} at 2147483647
11-18 12:57:39.383 V/BroadcastQueue( 1187): Finished with ordered broadcast BroadcastRecord{5869434 u0 com.cootek.presentation.action.CONFIG_UPDATE}
11-18 12:57:39.391 V/BroadcastQueue( 1187): Finished with ordered broadcast BroadcastRecord{fad225d u0 com.google.android.gms.gcm.ACTION_SCHEDULE}
11-18 12:57:39.394 V/BroadcastQueue( 1187): Finished with ordered broadcast BroadcastRecord{b7435cc u0 com.google.android.gms.gcm.ACTION_SCHEDULE}
11-18 12:57:39.395 D/WindowManager( 1187): finishDrawingWindow: Window{6a8b655 u0 com.eyefilter.night} mDrawState=HAS_DRAWN
11-18 12:57:39.398 V/BroadcastQueue( 1187): Finished with ordered broadcast BroadcastRecord{2da676b u0 com.cootek.presentation.action.CHECK_DUMMY_TOAST}
11-18 12:57:39.398 D/HwCust  ( 2017): Create obj success use class com.android.systemui.statusbar.notification.HwCustNotificationInflaterImpl
11-18 12:57:39.400 I/FakeShadowView( 2017): radius18
11-18 12:57:39.402 V/BroadcastQueue( 1187): Finished with ordered broadcast BroadcastRecord{7117264 u0 com.google.android.gms.gcm.ACTION_SCHEDULE}
11-18 12:57:39.406 V/BroadcastQueue( 1187): Finished with ordered broadcast BroadcastRecord{41c2982 u0 com.google.android.gms.gcm.ACTION_SCHEDULE}
11-18 12:57:39.406 E/emcomd  (  592): [EMCOMD_NET] parse_dns_process# host or ip is missing
11-18 12:57:39.408 V/WindowManager( 1187): No longer Stopped: AppWindowToken{de83c94 token=Token{7a768e7 ActivityRecord{fbf16a6 u0 com.eyefilter.night/.activity.EyeExerciseActivity t110}}}
11-18 12:57:39.409 V/WindowManager( 1187): No longer Stopped: AppWindowToken{de83c94 token=Token{7a768e7 ActivityRecord{fbf16a6 u0 com.eyefilter.night/.activity.EyeExerciseActivity t110}}}
11-18 12:57:39.413 V/WindowManager( 1187): Checking 1 opening apps (frozen=false timeout=false)...
11-18 12:57:39.413 V/WindowManager( 1187): Check opening app=AppWindowToken{de83c94 token=Token{7a768e7 ActivityRecord{fbf16a6 u0 com.eyefilter.night/.activity.EyeExerciseActivity t110}}}: allDrawn=false startingDisplayed=false startingMoved=false isRelaunching()=false
11-18 12:57:39.416 V/BroadcastQueue( 1187): Finished with ordered broadcast BroadcastRecord{36269e8 u0 com.google.android.gms.gcm.ACTION_SCHEDULE}
11-18 12:57:39.416 W/HwAlarmManagerService( 1187): isContainsAppUidInWorksource-->happend NameNotFoundException
11-18 12:57:39.418 W/HwPhoneLayoutInflater( 2017): onCreateView : ClassNotFoundException, In this case we want to let the base class take a crack at it
11-18 12:57:39.418 W/HwPhoneLayoutInflater( 2017): onCreateView : ClassNotFoundException, In this case we want to let the base class take a crack at it
11-18 12:57:39.420 W/HwPhoneLayoutInflater( 2017): onCreateView : ClassNotFoundException, In this case we want to let the base class take a crack at it
11-18 12:57:39.420 W/HwPhoneLayoutInflater( 2017): onCreateView : ClassNotFoundException, In this case we want to let the base class take a crack at it
11-18 12:57:39.421 W/ResourceType( 2017): Failure getting entry for 0x01040255 (t=3 e=597) (error -75)
11-18 12:57:39.422 I/ActivityManager( 1187): START u0 {cmp=com.eyefilter.night/.activity.EyeExerciseActivity} from uid 10125
11-18 12:57:39.422 W/HwAlarmManagerService( 1187): isContainsAppUidInWorksource-->happend NameNotFoundException
11-18 12:57:39.423 I/ActivityManager( 1187): ActivityRecord info: ActivityInfo{d236911 com.eyefilter.night.activity.EyeExerciseActivity}
11-18 12:57:39.425 I/chatty  ( 2153): uid=1000(system) Binder:2153_7 expire 3 lines
11-18 12:57:39.425 I/Pged-IPgedBinderService(  627): ****action is 1, pid num is 3***
11-18 12:57:39.425 I/Pged-Freezer(  627): freezePids
11-18 12:57:39.425 I/Pged-Freezer(  627): Freeze process: 31009
11-18 12:57:39.425 I/Pged-Freezer(  627): Freeze process: 29326
11-18 12:57:39.425 V/WindowManager( 1187): addAppToken: AppWindowToken{4913a8a token=Token{43a6cf5 ActivityRecord{c968a2c u0 com.eyefilter.night/.activity.EyeExerciseActivity t110}}} controller={TaskWindowContainerController taskId=110} at 2147483647
11-18 12:57:39.432 V/BroadcastQueue( 1187): Finished with ordered broadcast BroadcastRecord{e9bf801 u0 com.google.android.gms.gcm.ACTION_SCHEDULE}
11-18 12:57:39.438 V/BroadcastQueue( 1187): Finished with ordered broadcast BroadcastRecord{a35f732 u0 com.google.android.gms.gcm.ACTION_SCHEDULE}
11-18 12:57:39.438 W/HwPhoneLayoutInflater( 2017): onCreateView : ClassNotFoundException, In this case we want to let the base class take a crack at it
11-18 12:57:39.439 W/HwPhoneLayoutInflater( 2017): onCreateView : ClassNotFoundException, In this case we want to let the base class take a crack at it
11-18 12:57:39.441 V/BroadcastQueue( 1187): Finished with ordered broadcast BroadcastRecord{a42d2c8 u0 com.cootek.presentation.action.CHECK_DESKTOP_SHORTCUT_TOAST}
11-18 12:57:39.444 V/ActivityThread( 4423): ActivityThread,callActivityOnCreate
11-18 12:57:39.444 W/HwPhoneLayoutInflater( 2017): onCreateView : ClassNotFoundException, In this case we want to let the base class take a crack at it
11-18 12:57:39.445 W/HwPhoneLayoutInflater( 2017): onCreateView : ClassNotFoundException, In this case we want to let the base class take a crack at it
11-18 12:57:39.445 V/BroadcastQueue( 1187): Finished with ordered broadcast BroadcastRecord{cf7ac83 u0 com.google.android.gms.gcm.ACTION_SCHEDULE}
11-18 12:57:39.446 W/ResourceType( 2017): Failure getting entry for 0x01040255 (t=3 e=597) (error -75)
11-18 12:57:39.447 I/chatty  (16997): uid=10019(u0_a19) com.google.android.gms expire 2 lines
11-18 12:57:39.451 V/BroadcastQueue( 1187): Finished with ordered broadcast BroadcastRecord{c8547e u0 com.google.android.gms.gcm.ACTION_SCHEDULE}
11-18 12:57:39.456 V/BroadcastQueue( 1187): Finished with ordered broadcast BroadcastRecord{26828fb u0 com.google.android.gms.gcm.ACTION_SCHEDULE}
11-18 12:57:39.458 W/HwAlarmManagerService( 1187): isContainsAppUidInWorksource-->happend NameNotFoundException
11-18 12:57:39.460 V/BroadcastQueue( 1187): Finished with ordered broadcast BroadcastRecord{b8659d7 u0 com.google.android.gms.gcm.ACTION_SCHEDULE}
11-18 12:57:39.462 V/BroadcastQueue( 1187): Finished with ordered broadcast BroadcastRecord{81045ad u0 com.google.android.gms.gcm.ACTION_SCHEDULE}
11-18 12:57:39.464 W/HwAlarmManagerService( 1187): isContainsAppUidInWorksource-->happend NameNotFoundException
11-18 12:57:39.477 V/BroadcastQueue( 1187): Finished with ordered broadcast BroadcastRecord{decbc73 u0 com.google.android.gms.gcm.ACTION_SCHEDULE}
11-18 12:57:39.480 W/HwPhoneLayoutInflater( 2017): onCreateView : ClassNotFoundException, In this case we want to let the base class take a crack at it
11-18 12:57:39.480 W/HwPhoneLayoutInflater( 2017): onCreateView : ClassNotFoundException, In this case we want to let the base class take a crack at it
11-18 12:57:39.480 V/BroadcastQueue( 1187): Finished with ordered broadcast BroadcastRecord{a188fa9 u0 com.google.android.gms.gcm.ACTION_SCHEDULE}
11-18 12:57:39.480 W/HwAlarmManagerService( 1187): isContainsAppUidInWorksource-->happend NameNotFoundException
11-18 12:57:39.481 W/HwPhoneLayoutInflater( 2017): onCreateView : ClassNotFoundException, In this case we want to let the base class take a crack at it
11-18 12:57:39.482 W/HwPhoneLayoutInflater( 2017): onCreateView : ClassNotFoundException, In this case we want to let the base class take a crack at it
11-18 12:57:39.482 W/ResourceType( 2017): Failure getting entry for 0x01040255 (t=3 e=597) (error -75)
11-18 12:57:39.482 E/emcomd  (  592): [EMCOMD_NET] parse_dns_process# host or ip is missing
11-18 12:57:39.488 D/ActivityThread( 4423): add activity client record, r= ActivityRecord{8c4a4d9 token=android.os.BinderProxy@a339cc4 {com.eyefilter.night/com.eyefilter.night.activity.EyeExerciseActivity}} token= android.os.BinderProxy@a339cc4
11-18 12:57:39.495 I/chatty  ( 4423): uid=10125(u0_a125) RenderThread expire 16 lines
