11-18 12:54:18.938 I/chatty  ( 1187): uid=1000(system) Binder:1187_11 expire 11 lines
11-18 12:54:18.942 I/chatty  ( 1187): uid=1000(system) android.anim expire 29 lines
11-18 12:54:18.945 D/ActivityThread( 3438): ActivityThread,attachApplication
11-18 12:54:18.956 I/chatty  ( 1187): uid=1000(system) android.ui expire 31 lines
11-18 12:54:18.961 I/HwNetworkPolicyManager( 1959): getHwUidPolicy uid = 10125 policy = 0
11-18 12:54:18.963 I/chatty  ( 1187): uid=1000(system) Binder:1187_A expire 10 lines
11-18 12:54:18.963 W/SocketClient(  500): write error (Broken pipe)
11-18 12:54:19.145 I/chatty  ( 1187): uid=1000 system_server expire 3 lines
11-18 12:54:19.184 I/chatty  ( 1187): uid=1000(system) android.display expire 3 lines
11-18 12:54:19.380 I/chatty  ( 1187): uid=1000(system) Binder:1187_1C expire 13 lines
11-18 12:54:19.381 V/ActivityThread( 3438): ActivityThread,callActivityOnCreate
11-18 12:54:19.583 I/chatty  ( 1187): uid=1000(system) Binder:1187_10 expire 26 lines
11-18 12:54:19.662 D/ActivityThread( 3438): add activity client record, r= ActivityRecord{62bf200 token=android.os.BinderProxy@cd9e38a {com.eyefilter.night/com.eyefilter.night.activity.MainFilterActivity}} token= android.os.BinderProxy@cd9e38a
11-18 12:54:19.700 I/chatty  ( 1187): uid=1000(system) Binder:1187_2 expire 9 lines
11-18 12:54:19.935 D/ActivityThread( 3568): ActivityThread,attachApplication
11-18 12:54:19.970 I/chatty  ( 1187): uid=1000(system) ConnectivitySer expire 10 lines
11-18 12:54:20.017 W/ViewRootImpl[MainFilterActivity]( 3438): Dropping event due to no window focus: KeyEvent { action=ACTION_DOWN, keyCode=KEYCODE_MENU, scanCode=0, metaState=0, flags=0x8, hwFlags=0x18, repeatCount=0, eventTime=24078190, downTime=24078190, deviceId=-1, source=0x101 }
11-18 12:54:20.023 W/ViewRootImpl[MainFilterActivity]( 3438): Cancelling event due to no window focus: KeyEvent { action=ACTION_UP, keyCode=KEYCODE_MENU, scanCode=0, metaState=0, flags=0x28, hwFlags=0x18, repeatCount=0, eventTime=24078412, downTime=24078412, deviceId=-1, source=0x101 }
11-18 12:54:20.023 I/chatty  ( 3438): uid=10125(u0_a125) com.eyefilter.night identical 4 lines
11-18 12:54:20.023 W/ViewRootImpl[MainFilterActivity]( 3438): Cancelling event due to no window focus: KeyEvent { action=ACTION_UP, keyCode=KEYCODE_MENU, scanCode=0, metaState=0, flags=0x28, hwFlags=0x18, repeatCount=0, eventTime=24078412, downTime=24078412, deviceId=-1, source=0x101 }
11-18 12:54:20.432 I/chatty  ( 1187): uid=1000(system) Binder:1187_4 expire 9 lines
11-18 12:54:20.479 I/chatty  ( 1187): uid=1000(system) Binder:1187_1B expire 32 lines
11-18 12:54:20.488 I/chatty  ( 1187): uid=1000(system) Binder:1187_17 expire 23 lines
11-18 12:54:20.813 I/chatty  ( 1187): uid=1000(system) Binder:1187_1B expire 35 lines
11-18 12:54:20.862 I/chatty  ( 1187): uid=1000(system) InputDispatcher expire 10 lines
11-18 12:54:21.010 I/chatty  ( 1187): uid=1000 system_server expire 12 lines
11-18 12:54:21.011 I/chatty  ( 1187): uid=1000(system) AudioService expire 4 lines
11-18 12:54:21.851 I/chatty  ( 1187): uid=1000(system) android.ui expire 54 lines
11-18 12:54:22.992 I/chatty  ( 1187): uid=1000(system) Binder:1187_1C expire 13 lines
11-18 12:54:23.045 I/chatty  ( 1187): uid=1000(system) Binder:1187_4 expire 23 lines
11-18 12:54:23.670 I/chatty  ( 1187): uid=1000(system) ConnectivitySer expire 2 lines
11-18 12:54:24.021 I/chatty  ( 1187): uid=1000(system) Binder:1187_10 expire 7 lines
11-18 12:54:25.712 I/chatty  ( 1187): uid=1000(system) Binder:1187_1 expire 23 lines
11-18 12:54:25.762 I/chatty  ( 1187): uid=1000(system) Binder:1187_11 expire 31 lines
11-18 12:54:27.022 I/chatty  ( 1187): uid=1000(system) android.anim expire 5 lines
11-18 12:54:27.139 I/chatty  ( 1187): uid=1000(system) watchdog expire 1 line
11-18 12:54:28.018 I/chatty  ( 1187): uid=1000(system) ActivityManager expire 3 lines
11-18 12:54:28.383 I/chatty  ( 1187): uid=1000(system) ConnectivitySer expire 5 lines
11-18 12:54:28.385 I/chatty  ( 1187): uid=1000(system) Binder:1187_1B expire 32 lines
11-18 12:54:28.414 D/ActivityThread( 3754): ActivityThread,attachApplication
11-18 12:54:28.415 I/chatty  ( 1187): uid=1000(system) Binder:1187_11 expire 35 lines
11-18 12:54:28.430 I/chatty  ( 1187): uid=1000(system) Binder:1187_10 expire 44 lines
11-18 12:54:28.436 I/chatty  ( 1187): uid=1000(system) Binder:1187_1C expire 7 lines
11-18 12:54:28.614 I/chatty  ( 1187): uid=1000(system) InputDispatcher expire 4 lines
11-18 12:54:28.651 I/chatty  ( 1187): uid=1000(system) android.anim expire 21 lines
11-18 12:54:29.498 I/chatty  ( 1187): uid=1000 system_server expire 20 lines
11-18 12:54:29.502 I/chatty  ( 1187): uid=1000(system) Binder:1187_4 expire 20 lines
11-18 12:54:30.328 W/ViewRootImpl[Toast]( 3438): EGLdebug relayoutWindow Surface isSurface(name=null)  (appName =com.eyefilter.night) ( mSurfaceControllerIsValid =false) (mNativeObject  =0)/@0x5323736,viewVisibility is0
11-18 12:54:30.342 W/ViewRootImpl[Toast]( 3438): EGLdebug relayoutWindow Surface isSurface(name=null)  (appName =com.eyefilter.night) ( mSurfaceControllerIsValid =true) (mNativeObject  =b807f000)/@0x5323736,relayoutResult is7
11-18 12:54:31.329 I/chatty  ( 1187): uid=1000(system) android.ui expire 26 lines
11-18 12:54:31.773 I/chatty  ( 1187): uid=1000(system) Binder:1187_1 expire 6 lines
11-18 12:54:32.470 I/chatty  ( 1187): uid=1000(system) android.display expire 1 line
11-18 12:54:34.197 I/chatty  ( 1187): uid=1000(system) Binder:1187_10 expire 30 lines
11-18 12:54:34.205 I/chatty  ( 1187): uid=1000(system) android.ui expire 84 lines
11-18 12:54:34.212 I/chatty  ( 1187): uid=1000 system_server expire 5 lines
11-18 12:54:34.221 I/chatty  ( 1187): uid=1000(system) Binder:1187_1B expire 9 lines
11-18 12:54:34.250 I/chatty  ( 1187): uid=1000(system) android.anim expire 15 lines
11-18 12:54:34.405 I/chatty  ( 1187): uid=1000(system) InputDispatcher expire 12 lines
11-18 12:54:34.651 I/chatty  ( 1187): uid=1000(system) Binder:1187_1 expire 37 lines
11-18 12:54:34.689 V/ActivityThread( 3438): ActivityThread,callActivityOnCreate
11-18 12:54:34.749 D/ActivityThread( 3438): add activity client record, r= ActivityRecord{3a17be0 token=android.os.BinderProxy@1600087 {com.eyefilter.night/com.eyefilter.night.activity.FatigueTestActivity}} token= android.os.BinderProxy@1600087
11-18 12:54:35.136 I/chatty  ( 1187): uid=1000(system) Binder:1187_4 expire 11 lines
11-18 12:54:36.923 I/chatty  ( 1187): uid=1000(system) UEventObserver expire 2 lines
11-18 12:54:37.168 I/chatty  ( 1187): uid=1000(system) Binder:1187_1C expire 7 lines
11-18 12:54:39.496 I/chatty  ( 1187): uid=1000(system) Binder:1187_2 expire 7 lines
11-18 12:54:39.769 I/chatty  ( 1187): uid=1000(system) Binder:1187_A expire 2 lines
11-18 12:54:40.804 I/chatty  ( 1187): uid=1000(system) Binder:1187_11 expire 15 lines
11-18 12:54:40.813 I/chatty  ( 1187): uid=1000(system) android.ui expire 109 lines
11-18 12:54:40.821 I/chatty  ( 1187): uid=1000(system) Binder:1187_2 expire 15 lines
11-18 12:54:41.905 I/chatty  ( 1187): uid=1000(system) InputDispatcher expire 8 lines
11-18 12:54:42.546 I/chatty  ( 1187): uid=1000(system) Binder:1187_1B expire 19 lines
11-18 12:54:43.514 I/chatty  ( 1187): uid=1000 system_server expire 4 lines
11-18 12:54:43.519 I/chatty  ( 1187): uid=1000(system) Binder:1187_1C expire 11 lines
11-18 12:54:43.528 I/chatty  ( 1187): uid=1000(system) android.display expire 1 line
11-18 12:54:43.615 I/chatty  ( 1187): uid=1000(system) Binder:1187_17 expire 8 lines
11-18 12:54:44.597 I/chatty  ( 1187): uid=1000(system) android.anim expire 15 lines
11-18 12:54:45.115 I/chatty  ( 1187): uid=1000(system) Binder:1187_1 expire 12 lines
11-18 12:54:48.194 I/chatty  ( 1187): uid=1000(system) Binder:1187_10 expire 4 lines
11-18 12:54:48.219 I/chatty  ( 1187): uid=1000(system) Binder:1187_9 expire 32 lines
11-18 12:54:48.232 V/ActivityThread( 3438): ActivityThread,callActivityOnCreate
11-18 12:54:48.285 D/ActivityThread( 3438): add activity client record, r= ActivityRecord{63d00b1 token=android.os.BinderProxy@ca1f6d6 {com.eyefilter.night/com.eyefilter.night.activity.EyeExerciseActivity}} token= android.os.BinderProxy@ca1f6d6
11-18 12:54:48.289 I/chatty  ( 1187): uid=1000(system) Binder:1187_10 expire 26 lines
11-18 12:54:48.298 I/chatty  ( 1187): uid=1000(system) Binder:1187_15 expire 20 lines
11-18 12:54:48.327 I/chatty  ( 1187): uid=1000(system) android.anim expire 26 lines
11-18 12:54:48.331 I/chatty  ( 1187): uid=1000(system) Binder:1187_1B expire 56 lines
11-18 12:54:49.431 I/chatty  ( 1187): uid=1000(system) InputDispatcher expire 11 lines
11-18 12:54:50.117 I/chatty  ( 1187): uid=1000(system) Binder:1187_4 expire 37 lines
11-18 12:54:53.583 I/chatty  ( 1187): uid=1000 system_server expire 4 lines
11-18 12:54:53.583 I/chatty  ( 1187): uid=1000(system) AudioService expire 2 lines
11-18 12:54:53.612 D/ActivityThread( 3438): Remove activity client record, r= ActivityRecord{63d00b1 token=android.os.BinderProxy@ca1f6d6 {com.eyefilter.night/com.eyefilter.night.activity.EyeExerciseActivity}} token= android.os.BinderProxy@ca1f6d6
11-18 12:54:57.140 I/chatty  ( 1187): uid=1000(system) watchdog expire 1 line
11-18 12:54:57.836 D/ActivityThread( 3438): Remove activity client record, r= ActivityRecord{62bf200 token=android.os.BinderProxy@cd9e38a {com.eyefilter.night/com.eyefilter.night.activity.MainFilterActivity}} token= android.os.BinderProxy@cd9e38a
11-18 12:54:57.879 V/ActivityThread( 3438): ActivityThread,callActivityOnCreate
11-18 12:54:57.925 I/chatty  ( 1187): uid=1000(system) Binder:1187_A expire 3 lines
11-18 12:54:57.927 D/ActivityThread( 3438): add activity client record, r= ActivityRecord{961cb66 token=android.os.BinderProxy@87c04e1 {com.eyefilter.night/com.eyefilter.night.activity.WelcomeActivity}} token= android.os.BinderProxy@87c04e1
11-18 12:54:57.945 I/CommandQueue( 2017): updateBarBgColor
11-18 12:54:57.945 D/CommandQueue( 2017): CommandQueue, setBarBackgroundColor
11-18 12:54:58.040 I/chatty  ( 1187): uid=1000(system) ActivityManager expire 2 lines
11-18 12:54:58.048 I/chatty  ( 1187): uid=1000(system) Binder:1187_A expire 19 lines
11-18 12:54:58.080 I/chatty  ( 1187): uid=1000(system) Binder:1187_9 expire 30 lines
11-18 12:54:58.159 I/chatty  ( 1187): uid=1000(system) InputDispatcher expire 16 lines
11-18 12:54:58.175 D/ActivityThread( 3438): Remove activity client record, r= ActivityRecord{3a17be0 token=android.os.BinderProxy@1600087 {com.eyefilter.night/com.eyefilter.night.activity.FatigueTestActivity}} token= android.os.BinderProxy@1600087
11-18 12:54:58.237 I/chatty  ( 1187): uid=1000(system) android.anim expire 17 lines
11-18 12:54:59.205 I/chatty  ( 1187): uid=1000 system_server expire 4 lines
11-18 12:54:59.312 I/chatty  ( 1187): uid=1000(system) Binder:1187_15 expire 22 lines
11-18 12:55:01.195 I/chatty  ( 1187): uid=1000(system) Binder:1187_10 expire 11 lines
11-18 12:55:01.202 I/chatty  ( 1187): uid=1000(system) Binder:1187_1B expire 49 lines
11-18 12:55:01.481 I/chatty  ( 1187): uid=1000(system) Binder:1187_4 expire 13 lines
11-18 12:55:02.943 V/ActivityThread( 3438): ActivityThread,callActivityOnCreate
11-18 12:55:02.983 D/ActivityThread( 3438): add activity client record, r= ActivityRecord{39a29c9 token=android.os.BinderProxy@beadb3 {com.eyefilter.night/com.eyefilter.night.activity.MainFilterActivity}} token= android.os.BinderProxy@beadb3
11-18 12:55:03.187 I/CommandQueue( 2017): updateBarBgColor
11-18 12:55:03.187 D/CommandQueue( 2017): CommandQueue, setBarBackgroundColor
11-18 12:55:03.830 I/chatty  ( 1187): uid=1000(system) ConnectivitySer expire 5 lines
11-18 12:55:03.872 I/chatty  ( 1187): uid=1000(system) Binder:1187_1 expire 11 lines
11-18 12:55:03.872 D/ActivityThread( 3904): ActivityThread,attachApplication
11-18 12:55:03.877 I/chatty  ( 1187): uid=1000(system) Binder:1187_2 expire 71 lines
11-18 12:55:05.312 V/ActivityThread( 3438): ActivityThread,callActivityOnCreate
11-18 12:55:05.362 D/ActivityThread( 3438): add activity client record, r= ActivityRecord{3f6d8d5 token=android.os.BinderProxy@7090791 {com.eyefilter.night/com.eyefilter.night.activity.FatigueTestActivity}} token= android.os.BinderProxy@7090791
11-18 12:55:05.397 D/ActivityThread( 3438): Remove activity client record, r= ActivityRecord{961cb66 token=android.os.BinderProxy@87c04e1 {com.eyefilter.night/com.eyefilter.night.activity.WelcomeActivity}} token= android.os.BinderProxy@87c04e1
11-18 12:55:05.420 I/chatty  ( 1187): uid=1000(system) Binder:1187_1B expire 26 lines
11-18 12:55:05.426 I/chatty  ( 1187): uid=1000(system) Binder:1187_1 expire 7 lines
11-18 12:55:05.431 I/chatty  ( 1187): uid=1000 system_server expire 17 lines
11-18 12:55:05.739 I/chatty  ( 1187): uid=1000(system) android.anim expire 10 lines
11-18 12:55:06.308 I/chatty  ( 1187): uid=1000(system) android.ui expire 32 lines
11-18 12:55:07.087 I/chatty  ( 1187): uid=1000(system) ConnectivitySer expire 2 lines
11-18 12:55:07.133 I/chatty  ( 1187): uid=1000(system) UEventObserver expire 2 lines
11-18 12:55:07.165 I/chatty  ( 1187): uid=1000(system) Binder:1187_17 expire 3 lines
11-18 12:55:07.174 I/chatty  ( 1187): uid=1000(system) Binder:1187_4 expire 10 lines
11-18 12:55:07.193 I/chatty  ( 1187): uid=1000(system) Binder:1187_15 expire 14 lines
11-18 12:55:07.830 I/chatty  ( 1187): uid=1000(system) InputDispatcher expire 22 lines
11-18 12:55:08.349 I/chatty  ( 1187): uid=1000(system) Binder:1187_A expire 40 lines
11-18 12:55:08.425 I/chatty  ( 1187): uid=1000(system) android.display expire 1 line
11-18 12:55:13.221 V/ActivityThread( 3438): ActivityThread,callActivityOnCreate
11-18 12:55:13.245 D/ActivityThread( 3438): add activity client record, r= ActivityRecord{d770c14 token=android.os.BinderProxy@848cd1c {com.eyefilter.night/com.eyefilter.night.activity.EyeExerciseActivity}} token= android.os.BinderProxy@848cd1c
11-18 12:55:16.947 I/chatty  ( 1187): uid=1000(system) android.anim expire 20 lines
11-18 12:55:17.183 I/chatty  ( 1187): uid=1000(system) InputDispatcher expire 36 lines
11-18 12:55:17.585 I/chatty  ( 1187): uid=1000(system) Binder:1187_1B expire 20 lines
11-18 12:55:20.356 I/chatty  ( 1187): uid=1000(system) Binder:1187_15 expire 11 lines
11-18 12:55:20.378 I/chatty  ( 1187): uid=1000(system) Binder:1187_2 expire 5 lines
11-18 12:55:20.395 I/chatty  ( 1187): uid=1000(system) Binder:1187_1 expire 41 lines
11-18 12:55:23.125 I/chatty  ( 1187): uid=1000(system) android.ui expire 48 lines
11-18 12:55:23.125 I/chatty  ( 1187): uid=1000 system_server expire 10 lines
11-18 12:55:24.869 I/chatty  ( 1187): uid=1000(system) Binder:1187_4 expire 17 lines
11-18 12:55:25.653 I/chatty  ( 1187): uid=1000(system) Binder:1187_A expire 8 lines
11-18 12:55:27.142 I/chatty  ( 1187): uid=1000(system) watchdog expire 1 line
11-18 12:55:28.929 I/chatty  ( 1187): uid=1000(system) AudioService expire 4 lines
11-18 12:55:32.969 I/chatty  ( 1187): uid=1000(system) Binder:1187_17 expire 7 lines
11-18 12:55:33.482 I/chatty  ( 1187): uid=1000(system) ActivityManager expire 1 line
11-18 12:55:36.566 I/chatty  ( 1187): uid=1000(system) InputDispatcher expire 12 lines
11-18 12:55:37.217 I/chatty  ( 1187): uid=1000(system) Binder:1187_15 expire 12 lines
11-18 12:55:37.349 I/chatty  ( 1187): uid=1000(system) UEventObserver expire 2 lines
11-18 12:55:37.377 I/chatty  ( 1187): uid=1000 system_server expire 8 lines
11-18 12:55:37.498 I/chatty  ( 1187): uid=1000(system) Binder:1187_1 expire 30 lines
11-18 12:55:38.284 I/chatty  ( 1187): uid=1000(system) Binder:1187_1B expire 6 lines
11-18 12:55:40.670 I/chatty  ( 1187): uid=1000(system) Binder:1187_9 expire 5 lines
11-18 12:55:43.640 I/chatty  ( 1187): uid=1000(system) Binder:1187_1E expire 26 lines
11-18 12:55:43.828 I/chatty  ( 1187): uid=1000(system) Binder:1187_10 expire 33 lines
11-18 12:55:43.850 I/chatty  ( 1187): uid=1000(system) Binder:1187_E expire 33 lines
11-18 12:55:44.078 I/chatty  ( 1187): uid=1000(system) android.anim expire 15 lines
11-18 12:55:47.193 D/ActivityThread( 3438): Remove activity client record, r= ActivityRecord{d770c14 token=android.os.BinderProxy@848cd1c {com.eyefilter.night/com.eyefilter.night.activity.EyeExerciseActivity}} token= android.os.BinderProxy@848cd1c
11-18 12:55:47.217 I/chatty  ( 1187): uid=1000(system) InputDispatcher expire 12 lines
11-18 12:55:48.102 I/chatty  ( 1187): uid=1000(system) Binder:1187_19 expire 4 lines
11-18 12:55:48.139 I/chatty  ( 1187): uid=1000(system) ConnectivitySer expire 6 lines
11-18 12:55:48.171 I/chatty  ( 1187): uid=1000(system) Binder:1187_1C expire 8 lines
11-18 12:55:48.196 D/ActivityThread( 4006): ActivityThread,attachApplication
11-18 12:55:48.473 I/chatty  ( 1187): uid=1000(system) Binder:1187_1 expire 7 lines
11-18 12:55:51.343 I/chatty  ( 1187): uid=1000(system) Binder:1187_12 expire 25 lines
11-18 12:55:52.736 I/chatty  ( 1187): uid=1000(system) Binder:1187_10 expire 43 lines
11-18 12:55:53.266 I/chatty  ( 1187): uid=1000(system) Binder:1187_1 expire 11 lines
11-18 12:55:53.292 V/ActivityThread( 3438): ActivityThread,callActivityOnCreate
11-18 12:55:53.315 D/ActivityThread( 3438): add activity client record, r= ActivityRecord{18ac790 token=android.os.BinderProxy@b58e8c7 {com.eyefilter.night/com.cootek.tark.windmill.LuckyWindmillLoadActivity}} token= android.os.BinderProxy@b58e8c7
11-18 12:55:53.333 I/chatty  ( 1187): uid=1000(system) Binder:1187_1C expire 48 lines
11-18 12:55:53.336 I/CommandQueue( 2017): updateBarBgColor
11-18 12:55:53.336 D/CommandQueue( 2017): CommandQueue, setBarBackgroundColor
11-18 12:55:53.347 I/chatty  ( 1187): uid=1000(system) Binder:1187_E expire 25 lines
11-18 12:55:53.360 I/chatty  ( 1187): uid=1000(system) android.anim expire 10 lines
11-18 12:55:55.373 I/chatty  ( 1187): uid=1000(system) InputDispatcher expire 10 lines
11-18 12:55:55.601 I/chatty  ( 1187): uid=1000 system_server expire 1 line
11-18 12:55:55.636 I/chatty  ( 1187): uid=1000(system) android.ui expire 29 lines
11-18 12:55:56.521 I/CommandQueue( 2017): updateBarBgColor
11-18 12:55:56.521 D/CommandQueue( 2017): CommandQueue, setBarBackgroundColor
11-18 12:55:56.579 D/ActivityThread( 3438): Remove activity client record, r= ActivityRecord{3f6d8d5 token=android.os.BinderProxy@7090791 {com.eyefilter.night/com.eyefilter.night.activity.FatigueTestActivity}} token= android.os.BinderProxy@7090791
11-18 12:55:56.632 I/chatty  ( 1187): uid=1000(system) ActivityManager expire 2 lines
11-18 12:55:56.635 I/chatty  ( 1187): uid=1000(system) Binder:1187_1E expire 19 lines
11-18 12:55:57.145 I/chatty  ( 1187): uid=1000(system) watchdog expire 1 line
11-18 12:55:57.213 I/chatty  ( 1187): uid=1000(system) ConnectivitySer expire 5 lines
11-18 12:55:57.270 D/ActivityThread( 4066): ActivityThread,attachApplication
11-18 12:55:59.110 I/chatty  ( 1187): uid=1000(system) Binder:1187_1C expire 27 lines
11-18 12:55:59.322 I/chatty  ( 1187): uid=1000(system) Binder:1187_1 expire 65 lines
11-18 12:55:59.335 W/ViewRootImpl[Toast]( 3438): EGLdebug relayoutWindow Surface isSurface(name=null)  (appName =com.eyefilter.night) ( mSurfaceControllerIsValid =false) (mNativeObject  =0)/@0x8f073e6,viewVisibility is0
11-18 12:55:59.350 W/ViewRootImpl[Toast]( 3438): EGLdebug relayoutWindow Surface isSurface(name=null)  (appName =com.eyefilter.night) ( mSurfaceControllerIsValid =true) (mNativeObject  =c789f000)/@0x8f073e6,relayoutResult is7
11-18 12:55:59.387 I/chatty  ( 1187): uid=1000(system) Binder:1187_1E expire 36 lines
11-18 12:55:59.683 I/chatty  ( 1187): uid=1000(system) Binder:1187_19 expire 10 lines
11-18 12:55:59.967 I/chatty  ( 1187): uid=1000(system) Binder:1187_15 expire 2 lines
11-18 12:56:00.006 I/chatty  ( 1187): uid=1000 system_server expire 9 lines
11-18 12:56:00.009 I/chatty  ( 1187): uid=1000(system) InputDispatcher expire 6 lines
11-18 12:56:00.082 I/chatty  ( 1187): uid=1000(system) Binder:1187_4 expire 20 lines
11-18 12:56:00.404 I/chatty  ( 1187): uid=1000(system) ActivityManager expire 4 lines
11-18 12:56:00.691 V/ActivityThread( 3438): ActivityThread,callActivityOnCreate
11-18 12:56:00.770 D/ActivityThread( 3438): add activity client record, r= ActivityRecord{e369a81 token=android.os.BinderProxy@41a1192 {com.eyefilter.night/com.eyefilter.night.activity.VisionTestActivity}} token= android.os.BinderProxy@41a1192
11-18 12:56:00.816 I/chatty  ( 1187): uid=1000(system) android.anim expire 21 lines
11-18 12:56:01.186 I/chatty  ( 1187): uid=1000(system) Binder:1187_2 expire 26 lines
11-18 12:56:03.138 I/chatty  ( 1187): uid=1000(system) Binder:1187_4 expire 21 lines
11-18 12:56:03.148 I/chatty  ( 1187): uid=1000(system) Binder:1187_1E expire 14 lines
11-18 12:56:03.167 V/ActivityThread( 3438): ActivityThread,callActivityOnCreate
11-18 12:56:03.174 I/chatty  ( 1187): uid=1000(system) Binder:1187_E expire 15 lines
11-18 12:56:03.202 D/ActivityThread( 3438): add activity client record, r= ActivityRecord{7bd142b token=android.os.BinderProxy@213459d {com.eyefilter.night/com.eyefilter.night.activity.VisionTestActivity}} token= android.os.BinderProxy@213459d
11-18 12:56:03.231 D/ActivityThread( 3438): Remove activity client record, r= ActivityRecord{e369a81 token=android.os.BinderProxy@41a1192 {com.eyefilter.night/com.eyefilter.night.activity.VisionTestActivity}} token= android.os.BinderProxy@41a1192
11-18 12:56:03.243 I/chatty  ( 1187): uid=1000(system) android.anim expire 15 lines
11-18 12:56:03.244 I/chatty  ( 1187): uid=1000(system) ConnectivitySer expire 1 line
11-18 12:56:03.256 I/chatty  ( 1187): uid=1000(system) Binder:1187_19 expire 49 lines
11-18 12:56:03.271 I/chatty  ( 1187): uid=1000(system) Binder:1187_1C expire 16 lines
11-18 12:56:03.585 I/chatty  ( 1187): uid=1000(system) Binder:1187_15 expire 19 lines
11-18 12:56:03.769 I/chatty  ( 1187): uid=1000 system_server expire 12 lines
11-18 12:56:05.039 I/chatty  ( 1187): uid=1000(system) android.fg expire 1 line
11-18 12:56:06.508 I/chatty  ( 1187): uid=1000(system) InputDispatcher expire 9 lines
11-18 12:56:07.545 I/chatty  ( 1187): uid=1000(system) UEventObserver expire 2 lines
11-18 12:56:10.054 I/chatty  ( 1187): uid=1000(system) AudioService expire 2 lines
11-18 12:56:10.261 I/chatty  ( 1187): uid=1000(system) android.ui expire 150 lines
11-18 12:56:12.083 I/chatty  ( 1187): uid=1000(system) InputDispatcher expire 30 lines
11-18 12:56:12.632 I/chatty  ( 1187): uid=1000(system) Binder:1187_15 expire 15 lines
11-18 12:56:12.661 I/chatty  ( 1187): uid=1000(system) Binder:1187_19 expire 3 lines
11-18 12:56:12.696 I/chatty  ( 1187): uid=1000(system) Binder:1187_E expire 1 line
11-18 12:56:14.639 I/chatty  ( 1187): uid=1000(system) Binder:1187_2 expire 14 lines
11-18 12:56:14.646 I/chatty  ( 1187): uid=1000 system_server expire 14 lines
11-18 12:56:14.712 I/chatty  ( 1187): uid=1000(system) Binder:1187_1C expire 18 lines
11-18 12:56:14.717 I/chatty  ( 1187): uid=1000(system) Binder:1187_1 expire 19 lines
11-18 12:56:14.720 I/chatty  ( 1187): uid=1000(system) Binder:1187_1E expire 1 line
11-18 12:56:14.766 I/chatty  ( 1187): uid=1000(system) android.anim expire 8 lines
11-18 12:56:16.165 I/chatty  ( 1187): uid=1000(system) android.bg expire 3 lines
11-18 12:56:22.486 I/chatty  ( 1187): uid=1000(system) Binder:1187_1 expire 14 lines
11-18 12:56:22.519 I/chatty  ( 1187): uid=1000(system) Binder:1187_1E expire 20 lines
11-18 12:56:22.943 I/chatty  ( 1187): uid=1000(system) android.anim expire 13 lines
11-18 12:56:24.002 I/chatty  ( 1187): uid=1000(system) Binder:1187_15 expire 51 lines
11-18 12:56:24.023 I/chatty  ( 1187): uid=1000(system) android.ui expire 15 lines
11-18 12:56:24.445 I/chatty  ( 1187): uid=1000(system) Binder:1187_1C expire 1 line
11-18 12:56:24.467 I/chatty  ( 1187): uid=1000(system) InputDispatcher expire 8 lines
11-18 12:56:24.468 I/chatty  ( 1187): uid=1000(system) Binder:1187_E expire 15 lines
11-18 12:56:24.483 I/chatty  ( 1187): uid=1000(system) Binder:1187_2 expire 43 lines
11-18 12:56:25.886 I/chatty  ( 1187): uid=1000(system) Binder:1187_19 expire 7 lines
11-18 12:56:27.147 I/chatty  ( 1187): uid=1000(system) watchdog expire 1 line
11-18 12:56:29.417 I/chatty  ( 1187): uid=1000(system) android.display expire 1 line
11-18 12:56:29.423 I/chatty  ( 1187): uid=1000 system_server expire 3 lines
11-18 12:56:29.438 W/SocketListener(  500): sending broadcast to Pid = 1187, Uid = 1000 
11-18 12:56:29.439 I/chatty  ( 1187): uid=1000(system) NetdConnector expire 6 lines
11-18 12:56:29.441 I/chatty  ( 1187): uid=1000(system) android.fg expire 1 line
11-18 12:56:29.445 I/chatty  ( 1187): uid=1000(system) NetworkStats expire 5 lines
11-18 12:56:29.466 I/chatty  ( 1187): uid=1000(system) ConnectivitySer expire 5 lines
11-18 12:56:29.503 D/ActivityThread( 4137): ActivityThread,attachApplication
11-18 12:56:29.642 I/chatty  ( 1187): uid=1000(system) Binder:1187_10 expire 24 lines
11-18 12:56:29.722 V/ActivityThread( 3438): ActivityThread,callActivityOnCreate
11-18 12:56:29.762 D/ActivityThread( 3438): add activity client record, r= ActivityRecord{79dbfc token=android.os.BinderProxy@853422 {com.eyefilter.night/com.eyefilter.night.activity.FatigueTestActivity}} token= android.os.BinderProxy@853422
11-18 12:56:29.783 D/ActivityThread( 3438): Remove activity client record, r= ActivityRecord{7bd142b token=android.os.BinderProxy@213459d {com.eyefilter.night/com.eyefilter.night.activity.VisionTestActivity}} token= android.os.BinderProxy@213459d
11-18 12:56:29.826 I/chatty  ( 1187): uid=1000 system_server expire 6 lines
11-18 12:56:29.826 I/chatty  ( 1187): uid=1000(system) Binder:1187_15 expire 30 lines
11-18 12:56:30.132 I/chatty  ( 1187): uid=1000(system) android.anim expire 16 lines
11-18 12:56:30.157 I/chatty  ( 1187): uid=1000(system) Binder:1187_E expire 6 lines
11-18 12:56:30.506 I/chatty  ( 1187): uid=1000(system) InputDispatcher expire 10 lines
11-18 12:56:32.666 I/chatty  ( 1187): uid=1000(system) Binder:1187_2 expire 30 lines
11-18 12:56:32.690 I/chatty  ( 1187): uid=1000(system) ConnectivitySer expire 6 lines
11-18 12:56:33.458 I/chatty  ( 1187): uid=1000(system) Binder:1187_12 expire 20 lines
11-18 12:56:33.471 I/chatty  ( 1187): uid=1000(system) Binder:1187_1 expire 56 lines
11-18 12:56:33.479 I/chatty  ( 1187): uid=1000(system) android.display expire 1 line
11-18 12:56:33.592 D/ActivityThread( 4176): ActivityThread,attachApplication
11-18 12:56:33.670 I/chatty  ( 1187): uid=1000(system) Binder:1187_1E expire 6 lines
11-18 12:56:34.149 I/chatty  ( 1187): uid=1000(system) android.ui expire 32 lines
11-18 12:56:34.614 V/ActivityThread( 3438): ActivityThread,callActivityOnCreate
11-18 12:56:34.688 D/ActivityThread( 3438): add activity client record, r= ActivityRecord{5b8a90e token=android.os.BinderProxy@f405511 {com.eyefilter.night/com.eyefilter.night.activity.AstigmatismTestActivity}} token= android.os.BinderProxy@f405511
11-18 12:56:34.689 I/chatty  ( 1187): uid=1000(system) ActivityManager expire 1 line
11-18 12:56:34.714 D/ActivityThread( 3438): Remove activity client record, r= ActivityRecord{79dbfc token=android.os.BinderProxy@853422 {com.eyefilter.night/com.eyefilter.night.activity.FatigueTestActivity}} token= android.os.BinderProxy@853422
11-18 12:56:35.191 I/chatty  ( 1187): uid=1000(system) Binder:1187_2 expire 6 lines
11-18 12:56:35.300 I/chatty  ( 1187): uid=1000(system) android.anim expire 23 lines
11-18 12:56:35.844 I/chatty  ( 1187): uid=1000(system) Binder:1187_1E expire 21 lines
11-18 12:56:35.882 I/chatty  ( 1187): uid=1000(system) Binder:1187_1 expire 4 lines
11-18 12:56:36.492 I/chatty  ( 1187): uid=1000(system) android.ui expire 26 lines
11-18 12:56:36.494 I/chatty  ( 1187): uid=1000 system_server expire 19 lines
11-18 12:56:36.561 I/chatty  ( 1187): uid=1000(system) Binder:1187_12 expire 2 lines
11-18 12:56:36.591 I/chatty  ( 1187): uid=1000(system) Binder:1187_15 expire 4 lines
11-18 12:56:36.751 I/chatty  ( 1187): uid=1000(system) ConnectivitySer expire 6 lines
11-18 12:56:36.968 I/chatty  ( 1187): uid=1000(system) Binder:1187_E expire 6 lines
11-18 12:56:37.634 I/chatty  ( 1187): uid=1000(system) Binder:1187_A expire 19 lines
11-18 12:56:37.645 I/chatty  ( 1187): uid=1000(system) Binder:1187_17 expire 28 lines
11-18 12:56:37.762 I/chatty  ( 1187): uid=1000(system) UEventObserver expire 2 lines
11-18 12:56:37.811 I/chatty  ( 1187): uid=1000(system) InputDispatcher expire 11 lines
11-18 12:56:38.747 I/chatty  ( 1187): uid=1000(system) Binder:1187_13 expire 8 lines
11-18 12:56:38.752 I/chatty  ( 1187): uid=1000(system) Binder:1187_3 expire 19 lines
11-18 12:56:40.047 I/chatty  ( 1187): uid=1000(system) Binder:1187_7 expire 11 lines
11-18 12:56:40.395 I/chatty  ( 1187): uid=1000(system) AudioService expire 2 lines
11-18 12:56:41.523 I/chatty  ( 1187): uid=1000(system) Binder:1187_16 expire 9 lines
11-18 12:56:41.537 I/chatty  ( 1187): uid=1000(system) android.display expire 1 line
11-18 12:56:41.550 I/chatty  ( 1187): uid=1000(system) Binder:1187_18 expire 4 lines
11-18 12:56:41.614 I/chatty  ( 1187): uid=1000(system) Binder:1187_B expire 1 line
11-18 12:56:41.615 D/ActivityThread( 4227): ActivityThread,attachApplication
11-18 12:56:41.925 I/chatty  ( 1187): uid=1000(system) android.ui expire 46 lines
11-18 12:56:41.925 I/chatty  ( 1187): uid=1000 system_server expire 10 lines
11-18 12:56:41.968 I/chatty  ( 1187): uid=1000(system) Binder:1187_13 expire 7 lines
11-18 12:56:42.014 I/chatty  ( 1187): uid=1000(system) android.anim expire 24 lines
11-18 12:56:42.156 I/chatty  ( 1187): uid=1000(system) Binder:1187_17 expire 32 lines
11-18 12:56:42.171 I/chatty  ( 1187): uid=1000(system) Binder:1187_10 expire 54 lines
11-18 12:56:42.183 V/ActivityThread( 3438): ActivityThread,callActivityOnCreate
11-18 12:56:42.225 D/ActivityThread( 3438): add activity client record, r= ActivityRecord{39ba01f token=android.os.BinderProxy@2e4ff7b {com.eyefilter.night/com.eyefilter.night.activity.VisionTestActivity}} token= android.os.BinderProxy@2e4ff7b
11-18 12:56:42.239 I/chatty  ( 1187): uid=1000(system) Binder:1187_18 expire 12 lines
11-18 12:56:42.249 D/ActivityThread( 3438): Remove activity client record, r= ActivityRecord{5b8a90e token=android.os.BinderProxy@f405511 {com.eyefilter.night/com.eyefilter.night.activity.AstigmatismTestActivity}} token= android.os.BinderProxy@f405511
11-18 12:56:43.191 I/chatty  ( 1187): uid=1000(system) Binder:1187_16 expire 10 lines
11-18 12:56:43.406 I/chatty  ( 1187): uid=1000(system) InputDispatcher expire 11 lines
11-18 12:56:43.733 I/chatty  ( 1187): uid=1000(system) Binder:1187_3 expire 3 lines
11-18 12:56:44.308 I/chatty  ( 1187): uid=1000(system) Binder:1187_D expire 7 lines
--------- beginning of main
11-18 12:56:44.700 I/chatty  ( 1187): uid=1000(system) Binder:1187_D expire 13 lines
11-18 12:56:44.735 I/chatty  ( 1187): uid=1000(system) ConnectivitySer expire 1 line
11-18 12:56:44.763 I/chatty  ( 1187): uid=1000(system) ActivityManager expire 5 lines
11-18 12:56:44.832 I/chatty  ( 1187): uid=1000(system) Binder:1187_5 expire 11 lines
11-18 12:56:44.847 W/libc    ( 6180): Set property "ril.hw_modem0.rssi" to "-78"
11-18 12:56:44.852 I/chatty  ( 3438): uid=10125(u0_a125) com.eyefilter.night expire 118 lines
11-18 12:56:44.853 D/KeyEvent(23826): obtain, mHwFlags=0
11-18 12:56:44.853 I/chatty  ( 1187): uid=1000(system) Binder:1187_5 expire 16 lines
11-18 12:56:44.857 I/chatty  ( 1187): uid=1000(system) AudioService expire 2 lines
11-18 12:56:44.858 I/chatty  ( 2017): uid=10027(u0_a27) VolumeDialogCon expire 10 lines
11-18 12:56:44.859 D/KeyEvent(23826): obtain, mHwFlags=0
11-18 12:56:44.927 W/libc    ( 6180): Set property "ril.hw_modem0.rssi" to "-78"
11-18 12:56:45.248 W/libc    ( 6180): Set property "ril.hw_modem0.rssi" to "-78"
11-18 12:56:45.262 I/audio_hw_primary(  522): usb_ext_get_parameters: check show hires (false)
11-18 12:56:45.263 I/hash_map_utils(  607): key: 'typec_need_show_hires' value: ''
11-18 12:56:45.596 W/libc    ( 6180): Set property "ril.hw_modem0.rssi" to "-78"
11-18 12:56:46.128 W/libc    ( 6180): Set property "ril.hw_modem0.rssi" to "-78"
11-18 12:56:46.288 W/libc    ( 6180): Set property "ril.hw_modem0.rssi" to "-78"
11-18 12:56:46.387 I/chatty  ( 2153): uid=1000(system) Binder:2153_3 expire 15 lines
11-18 12:56:46.436 W/libc    ( 6180): Set property "ril.hw_modem0.rssi" to "-78"
11-18 12:56:46.447 W/libc    ( 6180): Set property "ril.hw_modem0.rssi" to "-78"
11-18 12:56:46.582 D/KeyEvent(23826): obtain, mHwFlags=0
11-18 12:56:46.584 D/KeyEvent(23826): obtain, mHwFlags=0
11-18 12:56:46.627 I/chatty  ( 3438): uid=10125(u0_a125) com.eyefilter.night expire 39 lines
11-18 12:56:46.685 I/chatty  (16997): uid=10019(u0_a19) com.google.android.gms expire 10 lines
11-18 12:56:46.685 I/chatty  (16997): uid=10019(u0_a19) com.google.android.gms expire 1 line
11-18 12:56:46.767 W/libc    ( 6180): Set property "ril.hw_modem0.rssi" to "-78"
11-18 12:56:46.786 D/KeyEvent(23826): obtain, mHwFlags=0
11-18 12:56:46.788 D/KeyEvent(23826): obtain, mHwFlags=0
11-18 12:56:46.847 W/libc    ( 6180): Set property "ril.hw_modem0.rssi" to "-78"
11-18 12:56:46.994 D/KeyEvent(23826): obtain, mHwFlags=0
11-18 12:56:46.996 I/chatty  ( 1187): uid=1000(system) MobileQosDetect expire 12 lines
11-18 12:56:46.997 D/KeyEvent(23826): obtain, mHwFlags=0
11-18 12:56:47.612 E/Thermal-daemon(  622): [ap] temp_new :44  temp_old :46
11-18 12:56:47.615 E/Thermal-daemon(  622): Report temperature: [ap] temp :44  report_threshold:1
11-18 12:56:47.652 W/libc    ( 6180): Set property "ril.hw_modem0.rssi" to "-77"
11-18 12:56:47.663 W/libc    ( 2168): Set property "gsm.rssi.sim1" to "-77"
11-18 12:56:47.807 W/libc    ( 6180): Set property "ril.hw_modem0.rssi" to "-78"
11-18 12:56:47.816 W/libc    ( 2168): Set property "gsm.rssi.sim1" to "-78"
11-18 12:56:47.905 I/chatty  (18074): uid=2000(shell) com.android.commands.monkey expire 14 lines
11-18 12:56:47.968 I/chatty  ( 1187): uid=1000(system) Binder:1187_10 expire 49 lines
11-18 12:56:48.081 I/chatty  ( 1187): uid=1000(system) Binder:1187_D expire 39 lines
11-18 12:56:48.088 I/chatty  ( 1187): uid=1000(system) Binder:1187_5 expire 8 lines
11-18 12:56:48.104 I/chatty  ( 1187): uid=1000(system) Binder:1187_3 expire 38 lines
11-18 12:56:48.106 I/chatty  ( 1187): uid=1000(system) android.anim expire 11 lines
11-18 12:56:48.119 I/chatty  ( 1187): uid=1000(system) Binder:1187_1A expire 5 lines
11-18 12:56:48.127 I/chatty  ( 1187): uid=1000(system) android.display expire 1 line
11-18 12:56:48.127 I/chatty  ( 1187): uid=1000(system) ActivityManager expire 6 lines
11-18 12:56:48.131 I/chatty  ( 1187): uid=1000 system_server expire 2 lines
11-18 12:56:48.134 I/chatty  ( 2017): uid=10027(u0_a27) com.android.systemui expire 143 lines
11-18 12:56:48.156 I/wangchen(23826): SysInfo.getSysParam: orientation=1||config d=3.0,w=1080,h=1808||metrics d=3.0,w=1080,h=1808||sdk=26,bar_h=72
11-18 12:56:48.156 I/KeymapLoader(23826): w=1080 h=1808 ori=true appScale=3.3 s1=3.0
11-18 12:56:48.172 I/chatty  ( 1187): uid=1000(system) ConnectivitySer expire 5 lines
11-18 12:56:48.172 I/chatty  ( 1187): uid=1000(system) Binder:1187_1A expire 13 lines
11-18 12:56:48.173 D/PhoneInterfaceManager( 2168): [PhoneIntfMgr] getDataEnabled: subId=0 phoneId=0
11-18 12:56:48.173 D/PhoneInterfaceManager( 2168): [PhoneIntfMgr] getDataEnabled: subId=0 retVal=true
11-18 12:56:48.195 I/        ( 4269): power log dlsym ok
11-18 12:56:48.196 E//system/bin/webview_zygote32( 4269): failed to make and chown /acct/uid_99160: Permission denied
11-18 12:56:48.196 E/Zygote  ( 4269): createProcessGroup(99160, 0) failed: Permission denied
11-18 12:56:48.200 I//system/bin/webview_zygote32( 4269): Reinit property: dalvik.vm.checkjni= false
11-18 12:56:48.207 W/re-initialized>( 4269): type=1400 audit(0.0:1185): avc: denied { read } for name="u:object_r:mmi_prop:s0" dev="tmpfs" ino=4571 scontext=u:r:isolated_app:s0:c512,c768 tcontext=u:object_r:mmi_prop:s0 tclass=file permissive=0
11-18 12:56:48.210 I/SamplingProfilerIntegration( 4269): Profiling disabled.
11-18 12:56:48.211 E/libc    ( 4269): Access denied finding property "runtime.mmitest.isrunning"
11-18 12:56:48.212 D/ActivityThread( 4269): ActivityThread,attachApplication
11-18 12:56:48.214 I/chatty  ( 1187): uid=1000(system) Binder:1187_16 expire 20 lines
11-18 12:56:48.224 W//system/bin/hwservicemanager(  423): Cannot open /odm/manifest.xml
11-18 12:56:48.235 I/HwCust  ( 4269): Constructor found for class android.app.HwCustApplicationPackageManagerImpl
11-18 12:56:48.235 D/HwCust  ( 4269): Create obj success use class android.app.HwCustApplicationPackageManagerImpl
11-18 12:56:48.243 E/ServiceManager(  422): try to find service failed, not allowed access from isolated processes.
11-18 12:56:48.245 W//system/bin/hwservicemanager(  423): Cannot open /odm/manifest.xml
11-18 12:56:48.250 D/HwFLClassLoader( 4269): USE_FEATURE_LIST had not init! 
11-18 12:56:48.254 E/asset   ( 4269): createFromFile(): lock file /data/resource-cache/product@overlay@frameworkResOverlay.apk@idmap.
11-18 12:56:48.258 E/asset   ( 4285): setgid: Operation not permitted
11-18 12:56:48.271 I/chatty  ( 1187): uid=1000(system) Binder:1187_20 expire 3 lines
11-18 12:56:48.271 E/EasyInvokeUtils( 4269): no target fieldName
11-18 12:56:48.271 I/chatty  ( 4269): uid=99160(u0_i160) identical 6 lines
11-18 12:56:48.272 E/EasyInvokeUtils( 4269): no target fieldName
11-18 12:56:48.272 I/chatty  (16206): uid=10019(u0_a19) lowpool[88] expire 26 lines
11-18 12:56:48.275 E/ServiceManager(  422): try to find service failed, not allowed access from isolated processes.
11-18 12:56:48.276 E/BDLog   ( 2124): BD.FilterImpl:com.android.systemui 344 times= 100 over threshold
11-18 12:56:48.276 E/BDLog   ( 2124): BD.FilterImpl:com.android.systemui344 is illLegal
11-18 12:56:48.276 I/LoadedApk( 4269): No resource references to update in package com.google.android.webview
11-18 12:56:48.276 E/MemoryLeakMonitorManager( 4269): MemoryLeakMonitor.jar is not exist!
11-18 12:56:48.304 I/chatty  ( 1187): uid=1000(system) InputDispatcher expire 4 lines
11-18 12:56:48.305 D/KeyEvent(23826): obtain, mHwFlags=0
11-18 12:56:48.308 D/KeyEvent(23826): obtain, mHwFlags=0
11-18 12:56:48.317 I/wangchen(23826): SysInfo.getSysParam: orientation=1||config d=3.0,w=1080,h=1808||metrics d=3.0,w=1080,h=1808||sdk=26,bar_h=72
11-18 12:56:48.317 I/KeymapLoader(23826): w=1080 h=1808 ori=true appScale=3.3 s1=3.0
11-18 12:56:48.320 I/chatty  ( 1187): uid=1000(system) Binder:1187_13 expire 39 lines
11-18 12:56:48.326 E/Minikin ( 4269): Could not get cmap table size!
11-18 12:56:48.328 I/cr_ChildProcessService( 4269): Creating new ChildProcessService pid=4269
11-18 12:56:48.359 I/cr_LibraryLoader( 4269): Time to load native libraries: 0 ms (timestamps 6753-6753)
11-18 12:56:48.360 I/chromium( 4269): [INFO:library_loader_hooks.cc(36)] Chromium logging enabled: level = 0, default verbosity = 0
11-18 12:56:48.360 I/cr_LibraryLoader( 4269): Expected native library version number "70.0.3538.80", actual native library version number "70.0.3538.80"
11-18 12:56:48.447 W/libc    ( 6180): Set property "ril.hw_modem0.rssi" to "-77"
11-18 12:56:48.451 W/libc    ( 2168): Set property "gsm.rssi.sim1" to "-77"
11-18 12:56:48.797 W/libc    ( 6180): Set property "ril.hw_modem0.rssi" to "-77"
11-18 12:56:48.895 I/chatty  (11454): uid=10125(u0_a125) Timer-0 expire 35 lines
11-18 12:56:48.963 I/PlayCommon(16226): [432] com.google.android.play.b.g.f(547): Preparing logs for uploading
11-18 12:56:49.035 I/chatty  (16206): uid=10019(u0_a19) com.google.android.gms.persistent expire 2 lines
11-18 12:56:49.192 I/chatty  ( 2153): uid=1000(system) core expire 13 lines
11-18 12:56:49.329 W/libc    ( 6180): Set property "ril.hw_modem0.rssi" to "-77"
11-18 12:56:49.414 W/libc    ( 6180): Set property "ril.hw_modem0.rssi" to "-77"
11-18 12:56:49.453 I/Pged-IPgedBinderService(  627): ****action is 1, pid num is 5***
11-18 12:56:49.453 I/Pged-Freezer(  627): freezePids
11-18 12:56:49.453 I/Pged-Freezer(  627): Freeze process: 3855
11-18 12:56:49.454 I/Pged-Freezer(  627): Freeze process: 31009
11-18 12:56:49.454 I/Pged-Freezer(  627): Freeze process: 28386
11-18 12:56:49.454 I/Pged-Freezer(  627): Freeze process: 29326
11-18 12:56:49.503 I/CommandQueue( 2017): updateBarBgColor
11-18 12:56:49.503 D/CommandQueue( 2017): CommandQueue, setBarBackgroundColor
11-18 12:56:49.511 I/wangchen(23826): SysInfo.getSysParam: orientation=1||config d=3.0,w=1080,h=1808||metrics d=3.0,w=1080,h=1808||sdk=26,bar_h=72
11-18 12:56:49.512 I/KeymapLoader(23826): w=1080 h=1808 ori=true appScale=3.3 s1=3.0
11-18 12:56:49.528 D/ActivityThread( 3438): Remove activity client record, r= ActivityRecord{39ba01f token=android.os.BinderProxy@2e4ff7b {com.eyefilter.night/com.eyefilter.night.activity.VisionTestActivity}} token= android.os.BinderProxy@2e4ff7b
11-18 12:56:49.638 I/chatty  ( 1187): uid=1000(system) Binder:1187_10 expire 14 lines
11-18 12:56:49.798 D/KeyEvent(23826): obtain, mHwFlags=0
11-18 12:56:49.799 D/KeyEvent(23826): obtain, mHwFlags=0
11-18 12:56:50.009 I/CommandQueue( 2017): updateBarBgColor
11-18 12:56:50.009 D/CommandQueue( 2017): CommandQueue, setBarBackgroundColor
11-18 12:56:50.044 I/wangchen(23826): SysInfo.getSysParam: orientation=1||config d=3.0,w=1080,h=1808||metrics d=3.0,w=1080,h=1808||sdk=26,bar_h=72
11-18 12:56:50.044 I/KeymapLoader(23826): w=1080 h=1808 ori=true appScale=3.3 s1=3.0
11-18 12:56:50.073 I/chatty  ( 1187): uid=1000(system) Binder:1187_3 expire 19 lines
11-18 12:56:50.447 W/libc    ( 6180): Set property "ril.hw_modem0.rssi" to "-78"
11-18 12:56:50.449 W/libc    ( 2168): Set property "gsm.rssi.sim1" to "-78"
11-18 12:56:50.471 V/ActivityThread( 3438): ActivityThread,callActivityOnCreate
11-18 12:56:50.493 D/ActivityThread( 3438): add activity client record, r= ActivityRecord{a83c406 token=android.os.BinderProxy@87c1834 {com.eyefilter.night/com.eyefilter.night.activity.EyeExerciseActivity}} token= android.os.BinderProxy@87c1834
11-18 12:56:50.503 I/chatty  ( 1187): uid=1000(system) Binder:1187_20 expire 1 line
11-18 12:56:50.536 I/wangchen(23826): SysInfo.getSysParam: orientation=1||config d=3.0,w=1080,h=1808||metrics d=3.0,w=1080,h=1808||sdk=26,bar_h=72
11-18 12:56:50.536 I/KeymapLoader(23826): w=1080 h=1808 ori=true appScale=3.3 s1=3.0
11-18 12:56:50.546 I/chatty  ( 1187): uid=1000(system) Binder:1187_18 expire 1 line
11-18 12:56:50.607 W/libc    ( 6180): Set property "ril.hw_modem0.rssi" to "-78"
11-18 12:56:50.841 I/chatty  (18074): uid=2000(shell) com.android.commands.monkey expire 88 lines
11-18 12:56:50.872 I/chatty  ( 1187): uid=1000(system) Binder:1187_10 expire 33 lines
11-18 12:56:50.927 W/libc    ( 6180): Set property "ril.hw_modem0.rssi" to "-78"
11-18 12:56:50.958 I/Pged-IPgedBinderService(  627): ****action is 2, pid num is 5***
11-18 12:56:50.958 I/Pged-Freezer(  627): thawPids
11-18 12:56:51.007 W/libc    ( 6180): Set property "ril.hw_modem0.rssi" to "-78"
11-18 12:56:51.210 I/chatty  ( 1187): uid=1000(system) Binder:1187_16 expire 16 lines
11-18 12:56:51.297 I/chatty  ( 3438): uid=10125(u0_a125) com.eyefilter.night expire 5 lines
11-18 12:56:51.315 I/chatty  ( 1187): uid=1000(system) ConnectivitySer expire 16 lines
11-18 12:56:51.337 I/chatty  ( 1187): uid=1000(system) sManagerService expire 13 lines
11-18 12:56:51.345 I/chatty  ( 1187): uid=1000(system) Binder:1187_D expire 7 lines
11-18 12:56:51.807 W/libc    ( 6180): Set property "ril.hw_modem0.rssi" to "-78"
11-18 12:56:51.835 I/audio_hw_primary(  522): usb_ext_get_parameters: check show hires (false)
11-18 12:56:51.836 I/hash_map_utils(  607): key: 'typec_need_show_hires' value: ''
11-18 12:56:51.836 I/chatty  ( 1187): uid=1000 system_server expire 11 lines
11-18 12:56:51.837 I/chatty  ( 1187): uid=1000 system_server expire 56 lines
11-18 12:56:52.047 W/libc    ( 6180): Set property "ril.hw_modem0.rssi" to "-78"
11-18 12:56:52.207 W/libc    ( 6180): Set property "ril.hw_modem0.rssi" to "-78"
11-18 12:56:52.618 E/Thermal-daemon(  622): [ap] temp_new :45  temp_old :44
11-18 12:56:52.622 E/Thermal-daemon(  622): Report temperature: [ap] temp :45  report_threshold:1
11-18 12:56:52.840 W/libc    ( 6180): Set property "ril.hw_modem0.rssi" to "-78"
11-18 12:56:52.848 W/libc    ( 6180): Set property "ril.hw_modem0.rssi" to "-78"
11-18 12:56:52.968 I/chatty  ( 1187): uid=1000(system) Binder:1187_13 expire 2 lines
11-18 12:56:53.007 W/libc    ( 6180): Set property "ril.hw_modem0.rssi" to "-78"
11-18 12:56:53.087 W/libc    ( 6180): Set property "ril.hw_modem0.rssi" to "-78"
11-18 12:56:53.167 W/libc    ( 6180): Set property "ril.hw_modem0.rssi" to "-78"
11-18 12:56:53.228 I/chatty  (16997): uid=10019(u0_a19) Measurement Wor expire 63 lines
11-18 12:56:53.240 I/chatty  ( 1187): uid=1000(system) Binder:1187_3 expire 2 lines
11-18 12:56:53.245 I/chatty  (16206): uid=10019(u0_a19) netscheduler-qu expire 12 lines
11-18 12:56:53.247 I/chatty  (16206): uid=10019(u0_a19) lowpool[84] expire 15 lines
11-18 12:56:53.588 I/chatty  ( 1187): uid=1000(system) InputDispatcher expire 93 lines
11-18 12:56:53.590 I/chatty  ( 1187): uid=1000(system) InputDispatcher expire 19 lines
11-18 12:56:53.591 I/chatty  ( 1187): uid=1000(system) android.ui expire 70 lines
11-18 12:56:53.592 D/KeyEvent(23826): obtain, mHwFlags=0
11-18 12:56:53.600 D/KeyEvent(23826): obtain, mHwFlags=0
11-18 12:56:53.604 I/wangchen(23826): SysInfo.getSysParam: orientation=1||config d=3.0,w=1080,h=1808||metrics d=3.0,w=1080,h=1808||sdk=26,bar_h=72
11-18 12:56:53.604 I/KeymapLoader(23826): w=1080 h=1808 ori=true appScale=3.3 s1=3.0
11-18 12:56:53.728 E/PushLog2953( 5673): [SocketRead_12:52:26-830]control is: 35(android/:128)
11-18 12:56:53.728 E/PushLog2953( 5673): [SocketRead_12:52:26-830]cookieLen is: 49(android/:132)
11-18 12:56:53.732 I/PushLog2953( 5673): [SocketRead_12:52:26-830]process cmdid to receive from pushSrv:44(android/:234)
11-18 12:56:53.749 I/PushLog2953( 5673): [SocketRead_12:52:26-830]push apn is 3gnet(android/:73)
11-18 12:56:53.749 I/PushLog2953( 5673): [SocketRead_12:52:26-830]is network env changed: false,from netType 0 to 0, [-1:NONE, 0:MOBILE, 1:WIFI](android/:83)
11-18 12:56:53.749 I/PushLog2953( 5673): [SocketRead_12:52:26-830]after delayHeartBeatReq, nextHeartBeatTime, will be 310000ms later(android/:41)
11-18 12:56:53.768 I/PushLog2953( 5673): [SocketRead_12:52:26-830]dispatchIntent over(android/:208)
11-18 12:56:53.770 I/PushLog2953( 5673): [ReceiverDispatcher-344]Device type is :1 [1:NOT_GDPR, 2:GDPR](android/:325)
11-18 12:56:53.770 I/PushLog2953( 5673): [ReceiverDispatcher-344]msgType: 2 [0:PassBy msg, 1:System notification, 2:normal notification](android/:330)
11-18 12:56:53.771 I/PushLog2953( 5673): [ReceiverDispatcher-344]enter isSupportCtrlSocketV2, mHasCheckCtrlSocketVersion:true,mIsSupportCtrlSokceV2:true(android/:292)
11-18 12:56:53.771 I/PushLog2953( 5673): [ReceiverDispatcher-344]ctrlSocket cmd is 2, param is 180(android/:125)
11-18 12:56:53.772 I/PushLog2953( 5673): [ReceiverDispatcher-344]ctrlSocket success(android/:142)
11-18 12:56:53.774 E/PushLog2953( 5673): [ReceiverDispatcher-344]query package isInstalled failed, NameNotFoundException!(android/:526)
11-18 12:56:53.774 I/PushLog2953( 5673): [ReceiverDispatcher-344]com.ss.android.ugc.aweme is not installed in 0 user(android/:69)
11-18 12:56:53.774 I/PushLog2953( 5673): [ReceiverDispatcher-344]process cmdid to send to pushSrv:45(android/:104)
11-18 12:56:53.777 I/PushLog2953( 5673): [ReceiverDispatcher-344]send msg to remote srv success(android/:106)
11-18 12:56:53.778 I/PushLog2953( 5673): [ReceiverDispatcher-344]rspPushMessage the response msg is :45,msgId:65A359C69309AD51,flag:02(android/:602)
11-18 12:56:53.808 W/libc    ( 6180): Set property "ril.hw_modem0.rssi" to "-78"
11-18 12:56:53.835 I/chatty  ( 1187): uid=1000(system) android.display expire 54 lines
11-18 12:56:53.887 W/libc    ( 6180): Set property "ril.hw_modem0.rssi" to "-78"
11-18 12:56:54.211 W/libc    ( 6180): Set property "ril.hw_modem0.rssi" to "-78"
11-18 12:56:54.396 W/libc    ( 6180): Set property "ril.hw_modem0.rssi" to "-78"
11-18 12:56:54.688 W/libc    ( 6180): Set property "ril.hw_modem0.rssi" to "-78"
11-18 12:56:54.767 W/libc    ( 6180): Set property "ril.hw_modem0.rssi" to "-78"
11-18 12:56:55.180 I/chatty  (16206): uid=10019(u0_a19) Binder:16206_7 expire 3 lines
11-18 12:56:55.191 E/PlayCommon(16226): [432] com.google.android.play.b.g.a(234): Failed to get auth token: java.io.IOException: NetworkError
11-18 12:56:55.192 W/PlayCommon(16226): [432] com.google.android.play.b.g.a(794): Deferring log upload because couldn't retrieve auth token
11-18 12:56:55.407 W/libc    ( 6180): Set property "ril.hw_modem0.rssi" to "-78"
11-18 12:56:55.487 W/libc    ( 6180): Set property "ril.hw_modem0.rssi" to "-78"
11-18 12:56:55.752 I/chatty  ( 2017): uid=10027(u0_a27) KG_Background_H expire 15 lines
11-18 12:56:55.754 I/chatty  ( 1187): uid=1000(system) android.ui expire 44 lines
11-18 12:56:55.758 E/[HwRecSys]AppCache( 3043): getIsRportDirectService is false!
11-18 12:56:56.188 I/9.0.4.304-1018-16:30-DataSrv--9.0.4.304-O-1018-16:30-BackgroundServiceSwitch(28354): isAllowBackgroundService(), allow-background-service: true
11-18 12:56:56.191 I/9.0.4.304-1018-16:30-DataSrv--9.0.4.304-O-1018-16:30-GeoLocator(28354): System location switch not opened. Do not get wifi info!
11-18 12:56:56.192 I/9.0.4.304-1018-16:30-DataSrv--9.0.4.304-O-1018-16:30-NetworkUtils(28354): air plane: false
11-18 12:56:56.198 I/9.0.4.304-1018-16:30-DataSrv--9.0.4.304-O-1018-16:30-OOBEUtil(28354): agreeOOBEPolicy agree:true ,oobeStatus:-2
11-18 12:56:56.219 I/9.0.4.304-1018-16:30-DataSrv--9.0.4.304-O-1018-16:30-GeoLocator(28354): Get hard cell info from subId: 0
11-18 12:56:56.225 I/9.0.4.304-1018-16:30-DataSrv--9.0.4.304-O-1018-16:30-GeoLocator(28354): Get cell info size: 1
11-18 12:56:56.225 I/9.0.4.304-1018-16:30-DataSrv--9.0.4.304-O-1018-16:30-FenceCache(28354): Begin query fenceType from wifi and cell.
11-18 12:56:56.280 I/chatty  ( 1881): uid=1000(system) Binder:1881_5 expire 10 lines
11-18 12:56:56.320 I/chatty  ( 1187): uid=1000(system) Binder:1187_15 expire 15 lines
